DESC version=0.17.3+411.g8a54240a7.
Using JAX backend: jax version=0.7.2, jaxlib version=0.7.2, dtype=float64.
Using device: NVIDIA GeForce RTX 4080 Laptop GPU (id=0), with 10.44 GB available memory.


Solving for N=1...


Building objective: force
Precomputing transforms
Timer: Precomputing transforms = 1.04 sec
Timer: Objective build = 1.70 sec
Building objective: fixed cross-section R
Building objective: fixed cross-section Z
Building objective: fixed cross-section λ
Building objective: fixed Psi
Building objective: fixed pressure
Building objective: fixed iota
Building objective: fixed sheet current
Building objective: lambda gauge
Building objective: self_consistency axis R
Building objective: self_consistency axis Z
Building objective: self_consistency section R
Building objective: self_consistency section Z
Building objective: self_consistency section λ
Timer: Objective build = 386 ms
Timer: LinearConstraintProjection build = 3.59 sec
Number of parameters: 507
Number of objectives: 1900
Timer: Initializing the optimization = 5.75 sec

Starting optimization
Using method: lsq-exact
Solver options:
------------------------------------------------------------
Maximum Function Evaluations       : 376
Maximum Allowed Total Δx Norm      : inf
Scaled Termination                 : True
Trust Region Method                : qr
Initial Trust Radius               : 1.206e+03
Maximum Trust Radius               : inf
Minimum Trust Radius               : 2.220e-16
Trust Radius Increase Ratio        : 2.000e+00
Trust Radius Decrease Ratio        : 2.500e-01
Trust Radius Increase Threshold    : 7.500e-01
Trust Radius Decrease Threshold    : 2.500e-01
------------------------------------------------------------

   Iteration     Total nfev        Cost      Cost reduction    Step norm     Optimality
       0              1          4.276e-01                                    2.603e-01
       1              8          3.246e-01      1.030e-01      1.604e-02      1.853e-01
       2              9          2.317e-01      9.292e-02      3.539e-02      6.140e-02
       3             10          1.689e-01      6.275e-02      6.481e-02      5.119e-02
       4             11          1.248e-01      4.415e-02      1.365e-01      6.316e-02
       5             12          1.135e-01      1.124e-02      1.912e-01      1.469e-01
       6             13          6.826e-02      4.526e-02      5.389e-02      6.425e-02
       7             14          5.373e-02      1.453e-02      8.608e-02      2.049e-02
       8             15          4.254e-02      1.119e-02      9.860e-02      2.442e-02
       9             16          3.830e-02      4.241e-03      1.336e-01      5.985e-02
      10             19          2.859e-02      9.711e-03      1.220e-02      1.867e-02
      11             20          2.704e-02      1.544e-03      2.466e-02      5.865e-03
      12             21          2.543e-02      1.611e-03      4.272e-02      1.113e-02
      13             22          2.318e-02      2.254e-03      6.325e-02      2.091e-02
      14             23          2.146e-02      1.717e-03      8.687e-02      5.259e-02
      15             25          1.893e-02      2.535e-03      3.218e-02      1.642e-02
      16             27          1.832e-02      6.064e-04      1.824e-02      3.548e-03
      17             28          1.830e-02      1.836e-05      3.237e-02      3.923e-02
      18             29          1.720e-02      1.096e-03      1.047e-02      4.387e-03
      19             30          1.682e-02      3.875e-04      1.416e-02      5.529e-03
      20             31          1.627e-02      5.489e-04      2.011e-02      1.208e-02
      21             32          1.524e-02      1.030e-03      2.811e-02      7.402e-03
      22             33          1.376e-02      1.477e-03      3.796e-02      3.371e-03
      23             34          1.195e-02      1.813e-03      6.870e-02      1.683e-02
      24             35          1.178e-02      1.649e-04      1.212e-01      1.749e-02
      25             36          8.149e-03      3.635e-03      2.743e-02      3.820e-03
      26             37          7.340e-03      8.091e-04      4.803e-02      2.140e-03
      27             38          6.361e-03      9.783e-04      5.905e-02      5.654e-03
      28             39          6.166e-03      1.954e-04      6.602e-02      2.397e-02
      29             40          4.510e-03      1.655e-03      2.195e-02      1.116e-02
      30             41          4.268e-03      2.419e-04      2.926e-02      1.611e-02
      31             42          4.053e-03      2.151e-04      3.523e-02      1.511e-02
      32             43          3.311e-03      7.421e-04      1.392e-02      1.142e-02
      33             44          3.002e-03      3.088e-04      1.371e-02      3.496e-03
      34             45          2.777e-03      2.254e-04      1.526e-02      3.598e-03
      35             46          2.504e-03      2.731e-04      3.062e-02      9.702e-03
      36             47          2.149e-03      3.544e-04      2.809e-02      5.463e-03
      37             50          2.081e-03      6.831e-05      8.721e-03      6.873e-03
      38             51          1.921e-03      1.603e-04      4.510e-03      5.817e-04
      39             52          1.853e-03      6.807e-05      7.941e-03      1.688e-03
      40             53          1.732e-03      1.207e-04      1.308e-02      1.980e-03
      41             54          1.549e-03      1.835e-04      2.187e-02      3.321e-03
      42             55          1.251e-03      2.974e-04      3.923e-02      3.551e-03
      43             57          1.091e-03      1.599e-04      2.198e-02      2.044e-03
      44             59          1.078e-03      1.359e-05      1.426e-02      3.044e-03
      45             60          9.813e-04      9.646e-05      7.311e-03      4.924e-04
      46             61          9.474e-04      3.385e-05      1.006e-02      3.963e-04
      47             62          8.913e-04      5.614e-05      1.438e-02      4.462e-04
      48             63          8.027e-04      8.858e-05      2.455e-02      1.151e-03
      49             65          7.531e-04      4.960e-05      1.260e-02      5.887e-04
      50             66          7.108e-04      4.228e-05      2.422e-02      1.964e-03
      51             67          6.648e-04      4.603e-05      2.383e-02      2.427e-03
      52             68          5.903e-04      7.445e-05      2.334e-02      2.581e-03
      53             69          5.106e-04      7.975e-05      2.187e-02      2.527e-03
      54             71          4.708e-04      3.979e-05      1.068e-02      7.902e-04
      55             72          4.431e-04      2.767e-05      2.093e-02      2.685e-03
      56             73          4.143e-04      2.886e-05      2.059e-02      3.186e-03
      57             74          3.966e-04      1.765e-05      2.088e-02      4.176e-03
      58             75          3.863e-04      1.028e-05      2.117e-02      5.205e-03
      59             76          3.449e-04      4.144e-05      6.379e-03      1.022e-03
      60             77          3.402e-04      4.671e-06      1.131e-02      2.330e-03
      61             78          3.299e-04      1.030e-05      1.097e-02      2.129e-03
      62             79          3.217e-04      8.256e-06      1.088e-02      1.970e-03
      63             80          3.151e-04      6.525e-06      1.084e-02      1.844e-03
      64             81          3.103e-04      4.827e-06      1.088e-02      1.815e-03
      65             82          3.070e-04      3.290e-06      1.096e-02      2.049e-03
      66             83          3.053e-04      1.704e-06      1.105e-02      2.355e-03
      67             84          2.942e-04      1.109e-05      3.432e-03      5.482e-04
      68             85          2.940e-04      2.695e-07      5.744e-03      1.103e-03
      69             86          2.910e-04      2.928e-06      1.802e-03      1.858e-04
      70             87          2.903e-04      7.138e-07      3.013e-03      4.520e-04
      71             88          2.893e-04      1.043e-06      2.980e-03      4.454e-04
      72             90          2.884e-04      9.162e-07      1.643e-03      1.674e-04
      73             91          2.877e-04      6.457e-07      2.965e-03      4.634e-04
      74             92          2.867e-04      1.007e-06      3.009e-03      4.880e-04
      75             93          2.857e-04      9.941e-07      3.063e-03      5.326e-04
Warning: Maximum number of iterations has been exceeded.
         Current function value: 2.857e-04
         Total delta_x: 6.264e-01
         Iterations: 75
         Function evaluations: 93
         Jacobian evaluations: 76
Timer: Solution time = 13.7 sec
Timer: Avg time per step = 181 ms
==============================================================================================================
                                                                 Start  -->   End
Total (sum of squares):                                      4.276e-01  -->   2.857e-04,
Maximum absolute Force error:                                1.717e+06  -->   1.069e+05 (N)
Minimum absolute Force error:                                1.725e+02  -->   7.083e+00 (N)
Average absolute Force error:                                1.904e+05  -->   4.480e+03 (N)
Maximum absolute Force error:                                1.199e-01  -->   7.466e-03 (normalized)
Minimum absolute Force error:                                1.204e-05  -->   4.945e-07 (normalized)
Average absolute Force error:                                1.329e-02  -->   3.128e-04 (normalized)
Cross-section R error:                                       0.000e+00  -->   2.776e-17 (m)
Cross-section Z error:                                       0.000e+00  -->   3.388e-21 (m)
Cross-section λ error:                                       0.000e+00  -->   0.000e+00 (m)
Fixed Psi error:                                             0.000e+00  -->   0.000e+00 (Wb)
Fixed pressure profile error:                                0.000e+00  -->   0.000e+00 (Pa)
Fixed iota profile error:                                    0.000e+00  -->   0.000e+00 (dimensionless)
Fixed sheet current error:                                   0.000e+00  -->   0.000e+00 (~)
==============================================================================================================



Solving for N=2...


Building objective: force
Precomputing transforms
Timer: Precomputing transforms = 87.8 ms
Timer: Objective build = 333 ms
Building objective: fixed cross-section R
Building objective: fixed cross-section Z
Building objective: fixed cross-section λ
Building objective: fixed Psi
Building objective: fixed pressure
Building objective: fixed iota
Building objective: fixed sheet current
Building objective: lambda gauge
Building objective: self_consistency axis R
Building objective: self_consistency axis Z
Building objective: self_consistency section R
Building objective: self_consistency section Z
Building objective: self_consistency section λ
Timer: Objective build = 205 ms
Timer: LinearConstraintProjection build = 3.52 sec
Number of parameters: 1014
Number of objectives: 3420
Timer: Initializing the optimization = 4.14 sec

Starting optimization
Using method: lsq-exact
Solver options:
------------------------------------------------------------
Maximum Function Evaluations       : 376
Maximum Allowed Total Δx Norm      : inf
Scaled Termination                 : True
Trust Region Method                : qr
Initial Trust Radius               : 5.748e+02
Maximum Trust Radius               : inf
Minimum Trust Radius               : 2.220e-16
Trust Radius Increase Ratio        : 2.000e+00
Trust Radius Decrease Ratio        : 2.500e-01
Trust Radius Increase Threshold    : 7.500e-01
Trust Radius Decrease Threshold    : 2.500e-01
------------------------------------------------------------

   Iteration     Total nfev        Cost      Cost reduction    Step norm     Optimality
       0              1          1.229e-03                                    1.694e-02
       1              5          2.218e-04      1.008e-03      3.545e-02      4.203e-03
       2              7          1.099e-04      1.118e-04      1.709e-02      2.195e-03
       3              9          9.097e-05      1.895e-05      6.699e-03      3.158e-04
       4             10          8.576e-05      5.203e-06      1.204e-02      1.118e-03
       5             11          7.534e-05      1.043e-05      1.112e-02      1.041e-03
       6             12          6.683e-05      8.507e-06      1.021e-02      7.294e-04
       7             13          6.630e-05      5.273e-07      1.679e-02      2.021e-03
       8             14          5.363e-05      1.267e-05      4.067e-03      1.911e-04
       9             15          5.091e-05      2.721e-06      7.066e-03      4.672e-04
      10             17          4.891e-05      2.003e-06      3.466e-03      1.402e-04
      11             18          4.730e-05      1.607e-06      6.325e-03      3.477e-04
      12             19          4.569e-05      1.612e-06      6.132e-03      3.626e-04
      13             20          4.329e-05      2.403e-06      5.935e-03      3.715e-04
      14             21          4.052e-05      2.762e-06      5.710e-03      3.292e-04
      15             22          4.029e-05      2.376e-07      9.451e-03      7.932e-04
      16             23          3.572e-05      4.564e-06      3.297e-03      1.636e-04
      17             24          3.459e-05      1.130e-06      4.732e-03      2.340e-04
      18             25          3.267e-05      1.925e-06      7.007e-03      2.787e-04
      19             26          3.243e-05      2.369e-07      1.158e-02      1.097e-03
      20             27          2.845e-05      3.983e-06      3.224e-03      9.411e-05
      21             28          2.732e-05      1.127e-06      5.762e-03      2.612e-04
      22             30          2.657e-05      7.514e-07      2.895e-03      6.439e-05
      23             31          2.557e-05      9.945e-07      5.600e-03      2.592e-04
      24             33          2.487e-05      7.005e-07      2.858e-03      7.388e-05
      25             34          2.395e-05      9.243e-07      5.609e-03      2.747e-04
      26             36          2.327e-05      6.832e-07      2.879e-03      8.322e-05
      27             37          2.240e-05      8.660e-07      5.654e-03      2.992e-04
      28             39          2.171e-05      6.848e-07      2.899e-03      8.830e-05
      29             40          2.090e-05      8.123e-07      5.684e-03      3.130e-04
      30             42          2.021e-05      6.928e-07      2.899e-03      9.056e-05
      31             43          1.945e-05      7.546e-07      5.674e-03      3.217e-04
      32             45          1.875e-05      7.055e-07      2.874e-03      9.260e-05
      33             46          1.806e-05      6.871e-07      5.624e-03      3.319e-04
      34             47          1.721e-05      8.493e-07      5.563e-03      3.593e-04
      35             48          1.635e-05      8.638e-07      5.529e-03      3.742e-04
      36             49          1.552e-05      8.342e-07      5.494e-03      3.961e-04
      37             50          1.471e-05      8.010e-07      5.468e-03      4.204e-04
      38             51          1.396e-05      7.579e-07      5.456e-03      4.561e-04
      39             52          1.325e-05      7.069e-07      5.457e-03      5.013e-04
      40             53          1.260e-05      6.463e-07      5.472e-03      5.566e-04
      41             54          1.202e-05      5.831e-07      5.499e-03      6.173e-04
      42             55          1.148e-05      5.384e-07      5.533e-03      6.742e-04
      43             56          1.095e-05      5.331e-07      5.552e-03      6.981e-04
      44             57          1.039e-05      5.596e-07      5.519e-03      6.899e-04
      45             58          9.784e-06      6.047e-07      5.417e-03      6.317e-04
      46             59          9.154e-06      6.298e-07      5.266e-03      5.457e-04
      47             60          8.571e-06      5.829e-07      5.084e-03      4.281e-04
      48             61          8.075e-06      4.962e-07      4.874e-03      3.094e-04
      49             62          7.669e-06      4.058e-07      4.656e-03      2.134e-04
      50             63          7.568e-06      1.010e-07      8.646e-03      4.861e-04
      51             64          6.867e-06      7.019e-07      2.131e-03      2.768e-05
      52             65          6.626e-06      2.410e-07      4.097e-03      7.023e-05
      53             66          6.301e-06      3.246e-07      7.825e-03      1.946e-04
      54             67          5.793e-06      5.076e-07      7.556e-03      1.429e-04
      55             69          5.471e-06      3.224e-07      3.787e-03      3.469e-05
      56             70          5.146e-06      3.253e-07      7.424e-03      1.199e-04
      57             72          4.871e-06      2.746e-07      3.758e-03      3.035e-05
      58             73          4.567e-06      3.041e-07      7.420e-03      1.151e-04
      59             75          4.325e-06      2.421e-07      3.819e-03      3.432e-05
      60             76          4.050e-06      2.750e-07      7.556e-03      1.247e-04
      61             78          3.824e-06      2.254e-07      3.939e-03      4.144e-05
      62             79          3.586e-06      2.379e-07      7.779e-03      1.342e-04
      63             81          3.365e-06      2.217e-07      4.083e-03      4.423e-05
      64             82          3.176e-06      1.887e-07      8.036e-03      1.352e-04
      65             83          2.925e-06      2.510e-07      8.190e-03      1.536e-04
      66             84          2.681e-06      2.442e-07      8.371e-03      1.714e-04
      67             85          2.441e-06      2.399e-07      8.536e-03      1.858e-04
      68             86          2.223e-06      2.181e-07      8.688e-03      2.057e-04
      69             87          2.029e-06      1.942e-07      8.800e-03      2.184e-04
      70             88          1.855e-06      1.733e-07      8.854e-03      2.247e-04
      71             89          1.699e-06      1.562e-07      8.844e-03      2.264e-04
      72             90          1.556e-06      1.433e-07      8.769e-03      2.250e-04
      73             91          1.422e-06      1.337e-07      8.631e-03      2.235e-04
      74             92          1.297e-06      1.251e-07      8.438e-03      2.354e-04
      75             93          1.181e-06      1.159e-07      8.205e-03      2.483e-04
Warning: Maximum number of iterations has been exceeded.
         Current function value: 1.181e-06
         Total delta_x: 2.872e-01
         Iterations: 75
         Function evaluations: 93
         Jacobian evaluations: 76
Timer: Solution time = 23.0 sec
Timer: Avg time per step = 303 ms
==============================================================================================================
                                                                 Start  -->   End
Total (sum of squares):                                      1.229e-03  -->   1.181e-06,
Maximum absolute Force error:                                7.235e+05  -->   1.296e+04 (N)
Minimum absolute Force error:                                6.190e-01  -->   4.123e-02 (N)
Average absolute Force error:                                7.899e+03  -->   2.894e+02 (N)
Maximum absolute Force error:                                5.051e-02  -->   9.048e-04 (normalized)
Minimum absolute Force error:                                4.322e-08  -->   2.879e-09 (normalized)
Average absolute Force error:                                5.515e-04  -->   2.020e-05 (normalized)
Cross-section R error:                                       0.000e+00  -->   0.000e+00 (m)
Cross-section Z error:                                       0.000e+00  -->   0.000e+00 (m)
Cross-section λ error:                                       0.000e+00  -->   0.000e+00 (m)
Fixed Psi error:                                             0.000e+00  -->   0.000e+00 (Wb)
Fixed pressure profile error:                                0.000e+00  -->   0.000e+00 (Pa)
Fixed iota profile error:                                    0.000e+00  -->   0.000e+00 (dimensionless)
Fixed sheet current error:                                   0.000e+00  -->   0.000e+00 (~)
==============================================================================================================



Solving for N=3...


Building objective: force
Precomputing transforms
Timer: Precomputing transforms = 89.3 ms
Timer: Objective build = 361 ms
Building objective: fixed cross-section R
Building objective: fixed cross-section Z
Building objective: fixed cross-section λ
Building objective: fixed Psi
Building objective: fixed pressure
Building objective: fixed iota
Building objective: fixed sheet current
Building objective: lambda gauge
Building objective: self_consistency axis R
Building objective: self_consistency axis Z
Building objective: self_consistency section R
Building objective: self_consistency section Z
Building objective: self_consistency section λ
Timer: Objective build = 182 ms
Timer: LinearConstraintProjection build = 3.62 sec
Number of parameters: 1521
Number of objectives: 4940
Timer: Initializing the optimization = 4.25 sec

Starting optimization
Using method: lsq-exact
Solver options:
------------------------------------------------------------
Maximum Function Evaluations       : 376
Maximum Allowed Total Δx Norm      : inf
Scaled Termination                 : True
Trust Region Method                : qr
Initial Trust Radius               : 2.648e+02
Maximum Trust Radius               : inf
Minimum Trust Radius               : 2.220e-16
Trust Radius Increase Ratio        : 2.000e+00
Trust Radius Decrease Ratio        : 2.500e-01
Trust Radius Increase Threshold    : 7.500e-01
Trust Radius Decrease Threshold    : 2.500e-01
------------------------------------------------------------

   Iteration     Total nfev        Cost      Cost reduction    Step norm     Optimality
       0              1          1.338e-06                                    2.676e-04
       1              6          3.289e-07      1.009e-06      3.375e-03      4.685e-05
       2              8          2.724e-07      5.651e-08      1.890e-03      1.449e-05
       3              9          2.262e-07      4.623e-08      3.868e-03      5.858e-05
       4             11          1.959e-07      3.022e-08      1.894e-03      1.391e-05
       5             12          1.745e-07      2.147e-08      3.655e-03      5.694e-05
       6             13          1.516e-07      2.288e-08      3.453e-03      5.026e-05
       7             15          1.371e-07      1.454e-08      1.645e-03      1.035e-05
       8             16          1.265e-07      1.058e-08      3.034e-03      2.944e-05
       9             17          1.245e-07      1.975e-09      4.712e-03      6.398e-05
      10             18          1.006e-07      2.385e-08      1.028e-03      4.074e-06
      11             19          9.502e-08      5.624e-09      1.777e-03      1.349e-05
      12             20          9.195e-08      3.071e-09      2.784e-03      4.326e-05
      13             21          8.141e-08      1.055e-08      2.424e-03      2.917e-05
      14             22          7.448e-08      6.924e-09      2.284e-03      3.179e-05
      15             23          6.953e-08      4.948e-09      2.207e-03      3.838e-05
      16             24          6.548e-08      4.050e-09      2.143e-03      4.172e-05
      17             25          6.205e-08      3.439e-09      2.085e-03      4.185e-05
      18             26          5.908e-08      2.970e-09      2.028e-03      4.441e-05
      19             27          5.639e-08      2.687e-09      1.973e-03      4.563e-05
      20             28          5.377e-08      2.614e-09      1.918e-03      4.255e-05
      21             29          5.119e-08      2.585e-09      1.865e-03      3.660e-05
      22             30          4.879e-08      2.396e-09      1.822e-03      3.087e-05
      23             31          4.673e-08      2.062e-09      1.795e-03      2.435e-05
      24             32          4.502e-08      1.713e-09      1.785e-03      2.036e-05
      25             33          4.360e-08      1.419e-09      1.785e-03      2.130e-05
      26             34          4.240e-08      1.197e-09      1.790e-03      2.188e-05
      27             35          4.136e-08      1.040e-09      1.793e-03      2.198e-05
      28             36          4.043e-08      9.290e-10      1.793e-03      2.177e-05
      29             37          3.959e-08      8.477e-10      1.790e-03      2.277e-05
      30             38          3.880e-08      7.884e-10      1.784e-03      2.390e-05
      31             39          3.805e-08      7.502e-10      1.776e-03      2.484e-05
      32             40          3.731e-08      7.356e-10      1.766e-03      2.547e-05
      33             41          3.657e-08      7.431e-10      1.755e-03      2.565e-05
      34             42          3.581e-08      7.620e-10      1.741e-03      2.527e-05
      35             43          3.503e-08      7.743e-10      1.724e-03      2.432e-05
      36             44          3.427e-08      7.663e-10      1.703e-03      2.289e-05
      37             45          3.353e-08      7.357e-10      1.679e-03      2.113e-05
      38             46          3.284e-08      6.892e-10      1.653e-03      1.921e-05
      39             47          3.221e-08      6.354e-10      1.625e-03      1.724e-05
      40             48          3.162e-08      5.819e-10      1.596e-03      1.531e-05
      41             49          3.109e-08      5.338e-10      1.567e-03      1.343e-05
      42             50          3.059e-08      4.957e-10      1.538e-03      1.178e-05
      43             51          3.012e-08      4.727e-10      1.508e-03      1.060e-05
      44             52          2.967e-08      4.551e-10      1.475e-03      9.120e-06
      45             53          2.924e-08      4.274e-10      1.439e-03      8.103e-06
      46             54          2.884e-08      3.983e-10      1.404e-03      7.293e-06
      47             55          2.847e-08      3.746e-10      1.369e-03      6.569e-06
      48             57          2.818e-08      2.880e-10      6.876e-04      1.621e-06
      49             58          2.794e-08      2.363e-10      1.324e-03      5.871e-06
      50             59          2.761e-08      3.362e-10      1.287e-03      5.319e-06
      51             61          2.737e-08      2.399e-10      6.476e-04      1.320e-06
      52             62          2.713e-08      2.327e-10      1.246e-03      5.027e-06
      53             63          2.683e-08      3.068e-10      1.214e-03      4.678e-06
      54             65          2.661e-08      2.124e-10      6.119e-04      1.204e-06
      55             66          2.639e-08      2.209e-10      1.177e-03      4.730e-06
      56             68          2.619e-08      2.053e-10      5.920e-04      1.202e-06
      57             69          2.598e-08      2.117e-10      1.138e-03      4.714e-06
      58             71          2.578e-08      1.974e-10      5.727e-04      1.214e-06
      59             72          2.558e-08      2.021e-10      1.101e-03      4.725e-06
      60             74          2.539e-08      1.912e-10      5.544e-04      1.228e-06
      61             75          2.519e-08      1.929e-10      1.066e-03      4.939e-06
      62             77          2.501e-08      1.859e-10      5.371e-04      1.273e-06
      63             78          2.482e-08      1.848e-10      1.033e-03      5.107e-06
      64             79          2.458e-08      2.461e-10      1.009e-03      4.723e-06
      65             81          2.440e-08      1.709e-10      5.105e-04      1.374e-06
      66             82          2.423e-08      1.739e-10      9.818e-04      5.244e-06
      67             83          2.400e-08      2.333e-10      9.602e-04      4.831e-06
      68             85          2.384e-08      1.615e-10      4.862e-04      1.403e-06
      69             86          2.367e-08      1.649e-10      9.353e-04      5.313e-06
      70             87          2.345e-08      2.215e-10      9.151e-04      4.880e-06
      71             89          2.330e-08      1.518e-10      4.635e-04      1.425e-06
      72             90          2.314e-08      1.571e-10      8.913e-04      5.368e-06
      73             91          2.293e-08      2.100e-10      8.723e-04      4.945e-06
      74             93          2.279e-08      1.429e-10      4.419e-04      1.459e-06
      75             94          2.264e-08      1.492e-10      8.493e-04      5.461e-06
Warning: Maximum number of iterations has been exceeded.
         Current function value: 2.264e-08
         Total delta_x: 7.855e-02
         Iterations: 75
         Function evaluations: 94
         Jacobian evaluations: 76
Timer: Solution time = 39.6 sec
Timer: Avg time per step = 522 ms
==============================================================================================================
                                                                 Start  -->   End
Total (sum of squares):                                      1.338e-06  -->   2.264e-08,
Maximum absolute Force error:                                1.684e+04  -->   1.433e+03 (N)
Minimum absolute Force error:                                4.737e-02  -->   1.393e-02 (N)
Average absolute Force error:                                3.097e+02  -->   4.215e+01 (N)
Maximum absolute Force error:                                1.176e-03  -->   1.000e-04 (normalized)
Minimum absolute Force error:                                3.307e-09  -->   9.728e-10 (normalized)
Average absolute Force error:                                2.162e-05  -->   2.943e-06 (normalized)
Cross-section R error:                                       0.000e+00  -->   0.000e+00 (m)
Cross-section Z error:                                       0.000e+00  -->   0.000e+00 (m)
Cross-section λ error:                                       0.000e+00  -->   0.000e+00 (m)
Fixed Psi error:                                             0.000e+00  -->   0.000e+00 (Wb)
Fixed pressure profile error:                                0.000e+00  -->   0.000e+00 (Pa)
Fixed iota profile error:                                    0.000e+00  -->   0.000e+00 (dimensionless)
Fixed sheet current error:                                   0.000e+00  -->   0.000e+00 (~)
==============================================================================================================

Force error eq_lcfs: 3.0146e-04
Force error eq_poin: 1.7771e-04