
==================================
Optimizing boundary modes M,N <= 1
====================================
Building objective: QS two-term hat
Building objective: Generic
Building objective: aspect ratio
Precomputing transforms
Timer: Precomputing transforms = 33.7 ms
Timer: Objective build = 751 ms
Building objective: force
Precomputing transforms
Timer: Precomputing transforms = 813 ms
Timer: Objective build = 1.36 sec
Timer: Objective build = 1.36 ms
Timer: Eq Update LinearConstraintProjection build = 3.20 sec
Timer: Proximal projection build = 23.2 sec
Building objective: fixed LCFS R
Building objective: fixed LCFS Z
Building objective: fixed pressure
Building objective: fixed current
Building objective: fixed Psi
Timer: Objective build = 958 ms
Timer: LinearConstraintProjection build = 1.68 sec
Number of parameters: 8
Number of objectives: 461
Timer: Initializing the optimization = 25.9 sec

Starting optimization
Using method: proximal-lsq-exact
Solver options:
------------------------------------------------------------
Maximum Function Evaluations       : 251
Maximum Allowed Total Δx Norm      : inf
Scaled Termination                 : True
Trust Region Method                : qr
Initial Trust Radius               : 5.000e-01
Maximum Trust Radius               : inf
Minimum Trust Radius               : 2.220e-16
Trust Radius Increase Ratio        : 2.000e+00
Trust Radius Decrease Ratio        : 2.500e-01
Trust Radius Increase Threshold    : 7.500e-01
Trust Radius Decrease Threshold    : 2.500e-01
------------------------------------------------------------ 

   Iteration     Total nfev        Cost      Cost reduction    Step norm     Optimality   
       0              1          1.789e+02                                    1.807e+01   
       1              2          1.650e+02      1.392e+01      1.674e-03      1.696e+01   
       2              3          1.395e+02      2.548e+01      3.356e-03      1.488e+01   
       3              4          9.742e+01      4.207e+01      6.689e-03      1.126e+01   
       4              5          4.388e+01      5.354e+01      1.245e-02      5.763e+00   
       5              6          1.479e+01      2.909e+01      1.930e-02      6.716e-01   
       6              7          1.257e+01      2.220e+00      3.299e-02      1.075e+00   
       7              9          1.143e+01      1.138e+00      2.551e-02      1.341e+00   
       8             11          1.061e+01      8.261e-01      6.563e-03      3.151e-01   
       9             12          1.038e+01      2.259e-01      9.105e-03      2.186e-01   
      10             13          1.022e+01      1.589e-01      8.675e-03      2.600e-01   
      11             14          1.007e+01      1.488e-01      7.517e-03      1.480e-01   
      12             15          9.953e+00      1.190e-01      7.557e-03      1.797e-01   
      13             16          9.840e+00      1.127e-01      7.486e-03      1.061e-01   
      14             17          9.750e+00      9.011e-02      7.678e-03      1.248e-01   
Optimization terminated successfully.
`ftol` condition satisfied. (ftol=1.00e-02)
         Current function value: 9.750e+00
         Total delta_x: 7.441e-02
         Iterations: 14
         Function evaluations: 17
         Jacobian evaluations: 15
Timer: Solution time = 2.20 min
Timer: Avg time per step = 8.81 sec
==============================================================================================================
                                                                 Start  -->   End
Total (sum of squares):                                      1.789e+02  -->   9.750e+00, 
Maximum absolute QS two-term hat objective value:            2.811e+00  -->   7.796e-01 (Unknown)
Minimum absolute QS two-term hat objective value:            3.186e-04  -->   2.875e-04 (Unknown)
Average absolute QS two-term hat objective value:            6.826e-01  -->   1.571e-01 (Unknown)
Generic objective value:                                     1.255e+00  -->   1.295e+00 (T)
Aspect ratio:                                                8.000e+00  -->   8.032e+00 (dimensionless)
Maximum absolute Force error:                                2.261e+01  -->   1.023e+02 (N)
Minimum absolute Force error:                                6.589e-05  -->   1.211e-04 (N)
Average absolute Force error:                                3.659e-01  -->   1.075e+00 (N)
Maximum absolute Force error:                                3.069e-04  -->   1.388e-03 (normalized)
Minimum absolute Force error:                                8.943e-10  -->   1.644e-09 (normalized)
Average absolute Force error:                                4.965e-06  -->   1.459e-05 (normalized)
LCFS R error:                                                0.000e+00  -->   0.000e+00 (m)
LCFS Z error:                                                0.000e+00  -->   0.000e+00 (m)
Fixed pressure profile error:                                0.000e+00  -->   0.000e+00 (Pa)
Fixed current profile error:                                 0.000e+00  -->   0.000e+00 (A)
Fixed Psi error:                                             0.000e+00  -->   0.000e+00 (Wb)
==============================================================================================================


==================================
Optimizing boundary modes M,N <= 2
====================================
Building objective: QS two-term hat
Building objective: Generic
Building objective: aspect ratio
Precomputing transforms
Timer: Precomputing transforms = 29.6 ms
Timer: Objective build = 137 ms
Building objective: force
Precomputing transforms
Timer: Precomputing transforms = 69.2 ms
Timer: Objective build = 84.1 ms
Timer: Objective build = 843 us
Timer: Eq Update LinearConstraintProjection build = 194 ms
Timer: Proximal projection build = 2.33 sec
Building objective: fixed LCFS R
Building objective: fixed LCFS Z
Building objective: fixed pressure
Building objective: fixed current
Building objective: fixed Psi
Timer: Objective build = 432 ms
Timer: LinearConstraintProjection build = 1.32 sec
Number of parameters: 24
Number of objectives: 461
Timer: Initializing the optimization = 4.19 sec

Starting optimization
Using method: proximal-lsq-exact
Solver options:
------------------------------------------------------------
Maximum Function Evaluations       : 251
Maximum Allowed Total Δx Norm      : inf
Scaled Termination                 : True
Trust Region Method                : qr
Initial Trust Radius               : 5.000e-01
Maximum Trust Radius               : inf
Minimum Trust Radius               : 2.220e-16
Trust Radius Increase Ratio        : 2.000e+00
Trust Radius Decrease Ratio        : 2.500e-01
Trust Radius Increase Threshold    : 7.500e-01
Trust Radius Decrease Threshold    : 2.500e-01
------------------------------------------------------------ 

   Iteration     Total nfev        Cost      Cost reduction    Step norm     Optimality   
       0              1          9.746e+00                                    1.363e+00   
       1              2          8.680e+00      1.067e+00      2.144e-03      8.912e-01   
       2              3          7.161e+00      1.519e+00      4.542e-03      5.956e-01   
       3              4          5.176e+00      1.985e+00      7.890e-03      4.844e-01   
       4              5          3.226e+00      1.950e+00      1.228e-02      2.606e-01   
       5              6          1.693e+00      1.533e+00      2.026e-02      5.336e-01   
       6              8          9.710e-01      7.216e-01      1.239e-02      3.055e-01   
       7              9          3.780e-01      5.930e-01      2.243e-02      3.400e-01   
       8             11          2.219e-01      1.560e-01      1.488e-02      1.067e-01   
       9             13          1.867e-01      3.520e-02      5.506e-03      4.480e-02   
      10             14          1.808e-01      5.946e-03      1.590e-02      1.933e-01   
      11             15          1.466e-01      3.418e-02      2.799e-03      1.041e-02   
      12             16          1.425e-01      4.112e-03      6.375e-03      6.177e-02   
      13             17          1.361e-01      6.418e-03      5.834e-03      4.575e-02   
      14             19          1.320e-01      4.050e-03      2.771e-03      6.101e-03   
      15             20          1.275e-01      4.501e-03      5.855e-03      2.594e-02   
      16             22          1.241e-01      3.388e-03      2.976e-03      9.212e-03   
      17             23          1.202e-01      3.943e-03      6.176e-03      2.272e-02   
      18             25          1.178e-01      2.383e-03      3.001e-03      7.965e-03   
      19             26          1.176e-01      1.760e-04      6.051e-03      2.848e-02   
      20             27          1.164e-01      1.256e-03      1.677e-03      3.571e-03   
      21             28          1.158e-01      5.990e-04      3.923e-03      5.777e-03   
Optimization terminated successfully.
`ftol` condition satisfied. (ftol=1.00e-02)
         Current function value: 1.158e-01
         Total delta_x: 9.905e-02
         Iterations: 21
         Function evaluations: 28
         Jacobian evaluations: 22
Timer: Solution time = 3.99 min
Timer: Avg time per step = 10.8 sec
==============================================================================================================
                                                                 Start  -->   End
Total (sum of squares):                                      9.746e+00  -->   1.158e-01, 
Maximum absolute QS two-term hat objective value:            7.785e-01  -->   6.571e-02 (Unknown)
Minimum absolute QS two-term hat objective value:            3.602e-04  -->   6.148e-06 (Unknown)
Average absolute QS two-term hat objective value:            1.571e-01  -->   1.706e-02 (Unknown)
Generic objective value:                                     1.295e+00  -->   1.118e+00 (T)
Aspect ratio:                                                8.032e+00  -->   8.000e+00 (dimensionless)
Maximum absolute Force error:                                1.023e+02  -->   5.720e+01 (N)
Minimum absolute Force error:                                1.211e-04  -->   6.449e-04 (N)
Average absolute Force error:                                1.075e+00  -->   1.632e+00 (N)
Maximum absolute Force error:                                1.038e-03  -->   5.805e-04 (normalized)
Minimum absolute Force error:                                1.229e-09  -->   6.545e-09 (normalized)
Average absolute Force error:                                1.091e-05  -->   1.656e-05 (normalized)
LCFS R error:                                                0.000e+00  -->   0.000e+00 (m)
LCFS Z error:                                                0.000e+00  -->   0.000e+00 (m)
Fixed pressure profile error:                                0.000e+00  -->   0.000e+00 (Pa)
Fixed current profile error:                                 0.000e+00  -->   0.000e+00 (A)
Fixed Psi error:                                             0.000e+00  -->   0.000e+00 (Wb)
==============================================================================================================


==================================
Optimizing boundary modes M,N <= 3
====================================
Building objective: QS two-term hat
Building objective: Generic
Building objective: aspect ratio
Precomputing transforms
Timer: Precomputing transforms = 31.4 ms
Timer: Objective build = 144 ms
Building objective: force
Precomputing transforms
Timer: Precomputing transforms = 69.8 ms
Timer: Objective build = 85.5 ms
Timer: Objective build = 849 us
Timer: Eq Update LinearConstraintProjection build = 100 ms
Timer: Proximal projection build = 1.72 sec
Building objective: fixed LCFS R
Building objective: fixed LCFS Z
Building objective: fixed pressure
Building objective: fixed current
Building objective: fixed Psi
Timer: Objective build = 461 ms
Timer: LinearConstraintProjection build = 1.33 sec
Number of parameters: 48
Number of objectives: 461
Timer: Initializing the optimization = 3.62 sec

Starting optimization
Using method: proximal-lsq-exact
Solver options:
------------------------------------------------------------
Maximum Function Evaluations       : 251
Maximum Allowed Total Δx Norm      : inf
Scaled Termination                 : True
Trust Region Method                : qr
Initial Trust Radius               : 5.000e-01
Maximum Trust Radius               : inf
Minimum Trust Radius               : 2.220e-16
Trust Radius Increase Ratio        : 2.000e+00
Trust Radius Decrease Ratio        : 2.500e-01
Trust Radius Increase Threshold    : 7.500e-01
Trust Radius Decrease Threshold    : 2.500e-01
------------------------------------------------------------ 

   Iteration     Total nfev        Cost      Cost reduction    Step norm     Optimality   
       0              1          1.158e-01                                    3.848e-02   
       1              2          9.350e-02      2.228e-02      1.052e-03      1.737e-02   
       2              3          7.187e-02      2.162e-02      2.041e-03      1.644e-02   
       3              4          4.962e-02      2.226e-02      4.313e-03      6.378e-02   
       4              6          3.879e-02      1.083e-02      2.607e-03      2.029e-02   
       5              7          3.098e-02      7.807e-03      5.272e-03      4.488e-02   
       6              8          2.412e-02      6.862e-03      5.442e-03      2.912e-02   
       7             10          1.992e-02      4.200e-03      2.255e-03      9.200e-03   
       8             11          1.660e-02      3.325e-03      5.164e-03      3.333e-02   
       9             13          1.435e-02      2.243e-03      2.813e-03      1.184e-02   
      10             14          1.308e-02      1.268e-03      5.785e-03      4.893e-02   
      11             15          1.217e-02      9.110e-04      5.505e-03      6.673e-02   
      12             16          9.063e-03      3.110e-03      1.369e-03      3.148e-03   
      13             17          8.447e-03      6.163e-04      2.779e-03      1.486e-02   
      14             18          7.812e-03      6.345e-04      2.716e-03      1.438e-02   
      15             19          7.334e-03      4.782e-04      2.895e-03      1.158e-02   
      16             21          7.252e-03      8.232e-05      6.924e-04      1.260e-03   
      17             47          7.252e-03      0.000e+00      0.000e+00      1.260e-03   
Warning: A bad approximation caused failure to predict improvement.
         Current function value: 7.252e-03
         Total delta_x: 4.337e-02
         Iterations: 17
         Function evaluations: 47
         Jacobian evaluations: 17
Timer: Solution time = 2.99 min
Timer: Avg time per step = 9.98 sec
==============================================================================================================
                                                                 Start  -->   End
Total (sum of squares):                                      1.158e-01  -->   7.252e-03, 
Maximum absolute QS two-term hat objective value:            6.572e-02  -->   1.797e-02 (Unknown)
Minimum absolute QS two-term hat objective value:            1.471e-05  -->   1.088e-05 (Unknown)
Average absolute QS two-term hat objective value:            1.706e-02  -->   3.918e-03 (Unknown)
Generic objective value:                                     1.118e+00  -->   1.204e+00 (T)
Aspect ratio:                                                8.000e+00  -->   8.000e+00 (dimensionless)
Maximum absolute Force error:                                5.720e+01  -->   3.330e+01 (N)
Minimum absolute Force error:                                6.449e-04  -->   2.473e-04 (N)
Average absolute Force error:                                1.632e+00  -->   1.219e+00 (N)
Maximum absolute Force error:                                3.655e-04  -->   2.128e-04 (normalized)
Minimum absolute Force error:                                4.121e-09  -->   1.580e-09 (normalized)
Average absolute Force error:                                1.043e-05  -->   7.790e-06 (normalized)
LCFS R error:                                                0.000e+00  -->   0.000e+00 (m)
LCFS Z error:                                                0.000e+00  -->   0.000e+00 (m)
Fixed pressure profile error:                                0.000e+00  -->   0.000e+00 (Pa)
Fixed current profile error:                                 0.000e+00  -->   0.000e+00 (A)
Fixed Psi error:                                             0.000e+00  -->   0.000e+00 (Wb)
==============================================================================================================


==================================
Optimizing boundary modes M,N <= 4
====================================
Building objective: QS two-term hat
Building objective: Generic
Building objective: aspect ratio
Precomputing transforms
Timer: Precomputing transforms = 29.1 ms
Timer: Objective build = 141 ms
Building objective: force
Precomputing transforms
Timer: Precomputing transforms = 68.7 ms
Timer: Objective build = 84.4 ms
Timer: Objective build = 913 us
Timer: Eq Update LinearConstraintProjection build = 187 ms
Timer: Proximal projection build = 2.00 sec
Building objective: fixed LCFS R
Building objective: fixed LCFS Z
Building objective: fixed pressure
Building objective: fixed current
Building objective: fixed Psi
Timer: Objective build = 460 ms
Timer: LinearConstraintProjection build = 1.37 sec
Number of parameters: 80
Number of objectives: 461
Timer: Initializing the optimization = 3.94 sec

Starting optimization
Using method: proximal-lsq-exact
Solver options:
------------------------------------------------------------
Maximum Function Evaluations       : 251
Maximum Allowed Total Δx Norm      : inf
Scaled Termination                 : True
Trust Region Method                : qr
Initial Trust Radius               : 5.000e-01
Maximum Trust Radius               : inf
Minimum Trust Radius               : 2.220e-16
Trust Radius Increase Ratio        : 2.000e+00
Trust Radius Decrease Ratio        : 2.500e-01
Trust Radius Increase Threshold    : 7.500e-01
Trust Radius Decrease Threshold    : 2.500e-01
------------------------------------------------------------ 

   Iteration     Total nfev        Cost      Cost reduction    Step norm     Optimality   
       0              1          7.266e-03                                    1.491e-02   
       1              2          5.961e-03      1.304e-03      1.189e-03      3.427e-03   
       2              3          5.099e-03      8.619e-04      1.372e-03      2.537e-03   
       3              4          4.342e-03      7.570e-04      2.734e-03      9.177e-03   
       4              5          3.980e-03      3.625e-04      5.009e-03      3.498e-02   
       5              6          2.697e-03      1.283e-03      1.231e-03      1.099e-03   
       6              7          2.199e-03      4.980e-04      2.508e-03      6.055e-03   
       7              8          1.925e-03      2.732e-04      4.763e-03      2.158e-02   
       8              9          1.764e-03      1.614e-04      4.214e-03      2.915e-02   
       9             10          1.106e-03      6.584e-04      1.287e-03      2.014e-03   
      10             12          1.050e-03      5.545e-05      7.064e-04      9.231e-04   
      11             13          1.019e-03      3.146e-05      6.985e-04      8.414e-04   
      12             14          9.921e-04      2.660e-05      6.882e-04      8.062e-04   
      13             15          9.708e-04      2.139e-05      6.811e-04      8.254e-04   
      14             16          9.540e-04      1.671e-05      6.603e-04      7.748e-04   
      15             17          9.389e-04      1.513e-05      6.424e-04      7.607e-04   
      16             18          9.254e-04      1.347e-05      6.203e-04      7.592e-04   
      17             19          9.123e-04      1.314e-05      6.003e-04      7.471e-04   
      18             20          8.991e-04      1.319e-05      5.837e-04      7.377e-04   
      19             21          8.871e-04      1.203e-05      5.734e-04      8.395e-04   
      20             22          8.788e-04      8.299e-06      5.711e-04      9.965e-04   
Optimization terminated successfully.
`ftol` condition satisfied. (ftol=1.00e-02)
         Current function value: 8.788e-04
         Total delta_x: 2.751e-02
         Iterations: 20
         Function evaluations: 22
         Jacobian evaluations: 21
Timer: Solution time = 1.33 min
Timer: Avg time per step = 3.80 sec
==============================================================================================================
                                                                 Start  -->   End
Total (sum of squares):                                      7.266e-03  -->   8.788e-04, 
Maximum absolute QS two-term hat objective value:            1.800e-02  -->   6.155e-03 (Unknown)
Minimum absolute QS two-term hat objective value:            4.941e-06  -->   1.230e-05 (Unknown)
Average absolute QS two-term hat objective value:            3.923e-03  -->   1.520e-03 (Unknown)
Generic objective value:                                     1.204e+00  -->   1.254e+00 (T)
Aspect ratio:                                                8.000e+00  -->   8.000e+00 (dimensionless)
Maximum absolute Force error:                                3.330e+01  -->   7.558e+01 (N)
Minimum absolute Force error:                                2.473e-04  -->   3.317e-04 (N)
Average absolute Force error:                                1.219e+00  -->   2.793e+00 (N)
Maximum absolute Force error:                                2.541e-04  -->   5.766e-04 (normalized)
Minimum absolute Force error:                                1.887e-09  -->   2.531e-09 (normalized)
Average absolute Force error:                                9.300e-06  -->   2.131e-05 (normalized)
LCFS R error:                                                0.000e+00  -->   0.000e+00 (m)
LCFS Z error:                                                0.000e+00  -->   0.000e+00 (m)
Fixed pressure profile error:                                0.000e+00  -->   0.000e+00 (Pa)
Fixed current profile error:                                 0.000e+00  -->   0.000e+00 (A)
Fixed Psi error:                                             0.000e+00  -->   0.000e+00 (Wb)
==============================================================================================================


==================================
Optimizing boundary modes M,N <= 5
====================================
Building objective: QS two-term hat
Building objective: Generic
Building objective: aspect ratio
Precomputing transforms
Timer: Precomputing transforms = 29.3 ms
Timer: Objective build = 134 ms
Building objective: force
Precomputing transforms
Timer: Precomputing transforms = 71.1 ms
Timer: Objective build = 86.0 ms
Timer: Objective build = 812 us
Timer: Eq Update LinearConstraintProjection build = 115 ms
Timer: Proximal projection build = 1.55 sec
Building objective: fixed LCFS R
Building objective: fixed LCFS Z
Building objective: fixed pressure
Building objective: fixed current
Building objective: fixed Psi
Timer: Objective build = 472 ms
Timer: LinearConstraintProjection build = 1.39 sec
Number of parameters: 120
Number of objectives: 461
Timer: Initializing the optimization = 3.52 sec

Starting optimization
Using method: proximal-lsq-exact
Solver options:
------------------------------------------------------------
Maximum Function Evaluations       : 251
Maximum Allowed Total Δx Norm      : inf
Scaled Termination                 : True
Trust Region Method                : qr
Initial Trust Radius               : 5.000e-01
Maximum Trust Radius               : inf
Minimum Trust Radius               : 2.220e-16
Trust Radius Increase Ratio        : 2.000e+00
Trust Radius Decrease Ratio        : 2.500e-01
Trust Radius Increase Threshold    : 7.500e-01
Trust Radius Decrease Threshold    : 2.500e-01
------------------------------------------------------------ 

   Iteration     Total nfev        Cost      Cost reduction    Step norm     Optimality   
       0              1          8.813e-04                                    3.606e-03   
       1              2          6.712e-04      2.100e-04      9.381e-04      3.540e-03   
       2              3          5.794e-04      9.181e-05      1.193e-03      2.994e-03   
       3              5          4.996e-04      7.979e-05      3.708e-04      1.551e-03   
       4              6          4.480e-04      5.162e-05      5.502e-04      2.475e-03   
       5              7          4.135e-04      3.449e-05      5.929e-04      6.237e-04   
       6              9          4.065e-04      7.031e-06      1.572e-04      2.277e-04   
       7             10          4.047e-04      1.738e-06      1.567e-04      1.703e-04   
       8             11          4.044e-04      3.007e-07      3.803e-05      8.869e-05   
       9             15          4.038e-04      6.397e-07      1.720e-07      1.036e-04   
Optimization terminated successfully.
`ftol` condition satisfied. (ftol=1.00e-02)
`xtol` condition satisfied. (xtol=1.00e-06)
         Current function value: 4.038e-04
         Total delta_x: 3.591e-03
         Iterations: 9
         Function evaluations: 15
         Jacobian evaluations: 10
Timer: Solution time = 47.3 sec
Timer: Avg time per step = 4.73 sec
==============================================================================================================
                                                                 Start  -->   End
Total (sum of squares):                                      8.813e-04  -->   4.038e-04, 
Maximum absolute QS two-term hat objective value:            6.144e-03  -->   4.616e-03 (Unknown)
Minimum absolute QS two-term hat objective value:            1.438e-05  -->   1.076e-05 (Unknown)
Average absolute QS two-term hat objective value:            1.523e-03  -->   1.034e-03 (Unknown)
Generic objective value:                                     1.254e+00  -->   1.256e+00 (T)
Aspect ratio:                                                8.000e+00  -->   8.000e+00 (dimensionless)
Maximum absolute Force error:                                7.558e+01  -->   1.357e+02 (N)
Minimum absolute Force error:                                3.317e-04  -->   2.179e-05 (N)
Average absolute Force error:                                2.793e+00  -->   3.166e+00 (N)
Maximum absolute Force error:                                6.444e-04  -->   1.157e-03 (normalized)
Minimum absolute Force error:                                2.828e-09  -->   1.858e-10 (normalized)
Average absolute Force error:                                2.381e-05  -->   2.699e-05 (normalized)
LCFS R error:                                                0.000e+00  -->   0.000e+00 (m)
LCFS Z error:                                                0.000e+00  -->   0.000e+00 (m)
Fixed pressure profile error:                                0.000e+00  -->   0.000e+00 (Pa)
Fixed current profile error:                                 0.000e+00  -->   0.000e+00 (A)
Fixed Psi error:                                             0.000e+00  -->   0.000e+00 (Wb)
==============================================================================================================


==================================
Optimizing boundary modes M,N <= 6
====================================
Building objective: QS two-term hat
Building objective: Generic
Building objective: aspect ratio
Precomputing transforms
Timer: Precomputing transforms = 29.3 ms
Timer: Objective build = 136 ms
Building objective: force
Precomputing transforms
Timer: Precomputing transforms = 70.2 ms
Timer: Objective build = 84.7 ms
Timer: Objective build = 864 us
Timer: Eq Update LinearConstraintProjection build = 111 ms
Timer: Proximal projection build = 1.59 sec
Building objective: fixed LCFS R
Building objective: fixed LCFS Z
Building objective: fixed pressure
Building objective: fixed current
Building objective: fixed Psi
Timer: Objective build = 478 ms
Timer: LinearConstraintProjection build = 1.42 sec
Number of parameters: 168
Number of objectives: 461
Timer: Initializing the optimization = 3.61 sec

Starting optimization
Using method: proximal-lsq-exact
Solver options:
------------------------------------------------------------
Maximum Function Evaluations       : 251
Maximum Allowed Total Δx Norm      : inf
Scaled Termination                 : True
Trust Region Method                : qr
Initial Trust Radius               : 5.000e-01
Maximum Trust Radius               : inf
Minimum Trust Radius               : 2.220e-16
Trust Radius Increase Ratio        : 2.000e+00
Trust Radius Decrease Ratio        : 2.500e-01
Trust Radius Increase Threshold    : 7.500e-01
Trust Radius Decrease Threshold    : 2.500e-01
------------------------------------------------------------ 

   Iteration     Total nfev        Cost      Cost reduction    Step norm     Optimality   
       0              1          4.045e-04                                    1.403e-03   
       1              5          3.922e-04      1.234e-05      1.237e-05      6.019e-04   
       2              6          3.857e-04      6.496e-06      2.326e-05      1.134e-03   
       3             30          3.857e-04      0.000e+00      0.000e+00      1.134e-03   
Warning: A bad approximation caused failure to predict improvement.
         Current function value: 3.857e-04
         Total delta_x: 3.450e-05
         Iterations: 3
         Function evaluations: 30
         Jacobian evaluations: 3
Timer: Solution time = 1.01 min
Timer: Avg time per step = 15.2 sec
==============================================================================================================
                                                                 Start  -->   End
Total (sum of squares):                                      4.045e-04  -->   3.857e-04, 
Maximum absolute QS two-term hat objective value:            4.625e-03  -->   4.603e-03 (Unknown)
Minimum absolute QS two-term hat objective value:            2.584e-07  -->   6.879e-07 (Unknown)
Average absolute QS two-term hat objective value:            1.035e-03  -->   1.003e-03 (Unknown)
Generic objective value:                                     1.256e+00  -->   1.256e+00 (T)
Aspect ratio:                                                8.000e+00  -->   8.000e+00 (dimensionless)
Maximum absolute Force error:                                1.357e+02  -->   1.308e+02 (N)
Minimum absolute Force error:                                2.179e-05  -->   3.716e-04 (N)
Average absolute Force error:                                3.166e+00  -->   3.185e+00 (N)
Maximum absolute Force error:                                1.156e-03  -->   1.113e-03 (normalized)
Minimum absolute Force error:                                1.855e-10  -->   3.163e-09 (normalized)
Average absolute Force error:                                2.695e-05  -->   2.712e-05 (normalized)
LCFS R error:                                                0.000e+00  -->   0.000e+00 (m)
LCFS Z error:                                                0.000e+00  -->   0.000e+00 (m)
Fixed pressure profile error:                                0.000e+00  -->   0.000e+00 (Pa)
Fixed current profile error:                                 0.000e+00  -->   0.000e+00 (A)
Fixed Psi error:                                             0.000e+00  -->   0.000e+00 (Wb)
==============================================================================================================


==================================
Optimizing boundary modes M,N <= 7
====================================
Building objective: QS two-term hat
Building objective: Generic
Building objective: aspect ratio
Precomputing transforms
Timer: Precomputing transforms = 29.5 ms
Timer: Objective build = 140 ms
Building objective: force
Precomputing transforms
Timer: Precomputing transforms = 69.7 ms
Timer: Objective build = 84.2 ms
Timer: Objective build = 1.03 ms
Timer: Eq Update LinearConstraintProjection build = 194 ms
Timer: Proximal projection build = 1.85 sec
Building objective: fixed LCFS R
Building objective: fixed LCFS Z
Building objective: fixed pressure
Building objective: fixed current
Building objective: fixed Psi
Timer: Objective build = 488 ms
Timer: LinearConstraintProjection build = 1.37 sec
Number of parameters: 224
Number of objectives: 461
Timer: Initializing the optimization = 3.83 sec

Starting optimization
Using method: proximal-lsq-exact
Solver options:
------------------------------------------------------------
Maximum Function Evaluations       : 251
Maximum Allowed Total Δx Norm      : inf
Scaled Termination                 : True
Trust Region Method                : qr
Initial Trust Radius               : 5.000e-01
Maximum Trust Radius               : inf
Minimum Trust Radius               : 2.220e-16
Trust Radius Increase Ratio        : 2.000e+00
Trust Radius Decrease Ratio        : 2.500e-01
Trust Radius Increase Threshold    : 7.500e-01
Trust Radius Decrease Threshold    : 2.500e-01
------------------------------------------------------------ 

   Iteration     Total nfev        Cost      Cost reduction    Step norm     Optimality   
       0              1          3.880e-04                                    1.340e-03   
       1             28          3.880e-04      0.000e+00      0.000e+00      1.340e-03   
Warning: A bad approximation caused failure to predict improvement.
         Current function value: 3.880e-04
         Total delta_x: 0.000e+00
         Iterations: 1
         Function evaluations: 28
         Jacobian evaluations: 1
Timer: Solution time = 1.04 min
Timer: Avg time per step = 31.4 sec
==============================================================================================================
                                                                 Start  -->   End
Total (sum of squares):                                      3.880e-04  -->   3.880e-04, 
Maximum absolute QS two-term hat objective value:            4.609e-03  -->   4.609e-03 (Unknown)
Minimum absolute QS two-term hat objective value:            2.000e-07  -->   2.000e-07 (Unknown)
Average absolute QS two-term hat objective value:            1.007e-03  -->   1.007e-03 (Unknown)
Generic objective value:                                     1.256e+00  -->   1.256e+00 (T)
Aspect ratio:                                                8.000e+00  -->   8.000e+00 (dimensionless)
Maximum absolute Force error:                                1.308e+02  -->   1.307e+02 (N)
Minimum absolute Force error:                                3.716e-04  -->   1.819e-04 (N)
Average absolute Force error:                                3.185e+00  -->   3.184e+00 (N)
Maximum absolute Force error:                                1.113e-03  -->   1.113e-03 (normalized)
Minimum absolute Force error:                                3.163e-09  -->   1.549e-09 (normalized)
Average absolute Force error:                                2.712e-05  -->   2.711e-05 (normalized)
LCFS R error:                                                0.000e+00  -->   0.000e+00 (m)
LCFS Z error:                                                0.000e+00  -->   0.000e+00 (m)
Fixed pressure profile error:                                0.000e+00  -->   0.000e+00 (Pa)
Fixed current profile error:                                 0.000e+00  -->   0.000e+00 (A)
Fixed Psi error:                                             0.000e+00  -->   0.000e+00 (Wb)
==============================================================================================================


==================================
Optimizing boundary modes M,N <= 8
====================================
Building objective: QS two-term hat
Building objective: Generic
Building objective: aspect ratio
Precomputing transforms
Timer: Precomputing transforms = 30.0 ms
Timer: Objective build = 136 ms
Building objective: force
Precomputing transforms
Timer: Precomputing transforms = 71.3 ms
Timer: Objective build = 85.8 ms
Timer: Objective build = 974 us
Timer: Eq Update LinearConstraintProjection build = 226 ms
Timer: Proximal projection build = 1.89 sec
Building objective: fixed LCFS R
Building objective: fixed LCFS Z
Building objective: fixed pressure
Building objective: fixed current
Building objective: fixed Psi
Timer: Objective build = 187 ms
Timer: LinearConstraintProjection build = 1.37 sec
Number of parameters: 288
Number of objectives: 461
Timer: Initializing the optimization = 3.56 sec

Starting optimization
Using method: proximal-lsq-exact
Solver options:
------------------------------------------------------------
Maximum Function Evaluations       : 251
Maximum Allowed Total Δx Norm      : inf
Scaled Termination                 : True
Trust Region Method                : qr
Initial Trust Radius               : 5.000e-01
Maximum Trust Radius               : inf
Minimum Trust Radius               : 2.220e-16
Trust Radius Increase Ratio        : 2.000e+00
Trust Radius Decrease Ratio        : 2.500e-01
Trust Radius Increase Threshold    : 7.500e-01
Trust Radius Decrease Threshold    : 2.500e-01
------------------------------------------------------------ 

   Iteration     Total nfev        Cost      Cost reduction    Step norm     Optimality   
       0              1          3.904e-04                                    2.541e-03   
       1              5          3.509e-04      3.952e-05      6.894e-06      2.106e-03   
       2              8          3.467e-04      4.205e-06      8.964e-07      1.170e-03   
       3             31          3.467e-04      0.000e+00      0.000e+00      1.170e-03   
Warning: A bad approximation caused failure to predict improvement.
         Current function value: 3.467e-04
         Total delta_x: 7.536e-06
         Iterations: 3
         Function evaluations: 31
         Jacobian evaluations: 3
Timer: Solution time = 1.22 min
Timer: Avg time per step = 18.3 sec
==============================================================================================================
                                                                 Start  -->   End
Total (sum of squares):                                      3.904e-04  -->   3.467e-04, 
Maximum absolute QS two-term hat objective value:            4.613e-03  -->   4.172e-03 (Unknown)
Minimum absolute QS two-term hat objective value:            2.758e-06  -->   1.773e-06 (Unknown)
Average absolute QS two-term hat objective value:            1.010e-03  -->   9.567e-04 (Unknown)
Generic objective value:                                     1.256e+00  -->   1.256e+00 (T)
Aspect ratio:                                                8.000e+00  -->   8.000e+00 (dimensionless)
Maximum absolute Force error:                                1.307e+02  -->   1.271e+02 (N)
Minimum absolute Force error:                                1.819e-04  -->   9.076e-04 (N)
Average absolute Force error:                                3.184e+00  -->   3.283e+00 (N)
Maximum absolute Force error:                                1.113e-03  -->   1.082e-03 (normalized)
Minimum absolute Force error:                                1.549e-09  -->   7.727e-09 (normalized)
Average absolute Force error:                                2.711e-05  -->   2.795e-05 (normalized)
LCFS R error:                                                0.000e+00  -->   0.000e+00 (m)
LCFS Z error:                                                0.000e+00  -->   0.000e+00 (m)
Fixed pressure profile error:                                0.000e+00  -->   0.000e+00 (Pa)
Fixed current profile error:                                 0.000e+00  -->   0.000e+00 (A)
Fixed Psi error:                                             0.000e+00  -->   0.000e+00 (Wb)
==============================================================================================================

