DESC /home/ye2698/DESC
8a54240a7  (HEAD -> dp/poincare, tag: poincare-bc-paper, origin/dp/poincare) Merge branch 'master' into dp/poincare
DESC version=0.17.3+411.g8a54240a7.
Using JAX backend: jax version=0.9.2, jaxlib version=0.9.2, dtype=float64.
Using device: NVIDIA A100-PCIE-40GB (id=0), with 40.00 GB available memory.
two-term: dim_f = 1875, initial norm = 3.3307e+01

===== optimizing section modes max(l,|m|) <= 2 =====

Building objective: QS two-term hat
Building objective: aspect ratio
Precomputing transforms
Timer: Precomputing transforms = 64.4 ms
Building objective: Generic
Timer: Objective build = 265 ms
Building objective: force
Precomputing transforms
Timer: Precomputing transforms = 1.46 sec
Timer: Objective build = 2.68 sec
Timer: Objective build = 2.89 ms
Timer: Eq Update LinearConstraintProjection build = 4.75 sec
Timer: Proximal projection build = 44.9 sec
Building objective: fixed cross-section R
Building objective: fixed cross-section Z
Building objective: fixed pressure
Building objective: fixed current
Building objective: fixed Psi
Timer: Objective build = 878 ms
Timer: LinearConstraintProjection build = 2.27 sec
Number of parameters: 6
Number of objectives: 1877
Timer: Initializing the optimization = 48.8 sec

Starting optimization
Using method: proximal-lsq-exact
Solver options:
------------------------------------------------------------
Maximum Function Evaluations       : 251
Maximum Allowed Total Δx Norm      : inf
Scaled Termination                 : True
Trust Region Method                : qr
Initial Trust Radius               : 4.276e-02
Maximum Trust Radius               : inf
Minimum Trust Radius               : 2.220e-16
Trust Radius Increase Ratio        : 2.000e+00
Trust Radius Decrease Ratio        : 2.500e-01
Trust Radius Increase Threshold    : 7.500e-01
Trust Radius Decrease Threshold    : 2.500e-01
------------------------------------------------------------ 

   Iteration     Total nfev        Cost      Cost reduction    Step norm     Optimality   
       0              1          4.405e+00                                    4.064e+03   
       1              2          8.308e-01      3.574e+00      1.291e-01      4.542e+02   
       2              3          5.177e-01      3.131e-01      4.371e-02      2.493e+02   
       3              4          4.556e-01      6.211e-02      5.705e-03      1.193e+02   
       4              6          4.361e-01      1.957e-02      3.907e-04      2.647e+01   
       5             29          4.361e-01      0.000e+00      0.000e+00      2.647e+01   
Warning: A bad approximation caused failure to predict improvement.
         Current function value: 4.361e-01
         Total delta_x: 8.148e-02
         Iterations: 5
         Function evaluations: 29
         Jacobian evaluations: 5
Timer: Solution time = 2.00 min
Timer: Avg time per step = 20.0 sec
==============================================================================================================
                                                                 Start  -->   End
Total (sum of squares):                                      4.405e+00  -->   4.361e-01, 
Maximum absolute QS two-term hat objective value:            2.355e+00  -->   1.020e+00 (Unknown)
Minimum absolute QS two-term hat objective value:            9.465e-04  -->   5.876e-05 (Unknown)
Average absolute QS two-term hat objective value:            6.079e-01  -->   1.824e-01 (Unknown)
Aspect ratio:                                                7.995e+00  -->   7.986e+00 (dimensionless)
Generic objective value:                                     1.260e+00  -->   1.280e+00 (T)
Maximum absolute Force error:                                1.893e+01  -->   3.110e+01 (N)
Minimum absolute Force error:                                3.514e-06  -->   8.058e-06 (N)
Average absolute Force error:                                2.199e-01  -->   2.466e-01 (N)
Maximum absolute Force error:                                2.562e-04  -->   4.209e-04 (normalized)
Minimum absolute Force error:                                4.755e-11  -->   1.090e-10 (normalized)
Average absolute Force error:                                2.976e-06  -->   3.337e-06 (normalized)
Cross-section R error:                                       1.085e-19  -->   3.388e-21 (m)
Cross-section Z error:                                       9.585e-21  -->   0.000e+00 (m)
Fixed pressure profile error:                                0.000e+00  -->   0.000e+00 (Pa)
Fixed current profile error:                                 0.000e+00  -->   0.000e+00 (A)
Fixed Psi error:                                             0.000e+00  -->   0.000e+00 (Wb)
==============================================================================================================


===== optimizing section modes max(l,|m|) <= 3 =====

Building objective: QS two-term hat
Building objective: aspect ratio
Precomputing transforms
Timer: Precomputing transforms = 66.2 ms
Building objective: Generic
Timer: Objective build = 248 ms
Building objective: force
Precomputing transforms
Timer: Precomputing transforms = 102 ms
Timer: Objective build = 119 ms
Timer: Objective build = 1.87 ms
Timer: Eq Update LinearConstraintProjection build = 104 ms
Timer: Proximal projection build = 2.21 sec
Building objective: fixed cross-section R
Building objective: fixed cross-section Z
Building objective: fixed pressure
Building objective: fixed current
Building objective: fixed Psi
Timer: Objective build = 480 ms
Timer: LinearConstraintProjection build = 1.97 sec
Number of parameters: 10
Number of objectives: 1877
Timer: Initializing the optimization = 5.28 sec

Starting optimization
Using method: proximal-lsq-exact
Solver options:
------------------------------------------------------------
Maximum Function Evaluations       : 251
Maximum Allowed Total Δx Norm      : inf
Scaled Termination                 : True
Trust Region Method                : qr
Initial Trust Radius               : 4.479e-02
Maximum Trust Radius               : inf
Minimum Trust Radius               : 2.220e-16
Trust Radius Increase Ratio        : 2.000e+00
Trust Radius Decrease Ratio        : 2.500e-01
Trust Radius Increase Threshold    : 7.500e-01
Trust Radius Decrease Threshold    : 2.500e-01
------------------------------------------------------------ 

   Iteration     Total nfev        Cost      Cost reduction    Step norm     Optimality   
       0              1          4.362e-01                                    4.961e+01   
       1             26          4.362e-01      0.000e+00      0.000e+00      4.961e+01   
Warning: A bad approximation caused failure to predict improvement.
         Current function value: 4.362e-01
         Total delta_x: 0.000e+00
         Iterations: 1
         Function evaluations: 26
         Jacobian evaluations: 1
Timer: Solution time = 1.40 min
Timer: Avg time per step = 42.0 sec
==============================================================================================================
                                                                 Start  -->   End
Total (sum of squares):                                      4.362e-01  -->   4.362e-01, 
Maximum absolute QS two-term hat objective value:            1.020e+00  -->   1.020e+00 (Unknown)
Minimum absolute QS two-term hat objective value:            1.971e-04  -->   1.971e-04 (Unknown)
Average absolute QS two-term hat objective value:            1.824e-01  -->   1.824e-01 (Unknown)
Aspect ratio:                                                7.986e+00  -->   7.986e+00 (dimensionless)
Generic objective value:                                     1.280e+00  -->   1.280e+00 (T)
Maximum absolute Force error:                                3.110e+01  -->   3.111e+01 (N)
Minimum absolute Force error:                                8.058e-06  -->   1.643e-05 (N)
Average absolute Force error:                                2.466e-01  -->   2.466e-01 (N)
Maximum absolute Force error:                                5.074e-04  -->   5.075e-04 (normalized)
Minimum absolute Force error:                                1.315e-10  -->   2.680e-10 (normalized)
Average absolute Force error:                                4.024e-06  -->   4.023e-06 (normalized)
Cross-section R error:                                       2.301e-19  -->   0.000e+00 (m)
Cross-section Z error:                                       3.115e-19  -->   0.000e+00 (m)
Fixed pressure profile error:                                0.000e+00  -->   0.000e+00 (Pa)
Fixed current profile error:                                 0.000e+00  -->   0.000e+00 (A)
Fixed Psi error:                                             0.000e+00  -->   0.000e+00 (Wb)
==============================================================================================================


===== optimizing section modes max(l,|m|) <= 4 =====

Building objective: QS two-term hat
Building objective: aspect ratio
Precomputing transforms
Timer: Precomputing transforms = 67.4 ms
Building objective: Generic
Timer: Objective build = 243 ms
Building objective: force
Precomputing transforms
Timer: Precomputing transforms = 103 ms
Timer: Objective build = 120 ms
Timer: Objective build = 1.86 ms
Timer: Eq Update LinearConstraintProjection build = 81.4 ms
Timer: Proximal projection build = 2.32 sec
Building objective: fixed cross-section R
Building objective: fixed cross-section Z
Building objective: fixed pressure
Building objective: fixed current
Building objective: fixed Psi
Timer: Objective build = 340 ms
Timer: LinearConstraintProjection build = 2.46 sec
Number of parameters: 15
Number of objectives: 1877
Timer: Initializing the optimization = 5.77 sec

Starting optimization
Using method: proximal-lsq-exact
Solver options:
------------------------------------------------------------
Maximum Function Evaluations       : 251
Maximum Allowed Total Δx Norm      : inf
Scaled Termination                 : True
Trust Region Method                : qr
Initial Trust Radius               : 4.485e-02
Maximum Trust Radius               : inf
Minimum Trust Radius               : 2.220e-16
Trust Radius Increase Ratio        : 2.000e+00
Trust Radius Decrease Ratio        : 2.500e-01
Trust Radius Increase Threshold    : 7.500e-01
Trust Radius Decrease Threshold    : 2.500e-01
------------------------------------------------------------ 

   Iteration     Total nfev        Cost      Cost reduction    Step norm     Optimality   
       0              1          4.364e-01                                    5.001e+01   
       1              3          3.987e-01      3.768e-02      4.808e-03      1.549e+02   
       2              4          3.455e-01      5.322e-02      2.520e-03      2.005e+02   
       3              6          3.118e-01      3.365e-02      1.109e-03      1.123e+02   
       4              9          2.949e-01      1.699e-02      2.774e-04      4.482e+01   
       5             10          2.730e-01      2.187e-02      4.763e-04      3.148e+01   
       6             11          2.683e-01      4.669e-03      4.393e-04      1.143e+02   
       7             12          2.530e-01      1.532e-02      3.898e-04      1.567e+01   
       8             13          2.366e-01      1.638e-02      1.197e-03      2.175e+01   
       9             14          2.348e-01      1.840e-03      2.208e-03      9.938e+01   
      10             15          2.288e-01      6.017e-03      2.174e-04      2.807e+01   
      11             16          2.251e-01      3.683e-03      2.253e-04      5.667e+00   
      12             17          2.216e-01      3.461e-03      4.806e-04      7.229e+00   
      13             18          2.180e-01      3.584e-03      5.291e-04      2.543e+00   
      14             19          2.151e-01      2.898e-03      6.091e-04      3.102e+00   
      15             20          2.121e-01      3.018e-03      6.529e-04      1.509e+00   
      16             21          2.060e-01      6.095e-03      1.790e-03      3.160e+00   
      17             22          1.978e-01      8.191e-03      4.099e-03      6.033e+01   
      18             23          1.895e-01      8.320e-03      7.252e-03      1.563e+02   
      19             24          1.772e-01      1.232e-02      1.071e-02      1.591e+01   
      20             28          1.758e-01      1.380e-03      1.243e-04      3.720e+01   
      21             29          1.743e-01      1.469e-03      1.520e-04      5.520e+00   
      22             30          1.735e-01      8.447e-04      1.618e-04      4.731e+00   
      23             31          1.731e-01      4.154e-04      1.615e-04      3.106e+00   
      24             32          1.724e-01      6.750e-04      1.581e-04      4.926e+00   
      25             33          1.718e-01      6.074e-04      1.522e-04      3.813e+00   
      26             34          1.713e-01      5.201e-04      1.453e-04      3.720e+00   
      27             35          1.708e-01      4.531e-04      1.383e-04      3.185e+00   
      28             36          1.704e-01      3.890e-04      1.314e-04      2.869e+00   
      29             37          1.701e-01      3.369e-04      1.248e-04      2.446e+00   
      30             38          1.698e-01      2.910e-04      1.187e-04      2.126e+00   
      31             39          1.697e-01      9.463e-05      1.134e-04      1.858e+00   
      32             59          1.697e-01      0.000e+00      0.000e+00      1.858e+00   
Warning: A bad approximation caused failure to predict improvement.
         Current function value: 1.697e-01
         Total delta_x: 2.010e-02
         Iterations: 32
         Function evaluations: 59
         Jacobian evaluations: 32
Timer: Solution time = 2.75 min
Timer: Avg time per step = 5.00 sec
==============================================================================================================
                                                                 Start  -->   End
Total (sum of squares):                                      4.364e-01  -->   1.697e-01, 
Maximum absolute QS two-term hat objective value:            1.021e+00  -->   5.511e-01 (Unknown)
Minimum absolute QS two-term hat objective value:            1.298e-05  -->   2.067e-04 (Unknown)
Average absolute QS two-term hat objective value:            1.825e-01  -->   1.126e-01 (Unknown)
Aspect ratio:                                                7.986e+00  -->   8.001e+00 (dimensionless)
Generic objective value:                                     1.280e+00  -->   1.267e+00 (T)
Maximum absolute Force error:                                3.111e+01  -->   2.858e+01 (N)
Minimum absolute Force error:                                1.643e-05  -->   1.276e-04 (N)
Average absolute Force error:                                2.466e-01  -->   3.095e-01 (N)
Maximum absolute Force error:                                5.075e-04  -->   4.663e-04 (normalized)
Minimum absolute Force error:                                2.680e-10  -->   2.082e-09 (normalized)
Average absolute Force error:                                4.023e-06  -->   5.050e-06 (normalized)
Cross-section R error:                                       6.408e-22  -->   4.735e-22 (m)
Cross-section Z error:                                       2.732e-20  -->   2.711e-20 (m)
Fixed pressure profile error:                                0.000e+00  -->   0.000e+00 (Pa)
Fixed current profile error:                                 0.000e+00  -->   0.000e+00 (A)
Fixed Psi error:                                             0.000e+00  -->   0.000e+00 (Wb)
==============================================================================================================


===== optimizing section modes max(l,|m|) <= 5 =====

Building objective: QS two-term hat
Building objective: aspect ratio
Precomputing transforms
Timer: Precomputing transforms = 66.4 ms
Building objective: Generic
Timer: Objective build = 241 ms
Building objective: force
Precomputing transforms
Timer: Precomputing transforms = 101 ms
Timer: Objective build = 119 ms
Timer: Objective build = 1.85 ms
Timer: Eq Update LinearConstraintProjection build = 82.0 ms
Timer: Proximal projection build = 2.10 sec
Building objective: fixed cross-section R
Building objective: fixed cross-section Z
Building objective: fixed pressure
Building objective: fixed current
Building objective: fixed Psi
Timer: Objective build = 491 ms
Timer: LinearConstraintProjection build = 2.02 sec
Number of parameters: 21
Number of objectives: 1877
Timer: Initializing the optimization = 5.29 sec

Starting optimization
Using method: proximal-lsq-exact
Solver options:
------------------------------------------------------------
Maximum Function Evaluations       : 251
Maximum Allowed Total Δx Norm      : inf
Scaled Termination                 : True
Trust Region Method                : qr
Initial Trust Radius               : 5.424e-02
Maximum Trust Radius               : inf
Minimum Trust Radius               : 2.220e-16
Trust Radius Increase Ratio        : 2.000e+00
Trust Radius Decrease Ratio        : 2.500e-01
Trust Radius Increase Threshold    : 7.500e-01
Trust Radius Decrease Threshold    : 2.500e-01
------------------------------------------------------------ 

   Iteration     Total nfev        Cost      Cost reduction    Step norm     Optimality   
       0              1          1.700e-01                                    7.957e+00   
       1              4          1.591e-01      1.093e-02      2.277e-03      3.681e+01   
       2              5          1.485e-01      1.065e-02      2.275e-03      9.993e+01   
       3              6          1.329e-01      1.562e-02      2.177e-03      2.494e+01   
       4              7          1.194e-01      1.348e-02      4.149e-03      3.060e+02   
       5              8          1.156e-01      3.801e-03      3.231e-03      4.569e+02   
       6              9          9.206e-02      2.351e-02      1.094e-03      9.663e+01   
       7             10          8.568e-02      6.383e-03      1.308e-03      7.696e+01   
       8             11          8.435e-02      1.329e-03      2.496e-03      2.978e+02   
       9             12          7.252e-02      1.183e-02      6.875e-04      2.291e+01   
      10             13          6.983e-02      2.682e-03      1.589e-03      6.377e+01   
      11             14          6.340e-02      6.432e-03      1.809e-03      1.121e+02   
      12             16          5.945e-02      3.954e-03      9.271e-04      2.412e+01   
      13             17          5.462e-02      4.826e-03      1.776e-03      5.648e+01   
      14             19          5.216e-02      2.467e-03      1.004e-03      1.452e+01   
      15             20          4.738e-02      4.778e-03      2.033e-03      5.668e+00   
      16             22          4.544e-02      1.939e-03      1.001e-03      7.111e+00   
      17             23          4.189e-02      3.544e-03      1.810e-03      2.872e+01   
      18             25          4.044e-02      1.455e-03      7.795e-04      1.463e+01   
      19             26          3.882e-02      1.621e-03      8.055e-04      1.728e+01   
      20             27          3.649e-02      2.325e-03      8.643e-04      1.559e+01   
      21             28          3.263e-02      3.859e-03      1.662e-03      5.500e+01   
      22             30          3.124e-02      1.390e-03      1.153e-03      9.612e+01   
      23             31          2.491e-02      6.334e-03      1.336e-03      1.365e+01   
      24             32          2.290e-02      2.008e-03      2.586e-03      6.355e+01   
      25             33          1.745e-02      5.456e-03      2.981e-03      5.262e+01   
      26             35          1.547e-02      1.977e-03      1.608e-03      2.104e+00   
      27             36          1.463e-02      8.420e-04      2.845e-03      1.781e+01   
      28             37          1.390e-02      7.275e-04      2.503e-03      3.828e+01   
      29             39          1.155e-02      2.352e-03      4.211e-04      4.554e+00   
      30             40          1.128e-02      2.638e-04      6.848e-04      2.422e+01   
      31             41          1.095e-02      3.373e-04      5.847e-04      3.707e+01   
      32             42          1.072e-02      2.237e-04      4.680e-04      4.111e+01   
      33             43          1.016e-02      5.603e-04      1.490e-04      5.996e+00   
      34             44          9.981e-03      1.813e-04      2.311e-04      7.419e+00   
      35             45          9.735e-03      2.461e-04      4.418e-04      8.596e+00   
      36             46          9.355e-03      3.795e-04      4.234e-04      9.716e+00   
      37             47          9.057e-03      2.979e-04      4.082e-04      1.140e+01   
      38             48          8.781e-03      2.758e-04      4.023e-04      1.148e+01   
      39             49          8.501e-03      2.804e-04      4.259e-04      9.730e+00   
      40             50          8.244e-03      2.567e-04      4.994e-04      1.078e+01   
      41             51          7.997e-03      2.475e-04      6.362e-04      1.162e+01   
      42             52          7.875e-03      1.216e-04      1.141e-03      2.145e+01   
      43             53          7.650e-03      2.248e-04      1.348e-03      2.871e+01   
      44             54          7.114e-03      5.360e-04      6.799e-04      1.013e+01   
      45             56          6.968e-03      1.468e-04      2.541e-04      1.629e+01   
      46             57          6.762e-03      2.061e-04      2.962e-04      7.636e+00   
      47             58          6.546e-03      2.158e-04      1.290e-03      6.353e+00   
      48             60          6.457e-03      8.925e-05      8.053e-04      9.324e+00   
      49             61          6.358e-03      9.867e-05      8.929e-04      7.700e+00   
      50             63          6.297e-03      6.088e-05      5.485e-04      3.132e+00   
Warning: Maximum number of iterations has been exceeded.
         Current function value: 6.297e-03
         Total delta_x: 4.943e-02
         Iterations: 50
         Function evaluations: 63
         Jacobian evaluations: 51
Timer: Solution time = 3.46 min
Timer: Avg time per step = 4.08 sec
==============================================================================================================
                                                                 Start  -->   End
Total (sum of squares):                                      1.700e-01  -->   6.297e-03, 
Maximum absolute QS two-term hat objective value:            5.525e-01  -->   1.175e-01 (Unknown)
Minimum absolute QS two-term hat objective value:            7.498e-05  -->   2.445e-05 (Unknown)
Average absolute QS two-term hat objective value:            1.127e-01  -->   2.189e-02 (Unknown)
Aspect ratio:                                                8.001e+00  -->   8.001e+00 (dimensionless)
Generic objective value:                                     1.267e+00  -->   1.258e+00 (T)
Maximum absolute Force error:                                2.858e+01  -->   2.665e+01 (N)
Minimum absolute Force error:                                1.276e-04  -->   2.076e-05 (N)
Average absolute Force error:                                3.095e-01  -->   3.160e-01 (N)
Maximum absolute Force error:                                5.020e-04  -->   4.681e-04 (normalized)
Minimum absolute Force error:                                2.241e-09  -->   3.646e-10 (normalized)
Average absolute Force error:                                5.437e-06  -->   5.550e-06 (normalized)
Cross-section R error:                                       3.937e-20  -->   4.831e-21 (m)
Cross-section Z error:                                       4.118e-22  -->   2.801e-22 (m)
Fixed pressure profile error:                                0.000e+00  -->   0.000e+00 (Pa)
Fixed current profile error:                                 0.000e+00  -->   0.000e+00 (A)
Fixed Psi error:                                             0.000e+00  -->   0.000e+00 (Wb)
==============================================================================================================


===== optimizing section modes max(l,|m|) <= 6 =====

Building objective: QS two-term hat
Building objective: aspect ratio
Precomputing transforms
Timer: Precomputing transforms = 64.5 ms
Building objective: Generic
Timer: Objective build = 238 ms
Building objective: force
Precomputing transforms
Timer: Precomputing transforms = 102 ms
Timer: Objective build = 119 ms
Timer: Objective build = 1.89 ms
Timer: Eq Update LinearConstraintProjection build = 726 ms
Timer: Proximal projection build = 2.83 sec
Building objective: fixed cross-section R
Building objective: fixed cross-section Z
Building objective: fixed pressure
Building objective: fixed current
Building objective: fixed Psi
Timer: Objective build = 345 ms
Timer: LinearConstraintProjection build = 2.05 sec
Number of parameters: 28
Number of objectives: 1877
Timer: Initializing the optimization = 5.94 sec

Starting optimization
Using method: proximal-lsq-exact
Solver options:
------------------------------------------------------------
Maximum Function Evaluations       : 251
Maximum Allowed Total Δx Norm      : inf
Scaled Termination                 : True
Trust Region Method                : qr
Initial Trust Radius               : 5.756e-02
Maximum Trust Radius               : inf
Minimum Trust Radius               : 2.220e-16
Trust Radius Increase Ratio        : 2.000e+00
Trust Radius Decrease Ratio        : 2.500e-01
Trust Radius Increase Threshold    : 7.500e-01
Trust Radius Decrease Threshold    : 2.500e-01
------------------------------------------------------------ 

   Iteration     Total nfev        Cost      Cost reduction    Step norm     Optimality   
       0              1          6.317e-03                                    6.473e+00   
       1              4          6.278e-03      3.898e-05      1.842e-03      1.953e+01   
       2              5          6.044e-03      2.341e-04      6.874e-04      1.105e+01   
       3              6          5.963e-03      8.112e-05      1.150e-03      1.610e+01   
       4              7          5.737e-03      2.259e-04      1.062e-03      2.710e+00   
       5              9          5.683e-03      5.346e-05      4.959e-04      3.265e+00   
       6             11          5.657e-03      2.676e-05      2.498e-04      2.269e+00   
       7             13          5.647e-03      9.574e-06      1.273e-04      2.166e+00   
       8             14          5.637e-03      9.729e-06      1.281e-04      2.172e+00   
       9             15          5.627e-03      1.003e-05      1.291e-04      2.104e+00   
      10             16          5.617e-03      1.007e-05      1.284e-04      2.082e+00   
      11             17          5.607e-03      1.012e-05      1.275e-04      2.074e+00   
      12             18          5.597e-03      1.021e-05      1.263e-04      2.065e+00   
      13             19          5.587e-03      1.026e-05      1.249e-04      2.056e+00   
      14             20          5.576e-03      1.032e-05      1.230e-04      2.043e+00   
      15             21          5.566e-03      1.037e-05      1.208e-04      2.026e+00   
      16             22          5.555e-03      1.041e-05      1.181e-04      2.004e+00   
      17             23          5.545e-03      1.039e-05      1.148e-04      2.003e+00   
      18             24          5.535e-03      1.046e-05      1.111e-04      1.972e+00   
      19             25          5.524e-03      1.045e-05      1.069e-04      1.939e+00   
      20             26          5.514e-03      1.044e-05      1.021e-04      1.902e+00   
      21             27          5.490e-03      2.336e-05      1.881e-04      2.341e+00   
      22             28          5.463e-03      2.719e-05      3.214e-04      6.566e+00   
      23             29          5.403e-03      6.032e-05      2.674e-04      5.586e+00   
      24             30          5.396e-03      7.194e-06      3.227e-04      1.570e+01   
      25             31          5.298e-03      9.808e-05      1.237e-04      3.517e+00   
      26             32          5.250e-03      4.759e-05      1.156e-04      2.591e+00   
      27             33          5.184e-03      6.650e-05      3.250e-04      3.423e+00   
      28             35          5.151e-03      3.250e-05      1.675e-04      1.642e+00   
      29             36          5.127e-03      2.382e-05      2.693e-04      1.355e+00   
      30             37          5.110e-03      1.686e-05      2.919e-04      2.300e+00   
      31             38          5.093e-03      1.770e-05      3.455e-04      2.396e+00   
      32             39          5.084e-03      8.230e-06      3.961e-04      2.271e+00   
      33             40          5.073e-03      1.122e-05      1.003e-04      3.554e-01   
      34             41          5.068e-03      5.195e-06      1.095e-04      5.069e-01   
      35             42          5.063e-03      4.937e-06      1.159e-04      7.689e-01   
Optimization terminated successfully.
`ftol` condition satisfied. (ftol=1.00e-03)
         Current function value: 5.063e-03
         Total delta_x: 6.708e-03
         Iterations: 35
         Function evaluations: 42
         Jacobian evaluations: 36
Timer: Solution time = 2.24 min
Timer: Avg time per step = 3.73 sec
==============================================================================================================
                                                                 Start  -->   End
Total (sum of squares):                                      6.317e-03  -->   5.063e-03, 
Maximum absolute QS two-term hat objective value:            1.161e-01  -->   1.020e-01 (Unknown)
Minimum absolute QS two-term hat objective value:            4.602e-05  -->   1.616e-05 (Unknown)
Average absolute QS two-term hat objective value:            2.195e-02  -->   1.921e-02 (Unknown)
Aspect ratio:                                                8.001e+00  -->   8.001e+00 (dimensionless)
Generic objective value:                                     1.258e+00  -->   1.258e+00 (T)
Maximum absolute Force error:                                2.665e+01  -->   2.721e+01 (N)
Minimum absolute Force error:                                2.076e-05  -->   1.256e-05 (N)
Average absolute Force error:                                3.160e-01  -->   2.962e-01 (N)
Maximum absolute Force error:                                3.542e-04  -->   3.616e-04 (normalized)
Minimum absolute Force error:                                2.759e-10  -->   1.669e-10 (normalized)
Average absolute Force error:                                4.199e-06  -->   3.936e-06 (normalized)
Cross-section R error:                                       3.390e-21  -->   0.000e+00 (m)
Cross-section Z error:                                       2.647e-22  -->   2.426e-22 (m)
Fixed pressure profile error:                                0.000e+00  -->   0.000e+00 (Pa)
Fixed current profile error:                                 0.000e+00  -->   0.000e+00 (A)
Fixed Psi error:                                             0.000e+00  -->   0.000e+00 (Wb)
==============================================================================================================


===== optimizing section modes max(l,|m|) <= 7 =====

Building objective: QS two-term hat
Building objective: aspect ratio
Precomputing transforms
Timer: Precomputing transforms = 63.1 ms
Building objective: Generic
Timer: Objective build = 238 ms
Building objective: force
Precomputing transforms
Timer: Precomputing transforms = 102 ms
Timer: Objective build = 119 ms
Timer: Objective build = 1.84 ms
Timer: Eq Update LinearConstraintProjection build = 81.2 ms
Timer: Proximal projection build = 2.17 sec
Building objective: fixed cross-section R
Building objective: fixed cross-section Z
Building objective: fixed pressure
Building objective: fixed current
Building objective: fixed Psi
Timer: Objective build = 498 ms
Timer: LinearConstraintProjection build = 2.12 sec
Number of parameters: 36
Number of objectives: 1877
Timer: Initializing the optimization = 5.52 sec

Starting optimization
Using method: proximal-lsq-exact
Solver options:
------------------------------------------------------------
Maximum Function Evaluations       : 251
Maximum Allowed Total Δx Norm      : inf
Scaled Termination                 : True
Trust Region Method                : qr
Initial Trust Radius               : 5.884e-02
Maximum Trust Radius               : inf
Minimum Trust Radius               : 2.220e-16
Trust Radius Increase Ratio        : 2.000e+00
Trust Radius Decrease Ratio        : 2.500e-01
Trust Radius Increase Threshold    : 7.500e-01
Trust Radius Decrease Threshold    : 2.500e-01
------------------------------------------------------------ 

   Iteration     Total nfev        Cost      Cost reduction    Step norm     Optimality   
       0              1          5.066e-03                                    5.834e-01   
       1              4          4.856e-03      2.095e-04      1.490e-03      6.528e+00   
       2              5          4.514e-03      3.425e-04      1.358e-03      3.555e+00   
       3              6          4.405e-03      1.085e-04      1.729e-03      4.164e+01   
       4              7          3.841e-03      5.641e-04      5.967e-04      9.025e+00   
       5              9          3.737e-03      1.036e-04      2.067e-04      7.797e+00   
       6             10          3.649e-03      8.840e-05      3.495e-04      1.882e+01   
       7             12          3.552e-03      9.752e-05      9.814e-05      8.871e+00   
       8             13          3.477e-03      7.492e-05      2.342e-04      4.881e+00   
       9             15          3.438e-03      3.859e-05      9.956e-05      4.429e+00   
      10             16          3.389e-03      4.857e-05      2.235e-04      1.120e+01   
      11             18          3.343e-03      4.607e-05      1.113e-04      5.650e+00   
      12             19          3.296e-03      4.749e-05      2.110e-04      1.140e+01   
      13             21          3.253e-03      4.313e-05      9.542e-05      6.662e+00   
      14             22          3.205e-03      4.772e-05      1.596e-04      1.155e+01   
      15             24          3.164e-03      4.135e-05      6.484e-05      7.232e+00   
      16             25          3.115e-03      4.823e-05      1.137e-04      1.160e+01   
      17             27          3.075e-03      4.016e-05      5.964e-05      7.631e+00   
      18             28          3.026e-03      4.920e-05      1.609e-04      1.160e+01   
      19             30          2.987e-03      3.959e-05      1.096e-04      7.941e+00   
      20             31          2.936e-03      5.050e-05      2.753e-04      1.167e+01   
      21             33          2.896e-03      3.975e-05      1.768e-04      8.195e+00   
      22             34          2.844e-03      5.178e-05      4.007e-04      1.189e+01   
      23             36          2.804e-03      4.049e-05      2.417e-04      8.409e+00   
      24             37          2.752e-03      5.245e-05      5.092e-04      1.234e+01   
      25             39          2.710e-03      4.138e-05      2.902e-04      8.552e+00   
      26             40          2.659e-03      5.143e-05      5.726e-04      1.288e+01   
      27             42          2.617e-03      4.155e-05      3.050e-04      8.398e+00   
      28             43          2.569e-03      4.777e-05      5.694e-04      1.288e+01   
      29             45          2.530e-03      3.964e-05      2.831e-04      7.637e+00   
      30             46          2.487e-03      4.267e-05      5.178e-04      1.196e+01   
      31             47          2.414e-03      7.349e-05      9.267e-04      1.533e+01   
      32             48          2.329e-03      8.445e-05      7.710e-04      1.338e+01   
      33             49          2.269e-03      6.010e-05      1.069e-03      1.701e+01   
      34             50          2.204e-03      6.468e-05      4.926e-04      1.830e+01   
      35             51          2.092e-03      1.125e-04      6.460e-04      1.058e+01   
      36             52          2.016e-03      7.588e-05      9.740e-04      9.350e+00   
      37             53          1.923e-03      9.271e-05      1.146e-03      1.153e+01   
      38             54          1.858e-03      6.518e-05      1.341e-03      1.700e+01   
      39             55          1.780e-03      7.825e-05      1.312e-03      2.080e+01   
      40             56          1.736e-03      4.381e-05      1.281e-03      2.156e+01   
      41             57          1.548e-03      1.877e-04      7.643e-04      5.325e+00   
      42             59          1.520e-03      2.794e-05      4.935e-04      5.441e+00   
      43             60          1.502e-03      1.811e-05      4.107e-04      3.076e+00   
      44             61          1.490e-03      1.232e-05      3.460e-04      2.420e+00   
      45             62          1.479e-03      1.142e-05      3.137e-04      2.117e+00   
      46             63          1.468e-03      1.095e-05      2.962e-04      1.987e+00   
      47             64          1.457e-03      1.060e-05      2.839e-04      1.876e+00   
      48             65          1.447e-03      1.029e-05      2.731e-04      1.781e+00   
      49             66          1.437e-03      1.001e-05      2.624e-04      1.697e+00   
      50             67          1.427e-03      9.752e-06      2.514e-04      1.622e+00   
Warning: Maximum number of iterations has been exceeded.
         Current function value: 1.427e-03
         Total delta_x: 4.415e-03
         Iterations: 50
         Function evaluations: 67
         Jacobian evaluations: 51
Timer: Solution time = 2.94 min
Timer: Avg time per step = 3.46 sec
==============================================================================================================
                                                                 Start  -->   End
Total (sum of squares):                                      5.066e-03  -->   1.427e-03, 
Maximum absolute QS two-term hat objective value:            1.018e-01  -->   6.114e-02 (Unknown)
Minimum absolute QS two-term hat objective value:            1.333e-06  -->   1.408e-05 (Unknown)
Average absolute QS two-term hat objective value:            1.922e-02  -->   1.026e-02 (Unknown)
Aspect ratio:                                                8.000e+00  -->   7.999e+00 (dimensionless)
Generic objective value:                                     1.258e+00  -->   1.257e+00 (T)
Maximum absolute Force error:                                2.721e+01  -->   1.903e+01 (N)
Minimum absolute Force error:                                1.256e-05  -->   5.398e-05 (N)
Average absolute Force error:                                2.962e-01  -->   2.773e-01 (N)
Maximum absolute Force error:                                3.635e-04  -->   2.543e-04 (normalized)
Minimum absolute Force error:                                1.678e-10  -->   7.212e-10 (normalized)
Average absolute Force error:                                3.957e-06  -->   3.705e-06 (normalized)
Cross-section R error:                                       3.465e-21  -->   6.811e-21 (m)
Cross-section Z error:                                       1.398e-20  -->   6.264e-22 (m)
Fixed pressure profile error:                                0.000e+00  -->   0.000e+00 (Pa)
Fixed current profile error:                                 0.000e+00  -->   0.000e+00 (A)
Fixed Psi error:                                             0.000e+00  -->   0.000e+00 (Wb)
==============================================================================================================


===== optimizing section modes max(l,|m|) <= 8 =====

Building objective: QS two-term hat
Building objective: aspect ratio
Precomputing transforms
Timer: Precomputing transforms = 63.5 ms
Building objective: Generic
Timer: Objective build = 244 ms
Building objective: force
Precomputing transforms
Timer: Precomputing transforms = 104 ms
Timer: Objective build = 122 ms
Timer: Objective build = 1.87 ms
Timer: Eq Update LinearConstraintProjection build = 82.0 ms
Timer: Proximal projection build = 2.20 sec
Building objective: fixed cross-section R
Building objective: fixed cross-section Z
Building objective: fixed pressure
Building objective: fixed current
Building objective: fixed Psi
Timer: Objective build = 510 ms
Timer: LinearConstraintProjection build = 2.10 sec
Number of parameters: 45
Number of objectives: 1877
Timer: Initializing the optimization = 5.57 sec

Starting optimization
Using method: proximal-lsq-exact
Solver options:
------------------------------------------------------------
Maximum Function Evaluations       : 251
Maximum Allowed Total Δx Norm      : inf
Scaled Termination                 : True
Trust Region Method                : qr
Initial Trust Radius               : 6.765e-02
Maximum Trust Radius               : inf
Minimum Trust Radius               : 2.220e-16
Trust Radius Increase Ratio        : 2.000e+00
Trust Radius Decrease Ratio        : 2.500e-01
Trust Radius Increase Threshold    : 7.500e-01
Trust Radius Decrease Threshold    : 2.500e-01
------------------------------------------------------------ 

   Iteration     Total nfev        Cost      Cost reduction    Step norm     Optimality   
       0              1          1.428e-03                                    1.846e+00   
       1              5          1.402e-03      2.615e-05      2.853e-04      2.400e+00   
       2              6          1.376e-03      2.652e-05      2.179e-04      4.912e+00   
       3              7          1.335e-03      4.067e-05      1.369e-04      5.931e+00   
       4              8          1.295e-03      3.992e-05      3.268e-04      6.603e+00   
       5              9          1.255e-03      3.958e-05      5.754e-04      4.770e+00   
       6             10          1.212e-03      4.340e-05      7.607e-04      5.610e+00   
       7             11          1.166e-03      4.651e-05      8.760e-04      5.499e+00   
       8             12          1.116e-03      4.937e-05      9.230e-04      5.132e+00   
       9             13          1.061e-03      5.556e-05      9.184e-04      2.372e+00   
      10             14          1.001e-03      5.994e-05      8.569e-04      3.324e+00   
      11             15          9.313e-04      6.942e-05      5.317e-04      1.379e+00   
      12             17          8.965e-04      3.480e-05      1.369e-04      3.197e+00   
      13             18          8.739e-04      2.258e-05      2.126e-04      4.420e+00   
      14             19          8.226e-04      5.124e-05      1.823e-04      8.333e-01   
      15             21          7.921e-04      3.057e-05      1.191e-04      1.414e+00   
      16             22          7.687e-04      2.341e-05      1.788e-04      3.665e+00   
      17             24          7.378e-04      3.083e-05      1.227e-04      1.560e+00   
      18             25          7.205e-04      1.733e-05      2.198e-04      6.417e+00   
      19             26          6.837e-04      3.679e-05      3.539e-04      4.763e+00   
      20             28          6.594e-04      2.435e-05      2.994e-04      9.831e-01   
      21             30          6.496e-04      9.726e-06      1.905e-04      7.396e-01   
      22             32          6.448e-04      4.807e-06      9.863e-05      1.221e+00   
      23             33          6.361e-04      8.693e-06      1.892e-04      6.480e-01   
      24             35          6.319e-04      4.218e-06      1.143e-04      5.634e-01   
      25             57          6.319e-04      0.000e+00      0.000e+00      5.634e-01   
Warning: A bad approximation caused failure to predict improvement.
         Current function value: 6.319e-04
         Total delta_x: 6.878e-03
         Iterations: 25
         Function evaluations: 57
         Jacobian evaluations: 25
Timer: Solution time = 2.93 min
Timer: Avg time per step = 6.78 sec
==============================================================================================================
                                                                 Start  -->   End
Total (sum of squares):                                      1.428e-03  -->   6.319e-04, 
Maximum absolute QS two-term hat objective value:            6.089e-02  -->   3.700e-02 (Unknown)
Minimum absolute QS two-term hat objective value:            4.253e-06  -->   4.278e-06 (Unknown)
Average absolute QS two-term hat objective value:            1.026e-02  -->   6.797e-03 (Unknown)
Aspect ratio:                                                7.999e+00  -->   8.000e+00 (dimensionless)
Generic objective value:                                     1.257e+00  -->   1.259e+00 (T)
Maximum absolute Force error:                                1.903e+01  -->   1.686e+01 (N)
Minimum absolute Force error:                                5.398e-05  -->   6.558e-05 (N)
Average absolute Force error:                                2.773e-01  -->   2.617e-01 (N)
Maximum absolute Force error:                                2.550e-04  -->   2.259e-04 (normalized)
Minimum absolute Force error:                                7.234e-10  -->   8.788e-10 (normalized)
Average absolute Force error:                                3.716e-06  -->   3.508e-06 (normalized)
Cross-section R error:                                       5.294e-23  -->   0.000e+00 (m)
Cross-section Z error:                                       1.091e-22  -->   0.000e+00 (m)
Fixed pressure profile error:                                0.000e+00  -->   0.000e+00 (Pa)
Fixed current profile error:                                 0.000e+00  -->   0.000e+00 (A)
Fixed Psi error:                                             0.000e+00  -->   0.000e+00 (Wb)
==============================================================================================================


===== optimizing section modes max(l,|m|) <= 9 =====

Building objective: QS two-term hat
Building objective: aspect ratio
Precomputing transforms
Timer: Precomputing transforms = 61.1 ms
Building objective: Generic
Timer: Objective build = 238 ms
Building objective: force
Precomputing transforms
Timer: Precomputing transforms = 103 ms
Timer: Objective build = 121 ms
Timer: Objective build = 1.89 ms
Timer: Eq Update LinearConstraintProjection build = 83.0 ms
Timer: Proximal projection build = 3.99 sec
Building objective: fixed cross-section R
Building objective: fixed cross-section Z
Building objective: fixed pressure
Building objective: fixed current
Building objective: fixed Psi
Timer: Objective build = 510 ms
Timer: LinearConstraintProjection build = 2.14 sec
Number of parameters: 55
Number of objectives: 1877
Timer: Initializing the optimization = 7.39 sec

Starting optimization
Using method: proximal-lsq-exact
Solver options:
------------------------------------------------------------
Maximum Function Evaluations       : 251
Maximum Allowed Total Δx Norm      : inf
Scaled Termination                 : True
Trust Region Method                : qr
Initial Trust Radius               : 9.235e-02
Maximum Trust Radius               : inf
Minimum Trust Radius               : 2.220e-16
Trust Radius Increase Ratio        : 2.000e+00
Trust Radius Decrease Ratio        : 2.500e-01
Trust Radius Increase Threshold    : 7.500e-01
Trust Radius Decrease Threshold    : 2.500e-01
------------------------------------------------------------ 

   Iteration     Total nfev        Cost      Cost reduction    Step norm     Optimality   
       0              1          8.337e-04                                    1.236e+01   
       1              5          6.386e-04      1.950e-04      8.585e-04      4.364e+00   
       2              7          6.207e-04      1.791e-05      7.719e-04      4.060e+00   
       3              8          6.165e-04      4.280e-06      8.528e-04      4.890e+00   
       4              9          6.045e-04      1.195e-05      2.471e-04      1.405e+00   
       5             31          6.045e-04      0.000e+00      0.000e+00      1.405e+00   
Warning: A bad approximation caused failure to predict improvement.
         Current function value: 6.045e-04
         Total delta_x: 2.717e-03
         Iterations: 5
         Function evaluations: 31
         Jacobian evaluations: 5
Timer: Solution time = 1.32 min
Timer: Avg time per step = 13.1 sec
==============================================================================================================
                                                                 Start  -->   End
Total (sum of squares):                                      8.337e-04  -->   6.045e-04, 
Maximum absolute QS two-term hat objective value:            4.385e-02  -->   3.600e-02 (Unknown)
Minimum absolute QS two-term hat objective value:            7.821e-06  -->   2.998e-06 (Unknown)
Average absolute QS two-term hat objective value:            7.553e-03  -->   6.629e-03 (Unknown)
Aspect ratio:                                                7.996e+00  -->   8.000e+00 (dimensionless)
Generic objective value:                                     1.258e+00  -->   1.259e+00 (T)
Maximum absolute Force error:                                1.686e+01  -->   1.646e+01 (N)
Minimum absolute Force error:                                6.558e-05  -->   1.622e-05 (N)
Average absolute Force error:                                2.617e-01  -->   2.586e-01 (N)
Maximum absolute Force error:                                2.223e-04  -->   2.171e-04 (normalized)
Minimum absolute Force error:                                8.647e-10  -->   2.139e-10 (normalized)
Average absolute Force error:                                3.451e-06  -->   3.410e-06 (normalized)
Cross-section R error:                                       2.397e-22  -->   2.382e-22 (m)
Cross-section Z error:                                       4.735e-22  -->   2.118e-22 (m)
Fixed pressure profile error:                                0.000e+00  -->   0.000e+00 (Pa)
Fixed current profile error:                                 0.000e+00  -->   0.000e+00 (A)
Fixed Psi error:                                             0.000e+00  -->   0.000e+00 (Wb)
==============================================================================================================


===== optimizing section modes max(l,|m|) <= 10 =====

Building objective: QS two-term hat
Building objective: aspect ratio
Precomputing transforms
Timer: Precomputing transforms = 61.0 ms
Building objective: Generic
Timer: Objective build = 242 ms
Building objective: force
Precomputing transforms
Timer: Precomputing transforms = 103 ms
Timer: Objective build = 121 ms
Timer: Objective build = 1.97 ms
Timer: Eq Update LinearConstraintProjection build = 81.7 ms
Timer: Proximal projection build = 2.30 sec
Building objective: fixed cross-section R
Building objective: fixed cross-section Z
Building objective: fixed pressure
Building objective: fixed current
Building objective: fixed Psi
Timer: Objective build = 509 ms
Timer: LinearConstraintProjection build = 2.18 sec
Number of parameters: 66
Number of objectives: 1877
Timer: Initializing the optimization = 5.80 sec

Starting optimization
Using method: proximal-lsq-exact
Solver options:
------------------------------------------------------------
Maximum Function Evaluations       : 251
Maximum Allowed Total Δx Norm      : inf
Scaled Termination                 : True
Trust Region Method                : qr
Initial Trust Radius               : 9.764e-02
Maximum Trust Radius               : inf
Minimum Trust Radius               : 2.220e-16
Trust Radius Increase Ratio        : 2.000e+00
Trust Radius Decrease Ratio        : 2.500e-01
Trust Radius Increase Threshold    : 7.500e-01
Trust Radius Decrease Threshold    : 2.500e-01
------------------------------------------------------------ 

   Iteration     Total nfev        Cost      Cost reduction    Step norm     Optimality   
       0              1          6.126e-04                                    2.870e+00   
       1              6          6.073e-04      5.274e-06      4.363e-04      4.952e+00   
       2              7          5.970e-04      1.033e-05      4.554e-04      8.968e-01   
       3              9          5.948e-04      2.212e-06      2.398e-04      5.406e-01   
       4             10          5.931e-04      1.685e-06      2.327e-04      9.428e-01   
       5             11          5.913e-04      1.750e-06      2.325e-04      7.528e-01   
       6             12          5.896e-04      1.681e-06      2.330e-04      7.604e-01   
       7             13          5.880e-04      1.661e-06      2.334e-04      7.123e-01   
       8             14          5.864e-04      1.631e-06      2.336e-04      6.872e-01   
       9             15          5.847e-04      1.609e-06      2.334e-04      6.571e-01   
      10             16          5.832e-04      1.585e-06      2.329e-04      6.302e-01   
      11             17          5.816e-04      1.560e-06      2.322e-04      6.025e-01   
      12             18          5.801e-04      1.534e-06      2.312e-04      5.747e-01   
      13             19          5.786e-04      1.507e-06      2.299e-04      5.463e-01   
      14             20          5.771e-04      1.478e-06      2.284e-04      5.176e-01   
      15             21          5.756e-04      1.441e-06      2.266e-04      4.965e-01   
      16             22          5.742e-04      1.415e-06      2.248e-04      4.620e-01   
      17             23          5.728e-04      1.383e-06      2.227e-04      4.339e-01   
      18             24          5.715e-04      1.348e-06      2.204e-04      4.031e-01   
      19             25          5.702e-04      1.312e-06      2.179e-04      3.732e-01   
      20             26          5.689e-04      1.274e-06      2.152e-04      3.430e-01   
      21             27          5.677e-04      1.236e-06      2.123e-04      3.131e-01   
      22             28          5.665e-04      1.197e-06      2.091e-04      2.834e-01   
      23             29          5.653e-04      1.156e-06      2.057e-04      2.541e-01   
      24             30          5.642e-04      1.116e-06      2.021e-04      2.252e-01   
      25             31          5.631e-04      1.075e-06      1.982e-04      1.968e-01   
      26             32          5.621e-04      1.034e-06      1.942e-04      1.690e-01   
      27             33          5.611e-04      9.928e-07      1.899e-04      1.420e-01   
      28             34          5.601e-04      9.521e-07      1.855e-04      1.479e-01   
      29             35          5.592e-04      9.118e-07      1.808e-04      1.542e-01   
      30             36          5.584e-04      8.722e-07      1.759e-04      1.636e-01   
      31             37          5.575e-04      8.334e-07      1.709e-04      1.775e-01   
      32             38          5.567e-04      7.956e-07      1.657e-04      1.918e-01   
      33             39          5.560e-04      7.591e-07      1.604e-04      2.064e-01   
      34             40          5.553e-04      7.238e-07      1.550e-04      2.214e-01   
      35             41          5.546e-04      6.899e-07      1.495e-04      2.367e-01   
      36             42          5.539e-04      6.663e-07      1.440e-04      2.502e-01   
      37             43          5.533e-04      6.303e-07      1.384e-04      2.654e-01   
      38             44          5.527e-04      5.969e-07      1.327e-04      2.819e-01   
      39             45          5.521e-04      5.700e-07      1.271e-04      2.983e-01   
      40             65          5.521e-04      0.000e+00      0.000e+00      2.983e-01   
Warning: A bad approximation caused failure to predict improvement.
         Current function value: 5.521e-04
         Total delta_x: 8.303e-03
         Iterations: 40
         Function evaluations: 65
         Jacobian evaluations: 40
Timer: Solution time = 2.52 min
Timer: Avg time per step = 3.68 sec
==============================================================================================================
                                                                 Start  -->   End
Total (sum of squares):                                      6.126e-04  -->   5.521e-04, 
Maximum absolute QS two-term hat objective value:            3.738e-02  -->   3.581e-02 (Unknown)
Minimum absolute QS two-term hat objective value:            1.977e-07  -->   4.544e-06 (Unknown)
Average absolute QS two-term hat objective value:            6.660e-03  -->   6.272e-03 (Unknown)
Aspect ratio:                                                7.999e+00  -->   8.000e+00 (dimensionless)
Generic objective value:                                     1.258e+00  -->   1.259e+00 (T)
Maximum absolute Force error:                                1.646e+01  -->   1.545e+01 (N)
Minimum absolute Force error:                                1.622e-05  -->   5.910e-07 (N)
Average absolute Force error:                                2.586e-01  -->   2.583e-01 (N)
Maximum absolute Force error:                                2.141e-04  -->   2.010e-04 (normalized)
Minimum absolute Force error:                                2.111e-10  -->   7.688e-12 (normalized)
Average absolute Force error:                                3.364e-06  -->   3.360e-06 (normalized)
Cross-section R error:                                       5.919e-23  -->   0.000e+00 (m)
Cross-section Z error:                                       1.059e-22  -->   0.000e+00 (m)
Fixed pressure profile error:                                0.000e+00  -->   0.000e+00 (Pa)
Fixed current profile error:                                 0.000e+00  -->   0.000e+00 (A)
Fixed Psi error:                                             0.000e+00  -->   0.000e+00 (Wb)
==============================================================================================================


===== optimizing section modes max(l,|m|) <= 11 =====

Building objective: QS two-term hat
Building objective: aspect ratio
Precomputing transforms
Timer: Precomputing transforms = 62.0 ms
Building objective: Generic
Timer: Objective build = 237 ms
Building objective: force
Precomputing transforms
Timer: Precomputing transforms = 102 ms
Timer: Objective build = 119 ms
Timer: Objective build = 1.88 ms
Timer: Eq Update LinearConstraintProjection build = 81.7 ms
Timer: Proximal projection build = 2.13 sec
Building objective: fixed cross-section R
Building objective: fixed cross-section Z
Building objective: fixed pressure
Building objective: fixed current
Building objective: fixed Psi
Timer: Objective build = 338 ms
Timer: LinearConstraintProjection build = 1.50 sec
Number of parameters: 78
Number of objectives: 1877
Timer: Initializing the optimization = 4.72 sec

Starting optimization
Using method: proximal-lsq-exact
Solver options:
------------------------------------------------------------
Maximum Function Evaluations       : 251
Maximum Allowed Total Δx Norm      : inf
Scaled Termination                 : True
Trust Region Method                : qr
Initial Trust Radius               : 1.042e-01
Maximum Trust Radius               : inf
Minimum Trust Radius               : 2.220e-16
Trust Radius Increase Ratio        : 2.000e+00
Trust Radius Decrease Ratio        : 2.500e-01
Trust Radius Increase Threshold    : 7.500e-01
Trust Radius Decrease Threshold    : 2.500e-01
------------------------------------------------------------ 

   Iteration     Total nfev        Cost      Cost reduction    Step norm     Optimality   
       0              1          5.564e-04                                    1.264e+00   
       1              5          5.433e-04      1.312e-05      7.076e-04      2.973e+00   
       2              6          5.279e-04      1.540e-05      7.115e-04      1.796e+00   
       3              7          5.205e-04      7.441e-06      1.128e-03      6.177e+00   
       4              8          4.925e-04      2.794e-05      1.241e-03      5.043e+00   
       5              9          4.769e-04      1.564e-05      1.230e-03      5.445e+00   
       6             10          4.545e-04      2.241e-05      1.259e-03      4.741e+00   
       7             11          4.321e-04      2.240e-05      1.299e-03      3.966e+00   
       8             12          4.045e-04      2.755e-05      1.319e-03      2.827e+00   
       9             13          3.764e-04      2.817e-05      1.213e-03      1.630e+00   
      10             14          3.568e-04      1.952e-05      9.259e-04      2.484e+00   
      11             15          3.512e-04      5.612e-06      4.739e-04      4.322e+00   
      12             16          3.166e-04      3.462e-05      1.418e-04      1.517e+00   
      13             39          3.166e-04      0.000e+00      0.000e+00      1.517e+00   
Warning: A bad approximation caused failure to predict improvement.
         Current function value: 3.166e-04
         Total delta_x: 1.161e-02
         Iterations: 13
         Function evaluations: 39
         Jacobian evaluations: 13
Timer: Solution time = 1.60 min
Timer: Avg time per step = 6.89 sec
==============================================================================================================
                                                                 Start  -->   End
Total (sum of squares):                                      5.564e-04  -->   3.166e-04, 
Maximum absolute QS two-term hat objective value:            3.663e-02  -->   3.008e-02 (Unknown)
Minimum absolute QS two-term hat objective value:            4.017e-07  -->   7.244e-07 (Unknown)
Average absolute QS two-term hat objective value:            6.296e-03  -->   4.790e-03 (Unknown)
Aspect ratio:                                                7.999e+00  -->   8.000e+00 (dimensionless)
Generic objective value:                                     1.259e+00  -->   1.260e+00 (T)
Maximum absolute Force error:                                1.545e+01  -->   1.603e+01 (N)
Minimum absolute Force error:                                5.910e-07  -->   1.820e-05 (N)
Average absolute Force error:                                2.583e-01  -->   2.650e-01 (N)
Maximum absolute Force error:                                1.945e-04  -->   2.018e-04 (normalized)
Minimum absolute Force error:                                7.441e-12  -->   2.292e-10 (normalized)
Average absolute Force error:                                3.252e-06  -->   3.337e-06 (normalized)
Cross-section R error:                                       2.668e-23  -->   1.881e-37 (m)
Cross-section Z error:                                       6.019e-36  -->   0.000e+00 (m)
Fixed pressure profile error:                                0.000e+00  -->   0.000e+00 (Pa)
Fixed current profile error:                                 0.000e+00  -->   0.000e+00 (A)
Fixed Psi error:                                             0.000e+00  -->   0.000e+00 (Wb)
==============================================================================================================


===== optimizing section modes max(l,|m|) <= 12 =====

Building objective: QS two-term hat
Building objective: aspect ratio
Precomputing transforms
Timer: Precomputing transforms = 65.8 ms
Building objective: Generic
Timer: Objective build = 244 ms
Building objective: force
Precomputing transforms
Timer: Precomputing transforms = 104 ms
Timer: Objective build = 122 ms
Timer: Objective build = 1.91 ms
Timer: Eq Update LinearConstraintProjection build = 82.2 ms
Timer: Proximal projection build = 2.29 sec
Building objective: fixed cross-section R
Building objective: fixed cross-section Z
Building objective: fixed pressure
Building objective: fixed current
Building objective: fixed Psi
Timer: Objective build = 117 ms
Timer: LinearConstraintProjection build = 1.29 sec
Number of parameters: 91
Number of objectives: 1877
Timer: Initializing the optimization = 4.46 sec

Starting optimization
Using method: proximal-lsq-exact
Solver options:
------------------------------------------------------------
Maximum Function Evaluations       : 251
Maximum Allowed Total Δx Norm      : inf
Scaled Termination                 : True
Trust Region Method                : qr
Initial Trust Radius               : 1.107e-01
Maximum Trust Radius               : inf
Minimum Trust Radius               : 2.220e-16
Trust Radius Increase Ratio        : 2.000e+00
Trust Radius Decrease Ratio        : 2.500e-01
Trust Radius Increase Threshold    : 7.500e-01
Trust Radius Decrease Threshold    : 2.500e-01
------------------------------------------------------------ 

   Iteration     Total nfev        Cost      Cost reduction    Step norm     Optimality   
       0              1          3.519e-04                                    1.849e+00   
       1              5          3.311e-04      2.085e-05      1.041e-04      3.163e+00   
       2              6          3.228e-04      8.242e-06      2.591e-04      4.836e+00   
       3              7          2.938e-04      2.898e-05      7.878e-05      2.064e+00   
       4              8          2.889e-04      4.896e-06      7.756e-05      1.714e+00   
       5              9          2.858e-04      3.117e-06      5.072e-05      1.331e+00   
       6             10          2.838e-04      2.021e-06      5.127e-05      1.271e+00   
       7             11          2.820e-04      1.807e-06      2.444e-05      1.300e+00   
       8             31          2.820e-04      0.000e+00      0.000e+00      1.300e+00   
Warning: A bad approximation caused failure to predict improvement.
         Current function value: 2.820e-04
         Total delta_x: 6.175e-04
         Iterations: 8
         Function evaluations: 31
         Jacobian evaluations: 8
Timer: Solution time = 1.27 min
Timer: Avg time per step = 8.46 sec
==============================================================================================================
                                                                 Start  -->   End
Total (sum of squares):                                      3.519e-04  -->   2.820e-04, 
Maximum absolute QS two-term hat objective value:            3.225e-02  -->   2.736e-02 (Unknown)
Minimum absolute QS two-term hat objective value:            9.710e-06  -->   3.679e-06 (Unknown)
Average absolute QS two-term hat objective value:            5.132e-03  -->   4.535e-03 (Unknown)
Aspect ratio:                                                7.999e+00  -->   8.000e+00 (dimensionless)
Generic objective value:                                     1.260e+00  -->   1.259e+00 (T)
Maximum absolute Force error:                                1.603e+01  -->   1.523e+01 (N)
Minimum absolute Force error:                                1.820e-05  -->   5.296e-06 (N)
Average absolute Force error:                                2.650e-01  -->   2.618e-01 (N)
Maximum absolute Force error:                                1.953e-04  -->   1.855e-04 (normalized)
Minimum absolute Force error:                                2.217e-10  -->   6.452e-11 (normalized)
Average absolute Force error:                                3.228e-06  -->   3.189e-06 (normalized)
Cross-section R error:                                       0.000e+00  -->   0.000e+00 (m)
Cross-section Z error:                                       0.000e+00  -->   0.000e+00 (m)
Fixed pressure profile error:                                0.000e+00  -->   0.000e+00 (Pa)
Fixed current profile error:                                 0.000e+00  -->   0.000e+00 (A)
Fixed Psi error:                                             0.000e+00  -->   0.000e+00 (Wb)
==============================================================================================================

step 0    V =    0.307  R0/a =  7.995  <|B|> =  1.2599  f_B = [0.1718 0.1764 0.1833]  f_C = [0.5259 0.5153 0.4994]
step 1    V =    0.322  R0/a =  7.986  <|B|> =  1.2797  f_B = [0.0431 0.0552 0.0675]  f_C = [0.1366 0.1669 0.1931]
step 2    V =    0.322  R0/a =  7.986  <|B|> =  1.2797  f_B = [0.0431 0.0552 0.0675]  f_C = [0.1367 0.167  0.1931]
step 3    V =    0.331  R0/a =  8.001  <|B|> =  1.2667  f_B = [0.0288 0.037  0.0453]  f_C = [0.0816 0.1036 0.1247]
step 4    V =    0.312  R0/a =  8.001  <|B|> =  1.2577  f_B = [0.005  0.0074 0.0107]  f_C = [0.0148 0.0199 0.0294]
step 5    V =    0.314  R0/a =  8.001  <|B|> =  1.2575  f_B = [0.0039 0.0061 0.0095]  f_C = [0.0121 0.0167 0.0257]
step 6    V =    0.315  R0/a =  7.999  <|B|> =  1.2569  f_B = [0.0026 0.0031 0.0044]  f_C = [0.0074 0.009  0.0128]
step 7    V =    0.314  R0/a =  8.000  <|B|> =  1.2588  f_B = [0.0017 0.002  0.0028]  f_C = [0.005  0.0058 0.0092]
step 8    V =    0.313  R0/a =  8.000  <|B|> =  1.2585  f_B = [0.0016 0.0018 0.0027]  f_C = [0.0048 0.0057 0.0091]
step 9    V =    0.310  R0/a =  8.000  <|B|> =  1.2592  f_B = [0.0014 0.0016 0.0024]  f_C = [0.0044 0.0052 0.0089]
step 10   V =    0.307  R0/a =  8.000  <|B|> =  1.2603  f_B = [0.0011 0.001  0.0017]  f_C = [0.0037 0.0037 0.0066]
step 11   V =    0.307  R0/a =  8.000  <|B|> =  1.2595  f_B = [0.001  0.001  0.0016]  f_C = [0.0035 0.0034 0.0063]
