DESC version=0.17.3+27.g4f48720bea.
Using JAX backend: jax version=0.7.2, jaxlib version=0.7.2, dtype=float64.
Using device: NVIDIA GeForce RTX 4080 Laptop GPU (id=0), with 9.60 GB available memory.
Building objective: force
Precomputing transforms
Timer: Precomputing transforms = 974 ms
ObjectiveFunction deriv_mode : batched
ObjectiveFunction jac_chunk_size: 5718
Timer: Objective build = 1.05 sec
Building objective: lcfs R
Building objective: lcfs Z
Building objective: fixed Psi
Building objective: fixed pressure
Building objective: fixed current
Building objective: fixed sheet current
Building objective: self_consistency R
Building objective: self_consistency Z
Building objective: lambda gauge
Building objective: axis R self consistency
Building objective: axis Z self consistency
ObjectiveFunction deriv_mode : blocked
lcfs R jac_chunk_size: None
lcfs Z jac_chunk_size: None
fixed Psi jac_chunk_size: None
fixed pressure jac_chunk_size: None
fixed current jac_chunk_size: None
fixed sheet current jac_chunk_size: None
self_consistency R jac_chunk_size: None
self_consistency Z jac_chunk_size: None
lambda gauge jac_chunk_size: None
axis R self consistency jac_chunk_size: None
axis Z self consistency jac_chunk_size: None
Timer: Objective build = 178 ms
Timer: LinearConstraintProjection build = 3.03 sec
Number of parameters: 856
Number of objectives: 5346
Timer: Initializing the optimization = 4.34 sec

Starting optimization
Using method: lsq-exact
Solver options:
------------------------------------------------------------
Maximum Function Evaluations       : 5001
Maximum Allowed Total Δx Norm      : inf
Scaled Termination                 : True
Trust Region Method                : qr
Initial Trust Radius               : 2.993e+02
Maximum Trust Radius               : inf
Minimum Trust Radius               : 2.220e-16
Trust Radius Increase Ratio        : 2.000e+00
Trust Radius Decrease Ratio        : 2.500e-01
Trust Radius Increase Threshold    : 7.500e-01
Trust Radius Decrease Threshold    : 2.500e-01
------------------------------------------------------------ 

   Iteration     Total nfev        Cost      Cost reduction    Step norm     Optimality   
       0              1          2.412e-02                                    1.086e-01   
       1              2          5.186e-05      2.407e-02      2.795e-02      2.812e-03   
       2              3          2.779e-06      4.908e-05      1.431e-02      6.718e-04   
       3              4          2.578e-06      2.006e-07      1.302e-02      5.936e-04   
       4              5          7.322e-08      2.505e-06      3.637e-03      9.491e-05   
       5              7          2.598e-08      4.723e-08      1.832e-03      2.843e-05   
       6              9          2.262e-08      3.359e-09      8.452e-04      5.150e-06   
       7             11          2.223e-08      3.992e-10      4.598e-04      1.509e-06   
       8             12          2.190e-08      3.250e-10      9.373e-04      3.758e-06   
       9             14          2.163e-08      2.659e-10      4.772e-04      8.621e-07   
      10             15          2.144e-08      1.942e-10      9.951e-04      3.267e-06   
      11             16          2.121e-08      2.314e-10      1.003e-03      3.202e-06   
      12             18          2.102e-08      1.844e-10      4.945e-04      7.679e-07   
      13             19          2.093e-08      9.962e-11      9.992e-04      2.802e-06   
      14             20          2.077e-08      1.562e-10      9.807e-04      2.667e-06   
      15             21          2.063e-08      1.407e-10      9.662e-04      2.834e-06   
      16             22          2.050e-08      1.290e-10      9.486e-04      2.863e-06   
      17             23          2.038e-08      1.164e-10      9.301e-04      2.814e-06   
      18             24          2.028e-08      1.040e-10      9.091e-04      2.735e-06   
      19             25          2.019e-08      9.175e-11      8.872e-04      2.663e-06   
      20             26          2.011e-08      8.143e-11      8.646e-04      2.607e-06   
      21             27          2.003e-08      7.316e-11      8.431e-04      2.557e-06   
      22             28          1.997e-08      6.733e-11      8.234e-04      2.506e-06   
      23             29          1.990e-08      6.350e-11      8.067e-04      2.498e-06   
      24             30          1.984e-08      6.140e-11      7.932e-04      2.433e-06   
      25             31          1.978e-08      6.041e-11      7.829e-04      2.316e-06   
      26             32          1.972e-08      6.017e-11      7.752e-04      2.153e-06   
      27             33          1.966e-08      6.027e-11      7.698e-04      2.005e-06   
      28             34          1.960e-08      6.048e-11      7.657e-04      1.911e-06   
      29             35          1.954e-08      6.045e-11      7.621e-04      1.902e-06   
      30             36          1.948e-08      5.975e-11      7.578e-04      1.886e-06   
      31             37          1.942e-08      5.786e-11      7.519e-04      1.869e-06   
      32             38          1.937e-08      5.442e-11      7.439e-04      1.903e-06   
      33             39          1.932e-08      4.939e-11      7.334e-04      1.964e-06   
      34             40          1.927e-08      4.318e-11      7.207e-04      2.018e-06   
      35             41          1.924e-08      3.658e-11      7.063e-04      2.173e-06   
      36             42          1.921e-08      3.045e-11      6.920e-04      2.317e-06   
      37             43          1.918e-08      2.532e-11      6.794e-04      2.406e-06   
      38             44          1.916e-08      2.120e-11      6.700e-04      2.437e-06   
      39             45          1.914e-08      1.775e-11      6.638e-04      2.464e-06   
      40             46          1.913e-08      1.464e-11      6.602e-04      2.530e-06   
      41             47          1.908e-08      4.915e-11      1.731e-04      1.503e-07   
      42             48          1.908e-08      3.332e-12      3.387e-04      6.437e-07   
      43             49          1.907e-08      5.052e-12      3.362e-04      6.402e-07   
      44             50          1.907e-08      4.423e-12      3.357e-04      6.485e-07   
      45             51          1.906e-08      3.686e-12      3.348e-04      6.500e-07   
      46             52          1.906e-08      3.038e-12      3.337e-04      6.545e-07   
      47             53          1.906e-08      2.327e-12      3.328e-04      6.596e-07   
      48             54          1.906e-08      1.710e-12      3.317e-04      6.726e-07   
      49             55          1.905e-08      1.111e-12      3.317e-04      6.927e-07   
      50             56          1.905e-08      8.204e-13      3.302e-04      7.226e-07   
      51             57          1.905e-08      2.559e-12      7.209e-05      1.957e-08   
      52             58          1.905e-08      6.747e-14      6.788e-05      2.548e-08   
      53             59          1.905e-08      3.927e-14      5.587e-05      1.220e-08   
      54             60          1.905e-08      2.205e-14      4.640e-05      1.367e-08   
      55             61          1.905e-08      5.936e-15      5.543e-05      1.010e-08   
      56             62          1.905e-08      3.120e-14      1.676e-05      1.792e-09   
`gtol` condition satisfied. (gtol=1.00e-08)
         Current function value: 1.905e-08
         Total delta_x: 4.656e-02
         Iterations: 56
         Function evaluations: 62
         Jacobian evaluations: 57
Timer: Solution time = 21.2 sec
Timer: Avg time per step = 373 ms
==============================================================================================================
                                                                 Start  -->   End
Total (sum of squares):                                      2.412e-02  -->   1.905e-08, 
Maximum absolute Force error:                                7.635e+04  -->   3.288e+01 (N)
Minimum absolute Force error:                                1.946e-02  -->   1.299e-04 (N)
Average absolute Force error:                                7.752e+02  -->   1.044e+00 (N)
Maximum absolute Force error:                                1.916e-01  -->   8.253e-05 (normalized)
Minimum absolute Force error:                                4.885e-08  -->   3.262e-10 (normalized)
Average absolute Force error:                                1.946e-03  -->   2.621e-06 (normalized)
R boundary error:                                            0.000e+00  -->   3.010e-17 (m)
Z boundary error:                                            0.000e+00  -->   1.494e-17 (m)
Fixed Psi error:                                             0.000e+00  -->   0.000e+00 (Wb)
Fixed pressure profile error:                                0.000e+00  -->   0.000e+00 (Pa)
Fixed current profile error:                                 0.000e+00  -->   3.674e-26 (A)
Fixed sheet current error:                                   0.000e+00  -->   0.000e+00 (~)
==============================================================================================================

