DESC /home/ye2698/DESC
8a54240a7  (HEAD -> dp/poincare, tag: poincare-bc-paper, origin/dp/poincare) Merge branch 'master' into dp/poincare
DESC version=0.17.3+411.g8a54240a7.
Using JAX backend: jax version=0.9.2, jaxlib version=0.9.2, dtype=float64.
Using device: NVIDIA A100-PCIE-40GB (id=0), with 40.00 GB available memory.
two-term: dim_f = 1875, initial norm = 3.3307e+01

===== optimizing section modes max(l,|m|) <= 2 =====

Building objective: QS two-term hat
Building objective: aspect ratio
Precomputing transforms
Timer: Precomputing transforms = 58.1 ms
Building objective: volume
Precomputing transforms
Timer: Precomputing transforms = 64.5 ms
Building objective: Generic
Timer: Objective build = 327 ms
Building objective: force
Precomputing transforms
Timer: Precomputing transforms = 1.41 sec
Timer: Objective build = 2.55 sec
Timer: Objective build = 2.83 ms
Timer: Eq Update LinearConstraintProjection build = 4.64 sec
Timer: Proximal projection build = 44.1 sec
Building objective: fixed cross-section R
Building objective: fixed cross-section Z
Building objective: fixed pressure
Building objective: fixed current
Building objective: fixed Psi
Timer: Objective build = 862 ms
Timer: LinearConstraintProjection build = 2.17 sec
Number of parameters: 6
Number of objectives: 1878
Timer: Initializing the optimization = 47.8 sec

Starting optimization
Using method: proximal-lsq-exact
Solver options:
------------------------------------------------------------
Maximum Function Evaluations       : 251
Maximum Allowed Total Δx Norm      : inf
Scaled Termination                 : True
Trust Region Method                : svd
Initial Trust Radius               : 4.276e-02
Maximum Trust Radius               : inf
Minimum Trust Radius               : 2.220e-16
Trust Radius Increase Ratio        : 2.000e+00
Trust Radius Decrease Ratio        : 2.500e-01
Trust Radius Increase Threshold    : 7.500e-01
Trust Radius Decrease Threshold    : 2.500e-01
------------------------------------------------------------ 

   Iteration     Total nfev        Cost      Cost reduction    Step norm     Optimality   
       0              1          4.406e+00                                    3.846e+03   
       1              2          1.480e+00      2.926e+00      1.292e-01      3.130e+03   
       2              3          7.640e-01      7.156e-01      3.802e-02      1.223e+03   
       3              4          5.088e-01      2.552e-01      5.207e-03      8.768e+02   
       4              5          4.978e-01      1.099e-02      4.778e-02      8.127e+02   
       5              6          4.249e-01      7.290e-02      1.223e-02      2.719e+02   
       6              9          4.234e-01      1.551e-03      1.863e-04      2.448e+02   
       7             10          4.151e-01      8.239e-03      1.995e-05      4.459e+01   
       8             13          4.151e-01      2.730e-05      6.642e-06      9.961e+00   
       9             31          4.151e-01      0.000e+00      0.000e+00      9.961e+00   
Warning: A bad approximation caused failure to predict improvement.
         Current function value: 4.151e-01
         Total delta_x: 1.330e-01
         Iterations: 9
         Function evaluations: 31
         Jacobian evaluations: 9
Timer: Solution time = 2.04 min
Timer: Avg time per step = 12.2 sec
==============================================================================================================
                                                                 Start  -->   End
Total (sum of squares):                                      4.406e+00  -->   4.151e-01, 
Maximum absolute QS two-term hat objective value:            2.355e+00  -->   9.781e-01 (Unknown)
Minimum absolute QS two-term hat objective value:            9.465e-04  -->   2.926e-04 (Unknown)
Average absolute QS two-term hat objective value:            6.079e-01  -->   1.778e-01 (Unknown)
Aspect ratio:                                                7.995e+00  -->   8.000e+00 (dimensionless)
Plasma volume:                                               3.071e-01  -->   3.594e-01 (m^3)
Generic objective value:                                     1.260e+00  -->   1.192e+00 (T)
Maximum absolute Force error:                                1.893e+01  -->   2.847e+01 (N)
Minimum absolute Force error:                                3.514e-06  -->   1.209e-05 (N)
Average absolute Force error:                                2.199e-01  -->   2.222e-01 (N)
Maximum absolute Force error:                                2.562e-04  -->   3.852e-04 (normalized)
Minimum absolute Force error:                                4.755e-11  -->   1.636e-10 (normalized)
Average absolute Force error:                                2.976e-06  -->   3.007e-06 (normalized)
Cross-section R error:                                       1.085e-19  -->   3.388e-21 (m)
Cross-section Z error:                                       9.585e-21  -->   0.000e+00 (m)
Fixed pressure profile error:                                0.000e+00  -->   0.000e+00 (Pa)
Fixed current profile error:                                 0.000e+00  -->   0.000e+00 (A)
Fixed Psi error:                                             0.000e+00  -->   0.000e+00 (Wb)
==============================================================================================================


===== optimizing section modes max(l,|m|) <= 3 =====

Building objective: QS two-term hat
Building objective: aspect ratio
Precomputing transforms
Timer: Precomputing transforms = 62.1 ms
Building objective: volume
Precomputing transforms
Timer: Precomputing transforms = 63.6 ms
Building objective: Generic
Timer: Objective build = 309 ms
Building objective: force
Precomputing transforms
Timer: Precomputing transforms = 102 ms
Timer: Objective build = 119 ms
Timer: Objective build = 1.82 ms
Timer: Eq Update LinearConstraintProjection build = 99.8 ms
Timer: Proximal projection build = 2.20 sec
Building objective: fixed cross-section R
Building objective: fixed cross-section Z
Building objective: fixed pressure
Building objective: fixed current
Building objective: fixed Psi
Timer: Objective build = 471 ms
Timer: LinearConstraintProjection build = 2.33 sec
Number of parameters: 10
Number of objectives: 1878
Timer: Initializing the optimization = 5.60 sec

Starting optimization
Using method: proximal-lsq-exact
Solver options:
------------------------------------------------------------
Maximum Function Evaluations       : 251
Maximum Allowed Total Δx Norm      : inf
Scaled Termination                 : True
Trust Region Method                : svd
Initial Trust Radius               : 4.646e-02
Maximum Trust Radius               : inf
Minimum Trust Radius               : 2.220e-16
Trust Radius Increase Ratio        : 2.000e+00
Trust Radius Decrease Ratio        : 2.500e-01
Trust Radius Increase Threshold    : 7.500e-01
Trust Radius Decrease Threshold    : 2.500e-01
------------------------------------------------------------ 

   Iteration     Total nfev        Cost      Cost reduction    Step norm     Optimality   
       0              1          4.154e-01                                    1.416e+01   
       1              4          4.085e-01      6.834e-03      1.325e-03      2.467e+02   
       2              5          3.862e-01      2.235e-02      2.733e-04      2.041e+01   
       3              6          3.683e-01      1.789e-02      7.503e-04      3.136e+02   
       4              7          3.619e-01      6.357e-03      2.154e-03      1.243e+03   
       5              8          3.467e-01      1.518e-02      2.884e-04      1.007e+03   
       6              9          3.321e-01      1.469e-02      3.012e-04      5.653e+02   
       7             10          3.210e-01      1.109e-02      2.867e-04      4.845e+01   
       8             11          3.121e-01      8.907e-03      4.387e-04      6.819e+01   
       9             12          3.024e-01      9.610e-03      8.977e-04      8.318e+02   
      10             13          2.896e-01      1.288e-02      1.731e-03      1.127e+02   
      11             14          2.745e-01      1.509e-02      3.052e-03      1.915e+02   
      12             16          2.735e-01      9.801e-04      1.443e-03      4.243e+02   
      13             18          2.724e-01      1.081e-03      5.359e-05      3.800e+02   
      14             19          2.709e-01      1.559e-03      9.302e-05      2.288e+02   
      15             20          2.709e-01      3.120e-06      1.025e-04      2.415e+02   
      16             21          2.702e-01      7.125e-04      2.219e-05      5.334e+01   
      17             22          2.700e-01      1.987e-04      5.289e-05      5.309e+01   
Optimization terminated successfully.
`ftol` condition satisfied. (ftol=1.00e-03)
         Current function value: 2.700e-01
         Total delta_x: 1.050e-02
         Iterations: 17
         Function evaluations: 22
         Jacobian evaluations: 18
Timer: Solution time = 1.56 min
Timer: Avg time per step = 5.21 sec
==============================================================================================================
                                                                 Start  -->   End
Total (sum of squares):                                      4.154e-01  -->   2.700e-01, 
Maximum absolute QS two-term hat objective value:            9.782e-01  -->   7.982e-01 (Unknown)
Minimum absolute QS two-term hat objective value:            2.583e-04  -->   1.109e-04 (Unknown)
Average absolute QS two-term hat objective value:            1.779e-01  -->   1.470e-01 (Unknown)
Aspect ratio:                                                8.000e+00  -->   8.003e+00 (dimensionless)
Plasma volume:                                               3.594e-01  -->   3.381e-01 (m^3)
Generic objective value:                                     1.192e+00  -->   1.238e+00 (T)
Maximum absolute Force error:                                2.847e+01  -->   2.126e+01 (N)
Minimum absolute Force error:                                1.209e-05  -->   1.080e-05 (N)
Average absolute Force error:                                2.222e-01  -->   1.692e-01 (N)
Maximum absolute Force error:                                5.059e-04  -->   3.778e-04 (normalized)
Minimum absolute Force error:                                2.149e-10  -->   1.920e-10 (normalized)
Average absolute Force error:                                3.950e-06  -->   3.008e-06 (normalized)
Cross-section R error:                                       1.093e-19  -->   1.398e-20 (m)
Cross-section Z error:                                       7.041e-21  -->   1.701e-21 (m)
Fixed pressure profile error:                                0.000e+00  -->   0.000e+00 (Pa)
Fixed current profile error:                                 0.000e+00  -->   0.000e+00 (A)
Fixed Psi error:                                             0.000e+00  -->   0.000e+00 (Wb)
==============================================================================================================


===== optimizing section modes max(l,|m|) <= 4 =====

Building objective: QS two-term hat
Building objective: aspect ratio
Precomputing transforms
Timer: Precomputing transforms = 64.9 ms
Building objective: volume
Precomputing transforms
Timer: Precomputing transforms = 67.2 ms
Building objective: Generic
Timer: Objective build = 319 ms
Building objective: force
Precomputing transforms
Timer: Precomputing transforms = 101 ms
Timer: Objective build = 119 ms
Timer: Objective build = 1.85 ms
Timer: Eq Update LinearConstraintProjection build = 73.9 ms
Timer: Proximal projection build = 2.37 sec
Building objective: fixed cross-section R
Building objective: fixed cross-section Z
Building objective: fixed pressure
Building objective: fixed current
Building objective: fixed Psi
Timer: Objective build = 334 ms
Timer: LinearConstraintProjection build = 1.90 sec
Number of parameters: 15
Number of objectives: 1878
Timer: Initializing the optimization = 5.22 sec

Starting optimization
Using method: proximal-lsq-exact
Solver options:
------------------------------------------------------------
Maximum Function Evaluations       : 251
Maximum Allowed Total Δx Norm      : inf
Scaled Termination                 : True
Trust Region Method                : svd
Initial Trust Radius               : 4.654e-02
Maximum Trust Radius               : inf
Minimum Trust Radius               : 2.220e-16
Trust Radius Increase Ratio        : 2.000e+00
Trust Radius Decrease Ratio        : 2.500e-01
Trust Radius Increase Threshold    : 7.500e-01
Trust Radius Decrease Threshold    : 2.500e-01
------------------------------------------------------------ 

   Iteration     Total nfev        Cost      Cost reduction    Step norm     Optimality   
       0              1          2.700e-01                                    4.412e+01   
       1              5          2.692e-01      7.885e-04      7.615e-04      3.243e+02   
       2              6          2.673e-01      1.948e-03      1.746e-04      7.316e+01   
       3              7          2.660e-01      1.231e-03      3.778e-04      1.476e+02   
       4              8          2.648e-01      1.224e-03      3.642e-04      1.860e+02   
       5              9          2.640e-01      8.393e-04      3.551e-04      2.866e+02   
       6             10          2.635e-01      5.028e-04      3.419e-04      3.137e+02   
       7             11          2.622e-01      1.239e-03      5.618e-05      1.359e+02   
       8             12          2.622e-01      5.379e-05      7.506e-05      1.367e+02   
Optimization terminated successfully.
`ftol` condition satisfied. (ftol=1.00e-03)
         Current function value: 2.622e-01
         Total delta_x: 2.461e-03
         Iterations: 8
         Function evaluations: 12
         Jacobian evaluations: 9
Timer: Solution time = 1.06 min
Timer: Avg time per step = 7.08 sec
==============================================================================================================
                                                                 Start  -->   End
Total (sum of squares):                                      2.700e-01  -->   2.622e-01, 
Maximum absolute QS two-term hat objective value:            7.987e-01  -->   8.246e-01 (Unknown)
Minimum absolute QS two-term hat objective value:            2.680e-05  -->   7.925e-05 (Unknown)
Average absolute QS two-term hat objective value:            1.470e-01  -->   1.412e-01 (Unknown)
Aspect ratio:                                                8.002e+00  -->   8.004e+00 (dimensionless)
Plasma volume:                                               3.381e-01  -->   3.369e-01 (m^3)
Generic objective value:                                     1.238e+00  -->   1.235e+00 (T)
Maximum absolute Force error:                                2.126e+01  -->   2.113e+01 (N)
Minimum absolute Force error:                                1.080e-05  -->   1.941e-06 (N)
Average absolute Force error:                                1.692e-01  -->   1.720e-01 (N)
Maximum absolute Force error:                                3.641e-04  -->   3.619e-04 (normalized)
Minimum absolute Force error:                                1.850e-10  -->   3.325e-11 (normalized)
Average absolute Force error:                                2.898e-06  -->   2.946e-06 (normalized)
Cross-section R error:                                       1.356e-20  -->   0.000e+00 (m)
Cross-section Z error:                                       2.235e-19  -->   0.000e+00 (m)
Fixed pressure profile error:                                0.000e+00  -->   0.000e+00 (Pa)
Fixed current profile error:                                 0.000e+00  -->   0.000e+00 (A)
Fixed Psi error:                                             0.000e+00  -->   0.000e+00 (Wb)
==============================================================================================================


===== optimizing section modes max(l,|m|) <= 5 =====

Building objective: QS two-term hat
Building objective: aspect ratio
Precomputing transforms
Timer: Precomputing transforms = 67.8 ms
Building objective: volume
Precomputing transforms
Timer: Precomputing transforms = 67.0 ms
Building objective: Generic
Timer: Objective build = 314 ms
Building objective: force
Precomputing transforms
Timer: Precomputing transforms = 101 ms
Timer: Objective build = 118 ms
Timer: Objective build = 1.83 ms
Timer: Eq Update LinearConstraintProjection build = 78.5 ms
Timer: Proximal projection build = 2.25 sec
Building objective: fixed cross-section R
Building objective: fixed cross-section Z
Building objective: fixed pressure
Building objective: fixed current
Building objective: fixed Psi
Timer: Objective build = 492 ms
Timer: LinearConstraintProjection build = 1.97 sec
Number of parameters: 21
Number of objectives: 1878
Timer: Initializing the optimization = 5.37 sec

Starting optimization
Using method: proximal-lsq-exact
Solver options:
------------------------------------------------------------
Maximum Function Evaluations       : 251
Maximum Allowed Total Δx Norm      : inf
Scaled Termination                 : True
Trust Region Method                : svd
Initial Trust Radius               : 5.487e-02
Maximum Trust Radius               : inf
Minimum Trust Radius               : 2.220e-16
Trust Radius Increase Ratio        : 2.000e+00
Trust Radius Decrease Ratio        : 2.500e-01
Trust Radius Increase Threshold    : 7.500e-01
Trust Radius Decrease Threshold    : 2.500e-01
------------------------------------------------------------ 

   Iteration     Total nfev        Cost      Cost reduction    Step norm     Optimality   
       0              1          2.622e-01                                    1.342e+02   
       1              4          2.483e-01      1.390e-02      2.388e-03      8.964e+02   
       2              5          2.209e-01      2.747e-02      2.205e-03      4.309e+02   
       3              7          2.043e-01      1.660e-02      1.218e-03      3.074e+01   
       4              8          2.027e-01      1.598e-03      2.396e-03      1.149e+03   
       5              9          2.016e-01      1.035e-03      1.195e-04      1.134e+03   
       6             11          1.843e-01      1.737e-02      3.130e-04      5.288e+01   
       7             12          1.819e-01      2.309e-03      5.993e-04      2.932e+02   
       8             13          1.789e-01      3.089e-03      5.870e-04      3.087e+02   
       9             14          1.761e-01      2.710e-03      5.849e-04      2.539e+02   
      10             15          1.719e-01      4.232e-03      5.564e-04      1.595e+02   
      11             16          1.668e-01      5.099e-03      1.071e-03      2.204e+02   
      12             17          1.600e-01      6.822e-03      9.381e-04      1.293e+02   
      13             19          1.568e-01      3.207e-03      4.311e-04      4.679e+00   
      14             20          1.550e-01      1.802e-03      8.050e-04      5.557e+02   
      15             22          1.499e-01      5.042e-03      1.222e-04      2.416e+02   
      16             23          1.496e-01      3.656e-04      7.760e-05      2.664e+02   
      17             24          1.490e-01      5.815e-04      2.570e-04      4.906e+02   
      18             25          1.445e-01      4.503e-03      7.020e-05      4.442e+01   
      19             26          1.432e-01      1.300e-03      1.594e-04      1.463e+02   
      20             27          1.416e-01      1.597e-03      1.781e-04      1.121e+02   
      21             28          1.396e-01      2.033e-03      4.054e-04      2.211e+02   
      22             29          1.373e-01      2.283e-03      4.284e-04      2.457e+02   
      23             30          1.351e-01      2.144e-03      4.348e-04      2.722e+02   
      24             31          1.330e-01      2.145e-03      4.356e-04      2.897e+02   
      25             32          1.308e-01      2.222e-03      4.371e-04      2.920e+02   
      26             33          1.285e-01      2.235e-03      4.416e-04      2.888e+02   
      27             34          1.263e-01      2.254e-03      4.499e-04      2.795e+02   
      28             35          1.240e-01      2.266e-03      4.617e-04      2.650e+02   
      29             37          1.222e-01      1.773e-03      2.388e-04      1.923e+01   
      30             38          1.210e-01      1.237e-03      4.788e-04      3.141e+02   
      31             39          1.183e-01      2.657e-03      4.902e-04      1.805e+02   
      32             41          1.171e-01      1.295e-03      2.511e-04      4.920e+00   
      33             42          1.154e-01      1.616e-03      5.003e-04      2.401e+02   
      34             43          1.133e-01      2.164e-03      9.738e-04      6.289e+02   
      35             44          1.087e-01      4.557e-03      9.550e-04      4.954e+02   
      36             46          1.062e-01      2.531e-03      4.819e-04      1.399e+02   
      37             48          1.053e-01      8.537e-04      2.418e-04      4.414e+01   
      38             49          1.044e-01      8.942e-04      4.683e-04      4.419e+02   
      39             50          1.034e-01      1.080e-03      4.409e-04      5.481e+02   
      40             51          1.023e-01      1.007e-03      4.089e-04      6.310e+02   
      41             52          1.011e-01      1.222e-03      3.748e-04      6.243e+02   
      42             53          9.986e-02      1.265e-03      3.449e-04      6.012e+02   
      43             54          9.859e-02      1.273e-03      3.201e-04      5.826e+02   
      44             55          9.711e-02      1.475e-03      3.031e-04      4.867e+02   
      45             56          9.584e-02      1.276e-03      2.944e-04      4.412e+02   
      46             57          9.462e-02      1.221e-03      2.810e-04      3.845e+02   
      47             58          9.407e-02      5.508e-04      5.233e-04      8.876e+02   
      48             60          9.209e-02      1.976e-03      3.994e-05      1.174e+02   
      49             61          9.181e-02      2.776e-04      6.889e-05      7.757e+01   
      50             62          9.136e-02      4.489e-04      1.308e-04      1.560e+02   
Warning: Maximum number of iterations has been exceeded.
         Current function value: 9.136e-02
         Total delta_x: 2.579e-02
         Iterations: 50
         Function evaluations: 62
         Jacobian evaluations: 51
Timer: Solution time = 3.23 min
Timer: Avg time per step = 3.80 sec
==============================================================================================================
                                                                 Start  -->   End
Total (sum of squares):                                      2.622e-01  -->   9.136e-02, 
Maximum absolute QS two-term hat objective value:            8.249e-01  -->   4.104e-01 (Unknown)
Minimum absolute QS two-term hat objective value:            3.894e-05  -->   2.071e-07 (Unknown)
Average absolute QS two-term hat objective value:            1.412e-01  -->   8.413e-02 (Unknown)
Aspect ratio:                                                8.004e+00  -->   7.999e+00 (dimensionless)
Plasma volume:                                               3.369e-01  -->   3.294e-01 (m^3)
Generic objective value:                                     1.235e+00  -->   1.237e+00 (T)
Maximum absolute Force error:                                2.113e+01  -->   1.734e+01 (N)
Minimum absolute Force error:                                1.941e-06  -->   3.463e-05 (N)
Average absolute Force error:                                1.720e-01  -->   2.149e-01 (N)
Maximum absolute Force error:                                3.521e-04  -->   2.889e-04 (normalized)
Minimum absolute Force error:                                3.235e-11  -->   5.771e-10 (normalized)
Average absolute Force error:                                2.866e-06  -->   3.580e-06 (normalized)
Cross-section R error:                                       8.311e-21  -->   3.388e-21 (m)
Cross-section Z error:                                       5.433e-20  -->   1.000e-21 (m)
Fixed pressure profile error:                                0.000e+00  -->   0.000e+00 (Pa)
Fixed current profile error:                                 0.000e+00  -->   0.000e+00 (A)
Fixed Psi error:                                             0.000e+00  -->   0.000e+00 (Wb)
==============================================================================================================


===== optimizing section modes max(l,|m|) <= 6 =====

Building objective: QS two-term hat
Building objective: aspect ratio
Precomputing transforms
Timer: Precomputing transforms = 65.5 ms
Building objective: volume
Precomputing transforms
Timer: Precomputing transforms = 64.1 ms
Building objective: Generic
Timer: Objective build = 310 ms
Building objective: force
Precomputing transforms
Timer: Precomputing transforms = 101 ms
Timer: Objective build = 118 ms
Timer: Objective build = 1.84 ms
Timer: Eq Update LinearConstraintProjection build = 81.4 ms
Timer: Proximal projection build = 2.20 sec
Building objective: fixed cross-section R
Building objective: fixed cross-section Z
Building objective: fixed pressure
Building objective: fixed current
Building objective: fixed Psi
Timer: Objective build = 343 ms
Timer: LinearConstraintProjection build = 1.98 sec
Number of parameters: 28
Number of objectives: 1878
Timer: Initializing the optimization = 5.19 sec

Starting optimization
Using method: proximal-lsq-exact
Solver options:
------------------------------------------------------------
Maximum Function Evaluations       : 251
Maximum Allowed Total Δx Norm      : inf
Scaled Termination                 : True
Trust Region Method                : svd
Initial Trust Radius               : 5.790e-02
Maximum Trust Radius               : inf
Minimum Trust Radius               : 2.220e-16
Trust Radius Increase Ratio        : 2.000e+00
Trust Radius Decrease Ratio        : 2.500e-01
Trust Radius Increase Threshold    : 7.500e-01
Trust Radius Decrease Threshold    : 2.500e-01
------------------------------------------------------------ 

   Iteration     Total nfev        Cost      Cost reduction    Step norm     Optimality   
       0              1          9.137e-02                                    1.733e+02   
       1              5          8.862e-02      2.750e-03      2.612e-04      5.548e+01   
       2              6          8.805e-02      5.741e-04      7.027e-04      1.330e+03   
       3              7          8.387e-02      4.179e-03      1.997e-04      4.058e+02   
       4              9          8.321e-02      6.570e-04      9.914e-05      2.411e+02   
       5             10          8.287e-02      3.397e-04      1.800e-04      5.728e+02   
       6             11          8.184e-02      1.028e-03      1.727e-04      4.893e+02   
       7             12          8.099e-02      8.545e-04      1.724e-04      4.805e+02   
       8             13          8.013e-02      8.558e-04      1.734e-04      4.614e+02   
       9             15          7.952e-02      6.165e-04      4.223e-05      1.533e+02   
      10             16          7.948e-02      3.190e-05      2.808e-05      1.795e+02   
Optimization terminated successfully.
`ftol` condition satisfied. (ftol=1.00e-03)
         Current function value: 7.948e-02
         Total delta_x: 1.978e-03
         Iterations: 10
         Function evaluations: 16
         Jacobian evaluations: 11
Timer: Solution time = 1.18 min
Timer: Avg time per step = 6.43 sec
==============================================================================================================
                                                                 Start  -->   End
Total (sum of squares):                                      9.137e-02  -->   7.948e-02, 
Maximum absolute QS two-term hat objective value:            4.108e-01  -->   3.928e-01 (Unknown)
Minimum absolute QS two-term hat objective value:            1.076e-06  -->   1.500e-04 (Unknown)
Average absolute QS two-term hat objective value:            8.411e-02  -->   7.812e-02 (Unknown)
Aspect ratio:                                                7.999e+00  -->   7.999e+00 (dimensionless)
Plasma volume:                                               3.294e-01  -->   3.267e-01 (m^3)
Generic objective value:                                     1.237e+00  -->   1.248e+00 (T)
Maximum absolute Force error:                                1.734e+01  -->   1.762e+01 (N)
Minimum absolute Force error:                                3.463e-05  -->   6.464e-05 (N)
Average absolute Force error:                                2.149e-01  -->   2.048e-01 (N)
Maximum absolute Force error:                                2.608e-04  -->   2.651e-04 (normalized)
Minimum absolute Force error:                                5.211e-10  -->   9.726e-10 (normalized)
Average absolute Force error:                                3.233e-06  -->   3.082e-06 (normalized)
Cross-section R error:                                       6.789e-21  -->   0.000e+00 (m)
Cross-section Z error:                                       1.897e-21  -->   0.000e+00 (m)
Fixed pressure profile error:                                0.000e+00  -->   0.000e+00 (Pa)
Fixed current profile error:                                 0.000e+00  -->   0.000e+00 (A)
Fixed Psi error:                                             0.000e+00  -->   0.000e+00 (Wb)
==============================================================================================================


===== optimizing section modes max(l,|m|) <= 7 =====

Building objective: QS two-term hat
Building objective: aspect ratio
Precomputing transforms
Timer: Precomputing transforms = 63.9 ms
Building objective: volume
Precomputing transforms
Timer: Precomputing transforms = 63.1 ms
Building objective: Generic
Timer: Objective build = 307 ms
Building objective: force
Precomputing transforms
Timer: Precomputing transforms = 101 ms
Timer: Objective build = 118 ms
Timer: Objective build = 1.84 ms
Timer: Eq Update LinearConstraintProjection build = 78.9 ms
Timer: Proximal projection build = 2.15 sec
Building objective: fixed cross-section R
Building objective: fixed cross-section Z
Building objective: fixed pressure
Building objective: fixed current
Building objective: fixed Psi
Timer: Objective build = 496 ms
Timer: LinearConstraintProjection build = 2.03 sec
Number of parameters: 36
Number of objectives: 1878
Timer: Initializing the optimization = 5.41 sec

Starting optimization
Using method: proximal-lsq-exact
Solver options:
------------------------------------------------------------
Maximum Function Evaluations       : 251
Maximum Allowed Total Δx Norm      : inf
Scaled Termination                 : True
Trust Region Method                : svd
Initial Trust Radius               : 5.921e-02
Maximum Trust Radius               : inf
Minimum Trust Radius               : 2.220e-16
Trust Radius Increase Ratio        : 2.000e+00
Trust Radius Decrease Ratio        : 2.500e-01
Trust Radius Increase Threshold    : 7.500e-01
Trust Radius Decrease Threshold    : 2.500e-01
------------------------------------------------------------ 

   Iteration     Total nfev        Cost      Cost reduction    Step norm     Optimality   
       0              1          7.950e-02                                    2.019e+02   
       1              6          7.902e-02      4.847e-04      9.261e-05      1.597e+02   
       2              7          7.881e-02      2.099e-04      1.871e-04      5.789e+02   
       3              8          7.784e-02      9.637e-04      4.274e-05      8.275e+00   
       4              9          7.747e-02      3.700e-04      9.671e-05      1.837e+02   
       5             10          7.702e-02      4.573e-04      1.879e-04      4.668e+02   
       6             11          7.699e-02      2.985e-05      5.602e-05      4.958e+02   
Optimization terminated successfully.
`ftol` condition satisfied. (ftol=1.00e-03)
         Current function value: 7.699e-02
         Total delta_x: 6.064e-04
         Iterations: 6
         Function evaluations: 11
         Jacobian evaluations: 7
Timer: Solution time = 1.15 min
Timer: Avg time per step = 9.90 sec
==============================================================================================================
                                                                 Start  -->   End
Total (sum of squares):                                      7.950e-02  -->   7.699e-02, 
Maximum absolute QS two-term hat objective value:            3.934e-01  -->   3.890e-01 (Unknown)
Minimum absolute QS two-term hat objective value:            1.473e-04  -->   1.308e-04 (Unknown)
Average absolute QS two-term hat objective value:            7.809e-02  -->   7.652e-02 (Unknown)
Aspect ratio:                                                7.999e+00  -->   7.997e+00 (dimensionless)
Plasma volume:                                               3.267e-01  -->   3.262e-01 (m^3)
Generic objective value:                                     1.248e+00  -->   1.250e+00 (T)
Maximum absolute Force error:                                1.762e+01  -->   1.752e+01 (N)
Minimum absolute Force error:                                6.464e-05  -->   5.061e-05 (N)
Average absolute Force error:                                2.048e-01  -->   2.035e-01 (N)
Maximum absolute Force error:                                2.674e-04  -->   2.658e-04 (normalized)
Minimum absolute Force error:                                9.810e-10  -->   7.681e-10 (normalized)
Average absolute Force error:                                3.109e-06  -->   3.088e-06 (normalized)
Cross-section R error:                                       4.309e-22  -->   0.000e+00 (m)
Cross-section Z error:                                       3.502e-21  -->   0.000e+00 (m)
Fixed pressure profile error:                                0.000e+00  -->   0.000e+00 (Pa)
Fixed current profile error:                                 0.000e+00  -->   0.000e+00 (A)
Fixed Psi error:                                             0.000e+00  -->   0.000e+00 (Wb)
==============================================================================================================


===== optimizing section modes max(l,|m|) <= 8 =====

Building objective: QS two-term hat
Building objective: aspect ratio
Precomputing transforms
Timer: Precomputing transforms = 67.3 ms
Building objective: volume
Precomputing transforms
Timer: Precomputing transforms = 67.1 ms
Building objective: Generic
Timer: Objective build = 320 ms
Building objective: force
Precomputing transforms
Timer: Precomputing transforms = 103 ms
Timer: Objective build = 120 ms
Timer: Objective build = 1.82 ms
Timer: Eq Update LinearConstraintProjection build = 80.4 ms
Timer: Proximal projection build = 2.29 sec
Building objective: fixed cross-section R
Building objective: fixed cross-section Z
Building objective: fixed pressure
Building objective: fixed current
Building objective: fixed Psi
Timer: Objective build = 506 ms
Timer: LinearConstraintProjection build = 2.03 sec
Number of parameters: 45
Number of objectives: 1878
Timer: Initializing the optimization = 5.56 sec

Starting optimization
Using method: proximal-lsq-exact
Solver options:
------------------------------------------------------------
Maximum Function Evaluations       : 251
Maximum Allowed Total Δx Norm      : inf
Scaled Termination                 : True
Trust Region Method                : svd
Initial Trust Radius               : 6.870e-02
Maximum Trust Radius               : inf
Minimum Trust Radius               : 2.220e-16
Trust Radius Increase Ratio        : 2.000e+00
Trust Radius Decrease Ratio        : 2.500e-01
Trust Radius Increase Threshold    : 7.500e-01
Trust Radius Decrease Threshold    : 2.500e-01
------------------------------------------------------------ 

   Iteration     Total nfev        Cost      Cost reduction    Step norm     Optimality   
       0              1          7.704e-02                                    5.182e+02   
       1              5          7.631e-02      7.334e-04      4.166e-04      9.180e+02   
       2              7          7.381e-02      2.503e-03      1.064e-04      2.713e+01   
       3              8          7.369e-02      1.176e-04      2.177e-04      6.181e+02   
       4              9          7.247e-02      1.216e-03      4.952e-05      4.029e+00   
       5             10          7.203e-02      4.418e-04      1.116e-04      2.102e+02   
       6             11          7.189e-02      1.450e-04      2.199e-04      6.299e+02   
       7             12          7.053e-02      1.360e-03      4.779e-05      1.337e+01   
       8             13          7.009e-02      4.401e-04      1.095e-04      2.364e+02   
       9             15          6.978e-02      3.042e-04      2.578e-05      3.343e+01   
      10             16          6.978e-02      2.646e-06      3.652e-06      5.574e+01   
Optimization terminated successfully.
`ftol` condition satisfied. (ftol=1.00e-03)
         Current function value: 6.978e-02
         Total delta_x: 1.300e-03
         Iterations: 10
         Function evaluations: 16
         Jacobian evaluations: 11
Timer: Solution time = 1.25 min
Timer: Avg time per step = 6.86 sec
==============================================================================================================
                                                                 Start  -->   End
Total (sum of squares):                                      7.704e-02  -->   6.978e-02, 
Maximum absolute QS two-term hat objective value:            3.896e-01  -->   3.749e-01 (Unknown)
Minimum absolute QS two-term hat objective value:            6.682e-05  -->   3.977e-06 (Unknown)
Average absolute QS two-term hat objective value:            7.649e-02  -->   7.296e-02 (Unknown)
Aspect ratio:                                                7.997e+00  -->   8.000e+00 (dimensionless)
Plasma volume:                                               3.262e-01  -->   3.250e-01 (m^3)
Generic objective value:                                     1.250e+00  -->   1.254e+00 (T)
Maximum absolute Force error:                                1.752e+01  -->   1.716e+01 (N)
Minimum absolute Force error:                                5.061e-05  -->   4.172e-06 (N)
Average absolute Force error:                                2.035e-01  -->   2.020e-01 (N)
Maximum absolute Force error:                                2.655e-04  -->   2.602e-04 (normalized)
Minimum absolute Force error:                                7.672e-10  -->   6.324e-11 (normalized)
Average absolute Force error:                                3.084e-06  -->   3.063e-06 (normalized)
Cross-section R error:                                       3.391e-21  -->   6.780e-21 (m)
Cross-section Z error:                                       6.848e-21  -->   4.852e-22 (m)
Fixed pressure profile error:                                0.000e+00  -->   0.000e+00 (Pa)
Fixed current profile error:                                 0.000e+00  -->   0.000e+00 (A)
Fixed Psi error:                                             0.000e+00  -->   0.000e+00 (Wb)
==============================================================================================================


===== optimizing section modes max(l,|m|) <= 9 =====

Building objective: QS two-term hat
Building objective: aspect ratio
Precomputing transforms
Timer: Precomputing transforms = 63.1 ms
Building objective: volume
Precomputing transforms
Timer: Precomputing transforms = 58.4 ms
Building objective: Generic
Timer: Objective build = 295 ms
Building objective: force
Precomputing transforms
Timer: Precomputing transforms = 99.8 ms
Timer: Objective build = 117 ms
Timer: Objective build = 1.84 ms
Timer: Eq Update LinearConstraintProjection build = 81.1 ms
Timer: Proximal projection build = 2.25 sec
Building objective: fixed cross-section R
Building objective: fixed cross-section Z
Building objective: fixed pressure
Building objective: fixed current
Building objective: fixed Psi
Timer: Objective build = 513 ms
Timer: LinearConstraintProjection build = 2.06 sec
Number of parameters: 55
Number of objectives: 1878
Timer: Initializing the optimization = 5.59 sec

Starting optimization
Using method: proximal-lsq-exact
Solver options:
------------------------------------------------------------
Maximum Function Evaluations       : 251
Maximum Allowed Total Δx Norm      : inf
Scaled Termination                 : True
Trust Region Method                : svd
Initial Trust Radius               : 9.357e-02
Maximum Trust Radius               : inf
Minimum Trust Radius               : 2.220e-16
Trust Radius Increase Ratio        : 2.000e+00
Trust Radius Decrease Ratio        : 2.500e-01
Trust Radius Increase Threshold    : 7.500e-01
Trust Radius Decrease Threshold    : 2.500e-01
------------------------------------------------------------ 

   Iteration     Total nfev        Cost      Cost reduction    Step norm     Optimality   
       0              1          6.979e-02                                    7.762e+01   
       1              6          6.930e-02      4.885e-04      1.432e-04      3.521e+02   
       2              7          6.860e-02      7.001e-04      1.430e-04      4.026e+02   
       3              8          6.807e-02      5.294e-04      1.374e-04      4.866e+02   
       4              9          6.679e-02      1.278e-03      1.283e-04      3.729e+02   
       5             10          6.578e-02      1.014e-03      1.370e-04      3.384e+02   
       6             12          6.499e-02      7.830e-04      3.239e-05      1.832e+00   
       7             13          6.462e-02      3.717e-04      8.629e-05      1.530e+02   
       8             14          6.406e-02      5.564e-04      1.925e-04      2.855e+02   
       9             15          6.298e-02      1.088e-03      2.153e-04      1.980e+02   
      10             16          6.122e-02      1.757e-03      4.649e-04      3.136e+02   
      11             18          5.956e-02      1.663e-03      2.527e-04      1.272e+02   
      12             20          5.879e-02      7.696e-04      1.232e-04      8.811e+01   
      13             21          5.824e-02      5.462e-04      2.583e-04      3.611e+02   
      14             23          5.718e-02      1.056e-03      5.904e-05      1.841e+01   
      15             24          5.672e-02      4.670e-04      1.260e-04      2.010e+02   
      16             25          5.599e-02      7.260e-04      1.296e-04      1.667e+02   
      17             26          5.560e-02      3.903e-04      2.744e-04      4.316e+02   
      18             27          5.444e-02      1.159e-03      2.884e-04      4.290e+02   
      19             28          5.295e-02      1.490e-03      3.013e-04      3.340e+02   
      20             29          5.148e-02      1.473e-03      3.199e-04      1.696e+02   
      21             30          5.022e-02      1.255e-03      6.765e-04      4.591e+02   
      22             31          4.803e-02      2.192e-03      7.127e-04      3.596e+02   
      23             32          4.616e-02      1.869e-03      1.427e-03      7.078e+02   
      24             33          4.386e-02      2.300e-03      1.371e-03      7.669e+02   
      25             34          4.218e-02      1.685e-03      1.264e-03      8.553e+02   
      26             35          3.975e-02      2.431e-03      1.184e-03      8.075e+02   
      27             36          3.692e-02      2.823e-03      1.143e-03      7.120e+02   
      28             37          3.484e-02      2.080e-03      1.126e-03      6.920e+02   
      29             38          3.188e-02      2.959e-03      1.137e-03      5.716e+02   
      30             40          2.919e-02      2.693e-03      2.917e-04      1.747e+01   
      31             42          2.904e-02      1.471e-04      1.483e-04      8.754e+01   
      32             43          2.875e-02      2.950e-04      1.503e-04      2.138e+01   
      33             44          2.827e-02      4.761e-04      3.013e-04      7.299e+01   
      34             45          2.787e-02      4.007e-04      6.053e-04      2.509e+02   
      35             46          2.681e-02      1.059e-03      6.341e-04      1.705e+02   
      36             47          2.596e-02      8.543e-04      6.576e-04      1.394e+02   
      37             49          2.537e-02      5.936e-04      3.372e-04      1.258e+01   
      38             50          2.472e-02      6.434e-04      6.717e-04      1.101e+02   
      39             52          2.419e-02      5.344e-04      3.344e-04      2.739e+01   
      40             53          2.349e-02      6.983e-04      6.578e-04      6.944e+01   
      41             55          2.301e-02      4.843e-04      3.127e-04      4.234e+01   
      42             56          2.227e-02      7.407e-04      6.138e-04      4.849e+01   
      43             57          2.181e-02      4.570e-04      1.179e-03      3.459e+02   
      44             58          2.097e-02      8.382e-04      1.038e-03      4.773e+02   
      45             59          2.000e-02      9.680e-04      9.856e-04      5.057e+02   
      46             60          1.927e-02      7.332e-04      8.982e-04      5.288e+02   
      47             61          1.769e-02      1.582e-03      7.159e-04      3.903e+02   
      48             62          1.651e-02      1.174e-03      5.778e-04      2.501e+02   
      49             63          1.580e-02      7.139e-04      4.373e-04      2.037e+02   
      50             64          1.509e-02      7.115e-04      3.310e-04      1.097e+02   
Warning: Maximum number of iterations has been exceeded.
         Current function value: 1.509e-02
         Total delta_x: 2.459e-02
         Iterations: 50
         Function evaluations: 64
         Jacobian evaluations: 51
Timer: Solution time = 3.16 min
Timer: Avg time per step = 3.72 sec
==============================================================================================================
                                                                 Start  -->   End
Total (sum of squares):                                      6.979e-02  -->   1.509e-02, 
Maximum absolute QS two-term hat objective value:            3.755e-01  -->   1.644e-01 (Unknown)
Minimum absolute QS two-term hat objective value:            3.299e-06  -->   1.621e-05 (Unknown)
Average absolute QS two-term hat objective value:            7.293e-02  -->   3.326e-02 (Unknown)
Aspect ratio:                                                7.999e+00  -->   7.999e+00 (dimensionless)
Plasma volume:                                               3.250e-01  -->   3.132e-01 (m^3)
Generic objective value:                                     1.254e+00  -->   1.276e+00 (T)
Maximum absolute Force error:                                1.716e+01  -->   1.958e+01 (N)
Minimum absolute Force error:                                4.172e-06  -->   1.080e-06 (N)
Average absolute Force error:                                2.020e-01  -->   2.417e-01 (N)
Maximum absolute Force error:                                2.592e-04  -->   2.957e-04 (normalized)
Minimum absolute Force error:                                6.300e-11  -->   1.631e-11 (normalized)
Average absolute Force error:                                3.051e-06  -->   3.649e-06 (normalized)
Cross-section R error:                                       1.124e-22  -->   1.124e-22 (m)
Cross-section Z error:                                       2.118e-22  -->   2.118e-22 (m)
Fixed pressure profile error:                                0.000e+00  -->   0.000e+00 (Pa)
Fixed current profile error:                                 0.000e+00  -->   0.000e+00 (A)
Fixed Psi error:                                             0.000e+00  -->   0.000e+00 (Wb)
==============================================================================================================


===== optimizing section modes max(l,|m|) <= 10 =====

Building objective: QS two-term hat
Building objective: aspect ratio
Precomputing transforms
Timer: Precomputing transforms = 68.2 ms
Building objective: volume
Precomputing transforms
Timer: Precomputing transforms = 66.1 ms
Building objective: Generic
Timer: Objective build = 317 ms
Building objective: force
Precomputing transforms
Timer: Precomputing transforms = 104 ms
Timer: Objective build = 121 ms
Timer: Objective build = 1.87 ms
Timer: Eq Update LinearConstraintProjection build = 81.3 ms
Timer: Proximal projection build = 2.61 sec
Building objective: fixed cross-section R
Building objective: fixed cross-section Z
Building objective: fixed pressure
Building objective: fixed current
Building objective: fixed Psi
Timer: Objective build = 475 ms
Timer: LinearConstraintProjection build = 2.12 sec
Number of parameters: 66
Number of objectives: 1878
Timer: Initializing the optimization = 5.99 sec

Starting optimization
Using method: proximal-lsq-exact
Solver options:
------------------------------------------------------------
Maximum Function Evaluations       : 251
Maximum Allowed Total Δx Norm      : inf
Scaled Termination                 : True
Trust Region Method                : svd
Initial Trust Radius               : 9.861e-02
Maximum Trust Radius               : inf
Minimum Trust Radius               : 2.220e-16
Trust Radius Increase Ratio        : 2.000e+00
Trust Radius Decrease Ratio        : 2.500e-01
Trust Radius Increase Threshold    : 7.500e-01
Trust Radius Decrease Threshold    : 2.500e-01
------------------------------------------------------------ 

   Iteration     Total nfev        Cost      Cost reduction    Step norm     Optimality   
       0              1          1.536e-02                                    2.317e+02   
       1              5          1.454e-02      8.221e-04      2.891e-04      4.679e+01   
       2              6          1.409e-02      4.484e-04      5.820e-04      2.601e+02   
       3              8          1.358e-02      5.097e-04      2.341e-04      8.906e+01   
       4              9          1.325e-02      3.283e-04      5.370e-04      8.909e+01   
       5             10          1.305e-02      2.040e-04      5.877e-04      1.596e+02   
       6             11          1.286e-02      1.848e-04      6.495e-04      2.072e+02   
       7             12          1.271e-02      1.540e-04      7.093e-04      2.545e+02   
       8             13          1.250e-02      2.019e-04      7.695e-04      2.784e+02   
       9             15          1.206e-02      4.469e-04      1.663e-04      1.326e+01   
      10             17          1.205e-02      8.705e-06      8.431e-05      4.876e+01   
      11             37          1.205e-02      0.000e+00      0.000e+00      4.876e+01   
Warning: A bad approximation caused failure to predict improvement.
         Current function value: 1.205e-02
         Total delta_x: 4.327e-03
         Iterations: 11
         Function evaluations: 37
         Jacobian evaluations: 11
Timer: Solution time = 1.88 min
Timer: Avg time per step = 9.42 sec
==============================================================================================================
                                                                 Start  -->   End
Total (sum of squares):                                      1.536e-02  -->   1.205e-02, 
Maximum absolute QS two-term hat objective value:            1.624e-01  -->   1.398e-01 (Unknown)
Minimum absolute QS two-term hat objective value:            8.262e-06  -->   5.228e-06 (Unknown)
Average absolute QS two-term hat objective value:            3.352e-02  -->   2.969e-02 (Unknown)
Aspect ratio:                                                7.998e+00  -->   8.000e+00 (dimensionless)
Plasma volume:                                               3.132e-01  -->   3.145e-01 (m^3)
Generic objective value:                                     1.275e+00  -->   1.273e+00 (T)
Maximum absolute Force error:                                1.958e+01  -->   2.062e+01 (N)
Minimum absolute Force error:                                1.080e-06  -->   4.118e-05 (N)
Average absolute Force error:                                2.417e-01  -->   2.623e-01 (N)
Maximum absolute Force error:                                2.707e-04  -->   2.851e-04 (normalized)
Minimum absolute Force error:                                1.493e-11  -->   5.693e-10 (normalized)
Average absolute Force error:                                3.341e-06  -->   3.626e-06 (normalized)
Cross-section R error:                                       2.215e-22  -->   3.762e-37 (m)
Cross-section Z error:                                       1.059e-22  -->   0.000e+00 (m)
Fixed pressure profile error:                                0.000e+00  -->   0.000e+00 (Pa)
Fixed current profile error:                                 0.000e+00  -->   0.000e+00 (A)
Fixed Psi error:                                             0.000e+00  -->   0.000e+00 (Wb)
==============================================================================================================


===== optimizing section modes max(l,|m|) <= 11 =====

Building objective: QS two-term hat
Building objective: aspect ratio
Precomputing transforms
Timer: Precomputing transforms = 67.1 ms
Building objective: volume
Precomputing transforms
Timer: Precomputing transforms = 60.9 ms
Building objective: Generic
Timer: Objective build = 300 ms
Building objective: force
Precomputing transforms
Timer: Precomputing transforms = 100 ms
Timer: Objective build = 117 ms
Timer: Objective build = 1.84 ms
Timer: Eq Update LinearConstraintProjection build = 86.5 ms
Timer: Proximal projection build = 2.27 sec
Building objective: fixed cross-section R
Building objective: fixed cross-section Z
Building objective: fixed pressure
Building objective: fixed current
Building objective: fixed Psi
Timer: Objective build = 335 ms
Timer: LinearConstraintProjection build = 1.51 sec
Number of parameters: 78
Number of objectives: 1878
Timer: Initializing the optimization = 4.85 sec

Starting optimization
Using method: proximal-lsq-exact
Solver options:
------------------------------------------------------------
Maximum Function Evaluations       : 251
Maximum Allowed Total Δx Norm      : inf
Scaled Termination                 : True
Trust Region Method                : svd
Initial Trust Radius               : 1.053e-01
Maximum Trust Radius               : inf
Minimum Trust Radius               : 2.220e-16
Trust Radius Increase Ratio        : 2.000e+00
Trust Radius Decrease Ratio        : 2.500e-01
Trust Radius Increase Threshold    : 7.500e-01
Trust Radius Decrease Threshold    : 2.500e-01
------------------------------------------------------------ 

   Iteration     Total nfev        Cost      Cost reduction    Step norm     Optimality   
       0              1          1.210e-02                                    7.611e+01   
       1              6          1.204e-02      5.535e-05      2.156e-04      8.660e+01   
       2              8          1.201e-02      3.111e-05      4.853e-05      9.140e+00   
       3             29          1.201e-02      0.000e+00      0.000e+00      9.140e+00   
Warning: A bad approximation caused failure to predict improvement.
         Current function value: 1.201e-02
         Total delta_x: 2.636e-04
         Iterations: 3
         Function evaluations: 29
         Jacobian evaluations: 3
Timer: Solution time = 1.19 min
Timer: Avg time per step = 17.9 sec
==============================================================================================================
                                                                 Start  -->   End
Total (sum of squares):                                      1.210e-02  -->   1.201e-02, 
Maximum absolute QS two-term hat objective value:            1.394e-01  -->   1.388e-01 (Unknown)
Minimum absolute QS two-term hat objective value:            1.908e-05  -->   4.053e-05 (Unknown)
Average absolute QS two-term hat objective value:            2.977e-02  -->   2.966e-02 (Unknown)
Aspect ratio:                                                7.999e+00  -->   8.000e+00 (dimensionless)
Plasma volume:                                               3.145e-01  -->   3.145e-01 (m^3)
Generic objective value:                                     1.273e+00  -->   1.273e+00 (T)
Maximum absolute Force error:                                2.062e+01  -->   2.057e+01 (N)
Minimum absolute Force error:                                4.118e-05  -->   2.466e-05 (N)
Average absolute Force error:                                2.623e-01  -->   2.631e-01 (N)
Maximum absolute Force error:                                2.852e-04  -->   2.844e-04 (normalized)
Minimum absolute Force error:                                5.696e-10  -->   3.411e-10 (normalized)
Average absolute Force error:                                3.627e-06  -->   3.639e-06 (normalized)
Cross-section R error:                                       2.668e-23  -->   0.000e+00 (m)
Cross-section Z error:                                       0.000e+00  -->   0.000e+00 (m)
Fixed pressure profile error:                                0.000e+00  -->   0.000e+00 (Pa)
Fixed current profile error:                                 0.000e+00  -->   0.000e+00 (A)
Fixed Psi error:                                             0.000e+00  -->   0.000e+00 (Wb)
==============================================================================================================


===== optimizing section modes max(l,|m|) <= 12 =====

Building objective: QS two-term hat
Building objective: aspect ratio
Precomputing transforms
Timer: Precomputing transforms = 62.2 ms
Building objective: volume
Precomputing transforms
Timer: Precomputing transforms = 63.5 ms
Building objective: Generic
Timer: Objective build = 309 ms
Building objective: force
Precomputing transforms
Timer: Precomputing transforms = 104 ms
Timer: Objective build = 121 ms
Timer: Objective build = 1.87 ms
Timer: Eq Update LinearConstraintProjection build = 81.1 ms
Timer: Proximal projection build = 2.11 sec
Building objective: fixed cross-section R
Building objective: fixed cross-section Z
Building objective: fixed pressure
Building objective: fixed current
Building objective: fixed Psi
Timer: Objective build = 116 ms
Timer: LinearConstraintProjection build = 1.30 sec
Number of parameters: 91
Number of objectives: 1878
Timer: Initializing the optimization = 4.26 sec

Starting optimization
Using method: proximal-lsq-exact
Solver options:
------------------------------------------------------------
Maximum Function Evaluations       : 251
Maximum Allowed Total Δx Norm      : inf
Scaled Termination                 : True
Trust Region Method                : svd
Initial Trust Radius               : 1.120e-01
Maximum Trust Radius               : inf
Minimum Trust Radius               : 2.220e-16
Trust Radius Increase Ratio        : 2.000e+00
Trust Radius Decrease Ratio        : 2.500e-01
Trust Radius Increase Threshold    : 7.500e-01
Trust Radius Decrease Threshold    : 2.500e-01
------------------------------------------------------------ 

   Iteration     Total nfev        Cost      Cost reduction    Step norm     Optimality   
       0              1          1.205e-02                                    3.852e+01   
       1              6          1.203e-02      1.665e-05      2.519e-04      1.171e+02   
       2              7          1.197e-02      6.297e-05      5.633e-05      3.502e+00   
       3             28          1.197e-02      0.000e+00      0.000e+00      3.502e+00   
Warning: A bad approximation caused failure to predict improvement.
         Current function value: 1.197e-02
         Total delta_x: 3.077e-04
         Iterations: 3
         Function evaluations: 28
         Jacobian evaluations: 3
Timer: Solution time = 1.38 min
Timer: Avg time per step = 20.7 sec
==============================================================================================================
                                                                 Start  -->   End
Total (sum of squares):                                      1.205e-02  -->   1.197e-02, 
Maximum absolute QS two-term hat objective value:            1.383e-01  -->   1.376e-01 (Unknown)
Minimum absolute QS two-term hat objective value:            1.475e-05  -->   4.325e-05 (Unknown)
Average absolute QS two-term hat objective value:            2.975e-02  -->   2.959e-02 (Unknown)
Aspect ratio:                                                8.000e+00  -->   8.000e+00 (dimensionless)
Plasma volume:                                               3.145e-01  -->   3.144e-01 (m^3)
Generic objective value:                                     1.273e+00  -->   1.274e+00 (T)
Maximum absolute Force error:                                2.057e+01  -->   2.049e+01 (N)
Minimum absolute Force error:                                2.466e-05  -->   1.799e-06 (N)
Average absolute Force error:                                2.631e-01  -->   2.640e-01 (N)
Maximum absolute Force error:                                2.847e-04  -->   2.837e-04 (normalized)
Minimum absolute Force error:                                3.415e-10  -->   2.491e-11 (normalized)
Average absolute Force error:                                3.642e-06  -->   3.655e-06 (normalized)
Cross-section R error:                                       0.000e+00  -->   0.000e+00 (m)
Cross-section Z error:                                       0.000e+00  -->   0.000e+00 (m)
Fixed pressure profile error:                                0.000e+00  -->   0.000e+00 (Pa)
Fixed current profile error:                                 0.000e+00  -->   0.000e+00 (A)
Fixed Psi error:                                             0.000e+00  -->   0.000e+00 (Wb)
==============================================================================================================

step 0    V =    0.307  R0/a =  7.995  <|B|> =  1.2599  f_B = [0.1718 0.1764 0.1833]  f_C = [0.5259 0.5153 0.4994]
step 1    V =    0.359  R0/a =  8.000  <|B|> =  1.1923  f_B = [0.0432 0.0554 0.0679]  f_C = [0.1315 0.1626 0.1892]
step 2    V =    0.338  R0/a =  8.003  <|B|> =  1.2379  f_B = [0.0353 0.0457 0.0562]  f_C = [0.113  0.1431 0.1708]
step 3    V =    0.337  R0/a =  8.004  <|B|> =  1.2350  f_B = [0.035  0.0453 0.0555]  f_C = [0.1101 0.139  0.1658]
step 4    V =    0.329  R0/a =  7.999  <|B|> =  1.2368  f_B = [0.019  0.0254 0.0335]  f_C = [0.0575 0.0747 0.0924]
step 5    V =    0.327  R0/a =  7.999  <|B|> =  1.2484  f_B = [0.0174 0.0234 0.0312]  f_C = [0.0533 0.0692 0.0856]
step 6    V =    0.326  R0/a =  7.997  <|B|> =  1.2499  f_B = [0.0169 0.0228 0.0306]  f_C = [0.0519 0.0675 0.0837]
step 7    V =    0.325  R0/a =  8.000  <|B|> =  1.2539  f_B = [0.0157 0.0214 0.0291]  f_C = [0.049  0.0638 0.0797]
step 8    V =    0.313  R0/a =  7.999  <|B|> =  1.2757  f_B = [0.0052 0.0086 0.0141]  f_C = [0.0183 0.0295 0.0461]
step 9    V =    0.315  R0/a =  8.000  <|B|> =  1.2726  f_B = [0.0046 0.0075 0.0123]  f_C = [0.0159 0.0259 0.0415]
step 10   V =    0.314  R0/a =  8.000  <|B|> =  1.2731  f_B = [0.0046 0.0075 0.0122]  f_C = [0.0159 0.0259 0.0414]
step 11   V =    0.314  R0/a =  8.000  <|B|> =  1.2736  f_B = [0.0046 0.0074 0.0121]  f_C = [0.0159 0.0258 0.0412]
