DESC /home/ye2698/DESC
8a54240a7  (HEAD -> dp/poincare, tag: poincare-bc-paper, origin/dp/poincare) Merge branch 'master' into dp/poincare
DESC version=0.17.3+411.g8a54240a7.
Using JAX backend: jax version=0.9.2, jaxlib version=0.9.2, dtype=float64.
Using device: NVIDIA A100-PCIE-40GB (id=0), with 40.00 GB available memory.
two-term: dim_f = 1875, initial norm = 3.3307e+01

===== optimizing section modes max(l,|m|) <= 2 =====

Building objective: QS two-term hat
Building objective: aspect ratio
Precomputing transforms
Timer: Precomputing transforms = 63.6 ms
Building objective: Generic
Timer: Objective build = 267 ms
Building objective: force
Precomputing transforms
Timer: Precomputing transforms = 1.38 sec
Timer: Objective build = 2.44 sec
Timer: Objective build = 2.86 ms
Timer: Eq Update LinearConstraintProjection build = 4.57 sec
Timer: Proximal projection build = 43.8 sec
Building objective: fixed cross-section R
Building objective: fixed cross-section Z
Building objective: fixed pressure
Building objective: fixed current
Building objective: fixed Psi
Timer: Objective build = 818 ms
Timer: LinearConstraintProjection build = 2.14 sec
Number of parameters: 6
Number of objectives: 1877
Timer: Initializing the optimization = 47.4 sec

Starting optimization
Using method: proximal-lsq-exact
Solver options:
------------------------------------------------------------
Maximum Function Evaluations       : 251
Maximum Allowed Total Δx Norm      : inf
Scaled Termination                 : True
Trust Region Method                : qr
Initial Trust Radius               : 4.276e-02
Maximum Trust Radius               : inf
Minimum Trust Radius               : 2.220e-16
Trust Radius Increase Ratio        : 2.000e+00
Trust Radius Decrease Ratio        : 2.500e-01
Trust Radius Increase Threshold    : 7.500e-01
Trust Radius Decrease Threshold    : 2.500e-01
------------------------------------------------------------ 

   Iteration     Total nfev        Cost      Cost reduction    Step norm     Optimality   
       0              1          4.406e+00                                    3.846e+03   
       1              2          1.479e+00      2.927e+00      1.292e-01      3.129e+03   
       2              3          5.829e-01      8.960e-01      3.980e-02      7.823e+02   
       3              8          5.071e-01      7.573e-02      6.082e-05      5.523e+02   
       4              9          4.939e-01      1.320e-02      1.156e-04      3.809e+02   
       5             10          4.825e-01      1.145e-02      8.016e-05      1.310e+02   
       6             12          4.823e-01      2.290e-04      4.766e-05      4.596e+01   
       7             13          4.822e-01      4.719e-05      1.106e-05      2.513e+01   
       8             32          4.822e-01      0.000e+00      0.000e+00      2.513e+01   
Warning: A bad approximation caused failure to predict improvement.
         Current function value: 4.822e-01
         Total delta_x: 9.084e-02
         Iterations: 8
         Function evaluations: 32
         Jacobian evaluations: 8
Timer: Solution time = 2.10 min
Timer: Avg time per step = 13.9 sec
==============================================================================================================
                                                                 Start  -->   End
Total (sum of squares):                                      4.406e+00  -->   4.822e-01, 
Maximum absolute QS two-term hat objective value:            2.355e+00  -->   9.309e-01 (Unknown)
Minimum absolute QS two-term hat objective value:            9.465e-04  -->   1.704e-04 (Unknown)
Average absolute QS two-term hat objective value:            6.079e-01  -->   1.959e-01 (Unknown)
Aspect ratio:                                                7.995e+00  -->   7.999e+00 (dimensionless)
Generic objective value:                                     1.260e+00  -->   1.263e+00 (T)
Maximum absolute Force error:                                1.893e+01  -->   3.000e+01 (N)
Minimum absolute Force error:                                3.514e-06  -->   1.701e-06 (N)
Average absolute Force error:                                2.199e-01  -->   2.345e-01 (N)
Maximum absolute Force error:                                2.562e-04  -->   4.059e-04 (normalized)
Minimum absolute Force error:                                4.755e-11  -->   2.302e-11 (normalized)
Average absolute Force error:                                2.976e-06  -->   3.173e-06 (normalized)
Cross-section R error:                                       1.085e-19  -->   3.388e-21 (m)
Cross-section Z error:                                       9.585e-21  -->   0.000e+00 (m)
Fixed pressure profile error:                                0.000e+00  -->   0.000e+00 (Pa)
Fixed current profile error:                                 0.000e+00  -->   0.000e+00 (A)
Fixed Psi error:                                             0.000e+00  -->   0.000e+00 (Wb)
==============================================================================================================


===== optimizing section modes max(l,|m|) <= 3 =====

Building objective: QS two-term hat
Building objective: aspect ratio
Precomputing transforms
Timer: Precomputing transforms = 69.1 ms
Building objective: Generic
Timer: Objective build = 248 ms
Building objective: force
Precomputing transforms
Timer: Precomputing transforms = 104 ms
Timer: Objective build = 121 ms
Timer: Objective build = 1.85 ms
Timer: Eq Update LinearConstraintProjection build = 104 ms
Timer: Proximal projection build = 2.21 sec
Building objective: fixed cross-section R
Building objective: fixed cross-section Z
Building objective: fixed pressure
Building objective: fixed current
Building objective: fixed Psi
Timer: Objective build = 453 ms
Timer: LinearConstraintProjection build = 1.87 sec
Number of parameters: 10
Number of objectives: 1877
Timer: Initializing the optimization = 5.13 sec

Starting optimization
Using method: proximal-lsq-exact
Solver options:
------------------------------------------------------------
Maximum Function Evaluations       : 251
Maximum Allowed Total Δx Norm      : inf
Scaled Termination                 : True
Trust Region Method                : qr
Initial Trust Radius               : 4.512e-02
Maximum Trust Radius               : inf
Minimum Trust Radius               : 2.220e-16
Trust Radius Increase Ratio        : 2.000e+00
Trust Radius Decrease Ratio        : 2.500e-01
Trust Radius Increase Threshold    : 7.500e-01
Trust Radius Decrease Threshold    : 2.500e-01
------------------------------------------------------------ 

   Iteration     Total nfev        Cost      Cost reduction    Step norm     Optimality   
       0              1          4.825e-01                                    6.350e+01   
       1             26          4.825e-01      0.000e+00      0.000e+00      6.350e+01   
Warning: A bad approximation caused failure to predict improvement.
         Current function value: 4.825e-01
         Total delta_x: 0.000e+00
         Iterations: 1
         Function evaluations: 26
         Jacobian evaluations: 1
Timer: Solution time = 1.40 min
Timer: Avg time per step = 42.2 sec
==============================================================================================================
                                                                 Start  -->   End
Total (sum of squares):                                      4.825e-01  -->   4.825e-01, 
Maximum absolute QS two-term hat objective value:            9.305e-01  -->   9.305e-01 (Unknown)
Minimum absolute QS two-term hat objective value:            1.763e-04  -->   1.763e-04 (Unknown)
Average absolute QS two-term hat objective value:            1.960e-01  -->   1.960e-01 (Unknown)
Aspect ratio:                                                7.999e+00  -->   7.999e+00 (dimensionless)
Generic objective value:                                     1.263e+00  -->   1.263e+00 (T)
Maximum absolute Force error:                                3.000e+01  -->   2.999e+01 (N)
Minimum absolute Force error:                                1.701e-06  -->   1.856e-05 (N)
Average absolute Force error:                                2.345e-01  -->   2.344e-01 (N)
Maximum absolute Force error:                                4.942e-04  -->   4.940e-04 (normalized)
Minimum absolute Force error:                                2.803e-11  -->   3.058e-10 (normalized)
Average absolute Force error:                                3.863e-06  -->   3.862e-06 (normalized)
Cross-section R error:                                       3.423e-21  -->   0.000e+00 (m)
Cross-section Z error:                                       6.793e-21  -->   0.000e+00 (m)
Fixed pressure profile error:                                0.000e+00  -->   0.000e+00 (Pa)
Fixed current profile error:                                 0.000e+00  -->   0.000e+00 (A)
Fixed Psi error:                                             0.000e+00  -->   0.000e+00 (Wb)
==============================================================================================================


===== optimizing section modes max(l,|m|) <= 4 =====

Building objective: QS two-term hat
Building objective: aspect ratio
Precomputing transforms
Timer: Precomputing transforms = 70.2 ms
Building objective: Generic
Timer: Objective build = 250 ms
Building objective: force
Precomputing transforms
Timer: Precomputing transforms = 104 ms
Timer: Objective build = 121 ms
Timer: Objective build = 1.85 ms
Timer: Eq Update LinearConstraintProjection build = 80.8 ms
Timer: Proximal projection build = 1.99 sec
Building objective: fixed cross-section R
Building objective: fixed cross-section Z
Building objective: fixed pressure
Building objective: fixed current
Building objective: fixed Psi
Timer: Objective build = 326 ms
Timer: LinearConstraintProjection build = 2.36 sec
Number of parameters: 15
Number of objectives: 1877
Timer: Initializing the optimization = 5.29 sec

Starting optimization
Using method: proximal-lsq-exact
Solver options:
------------------------------------------------------------
Maximum Function Evaluations       : 251
Maximum Allowed Total Δx Norm      : inf
Scaled Termination                 : True
Trust Region Method                : qr
Initial Trust Radius               : 4.518e-02
Maximum Trust Radius               : inf
Minimum Trust Radius               : 2.220e-16
Trust Radius Increase Ratio        : 2.000e+00
Trust Radius Decrease Ratio        : 2.500e-01
Trust Radius Increase Threshold    : 7.500e-01
Trust Radius Decrease Threshold    : 2.500e-01
------------------------------------------------------------ 

   Iteration     Total nfev        Cost      Cost reduction    Step norm     Optimality   
       0              1          4.828e-01                                    6.415e+01   
       1              4          4.563e-01      2.649e-02      1.630e-03      7.395e+02   
       2              5          3.628e-01      9.350e-02      1.748e-03      3.151e+02   
       3              7          3.375e-01      2.537e-02      4.934e-04      2.819e+02   
       4              8          3.228e-01      1.463e-02      5.572e-04      7.389e+02   
       5              9          3.186e-01      4.216e-03      2.533e-04      7.454e+02   
       6             10          2.866e-01      3.201e-02      3.089e-04      1.599e+02   
       7             13          2.807e-01      5.933e-03      7.803e-05      5.168e+01   
       8             14          2.759e-01      4.773e-03      1.732e-04      1.423e+02   
       9             15          2.698e-01      6.136e-03      3.352e-04      1.645e+02   
      10             16          2.659e-01      3.863e-03      3.367e-04      2.086e+02   
      11             18          2.612e-01      4.737e-03      6.110e-05      2.639e+01   
      12             19          2.603e-01      8.544e-04      1.482e-04      1.221e+02   
      13             20          2.584e-01      1.901e-03      1.763e-04      2.600e+00   
      14             21          2.570e-01      1.423e-03      3.355e-04      2.623e+01   
      15             22          2.550e-01      1.976e-03      4.186e-04      6.470e+01   
      16             23          2.534e-01      1.609e-03      7.542e-04      1.877e+02   
      17             24          2.510e-01      2.369e-03      1.203e-03      1.490e+02   
      18             25          2.487e-01      2.288e-03      1.572e-03      9.569e+01   
      19             26          2.472e-01      1.501e-03      1.816e-03      1.617e+01   
      20             27          2.461e-01      1.195e-03      2.008e-03      1.575e+01   
      21             28          2.451e-01      9.169e-04      2.104e-03      3.571e+01   
      22             29          2.447e-01      3.869e-04      2.131e-03      2.840e+01   
      23             30          2.443e-01      4.196e-04      4.753e-04      1.785e+01   
      24             52          2.443e-01      0.000e+00      0.000e+00      1.785e+01   
Warning: A bad approximation caused failure to predict improvement.
         Current function value: 2.443e-01
         Total delta_x: 1.074e-02
         Iterations: 24
         Function evaluations: 52
         Jacobian evaluations: 24
Timer: Solution time = 2.23 min
Timer: Avg time per step = 5.35 sec
==============================================================================================================
                                                                 Start  -->   End
Total (sum of squares):                                      4.828e-01  -->   2.443e-01, 
Maximum absolute QS two-term hat objective value:            9.301e-01  -->   5.714e-01 (Unknown)
Minimum absolute QS two-term hat objective value:            7.707e-06  -->   2.148e-04 (Unknown)
Average absolute QS two-term hat objective value:            1.961e-01  -->   1.386e-01 (Unknown)
Aspect ratio:                                                7.999e+00  -->   8.001e+00 (dimensionless)
Generic objective value:                                     1.263e+00  -->   1.255e+00 (T)
Maximum absolute Force error:                                2.999e+01  -->   2.855e+01 (N)
Minimum absolute Force error:                                1.856e-05  -->   6.064e-06 (N)
Average absolute Force error:                                2.344e-01  -->   2.548e-01 (N)
Maximum absolute Force error:                                4.940e-04  -->   4.703e-04 (normalized)
Minimum absolute Force error:                                3.058e-10  -->   9.990e-11 (normalized)
Average absolute Force error:                                3.862e-06  -->   4.198e-06 (normalized)
Cross-section R error:                                       3.443e-21  -->   0.000e+00 (m)
Cross-section Z error:                                       2.732e-20  -->   0.000e+00 (m)
Fixed pressure profile error:                                0.000e+00  -->   0.000e+00 (Pa)
Fixed current profile error:                                 0.000e+00  -->   0.000e+00 (A)
Fixed Psi error:                                             0.000e+00  -->   0.000e+00 (Wb)
==============================================================================================================


===== optimizing section modes max(l,|m|) <= 5 =====

Building objective: QS two-term hat
Building objective: aspect ratio
Precomputing transforms
Timer: Precomputing transforms = 66.5 ms
Building objective: Generic
Timer: Objective build = 244 ms
Building objective: force
Precomputing transforms
Timer: Precomputing transforms = 104 ms
Timer: Objective build = 121 ms
Timer: Objective build = 1.94 ms
Timer: Eq Update LinearConstraintProjection build = 80.5 ms
Timer: Proximal projection build = 2.09 sec
Building objective: fixed cross-section R
Building objective: fixed cross-section Z
Building objective: fixed pressure
Building objective: fixed current
Building objective: fixed Psi
Timer: Objective build = 456 ms
Timer: LinearConstraintProjection build = 1.91 sec
Number of parameters: 21
Number of objectives: 1877
Timer: Initializing the optimization = 5.09 sec

Starting optimization
Using method: proximal-lsq-exact
Solver options:
------------------------------------------------------------
Maximum Function Evaluations       : 251
Maximum Allowed Total Δx Norm      : inf
Scaled Termination                 : True
Trust Region Method                : qr
Initial Trust Radius               : 5.416e-02
Maximum Trust Radius               : inf
Minimum Trust Radius               : 2.220e-16
Trust Radius Increase Ratio        : 2.000e+00
Trust Radius Decrease Ratio        : 2.500e-01
Trust Radius Increase Threshold    : 7.500e-01
Trust Radius Decrease Threshold    : 2.500e-01
------------------------------------------------------------ 

   Iteration     Total nfev        Cost      Cost reduction    Step norm     Optimality   
       0              1          2.445e-01                                    1.293e+01   
       1              5          2.432e-01      1.267e-03      6.013e-04      2.096e+02   
       2              6          2.393e-01      3.943e-03      6.001e-04      1.899e+02   
       3              7          2.361e-01      3.125e-03      6.039e-04      2.113e+02   
       4              8          2.325e-01      3.691e-03      5.896e-04      2.063e+02   
       5              9          2.290e-01      3.503e-03      5.883e-04      2.211e+02   
       6             10          2.252e-01      3.790e-03      5.801e-04      2.222e+02   
       7             11          2.214e-01      3.790e-03      5.784e-04      2.351e+02   
       8             12          2.184e-01      2.925e-03      1.139e-03      5.786e+02   
       9             13          2.081e-01      1.032e-02      1.115e-03      5.410e+02   
      10             14          1.975e-01      1.063e-02      1.120e-03      4.745e+02   
      11             15          1.855e-01      1.204e-02      2.103e-03      7.877e+02   
      12             16          1.663e-01      1.918e-02      2.201e-03      9.946e+02   
      13             18          1.588e-01      7.486e-03      1.059e-03      8.930e+02   
      14             20          1.528e-01      6.028e-03      2.543e-04      4.268e+02   
      15             21          1.514e-01      1.348e-03      5.285e-04      6.988e+02   
      16             22          1.461e-01      5.354e-03      5.658e-04      5.118e+02   
      17             24          1.424e-01      3.651e-03      3.182e-04      2.183e+02   
      18             25          1.382e-01      4.235e-03      6.680e-04      6.881e+01   
      19             27          1.361e-01      2.087e-03      3.396e-04      7.454e+01   
      20             28          1.328e-01      3.256e-03      5.415e-04      1.109e+02   
      21             29          1.296e-01      3.250e-03      8.992e-04      6.095e+02   
      22             30          1.260e-01      3.560e-03      9.006e-04      7.994e+02   
      23             31          1.215e-01      4.573e-03      9.189e-04      8.595e+02   
      24             32          1.170e-01      4.500e-03      9.444e-04      9.235e+02   
      25             33          1.147e-01      2.293e-03      9.560e-04      1.213e+03   
      26             34          1.130e-01      1.639e-03      9.382e-04      1.471e+03   
      27             35          1.044e-01      8.663e-03      2.275e-04      1.603e+02   
      28             36          1.033e-01      1.094e-03      4.647e-04      5.264e+02   
      29             37          1.013e-01      2.009e-03      4.691e-04      4.971e+02   
      30             38          9.909e-02      2.170e-03      4.731e-04      4.301e+02   
      31             39          9.716e-02      1.928e-03      4.763e-04      4.240e+02   
      32             40          9.527e-02      1.886e-03      4.795e-04      4.157e+02   
      33             41          9.363e-02      1.645e-03      4.824e-04      4.431e+02   
      34             42          9.187e-02      1.760e-03      4.841e-04      4.195e+02   
      35             43          9.013e-02      1.743e-03      4.856e-04      3.927e+02   
      36             44          8.816e-02      1.963e-03      4.876e-04      3.141e+02   
      37             46          8.699e-02      1.178e-03      2.448e-04      1.115e+02   
      38             47          8.557e-02      1.420e-03      4.994e-04      3.160e+02   
      39             48          8.497e-02      6.001e-04      1.018e-03      8.663e+02   
      40             49          8.128e-02      3.681e-03      2.453e-04      2.362e+00   
      41             50          7.957e-02      1.716e-03      5.471e-04      1.342e+02   
      42             51          7.726e-02      2.306e-03      1.141e-03      4.501e+02   
      43             52          7.292e-02      4.337e-03      1.200e-03      1.024e+02   
      44             53          6.690e-02      6.023e-03      2.616e-03      2.120e+02   
      45             54          6.253e-02      4.373e-03      5.449e-03      1.451e+03   
      46             55          4.926e-02      1.326e-02      6.318e-03      3.576e+02   
      47             57          4.828e-02      9.876e-04      1.344e-03      1.094e+03   
      48             58          4.447e-02      3.805e-03      3.640e-04      3.207e+02   
      49             59          4.335e-02      1.125e-03      7.042e-04      1.817e+02   
      50             60          4.239e-02      9.607e-04      1.343e-03      5.230e+02   
Warning: Maximum number of iterations has been exceeded.
         Current function value: 4.239e-02
         Total delta_x: 4.643e-02
         Iterations: 50
         Function evaluations: 60
         Jacobian evaluations: 51
Timer: Solution time = 3.18 min
Timer: Avg time per step = 3.74 sec
==============================================================================================================
                                                                 Start  -->   End
Total (sum of squares):                                      2.445e-01  -->   4.239e-02, 
Maximum absolute QS two-term hat objective value:            5.715e-01  -->   3.588e-01 (Unknown)
Minimum absolute QS two-term hat objective value:            7.707e-05  -->   3.557e-06 (Unknown)
Average absolute QS two-term hat objective value:            1.386e-01  -->   5.293e-02 (Unknown)
Aspect ratio:                                                8.001e+00  -->   8.004e+00 (dimensionless)
Generic objective value:                                     1.255e+00  -->   1.264e+00 (T)
Maximum absolute Force error:                                2.855e+01  -->   2.857e+01 (N)
Minimum absolute Force error:                                6.064e-06  -->   2.233e-05 (N)
Average absolute Force error:                                2.548e-01  -->   2.747e-01 (N)
Maximum absolute Force error:                                5.008e-04  -->   5.011e-04 (normalized)
Minimum absolute Force error:                                1.064e-10  -->   3.918e-10 (normalized)
Average absolute Force error:                                4.470e-06  -->   4.818e-06 (normalized)
Cross-section R error:                                       1.356e-20  -->   1.589e-22 (m)
Cross-section Z error:                                       2.820e-20  -->   2.814e-20 (m)
Fixed pressure profile error:                                0.000e+00  -->   0.000e+00 (Pa)
Fixed current profile error:                                 0.000e+00  -->   0.000e+00 (A)
Fixed Psi error:                                             0.000e+00  -->   0.000e+00 (Wb)
==============================================================================================================


===== optimizing section modes max(l,|m|) <= 6 =====

Building objective: QS two-term hat
Building objective: aspect ratio
Precomputing transforms
Timer: Precomputing transforms = 65.8 ms
Building objective: Generic
Timer: Objective build = 241 ms
Building objective: force
Precomputing transforms
Timer: Precomputing transforms = 103 ms
Timer: Objective build = 121 ms
Timer: Objective build = 1.92 ms
Timer: Eq Update LinearConstraintProjection build = 85.9 ms
Timer: Proximal projection build = 2.03 sec
Building objective: fixed cross-section R
Building objective: fixed cross-section Z
Building objective: fixed pressure
Building objective: fixed current
Building objective: fixed Psi
Timer: Objective build = 323 ms
Timer: LinearConstraintProjection build = 2.58 sec
Number of parameters: 28
Number of objectives: 1877
Timer: Initializing the optimization = 5.60 sec

Starting optimization
Using method: proximal-lsq-exact
Solver options:
------------------------------------------------------------
Maximum Function Evaluations       : 251
Maximum Allowed Total Δx Norm      : inf
Scaled Termination                 : True
Trust Region Method                : qr
Initial Trust Radius               : 5.733e-02
Maximum Trust Radius               : inf
Minimum Trust Radius               : 2.220e-16
Trust Radius Increase Ratio        : 2.000e+00
Trust Radius Decrease Ratio        : 2.500e-01
Trust Radius Increase Threshold    : 7.500e-01
Trust Radius Decrease Threshold    : 2.500e-01
------------------------------------------------------------ 

   Iteration     Total nfev        Cost      Cost reduction    Step norm     Optimality   
       0              1          4.231e-02                                    4.869e+02   
       1              4          4.033e-02      1.980e-03      2.547e-03      6.541e+02   
       2              5          3.877e-02      1.558e-03      2.025e-03      7.432e+02   
       3              7          3.627e-02      2.497e-03      4.770e-04      2.615e+02   
       4              9          3.567e-02      6.048e-04      2.307e-04      9.558e+01   
       5             10          3.523e-02      4.344e-04      4.715e-04      2.951e+02   
       6             11          3.444e-02      7.978e-04      4.767e-04      2.926e+02   
       7             12          3.362e-02      8.181e-04      4.605e-04      2.857e+02   
       8             13          3.278e-02      8.392e-04      4.499e-04      2.597e+02   
       9             14          3.198e-02      8.017e-04      4.508e-04      2.196e+02   
      10             15          3.135e-02      6.266e-04      9.497e-04      3.825e+02   
      11             16          2.977e-02      1.585e-03      9.879e-04      2.085e+02   
      12             17          2.807e-02      1.694e-03      2.000e-03      3.083e+02   
      13             18          2.590e-02      2.169e-03      1.966e-03      1.857e+02   
      14             19          2.504e-02      8.662e-04      3.386e-03      2.061e+02   
      15             21          2.479e-02      2.428e-04      2.972e-04      5.170e+02   
      16             22          2.271e-02      2.080e-03      1.458e-04      8.645e+00   
      17             23          2.262e-02      9.632e-05      2.106e-04      6.802e+01   
      18             24          2.248e-02      1.413e-04      1.538e-04      7.975e+00   
      19             25          2.225e-02      2.219e-04      2.676e-04      1.428e+01   
      20             26          2.190e-02      3.565e-04      5.027e-04      5.804e+01   
      21             28          2.169e-02      2.103e-04      2.777e-04      3.952e+01   
      22             29          2.131e-02      3.788e-04      5.440e-04      3.857e+01   
      23             31          2.113e-02      1.761e-04      2.873e-04      3.815e+01   
      24             32          2.082e-02      3.082e-04      5.969e-04      7.527e+01   
      25             33          2.045e-02      3.706e-04      1.297e-03      1.954e+02   
      26             34          1.994e-02      5.179e-04      1.512e-03      2.118e+02   
      27             35          1.948e-02      4.589e-04      1.758e-03      2.259e+02   
      28             36          1.904e-02      4.335e-04      1.997e-03      2.325e+02   
      29             37          1.878e-02      2.599e-04      2.208e-03      2.568e+02   
      30             39          1.866e-02      1.188e-04      1.877e-04      1.814e+02   
      31             40          1.827e-02      3.929e-04      1.903e-05      2.430e+01   
      32             60          1.827e-02      0.000e+00      0.000e+00      2.430e+01   
Warning: A bad approximation caused failure to predict improvement.
         Current function value: 1.827e-02
         Total delta_x: 2.478e-02
         Iterations: 32
         Function evaluations: 60
         Jacobian evaluations: 32
Timer: Solution time = 2.70 min
Timer: Avg time per step = 4.92 sec
==============================================================================================================
                                                                 Start  -->   End
Total (sum of squares):                                      4.231e-02  -->   1.827e-02, 
Maximum absolute QS two-term hat objective value:            3.590e-01  -->   1.948e-01 (Unknown)
Minimum absolute QS two-term hat objective value:            1.437e-05  -->   8.024e-06 (Unknown)
Average absolute QS two-term hat objective value:            5.297e-02  -->   3.696e-02 (Unknown)
Aspect ratio:                                                8.004e+00  -->   8.000e+00 (dimensionless)
Generic objective value:                                     1.264e+00  -->   1.259e+00 (T)
Maximum absolute Force error:                                2.857e+01  -->   2.716e+01 (N)
Minimum absolute Force error:                                2.233e-05  -->   2.278e-05 (N)
Average absolute Force error:                                2.747e-01  -->   2.895e-01 (N)
Maximum absolute Force error:                                4.055e-04  -->   3.855e-04 (normalized)
Minimum absolute Force error:                                3.170e-10  -->   3.234e-10 (normalized)
Average absolute Force error:                                3.899e-06  -->   4.109e-06 (normalized)
Cross-section R error:                                       3.388e-21  -->   0.000e+00 (m)
Cross-section Z error:                                       3.187e-22  -->   2.368e-22 (m)
Fixed pressure profile error:                                0.000e+00  -->   0.000e+00 (Pa)
Fixed current profile error:                                 0.000e+00  -->   0.000e+00 (A)
Fixed Psi error:                                             0.000e+00  -->   0.000e+00 (Wb)
==============================================================================================================


===== optimizing section modes max(l,|m|) <= 7 =====

Building objective: QS two-term hat
Building objective: aspect ratio
Precomputing transforms
Timer: Precomputing transforms = 65.1 ms
Building objective: Generic
Timer: Objective build = 241 ms
Building objective: force
Precomputing transforms
Timer: Precomputing transforms = 101 ms
Timer: Objective build = 119 ms
Timer: Objective build = 1.86 ms
Timer: Eq Update LinearConstraintProjection build = 80.8 ms
Timer: Proximal projection build = 2.21 sec
Building objective: fixed cross-section R
Building objective: fixed cross-section Z
Building objective: fixed pressure
Building objective: fixed current
Building objective: fixed Psi
Timer: Objective build = 482 ms
Timer: LinearConstraintProjection build = 2.00 sec
Number of parameters: 36
Number of objectives: 1877
Timer: Initializing the optimization = 5.42 sec

Starting optimization
Using method: proximal-lsq-exact
Solver options:
------------------------------------------------------------
Maximum Function Evaluations       : 251
Maximum Allowed Total Δx Norm      : inf
Scaled Termination                 : True
Trust Region Method                : qr
Initial Trust Radius               : 5.926e-02
Maximum Trust Radius               : inf
Minimum Trust Radius               : 2.220e-16
Trust Radius Increase Ratio        : 2.000e+00
Trust Radius Decrease Ratio        : 2.500e-01
Trust Radius Increase Threshold    : 7.500e-01
Trust Radius Decrease Threshold    : 2.500e-01
------------------------------------------------------------ 

   Iteration     Total nfev        Cost      Cost reduction    Step norm     Optimality   
       0              1          1.834e-02                                    5.452e+01   
       1              5          1.809e-02      2.521e-04      1.104e-03      9.695e+01   
       2             27          1.809e-02      0.000e+00      0.000e+00      9.695e+01   
Warning: A bad approximation caused failure to predict improvement.
         Current function value: 1.809e-02
         Total delta_x: 1.104e-03
         Iterations: 2
         Function evaluations: 27
         Jacobian evaluations: 2
Timer: Solution time = 1.30 min
Timer: Avg time per step = 26.1 sec
==============================================================================================================
                                                                 Start  -->   End
Total (sum of squares):                                      1.834e-02  -->   1.809e-02, 
Maximum absolute QS two-term hat objective value:            1.950e-01  -->   1.961e-01 (Unknown)
Minimum absolute QS two-term hat objective value:            5.990e-05  -->   4.082e-05 (Unknown)
Average absolute QS two-term hat objective value:            3.701e-02  -->   3.677e-02 (Unknown)
Aspect ratio:                                                7.999e+00  -->   7.999e+00 (dimensionless)
Generic objective value:                                     1.258e+00  -->   1.257e+00 (T)
Maximum absolute Force error:                                2.716e+01  -->   2.717e+01 (N)
Minimum absolute Force error:                                2.278e-05  -->   8.737e-05 (N)
Average absolute Force error:                                2.895e-01  -->   2.886e-01 (N)
Maximum absolute Force error:                                4.033e-04  -->   4.035e-04 (normalized)
Minimum absolute Force error:                                3.383e-10  -->   1.297e-09 (normalized)
Average absolute Force error:                                4.299e-06  -->   4.286e-06 (normalized)
Cross-section R error:                                       3.432e-21  -->   4.852e-22 (m)
Cross-section Z error:                                       3.526e-21  -->   8.536e-22 (m)
Fixed pressure profile error:                                0.000e+00  -->   0.000e+00 (Pa)
Fixed current profile error:                                 0.000e+00  -->   0.000e+00 (A)
Fixed Psi error:                                             0.000e+00  -->   0.000e+00 (Wb)
==============================================================================================================


===== optimizing section modes max(l,|m|) <= 8 =====

Building objective: QS two-term hat
Building objective: aspect ratio
Precomputing transforms
Timer: Precomputing transforms = 67.2 ms
Building objective: Generic
Timer: Objective build = 244 ms
Building objective: force
Precomputing transforms
Timer: Precomputing transforms = 104 ms
Timer: Objective build = 122 ms
Timer: Objective build = 1.88 ms
Timer: Eq Update LinearConstraintProjection build = 86.9 ms
Timer: Proximal projection build = 2.51 sec
Building objective: fixed cross-section R
Building objective: fixed cross-section Z
Building objective: fixed pressure
Building objective: fixed current
Building objective: fixed Psi
Timer: Objective build = 471 ms
Timer: LinearConstraintProjection build = 1.99 sec
Number of parameters: 45
Number of objectives: 1877
Timer: Initializing the optimization = 5.68 sec

Starting optimization
Using method: proximal-lsq-exact
Solver options:
------------------------------------------------------------
Maximum Function Evaluations       : 251
Maximum Allowed Total Δx Norm      : inf
Scaled Termination                 : True
Trust Region Method                : qr
Initial Trust Radius               : 6.876e-02
Maximum Trust Radius               : inf
Minimum Trust Radius               : 2.220e-16
Trust Radius Increase Ratio        : 2.000e+00
Trust Radius Decrease Ratio        : 2.500e-01
Trust Radius Increase Threshold    : 7.500e-01
Trust Radius Decrease Threshold    : 2.500e-01
------------------------------------------------------------ 

   Iteration     Total nfev        Cost      Cost reduction    Step norm     Optimality   
       0              1          1.898e-02                                    2.555e+02   
       1              4          1.789e-02      1.090e-03      3.650e-03      3.259e+02   
       2              5          1.737e-02      5.220e-04      3.369e-03      4.216e+02   
       3              6          1.527e-02      2.103e-03      8.080e-04      6.390e+01   
       4              7          1.461e-02      6.589e-04      1.374e-03      2.323e+01   
       5              8          1.350e-02      1.106e-03      1.877e-03      1.235e+01   
       6             10          1.310e-02      3.983e-04      7.081e-04      1.364e+02   
       7             11          1.268e-02      4.210e-04      7.181e-04      1.783e+02   
       8             13          1.219e-02      4.926e-04      3.003e-04      8.798e+01   
       9             14          1.216e-02      2.498e-05      4.606e-04      1.830e+02   
      10             15          1.173e-02      4.361e-04      1.704e-04      2.102e+01   
      11             16          1.170e-02      3.116e-05      2.755e-04      1.069e+02   
      12             17          1.154e-02      1.543e-04      9.114e-05      1.767e+00   
      13             18          1.150e-02      4.590e-05      1.507e-04      4.858e+01   
      14             19          1.142e-02      8.072e-05      1.597e-04      3.731e+01   
      15             20          1.137e-02      4.391e-05      3.185e-04      1.058e+02   
      16             21          1.121e-02      1.576e-04      3.487e-04      1.007e+02   
      17             22          1.108e-02      1.352e-04      3.661e-04      1.067e+02   
      18             23          1.094e-02      1.440e-04      3.839e-04      1.076e+02   
      19             24          1.079e-02      1.428e-04      4.003e-04      1.087e+02   
      20             25          1.065e-02      1.443e-04      4.155e-04      1.088e+02   
      21             26          1.051e-02      1.424e-04      4.292e-04      1.095e+02   
      22             27          1.036e-02      1.458e-04      4.418e-04      1.083e+02   
      23             28          1.021e-02      1.465e-04      4.526e-04      1.067e+02   
      24             29          1.007e-02      1.474e-04      4.619e-04      1.045e+02   
      25             30          9.918e-03      1.482e-04      4.696e-04      1.018e+02   
      26             31          9.769e-03      1.489e-04      4.756e-04      9.856e+01   
      27             32          9.620e-03      1.495e-04      4.800e-04      9.492e+01   
      28             33          9.470e-03      1.499e-04      4.829e-04      9.092e+01   
      29             34          9.320e-03      1.502e-04      4.841e-04      8.661e+01   
      30             35          9.170e-03      1.503e-04      4.839e-04      8.207e+01   
      31             36          9.077e-03      9.300e-05      9.375e-04      1.562e+02   
      32             37          8.417e-03      6.596e-04      9.467e-04      8.991e+00   
      33             38          7.921e-03      4.956e-04      1.597e-03      1.430e+02   
      34             40          7.608e-03      3.129e-04      8.033e-04      1.320e+02   
      35             41          7.248e-03      3.609e-04      7.895e-04      9.383e+01   
      36             42          7.031e-03      2.164e-04      1.381e-03      2.140e+02   
      37             43          6.691e-03      3.401e-04      1.275e-03      3.026e+02   
      38             44          5.955e-03      7.356e-04      1.093e-03      2.216e+02   
      39             45          5.434e-03      5.216e-04      1.136e-03      8.460e+01   
      40             47          5.263e-03      1.704e-04      4.912e-04      2.962e+02   
      41             48          4.789e-03      4.741e-04      5.084e-04      1.011e+02   
      42             50          4.733e-03      5.620e-05      2.810e-04      1.159e+02   
      43             51          4.657e-03      7.621e-05      2.804e-04      8.219e+01   
      44             52          4.623e-03      3.393e-05      2.839e-04      9.314e+01   
      45             53          4.579e-03      4.391e-05      2.905e-04      8.990e+01   
      46             54          4.541e-03      3.804e-05      2.958e-04      9.226e+01   
      47             55          4.502e-03      3.909e-05      3.013e-04      9.211e+01   
      48             56          4.464e-03      3.758e-05      3.061e-04      9.252e+01   
      49             57          4.427e-03      3.706e-05      3.105e-04      9.241e+01   
      50             58          4.391e-03      3.621e-05      3.145e-04      9.220e+01   
Warning: Maximum number of iterations has been exceeded.
         Current function value: 4.391e-03
         Total delta_x: 1.615e-02
         Iterations: 50
         Function evaluations: 58
         Jacobian evaluations: 51
Timer: Solution time = 2.51 min
Timer: Avg time per step = 2.96 sec
==============================================================================================================
                                                                 Start  -->   End
Total (sum of squares):                                      1.898e-02  -->   4.391e-03, 
Maximum absolute QS two-term hat objective value:            1.973e-01  -->   1.310e-01 (Unknown)
Minimum absolute QS two-term hat objective value:            3.477e-06  -->   6.472e-06 (Unknown)
Average absolute QS two-term hat objective value:            3.711e-02  -->   1.732e-02 (Unknown)
Aspect ratio:                                                7.996e+00  -->   8.001e+00 (dimensionless)
Generic objective value:                                     1.256e+00  -->   1.256e+00 (T)
Maximum absolute Force error:                                2.717e+01  -->   3.606e+01 (N)
Minimum absolute Force error:                                8.737e-05  -->   9.559e-05 (N)
Average absolute Force error:                                2.886e-01  -->   3.258e-01 (N)
Maximum absolute Force error:                                4.042e-04  -->   5.364e-04 (normalized)
Minimum absolute Force error:                                1.300e-09  -->   1.422e-09 (normalized)
Average absolute Force error:                                4.293e-06  -->   4.846e-06 (normalized)
Cross-section R error:                                       2.368e-22  -->   0.000e+00 (m)
Cross-section Z error:                                       2.368e-22  -->   0.000e+00 (m)
Fixed pressure profile error:                                0.000e+00  -->   0.000e+00 (Pa)
Fixed current profile error:                                 0.000e+00  -->   0.000e+00 (A)
Fixed Psi error:                                             0.000e+00  -->   0.000e+00 (Wb)
==============================================================================================================


===== optimizing section modes max(l,|m|) <= 9 =====

Building objective: QS two-term hat
Building objective: aspect ratio
Precomputing transforms
Timer: Precomputing transforms = 68.3 ms
Building objective: Generic
Timer: Objective build = 243 ms
Building objective: force
Precomputing transforms
Timer: Precomputing transforms = 103 ms
Timer: Objective build = 121 ms
Timer: Objective build = 1.91 ms
Timer: Eq Update LinearConstraintProjection build = 86.6 ms
Timer: Proximal projection build = 2.25 sec
Building objective: fixed cross-section R
Building objective: fixed cross-section Z
Building objective: fixed pressure
Building objective: fixed current
Building objective: fixed Psi
Timer: Objective build = 476 ms
Timer: LinearConstraintProjection build = 2.03 sec
Number of parameters: 55
Number of objectives: 1877
Timer: Initializing the optimization = 5.49 sec

Starting optimization
Using method: proximal-lsq-exact
Solver options:
------------------------------------------------------------
Maximum Function Evaluations       : 251
Maximum Allowed Total Δx Norm      : inf
Scaled Termination                 : True
Trust Region Method                : qr
Initial Trust Radius               : 9.373e-02
Maximum Trust Radius               : inf
Minimum Trust Radius               : 2.220e-16
Trust Radius Increase Ratio        : 2.000e+00
Trust Radius Decrease Ratio        : 2.500e-01
Trust Radius Increase Threshold    : 7.500e-01
Trust Radius Decrease Threshold    : 2.500e-01
------------------------------------------------------------ 

   Iteration     Total nfev        Cost      Cost reduction    Step norm     Optimality   
       0              1          4.391e-03                                    9.405e+01   
       1              6          4.342e-03      4.950e-05      3.937e-04      8.951e+01   
       2              7          4.300e-03      4.143e-05      3.958e-04      9.512e+01   
       3              8          4.251e-03      4.883e-05      3.989e-04      9.215e+01   
       4              9          4.205e-03      4.632e-05      3.992e-04      9.016e+01   
       5             10          4.161e-03      4.427e-05      3.973e-04      8.859e+01   
       6             11          4.118e-03      4.273e-05      3.939e-04      8.713e+01   
       7             12          4.076e-03      4.165e-05      3.894e-04      8.543e+01   
       8             13          4.036e-03      4.073e-05      3.839e-04      8.345e+01   
       9             14          3.996e-03      3.991e-05      3.774e-04      8.119e+01   
      10             15          3.957e-03      3.914e-05      3.701e-04      7.866e+01   
      11             16          3.918e-03      3.842e-05      3.619e-04      7.589e+01   
      12             17          3.880e-03      3.774e-05      3.529e-04      7.291e+01   
      13             18          3.843e-03      3.711e-05      3.432e-04      6.977e+01   
      14             19          3.807e-03      3.652e-05      3.327e-04      6.649e+01   
      15             20          3.771e-03      3.596e-05      3.215e-04      6.312e+01   
      16             21          3.735e-03      3.545e-05      3.096e-04      5.969e+01   
      17             22          3.700e-03      3.497e-05      2.971e-04      5.623e+01   
      18             23          3.666e-03      3.454e-05      2.841e-04      5.281e+01   
      19             24          3.632e-03      3.415e-05      2.707e-04      4.944e+01   
      20             25          3.598e-03      3.381e-05      2.570e-04      4.618e+01   
      21             26          3.564e-03      3.351e-05      2.431e-04      4.305e+01   
      22             27          3.531e-03      3.325e-05      2.292e-04      4.010e+01   
      23             28          3.478e-03      5.300e-05      3.567e-04      3.166e+01   
      24             29          3.404e-03      7.422e-05      4.879e-04      2.073e+01   
      25             30          3.184e-03      2.196e-04      3.523e-04      5.196e+00   
      26             32          3.047e-03      1.373e-04      2.017e-04      2.079e+01   
      27             33          2.941e-03      1.063e-04      2.972e-04      3.796e+01   
      28             35          2.838e-03      1.030e-04      1.542e-04      5.543e+01   
      29             36          2.703e-03      1.347e-04      3.239e-04      2.896e+01   
      30             38          2.641e-03      6.240e-05      2.186e-04      6.748e+01   
      31             39          2.542e-03      9.835e-05      2.925e-04      2.103e+01   
      32             40          2.470e-03      7.230e-05      4.305e-04      4.031e+01   
      33             41          2.335e-03      1.347e-04      4.556e-04      2.413e+01   
      34             42          2.315e-03      2.033e-05      9.522e-04      3.044e+01   
      35             43          2.188e-03      1.271e-04      5.737e-04      5.531e+01   
      36             44          2.121e-03      6.664e-05      5.358e-04      2.958e+01   
      37             45          2.110e-03      1.159e-05      4.711e-04      4.025e+01   
      38             46          2.030e-03      7.956e-05      1.649e-04      1.189e+00   
      39             48          2.025e-03      4.639e-06      8.076e-05      2.915e+00   
      40             49          2.023e-03      2.082e-06      1.321e-04      1.139e+01   
      41             50          2.015e-03      8.781e-06      1.267e-04      8.170e+00   
      42             51          2.007e-03      7.638e-06      1.222e-04      6.549e+00   
      43             52          2.000e-03      6.618e-06      1.180e-04      6.120e+00   
      44             53          1.994e-03      6.311e-06      1.149e-04      5.811e+00   
      45             54          1.988e-03      6.144e-06      1.127e-04      5.467e+00   
      46             55          1.982e-03      5.915e-06      1.112e-04      5.250e+00   
      47             56          1.976e-03      5.728e-06      1.100e-04      5.093e+00   
      48             57          1.971e-03      5.566e-06      1.093e-04      4.972e+00   
      49             58          1.965e-03      5.419e-06      1.088e-04      4.880e+00   
      50             59          1.960e-03      5.285e-06      1.085e-04      4.813e+00   
Warning: Maximum number of iterations has been exceeded.
         Current function value: 1.960e-03
         Total delta_x: 1.500e-02
         Iterations: 50
         Function evaluations: 59
         Jacobian evaluations: 51
Timer: Solution time = 2.55 min
Timer: Avg time per step = 3.00 sec
==============================================================================================================
                                                                 Start  -->   End
Total (sum of squares):                                      4.391e-03  -->   1.960e-03, 
Maximum absolute QS two-term hat objective value:            1.311e-01  -->   8.879e-02 (Unknown)
Minimum absolute QS two-term hat objective value:            1.379e-05  -->   5.474e-07 (Unknown)
Average absolute QS two-term hat objective value:            1.731e-02  -->   1.185e-02 (Unknown)
Aspect ratio:                                                8.001e+00  -->   8.000e+00 (dimensionless)
Generic objective value:                                     1.256e+00  -->   1.260e+00 (T)
Maximum absolute Force error:                                3.606e+01  -->   3.623e+01 (N)
Minimum absolute Force error:                                9.559e-05  -->   4.238e-06 (N)
Average absolute Force error:                                3.258e-01  -->   3.102e-01 (N)
Maximum absolute Force error:                                4.920e-04  -->   4.943e-04 (normalized)
Minimum absolute Force error:                                1.304e-09  -->   5.783e-11 (normalized)
Average absolute Force error:                                4.445e-06  -->   4.233e-06 (normalized)
Cross-section R error:                                       4.235e-22  -->   0.000e+00 (m)
Cross-section Z error:                                       5.294e-23  -->   0.000e+00 (m)
Fixed pressure profile error:                                0.000e+00  -->   0.000e+00 (Pa)
Fixed current profile error:                                 0.000e+00  -->   0.000e+00 (A)
Fixed Psi error:                                             0.000e+00  -->   0.000e+00 (Wb)
==============================================================================================================


===== optimizing section modes max(l,|m|) <= 10 =====

Building objective: QS two-term hat
Building objective: aspect ratio
Precomputing transforms
Timer: Precomputing transforms = 63.6 ms
Building objective: Generic
Timer: Objective build = 243 ms
Building objective: force
Precomputing transforms
Timer: Precomputing transforms = 103 ms
Timer: Objective build = 121 ms
Timer: Objective build = 1.87 ms
Timer: Eq Update LinearConstraintProjection build = 82.0 ms
Timer: Proximal projection build = 2.29 sec
Building objective: fixed cross-section R
Building objective: fixed cross-section Z
Building objective: fixed pressure
Building objective: fixed current
Building objective: fixed Psi
Timer: Objective build = 466 ms
Timer: LinearConstraintProjection build = 2.09 sec
Number of parameters: 66
Number of objectives: 1877
Timer: Initializing the optimization = 5.61 sec

Starting optimization
Using method: proximal-lsq-exact
Solver options:
------------------------------------------------------------
Maximum Function Evaluations       : 251
Maximum Allowed Total Δx Norm      : inf
Scaled Termination                 : True
Trust Region Method                : qr
Initial Trust Radius               : 9.873e-02
Maximum Trust Radius               : inf
Minimum Trust Radius               : 2.220e-16
Trust Radius Increase Ratio        : 2.000e+00
Trust Radius Decrease Ratio        : 2.500e-01
Trust Radius Increase Threshold    : 7.500e-01
Trust Radius Decrease Threshold    : 2.500e-01
------------------------------------------------------------ 

   Iteration     Total nfev        Cost      Cost reduction    Step norm     Optimality   
       0              1          1.961e-03                                    3.388e+00   
       1              6          1.955e-03      6.418e-06      2.035e-04      9.645e+00   
       2              7          1.943e-03      1.205e-05      2.130e-04      9.706e+00   
       3              8          1.931e-03      1.162e-05      2.187e-04      9.877e+00   
       4              9          1.920e-03      1.150e-05      2.218e-04      1.013e+01   
       5             10          1.908e-03      1.160e-05      2.241e-04      1.017e+01   
       6             11          1.896e-03      1.154e-05      2.258e-04      1.019e+01   
       7             12          1.885e-03      1.144e-05      2.270e-04      1.022e+01   
       8             13          1.874e-03      1.135e-05      2.280e-04      1.022e+01   
       9             14          1.862e-03      1.127e-05      2.287e-04      1.021e+01   
      10             15          1.851e-03      1.119e-05      2.291e-04      1.018e+01   
      11             16          1.840e-03      1.111e-05      2.292e-04      1.012e+01   
      12             17          1.829e-03      1.105e-05      2.289e-04      1.001e+01   
      13             18          1.818e-03      1.098e-05      2.284e-04      9.869e+00   
      14             19          1.807e-03      1.092e-05      2.275e-04      9.673e+00   
      15             20          1.796e-03      1.086e-05      2.262e-04      9.423e+00   
      16             21          1.786e-03      1.079e-05      2.245e-04      9.118e+00   
      17             22          1.775e-03      1.072e-05      2.224e-04      8.758e+00   
      18             23          1.764e-03      1.063e-05      2.200e-04      8.347e+00   
      19             24          1.754e-03      1.052e-05      2.172e-04      7.888e+00   
      20             25          1.743e-03      1.039e-05      2.140e-04      7.389e+00   
      21             26          1.733e-03      1.024e-05      2.105e-04      6.857e+00   
      22             27          1.723e-03      1.007e-05      2.067e-04      6.303e+00   
      23             28          1.713e-03      9.882e-06      2.027e-04      5.736e+00   
      24             29          1.703e-03      9.681e-06      1.984e-04      5.165e+00   
      25             30          1.694e-03      9.473e-06      1.939e-04      4.601e+00   
      26             31          1.685e-03      9.263e-06      1.893e-04      4.052e+00   
      27             32          1.676e-03      9.057e-06      1.845e-04      3.524e+00   
      28             33          1.667e-03      8.859e-06      1.797e-04      3.024e+00   
      29             34          1.658e-03      8.713e-06      1.750e-04      2.525e+00   
      30             35          1.650e-03      8.489e-06      1.700e-04      2.116e+00   
      31             36          1.641e-03      8.346e-06      1.650e-04      1.829e+00   
      32             37          1.625e-03      1.592e-05      2.882e-04      2.786e+00   
      33             38          1.600e-03      2.515e-05      4.734e-04      5.132e+00   
      34             39          1.565e-03      3.470e-05      4.660e-04      5.429e+00   
      35             41          1.543e-03      2.231e-05      2.499e-04      9.079e-01   
      36             42          1.521e-03      2.167e-05      3.730e-04      1.600e+01   
      37             43          1.486e-03      3.497e-05      3.652e-04      1.370e+01   
      38             44          1.468e-03      1.855e-05      3.525e-04      1.720e+01   
      39             46          1.449e-03      1.901e-05      1.369e-04      9.731e+00   
      40             47          1.428e-03      2.057e-05      2.093e-04      5.572e+00   
      41             49          1.420e-03      8.597e-06      9.080e-05      2.896e+00   
      42             50          1.408e-03      1.149e-05      1.512e-04      1.323e+01   
      43             51          1.393e-03      1.549e-05      1.314e-04      1.471e+01   
      44             52          1.378e-03      1.443e-05      1.134e-04      1.714e+01   
      45             53          1.363e-03      1.490e-05      9.966e-05      1.890e+01   
      46             54          1.349e-03      1.480e-05      8.788e-05      2.064e+01   
      47             55          1.334e-03      1.463e-05      7.838e-05      2.241e+01   
      48             56          1.319e-03      1.461e-05      7.213e-05      2.415e+01   
      49             57          1.303e-03      1.616e-05      7.088e-05      2.055e+01   
      50             58          1.284e-03      1.926e-05      7.566e-05      7.520e+00   
Warning: Maximum number of iterations has been exceeded.
         Current function value: 1.284e-03
         Total delta_x: 1.003e-02
         Iterations: 50
         Function evaluations: 58
         Jacobian evaluations: 51
Timer: Solution time = 2.86 min
Timer: Avg time per step = 3.37 sec
==============================================================================================================
                                                                 Start  -->   End
Total (sum of squares):                                      1.961e-03  -->   1.284e-03, 
Maximum absolute QS two-term hat objective value:            8.862e-02  -->   5.879e-02 (Unknown)
Minimum absolute QS two-term hat objective value:            1.539e-06  -->   3.173e-06 (Unknown)
Average absolute QS two-term hat objective value:            1.185e-02  -->   9.804e-03 (Unknown)
Aspect ratio:                                                8.000e+00  -->   8.000e+00 (dimensionless)
Generic objective value:                                     1.260e+00  -->   1.260e+00 (T)
Maximum absolute Force error:                                3.623e+01  -->   3.324e+01 (N)
Minimum absolute Force error:                                4.238e-06  -->   3.015e-05 (N)
Average absolute Force error:                                3.102e-01  -->   3.007e-01 (N)
Maximum absolute Force error:                                4.653e-04  -->   4.270e-04 (normalized)
Minimum absolute Force error:                                5.443e-11  -->   3.872e-10 (normalized)
Average absolute Force error:                                3.985e-06  -->   3.862e-06 (normalized)
Cross-section R error:                                       0.000e+00  -->   0.000e+00 (m)
Cross-section Z error:                                       1.059e-22  -->   1.059e-22 (m)
Fixed pressure profile error:                                0.000e+00  -->   0.000e+00 (Pa)
Fixed current profile error:                                 0.000e+00  -->   0.000e+00 (A)
Fixed Psi error:                                             0.000e+00  -->   0.000e+00 (Wb)
==============================================================================================================


===== optimizing section modes max(l,|m|) <= 11 =====

Building objective: QS two-term hat
Building objective: aspect ratio
Precomputing transforms
Timer: Precomputing transforms = 68.2 ms
Building objective: Generic
Timer: Objective build = 247 ms
Building objective: force
Precomputing transforms
Timer: Precomputing transforms = 104 ms
Timer: Objective build = 121 ms
Timer: Objective build = 1.88 ms
Timer: Eq Update LinearConstraintProjection build = 82.3 ms
Timer: Proximal projection build = 2.26 sec
Building objective: fixed cross-section R
Building objective: fixed cross-section Z
Building objective: fixed pressure
Building objective: fixed current
Building objective: fixed Psi
Timer: Objective build = 319 ms
Timer: LinearConstraintProjection build = 1.47 sec
Number of parameters: 78
Number of objectives: 1877
Timer: Initializing the optimization = 4.78 sec

Starting optimization
Using method: proximal-lsq-exact
Solver options:
------------------------------------------------------------
Maximum Function Evaluations       : 251
Maximum Allowed Total Δx Norm      : inf
Scaled Termination                 : True
Trust Region Method                : qr
Initial Trust Radius               : 1.052e-01
Maximum Trust Radius               : inf
Minimum Trust Radius               : 2.220e-16
Trust Radius Increase Ratio        : 2.000e+00
Trust Radius Decrease Ratio        : 2.500e-01
Trust Radius Increase Threshold    : 7.500e-01
Trust Radius Decrease Threshold    : 2.500e-01
------------------------------------------------------------ 

   Iteration     Total nfev        Cost      Cost reduction    Step norm     Optimality   
       0              1          1.287e-03                                    6.602e+00   
       1              6          1.271e-03      1.571e-05      4.732e-05      1.578e-01   
       2              8          1.268e-03      3.516e-06      2.137e-05      4.930e+00   
       3              9          1.263e-03      4.397e-06      2.089e-05      4.346e+00   
       4             10          1.259e-03      3.698e-06      2.489e-05      6.005e+00   
       5             11          1.255e-03      4.346e-06      2.889e-05      5.986e+00   
       6             12          1.251e-03      4.263e-06      3.222e-05      6.254e+00   
       7             13          1.246e-03      4.367e-06      3.481e-05      6.330e+00   
       8             14          1.242e-03      4.388e-06      3.690e-05      6.405e+00   
       9             15          1.238e-03      4.415e-06      3.865e-05      6.455e+00   
      10             16          1.233e-03      4.430e-06      4.015e-05      6.502e+00   
      11             17          1.229e-03      4.445e-06      4.148e-05      6.544e+00   
      12             18          1.224e-03      4.456e-06      4.268e-05      6.585e+00   
      13             19          1.220e-03      4.466e-06      4.378e-05      6.624e+00   
      14             20          1.215e-03      4.476e-06      4.481e-05      6.661e+00   
      15             21          1.211e-03      4.484e-06      4.579e-05      6.697e+00   
      16             22          1.206e-03      4.491e-06      4.672e-05      6.732e+00   
      17             23          1.202e-03      4.498e-06      4.761e-05      6.766e+00   
      18             24          1.197e-03      4.504e-06      4.847e-05      6.798e+00   
      19             25          1.193e-03      4.508e-06      4.931e-05      6.829e+00   
      20             26          1.188e-03      4.512e-06      5.012e-05      6.859e+00   
      21             27          1.184e-03      4.516e-06      5.092e-05      6.889e+00   
      22             28          1.179e-03      4.518e-06      5.169e-05      6.917e+00   
      23             29          1.175e-03      4.519e-06      5.245e-05      6.945e+00   
      24             30          1.170e-03      4.519e-06      5.319e-05      6.972e+00   
      25             31          1.166e-03      4.519e-06      5.391e-05      6.999e+00   
      26             32          1.161e-03      4.517e-06      5.461e-05      7.025e+00   
      27             33          1.157e-03      4.515e-06      5.529e-05      7.051e+00   
      28             34          1.152e-03      4.511e-06      5.596e-05      7.078e+00   
      29             35          1.148e-03      4.506e-06      5.661e-05      7.105e+00   
      30             36          1.143e-03      4.501e-06      5.725e-05      7.132e+00   
      31             37          1.139e-03      4.494e-06      5.787e-05      7.160e+00   
      32             38          1.134e-03      4.486e-06      5.847e-05      7.189e+00   
      33             39          1.130e-03      4.477e-06      5.906e-05      7.219e+00   
      34             40          1.125e-03      4.467e-06      5.963e-05      7.250e+00   
      35             41          1.121e-03      4.456e-06      6.019e-05      7.283e+00   
      36             42          1.116e-03      4.444e-06      6.074e-05      7.317e+00   
      37             43          1.112e-03      4.431e-06      6.128e-05      7.353e+00   
      38             44          1.108e-03      4.417e-06      6.180e-05      7.390e+00   
      39             45          1.103e-03      4.401e-06      6.232e-05      7.430e+00   
      40             46          1.099e-03      4.385e-06      6.282e-05      7.472e+00   
      41             47          1.094e-03      4.368e-06      6.332e-05      7.516e+00   
      42             48          1.090e-03      4.350e-06      6.381e-05      7.562e+00   
      43             49          1.086e-03      4.331e-06      6.428e-05      7.610e+00   
      44             50          1.081e-03      4.311e-06      6.475e-05      7.661e+00   
      45             51          1.077e-03      4.290e-06      6.522e-05      7.714e+00   
      46             52          1.073e-03      4.268e-06      6.567e-05      7.769e+00   
      47             53          1.069e-03      4.245e-06      6.612e-05      7.827e+00   
      48             54          1.064e-03      4.222e-06      6.655e-05      7.886e+00   
      49             55          1.060e-03      4.198e-06      6.698e-05      7.948e+00   
      50             56          1.056e-03      4.173e-06      6.740e-05      8.012e+00   
Warning: Maximum number of iterations has been exceeded.
         Current function value: 1.056e-03
         Total delta_x: 2.470e-03
         Iterations: 50
         Function evaluations: 56
         Jacobian evaluations: 51
Timer: Solution time = 2.36 min
Timer: Avg time per step = 2.77 sec
==============================================================================================================
                                                                 Start  -->   End
Total (sum of squares):                                      1.287e-03  -->   1.056e-03, 
Maximum absolute QS two-term hat objective value:            5.894e-02  -->   4.931e-02 (Unknown)
Minimum absolute QS two-term hat objective value:            2.981e-07  -->   6.257e-06 (Unknown)
Average absolute QS two-term hat objective value:            9.812e-03  -->   8.972e-03 (Unknown)
Aspect ratio:                                                8.000e+00  -->   8.000e+00 (dimensionless)
Generic objective value:                                     1.260e+00  -->   1.260e+00 (T)
Maximum absolute Force error:                                3.324e+01  -->   3.228e+01 (N)
Minimum absolute Force error:                                3.015e-05  -->   2.956e-05 (N)
Average absolute Force error:                                3.007e-01  -->   3.151e-01 (N)
Maximum absolute Force error:                                4.075e-04  -->   3.958e-04 (normalized)
Minimum absolute Force error:                                3.696e-10  -->   3.624e-10 (normalized)
Average absolute Force error:                                3.686e-06  -->   3.863e-06 (normalized)
Cross-section R error:                                       0.000e+00  -->   0.000e+00 (m)
Cross-section Z error:                                       5.294e-23  -->   0.000e+00 (m)
Fixed pressure profile error:                                0.000e+00  -->   0.000e+00 (Pa)
Fixed current profile error:                                 0.000e+00  -->   0.000e+00 (A)
Fixed Psi error:                                             0.000e+00  -->   0.000e+00 (Wb)
==============================================================================================================


===== optimizing section modes max(l,|m|) <= 12 =====

Building objective: QS two-term hat
Building objective: aspect ratio
Precomputing transforms
Timer: Precomputing transforms = 61.4 ms
Building objective: Generic
Timer: Objective build = 238 ms
Building objective: force
Precomputing transforms
Timer: Precomputing transforms = 103 ms
Timer: Objective build = 121 ms
Timer: Objective build = 1.90 ms
Timer: Eq Update LinearConstraintProjection build = 81.1 ms
Timer: Proximal projection build = 2.49 sec
Building objective: fixed cross-section R
Building objective: fixed cross-section Z
Building objective: fixed pressure
Building objective: fixed current
Building objective: fixed Psi
Timer: Objective build = 120 ms
Timer: LinearConstraintProjection build = 1.25 sec
Number of parameters: 91
Number of objectives: 1877
Timer: Initializing the optimization = 4.57 sec

Starting optimization
Using method: proximal-lsq-exact
Solver options:
------------------------------------------------------------
Maximum Function Evaluations       : 251
Maximum Allowed Total Δx Norm      : inf
Scaled Termination                 : True
Trust Region Method                : qr
Initial Trust Radius               : 1.119e-01
Maximum Trust Radius               : inf
Minimum Trust Radius               : 2.220e-16
Trust Radius Increase Ratio        : 2.000e+00
Trust Radius Decrease Ratio        : 2.500e-01
Trust Radius Increase Threshold    : 7.500e-01
Trust Radius Decrease Threshold    : 2.500e-01
------------------------------------------------------------ 

   Iteration     Total nfev        Cost      Cost reduction    Step norm     Optimality   
       0              1          1.056e-03                                    5.800e+00   
       1              7          1.053e-03      2.709e-06      3.774e-05      2.143e-01   
       2              8          1.052e-03      1.134e-06      6.416e-05      1.139e+01   
       3              9          1.049e-03      3.471e-06      2.159e-05      3.351e+00   
       4             10          1.048e-03      9.396e-07      1.865e-05      1.073e+00   
Optimization terminated successfully.
`ftol` condition satisfied. (ftol=1.00e-03)
         Current function value: 1.048e-03
         Total delta_x: 1.420e-04
         Iterations: 4
         Function evaluations: 10
         Jacobian evaluations: 5
Timer: Solution time = 50.5 sec
Timer: Avg time per step = 10.1 sec
==============================================================================================================
                                                                 Start  -->   End
Total (sum of squares):                                      1.056e-03  -->   1.048e-03, 
Maximum absolute QS two-term hat objective value:            4.931e-02  -->   4.909e-02 (Unknown)
Minimum absolute QS two-term hat objective value:            9.703e-08  -->   5.610e-06 (Unknown)
Average absolute QS two-term hat objective value:            8.977e-03  -->   8.946e-03 (Unknown)
Aspect ratio:                                                8.000e+00  -->   8.000e+00 (dimensionless)
Generic objective value:                                     1.260e+00  -->   1.260e+00 (T)
Maximum absolute Force error:                                3.228e+01  -->   3.222e+01 (N)
Minimum absolute Force error:                                2.956e-05  -->   3.183e-05 (N)
Average absolute Force error:                                3.151e-01  -->   3.157e-01 (N)
Maximum absolute Force error:                                3.993e-04  -->   3.984e-04 (normalized)
Minimum absolute Force error:                                3.656e-10  -->   3.937e-10 (normalized)
Average absolute Force error:                                3.897e-06  -->   3.905e-06 (normalized)
Cross-section R error:                                       0.000e+00  -->   0.000e+00 (m)
Cross-section Z error:                                       0.000e+00  -->   0.000e+00 (m)
Fixed pressure profile error:                                0.000e+00  -->   0.000e+00 (Pa)
Fixed current profile error:                                 0.000e+00  -->   0.000e+00 (A)
Fixed Psi error:                                             0.000e+00  -->   0.000e+00 (Wb)
==============================================================================================================

step 0    V =    0.307  R0/a =  7.995  <|B|> =  1.2599  f_B = [0.1718 0.1764 0.1833]  f_C = [0.5259 0.5153 0.4994]
step 1    V =    0.327  R0/a =  7.999  <|B|> =  1.2628  f_B = [0.0464 0.0585 0.0708]  f_C = [0.1567 0.184  0.211 ]
step 2    V =    0.327  R0/a =  7.999  <|B|> =  1.2629  f_B = [0.0464 0.0585 0.0708]  f_C = [0.1568 0.184  0.2111]
step 3    V =    0.334  R0/a =  8.001  <|B|> =  1.2549  f_B = [0.0363 0.0467 0.0568]  f_C = [0.1034 0.1318 0.1585]
step 4    V =    0.315  R0/a =  8.004  <|B|> =  1.2644  f_B = [0.0134 0.0166 0.0197]  f_C = [0.0369 0.046  0.0618]
step 5    V =    0.321  R0/a =  8.000  <|B|> =  1.2586  f_B = [0.0087 0.0107 0.0134]  f_C = [0.0252 0.0328 0.0458]
step 6    V =    0.322  R0/a =  7.999  <|B|> =  1.2571  f_B = [0.0088 0.0107 0.0133]  f_C = [0.0254 0.0327 0.0455]
step 7    V =    0.317  R0/a =  8.001  <|B|> =  1.2556  f_B = [0.0029 0.0042 0.0064]  f_C = [0.0111 0.0156 0.0239]
step 8    V =    0.311  R0/a =  8.000  <|B|> =  1.2596  f_B = [0.002  0.0027 0.0041]  f_C = [0.0075 0.0108 0.0166]
step 9    V =    0.307  R0/a =  8.000  <|B|> =  1.2604  f_B = [0.0015 0.0023 0.0036]  f_C = [0.0061 0.0091 0.0135]
step 10   V =    0.308  R0/a =  8.000  <|B|> =  1.2598  f_B = [0.0014 0.0022 0.0033]  f_C = [0.0057 0.0084 0.0121]
step 11   V =    0.308  R0/a =  8.000  <|B|> =  1.2598  f_B = [0.0014 0.0022 0.0033]  f_C = [0.0057 0.0084 0.0121]
