DESC /home/ye2698/DESC
8a54240a7  (HEAD -> dp/poincare, tag: poincare-bc-paper, origin/dp/poincare) Merge branch 'master' into dp/poincare
DESC version=0.17.3+411.g8a54240a7.
Using JAX backend: jax version=0.9.2, jaxlib version=0.9.2, dtype=float64.
Using device: NVIDIA A100-PCIE-40GB (id=0), with 40.00 GB available memory.
two-term: dim_f = 1875, initial norm = 3.3307e+01

===== optimizing section modes max(l,|m|) <= 2 =====

Building objective: QS two-term hat
Building objective: aspect ratio
Precomputing transforms
Timer: Precomputing transforms = 67.2 ms
Building objective: volume
Precomputing transforms
Timer: Precomputing transforms = 64.0 ms
Building objective: Generic
Timer: Objective build = 336 ms
Building objective: force
Precomputing transforms
Timer: Precomputing transforms = 1.41 sec
Timer: Objective build = 2.57 sec
Timer: Objective build = 2.85 ms
Timer: Eq Update LinearConstraintProjection build = 4.66 sec
Timer: Proximal projection build = 44.4 sec
Building objective: fixed cross-section R
Building objective: fixed cross-section Z
Building objective: fixed pressure
Building objective: fixed current
Building objective: fixed Psi
Timer: Objective build = 895 ms
Timer: LinearConstraintProjection build = 2.20 sec
Number of parameters: 6
Number of objectives: 1878
Timer: Initializing the optimization = 48.1 sec

Starting optimization
Using method: proximal-lsq-exact
Solver options:
------------------------------------------------------------
Maximum Function Evaluations       : 251
Maximum Allowed Total Δx Norm      : inf
Scaled Termination                 : True
Trust Region Method                : svd
Initial Trust Radius               : 4.276e-02
Maximum Trust Radius               : inf
Minimum Trust Radius               : 2.220e-16
Trust Radius Increase Ratio        : 2.000e+00
Trust Radius Decrease Ratio        : 2.500e-01
Trust Radius Increase Threshold    : 7.500e-01
Trust Radius Decrease Threshold    : 2.500e-01
------------------------------------------------------------ 

   Iteration     Total nfev        Cost      Cost reduction    Step norm     Optimality   
       0              1          1.762e+01                                    1.610e+04   
       1              2          3.740e+00      1.388e+01      1.294e-01      3.600e+03   
       2              3          2.112e+00      1.628e+00      3.522e-02      1.205e+03   
       3              4          1.960e+00      1.523e-01      1.119e-02      1.348e+03   
       4              5          1.680e+00      2.795e-01      7.438e-02      1.283e+02   
       5              8          1.665e+00      1.468e-02      3.546e-04      3.781e+01   
       6             10          1.664e+00      1.681e-03      8.651e-05      3.950e+01   
       7             11          1.662e+00      1.489e-03      8.980e-05      2.871e+01   
Optimization terminated successfully.
`ftol` condition satisfied. (ftol=1.00e-03)
         Current function value: 1.662e+00
         Total delta_x: 1.804e-01
         Iterations: 7
         Function evaluations: 11
         Jacobian evaluations: 8
Timer: Solution time = 1.60 min
Timer: Avg time per step = 12.0 sec
==============================================================================================================
                                                                 Start  -->   End
Total (sum of squares):                                      1.762e+01  -->   1.662e+00, 
Maximum absolute QS two-term hat objective value:            2.355e+00  -->   9.684e-01 (Unknown)
Minimum absolute QS two-term hat objective value:            9.465e-04  -->   9.185e-04 (Unknown)
Average absolute QS two-term hat objective value:            6.079e-01  -->   1.774e-01 (Unknown)
Aspect ratio:                                                7.995e+00  -->   8.006e+00 (dimensionless)
Plasma volume:                                               3.071e-01  -->   3.931e-01 (m^3)
Generic objective value:                                     1.260e+00  -->   1.128e+00 (T)
Maximum absolute Force error:                                1.893e+01  -->   2.626e+01 (N)
Minimum absolute Force error:                                3.514e-06  -->   6.652e-06 (N)
Average absolute Force error:                                2.199e-01  -->   2.028e-01 (N)
Maximum absolute Force error:                                2.562e-04  -->   3.554e-04 (normalized)
Minimum absolute Force error:                                4.755e-11  -->   9.001e-11 (normalized)
Average absolute Force error:                                2.976e-06  -->   2.745e-06 (normalized)
Cross-section R error:                                       1.085e-19  -->   3.388e-21 (m)
Cross-section Z error:                                       9.585e-21  -->   0.000e+00 (m)
Fixed pressure profile error:                                0.000e+00  -->   0.000e+00 (Pa)
Fixed current profile error:                                 0.000e+00  -->   0.000e+00 (A)
Fixed Psi error:                                             0.000e+00  -->   0.000e+00 (Wb)
==============================================================================================================


===== optimizing section modes max(l,|m|) <= 3 =====

Building objective: QS two-term hat
Building objective: aspect ratio
Precomputing transforms
Timer: Precomputing transforms = 66.1 ms
Building objective: volume
Precomputing transforms
Timer: Precomputing transforms = 66.3 ms
Building objective: Generic
Timer: Objective build = 314 ms
Building objective: force
Precomputing transforms
Timer: Precomputing transforms = 102 ms
Timer: Objective build = 119 ms
Timer: Objective build = 1.84 ms
Timer: Eq Update LinearConstraintProjection build = 100 ms
Timer: Proximal projection build = 2.21 sec
Building objective: fixed cross-section R
Building objective: fixed cross-section Z
Building objective: fixed pressure
Building objective: fixed current
Building objective: fixed Psi
Timer: Objective build = 480 ms
Timer: LinearConstraintProjection build = 1.92 sec
Number of parameters: 10
Number of objectives: 1878
Timer: Initializing the optimization = 5.66 sec

Starting optimization
Using method: proximal-lsq-exact
Solver options:
------------------------------------------------------------
Maximum Function Evaluations       : 251
Maximum Allowed Total Δx Norm      : inf
Scaled Termination                 : True
Trust Region Method                : svd
Initial Trust Radius               : 4.796e-02
Maximum Trust Radius               : inf
Minimum Trust Radius               : 2.220e-16
Trust Radius Increase Ratio        : 2.000e+00
Trust Radius Decrease Ratio        : 2.500e-01
Trust Radius Increase Threshold    : 7.500e-01
Trust Radius Decrease Threshold    : 2.500e-01
------------------------------------------------------------ 

   Iteration     Total nfev        Cost      Cost reduction    Step norm     Optimality   
       0              1          1.663e+00                                    1.152e+02   
       1              5          1.640e+00      2.250e-02      3.482e-04      1.283e+02   
       2              9          1.640e+00      6.924e-04      1.082e-05      7.965e+01   
Optimization terminated successfully.
`ftol` condition satisfied. (ftol=1.00e-03)
         Current function value: 1.640e+00
         Total delta_x: 3.551e-04
         Iterations: 2
         Function evaluations: 9
         Jacobian evaluations: 3
Timer: Solution time = 1.05 min
Timer: Avg time per step = 21.1 sec
==============================================================================================================
                                                                 Start  -->   End
Total (sum of squares):                                      1.663e+00  -->   1.640e+00, 
Maximum absolute QS two-term hat objective value:            9.687e-01  -->   9.298e-01 (Unknown)
Minimum absolute QS two-term hat objective value:            5.566e-04  -->   2.202e-04 (Unknown)
Average absolute QS two-term hat objective value:            1.774e-01  -->   1.795e-01 (Unknown)
Aspect ratio:                                                8.006e+00  -->   8.002e+00 (dimensionless)
Plasma volume:                                               3.931e-01  -->   3.898e-01 (m^3)
Generic objective value:                                     1.128e+00  -->   1.136e+00 (T)
Maximum absolute Force error:                                2.626e+01  -->   2.603e+01 (N)
Minimum absolute Force error:                                6.652e-06  -->   9.028e-07 (N)
Average absolute Force error:                                2.028e-01  -->   2.013e-01 (N)
Maximum absolute Force error:                                5.049e-04  -->   5.004e-04 (normalized)
Minimum absolute Force error:                                1.279e-10  -->   1.736e-11 (normalized)
Average absolute Force error:                                3.899e-06  -->   3.870e-06 (normalized)
Cross-section R error:                                       2.440e-19  -->   0.000e+00 (m)
Cross-section Z error:                                       2.185e-19  -->   0.000e+00 (m)
Fixed pressure profile error:                                0.000e+00  -->   0.000e+00 (Pa)
Fixed current profile error:                                 0.000e+00  -->   0.000e+00 (A)
Fixed Psi error:                                             0.000e+00  -->   0.000e+00 (Wb)
==============================================================================================================


===== optimizing section modes max(l,|m|) <= 4 =====

Building objective: QS two-term hat
Building objective: aspect ratio
Precomputing transforms
Timer: Precomputing transforms = 60.9 ms
Building objective: volume
Precomputing transforms
Timer: Precomputing transforms = 54.5 ms
Building objective: Generic
Timer: Objective build = 289 ms
Building objective: force
Precomputing transforms
Timer: Precomputing transforms = 100 ms
Timer: Objective build = 118 ms
Timer: Objective build = 1.84 ms
Timer: Eq Update LinearConstraintProjection build = 74.0 ms
Timer: Proximal projection build = 2.10 sec
Building objective: fixed cross-section R
Building objective: fixed cross-section Z
Building objective: fixed pressure
Building objective: fixed current
Building objective: fixed Psi
Timer: Objective build = 332 ms
Timer: LinearConstraintProjection build = 1.93 sec
Number of parameters: 15
Number of objectives: 1878
Timer: Initializing the optimization = 4.98 sec

Starting optimization
Using method: proximal-lsq-exact
Solver options:
------------------------------------------------------------
Maximum Function Evaluations       : 251
Maximum Allowed Total Δx Norm      : inf
Scaled Termination                 : True
Trust Region Method                : svd
Initial Trust Radius               : 4.801e-02
Maximum Trust Radius               : inf
Minimum Trust Radius               : 2.220e-16
Trust Radius Increase Ratio        : 2.000e+00
Trust Radius Decrease Ratio        : 2.500e-01
Trust Radius Increase Threshold    : 7.500e-01
Trust Radius Decrease Threshold    : 2.500e-01
------------------------------------------------------------ 

   Iteration     Total nfev        Cost      Cost reduction    Step norm     Optimality   
       0              1          1.640e+00                                    7.938e+01   
       1             26          1.640e+00      0.000e+00      0.000e+00      7.938e+01   
Warning: A bad approximation caused failure to predict improvement.
         Current function value: 1.640e+00
         Total delta_x: 0.000e+00
         Iterations: 1
         Function evaluations: 26
         Jacobian evaluations: 1
Timer: Solution time = 1.45 min
Timer: Avg time per step = 43.7 sec
==============================================================================================================
                                                                 Start  -->   End
Total (sum of squares):                                      1.640e+00  -->   1.640e+00, 
Maximum absolute QS two-term hat objective value:            9.299e-01  -->   9.299e-01 (Unknown)
Minimum absolute QS two-term hat objective value:            2.379e-04  -->   2.379e-04 (Unknown)
Average absolute QS two-term hat objective value:            1.796e-01  -->   1.796e-01 (Unknown)
Aspect ratio:                                                8.002e+00  -->   8.002e+00 (dimensionless)
Plasma volume:                                               3.898e-01  -->   3.898e-01 (m^3)
Generic objective value:                                     1.136e+00  -->   1.136e+00 (T)
Maximum absolute Force error:                                2.603e+01  -->   2.603e+01 (N)
Minimum absolute Force error:                                9.028e-07  -->   2.800e-05 (N)
Average absolute Force error:                                2.013e-01  -->   2.013e-01 (N)
Maximum absolute Force error:                                5.029e-04  -->   5.029e-04 (normalized)
Minimum absolute Force error:                                1.744e-11  -->   5.410e-10 (normalized)
Average absolute Force error:                                3.890e-06  -->   3.890e-06 (normalized)
Cross-section R error:                                       2.190e-19  -->   0.000e+00 (m)
Cross-section Z error:                                       7.630e-21  -->   0.000e+00 (m)
Fixed pressure profile error:                                0.000e+00  -->   0.000e+00 (Pa)
Fixed current profile error:                                 0.000e+00  -->   0.000e+00 (A)
Fixed Psi error:                                             0.000e+00  -->   0.000e+00 (Wb)
==============================================================================================================


===== optimizing section modes max(l,|m|) <= 5 =====

Building objective: QS two-term hat
Building objective: aspect ratio
Precomputing transforms
Timer: Precomputing transforms = 60.8 ms
Building objective: volume
Precomputing transforms
Timer: Precomputing transforms = 64.0 ms
Building objective: Generic
Timer: Objective build = 303 ms
Building objective: force
Precomputing transforms
Timer: Precomputing transforms = 104 ms
Timer: Objective build = 122 ms
Timer: Objective build = 1.87 ms
Timer: Eq Update LinearConstraintProjection build = 80.2 ms
Timer: Proximal projection build = 2.32 sec
Building objective: fixed cross-section R
Building objective: fixed cross-section Z
Building objective: fixed pressure
Building objective: fixed current
Building objective: fixed Psi
Timer: Objective build = 495 ms
Timer: LinearConstraintProjection build = 1.97 sec
Number of parameters: 21
Number of objectives: 1878
Timer: Initializing the optimization = 5.44 sec

Starting optimization
Using method: proximal-lsq-exact
Solver options:
------------------------------------------------------------
Maximum Function Evaluations       : 251
Maximum Allowed Total Δx Norm      : inf
Scaled Termination                 : True
Trust Region Method                : svd
Initial Trust Radius               : 5.614e-02
Maximum Trust Radius               : inf
Minimum Trust Radius               : 2.220e-16
Trust Radius Increase Ratio        : 2.000e+00
Trust Radius Decrease Ratio        : 2.500e-01
Trust Radius Increase Threshold    : 7.500e-01
Trust Radius Decrease Threshold    : 2.500e-01
------------------------------------------------------------ 

   Iteration     Total nfev        Cost      Cost reduction    Step norm     Optimality   
       0              1          1.640e+00                                    1.097e+02   
       1              6          1.639e+00      7.000e-04      6.055e-05      4.547e+02   
       2              8          1.638e+00      1.398e-03      3.954e-06      9.613e+01   
Optimization terminated successfully.
`ftol` condition satisfied. (ftol=1.00e-03)
         Current function value: 1.638e+00
         Total delta_x: 6.391e-05
         Iterations: 2
         Function evaluations: 8
         Jacobian evaluations: 3
Timer: Solution time = 1.02 min
Timer: Avg time per step = 20.3 sec
==============================================================================================================
                                                                 Start  -->   End
Total (sum of squares):                                      1.640e+00  -->   1.638e+00, 
Maximum absolute QS two-term hat objective value:            9.299e-01  -->   9.027e-01 (Unknown)
Minimum absolute QS two-term hat objective value:            2.550e-04  -->   3.960e-05 (Unknown)
Average absolute QS two-term hat objective value:            1.796e-01  -->   1.818e-01 (Unknown)
Aspect ratio:                                                8.002e+00  -->   7.998e+00 (dimensionless)
Plasma volume:                                               3.898e-01  -->   3.870e-01 (m^3)
Generic objective value:                                     1.136e+00  -->   1.144e+00 (T)
Maximum absolute Force error:                                2.603e+01  -->   2.573e+01 (N)
Minimum absolute Force error:                                2.800e-05  -->   1.191e-05 (N)
Average absolute Force error:                                2.013e-01  -->   2.004e-01 (N)
Maximum absolute Force error:                                5.029e-04  -->   4.972e-04 (normalized)
Minimum absolute Force error:                                5.410e-10  -->   2.302e-10 (normalized)
Average absolute Force error:                                3.890e-06  -->   3.873e-06 (normalized)
Cross-section R error:                                       4.406e-22  -->   0.000e+00 (m)
Cross-section Z error:                                       6.780e-21  -->   0.000e+00 (m)
Fixed pressure profile error:                                0.000e+00  -->   0.000e+00 (Pa)
Fixed current profile error:                                 0.000e+00  -->   0.000e+00 (A)
Fixed Psi error:                                             0.000e+00  -->   0.000e+00 (Wb)
==============================================================================================================


===== optimizing section modes max(l,|m|) <= 6 =====

Building objective: QS two-term hat
Building objective: aspect ratio
Precomputing transforms
Timer: Precomputing transforms = 63.9 ms
Building objective: volume
Precomputing transforms
Timer: Precomputing transforms = 58.2 ms
Building objective: Generic
Timer: Objective build = 298 ms
Building objective: force
Precomputing transforms
Timer: Precomputing transforms = 101 ms
Timer: Objective build = 118 ms
Timer: Objective build = 1.89 ms
Timer: Eq Update LinearConstraintProjection build = 79.3 ms
Timer: Proximal projection build = 2.19 sec
Building objective: fixed cross-section R
Building objective: fixed cross-section Z
Building objective: fixed pressure
Building objective: fixed current
Building objective: fixed Psi
Timer: Objective build = 337 ms
Timer: LinearConstraintProjection build = 2.00 sec
Number of parameters: 28
Number of objectives: 1878
Timer: Initializing the optimization = 5.21 sec

Starting optimization
Using method: proximal-lsq-exact
Solver options:
------------------------------------------------------------
Maximum Function Evaluations       : 251
Maximum Allowed Total Δx Norm      : inf
Scaled Termination                 : True
Trust Region Method                : svd
Initial Trust Radius               : 5.910e-02
Maximum Trust Radius               : inf
Minimum Trust Radius               : 2.220e-16
Trust Radius Increase Ratio        : 2.000e+00
Trust Radius Decrease Ratio        : 2.500e-01
Trust Radius Increase Threshold    : 7.500e-01
Trust Radius Decrease Threshold    : 2.500e-01
------------------------------------------------------------ 

   Iteration     Total nfev        Cost      Cost reduction    Step norm     Optimality   
       0              1          1.638e+00                                    9.601e+01   
       1              4          1.494e+00      1.441e-01      6.346e-04      4.113e+02   
       2              6          1.449e+00      4.477e-02      5.618e-04      1.311e+03   
       3              7          1.358e+00      9.106e-02      5.465e-04      9.200e+02   
       4              8          1.256e+00      1.020e-01      8.642e-04      2.125e+02   
       5              9          1.088e+00      1.681e-01      1.623e-03      4.234e+02   
       6             11          1.054e+00      3.421e-02      1.682e-03      6.686e+02   
       7             12          9.684e-01      8.540e-02      1.860e-03      5.602e+02   
       8             13          9.369e-01      3.147e-02      1.974e-03      5.847e+02   
       9             14          8.717e-01      6.523e-02      1.491e-03      1.776e+02   
      10             15          8.220e-01      4.971e-02      3.301e-03      7.954e+02   
      11             16          7.431e-01      7.889e-02      2.784e-03      2.251e+02   
      12             17          7.100e-01      3.313e-02      6.063e-03      1.846e+03   
      13             18          6.761e-01      3.389e-02      6.123e-03      3.437e+03   
      14             19          5.100e-01      1.661e-01      1.479e-03      2.631e+02   
      15             20          4.809e-01      2.916e-02      2.218e-03      1.190e+03   
      16             21          4.191e-01      6.172e-02      2.548e-03      2.223e+02   
      17             23          3.999e-01      1.924e-02      1.343e-03      7.787e+01   
      18             24          3.610e-01      3.886e-02      2.738e-03      2.010e+02   
      19             26          3.422e-01      1.883e-02      1.400e-03      1.379e+02   
      20             27          3.049e-01      3.729e-02      2.861e-03      7.176e+02   
      21             29          2.828e-01      2.215e-02      1.569e-03      5.869e+02   
      22             30          2.559e-01      2.689e-02      3.003e-03      1.275e+03   
      23             32          2.450e-01      1.084e-02      1.504e-03      1.596e+03   
      24             34          2.246e-01      2.041e-02      1.188e-04      5.457e+01   
      25             35          2.144e-01      1.026e-02      4.434e-04      6.844e+01   
      26             37          2.039e-01      1.041e-02      1.783e-04      1.554e+02   
      27             38          1.929e-01      1.109e-02      4.933e-04      9.795e+01   
      28             39          1.795e-01      1.334e-02      1.199e-03      8.915e+02   
      29             41          1.682e-01      1.136e-02      6.469e-04      1.769e+02   
      30             42          1.670e-01      1.163e-03      1.367e-03      1.481e+03   
      31             43          1.564e-01      1.057e-02      2.990e-04      8.076e+01   
      32             44          1.518e-01      4.637e-03      6.197e-04      5.238e+02   
      33             46          1.483e-01      3.512e-03      2.862e-04      1.166e+02   
      34             47          1.447e-01      3.544e-03      5.701e-04      7.534e+02   
      35             48          1.394e-01      5.303e-03      5.527e-04      6.838e+02   
      36             49          1.350e-01      4.391e-03      5.432e-04      8.038e+02   
      37             50          1.304e-01      4.632e-03      5.374e-04      8.357e+02   
      38             51          1.259e-01      4.509e-03      5.334e-04      8.641e+02   
      39             52          1.214e-01      4.498e-03      5.304e-04      8.549e+02   
      40             53          1.170e-01      4.384e-03      5.276e-04      8.217e+02   
      41             54          1.128e-01      4.212e-03      5.249e-04      7.680e+02   
      42             55          1.089e-01      3.935e-03      5.219e-04      7.090e+02   
      43             56          1.053e-01      3.593e-03      5.170e-04      6.570e+02   
      44             57          1.020e-01      3.265e-03      5.098e-04      6.133e+02   
      45             58          9.903e-02      2.985e-03      5.007e-04      5.746e+02   
      46             59          9.629e-02      2.740e-03      4.908e-04      5.406e+02   
      47             60          9.376e-02      2.525e-03      4.803e-04      5.127e+02   
      48             61          9.142e-02      2.345e-03      4.695e-04      4.907e+02   
      49             62          8.922e-02      2.199e-03      4.580e-04      4.732e+02   
      50             63          8.712e-02      2.097e-03      4.457e-04      4.566e+02   
Warning: Maximum number of iterations has been exceeded.
         Current function value: 8.712e-02
         Total delta_x: 6.083e-02
         Iterations: 50
         Function evaluations: 63
         Jacobian evaluations: 51
Timer: Solution time = 3.50 min
Timer: Avg time per step = 4.11 sec
==============================================================================================================
                                                                 Start  -->   End
Total (sum of squares):                                      1.638e+00  -->   8.712e-02, 
Maximum absolute QS two-term hat objective value:            9.027e-01  -->   2.157e-01 (Unknown)
Minimum absolute QS two-term hat objective value:            1.450e-05  -->   4.679e-05 (Unknown)
Average absolute QS two-term hat objective value:            1.818e-01  -->   3.867e-02 (Unknown)
Aspect ratio:                                                7.998e+00  -->   7.996e+00 (dimensionless)
Plasma volume:                                               3.870e-01  -->   3.350e-01 (m^3)
Generic objective value:                                     1.144e+00  -->   1.255e+00 (T)
Maximum absolute Force error:                                2.573e+01  -->   1.677e+01 (N)
Minimum absolute Force error:                                1.191e-05  -->   2.703e-05 (N)
Average absolute Force error:                                2.004e-01  -->   2.559e-01 (N)
Maximum absolute Force error:                                5.006e-04  -->   3.262e-04 (normalized)
Minimum absolute Force error:                                2.318e-10  -->   5.258e-10 (normalized)
Average absolute Force error:                                3.899e-06  -->   4.978e-06 (normalized)
Cross-section R error:                                       1.059e-22  -->   0.000e+00 (m)
Cross-section Z error:                                       3.818e-22  -->   0.000e+00 (m)
Fixed pressure profile error:                                0.000e+00  -->   0.000e+00 (Pa)
Fixed current profile error:                                 0.000e+00  -->   0.000e+00 (A)
Fixed Psi error:                                             0.000e+00  -->   0.000e+00 (Wb)
==============================================================================================================


===== optimizing section modes max(l,|m|) <= 7 =====

Building objective: QS two-term hat
Building objective: aspect ratio
Precomputing transforms
Timer: Precomputing transforms = 65.4 ms
Building objective: volume
Precomputing transforms
Timer: Precomputing transforms = 66.7 ms
Building objective: Generic
Timer: Objective build = 314 ms
Building objective: force
Precomputing transforms
Timer: Precomputing transforms = 102 ms
Timer: Objective build = 120 ms
Timer: Objective build = 1.84 ms
Timer: Eq Update LinearConstraintProjection build = 79.9 ms
Timer: Proximal projection build = 2.28 sec
Building objective: fixed cross-section R
Building objective: fixed cross-section Z
Building objective: fixed pressure
Building objective: fixed current
Building objective: fixed Psi
Timer: Objective build = 487 ms
Timer: LinearConstraintProjection build = 2.04 sec
Number of parameters: 36
Number of objectives: 1878
Timer: Initializing the optimization = 5.54 sec

Starting optimization
Using method: proximal-lsq-exact
Solver options:
------------------------------------------------------------
Maximum Function Evaluations       : 251
Maximum Allowed Total Δx Norm      : inf
Scaled Termination                 : True
Trust Region Method                : svd
Initial Trust Radius               : 6.013e-02
Maximum Trust Radius               : inf
Minimum Trust Radius               : 2.220e-16
Trust Radius Increase Ratio        : 2.000e+00
Trust Radius Decrease Ratio        : 2.500e-01
Trust Radius Increase Threshold    : 7.500e-01
Trust Radius Decrease Threshold    : 2.500e-01
------------------------------------------------------------ 

   Iteration     Total nfev        Cost      Cost reduction    Step norm     Optimality   
       0              1          8.729e-02                                    4.707e+02   
       1              5          8.434e-02      2.948e-03      3.934e-04      3.980e+02   
       2              6          8.172e-02      2.622e-03      3.660e-04      4.026e+02   
       3              7          7.894e-02      2.777e-03      3.441e-04      3.776e+02   
       4              8          7.587e-02      3.074e-03      3.238e-04      3.599e+02   
       5              9          7.434e-02      1.531e-03      6.352e-04      1.097e+03   
       6             10          6.919e-02      5.145e-03      1.753e-04      1.190e+02   
       7             11          6.794e-02      1.257e-03      4.201e-04      6.725e+02   
       8             12          6.481e-02      3.130e-03      4.665e-04      3.946e+02   
       9             15          6.408e-02      7.232e-04      6.217e-05      3.863e+01   
      10             16          6.356e-02      5.240e-04      1.258e-04      1.378e+02   
      11             17          6.293e-02      6.261e-04      1.257e-04      6.770e+01   
      12             19          6.267e-02      2.614e-04      6.403e-05      4.134e+01   
      13             40          6.267e-02      0.000e+00      0.000e+00      4.134e+01   
Warning: A bad approximation caused failure to predict improvement.
         Current function value: 6.267e-02
         Total delta_x: 3.283e-03
         Iterations: 13
         Function evaluations: 40
         Jacobian evaluations: 13
Timer: Solution time = 1.94 min
Timer: Avg time per step = 8.32 sec
==============================================================================================================
                                                                 Start  -->   End
Total (sum of squares):                                      8.729e-02  -->   6.267e-02, 
Maximum absolute QS two-term hat objective value:            2.156e-01  -->   1.932e-01 (Unknown)
Minimum absolute QS two-term hat objective value:            1.639e-05  -->   1.072e-05 (Unknown)
Average absolute QS two-term hat objective value:            3.869e-02  -->   3.263e-02 (Unknown)
Aspect ratio:                                                7.996e+00  -->   8.000e+00 (dimensionless)
Plasma volume:                                               3.350e-01  -->   3.282e-01 (m^3)
Generic objective value:                                     1.255e+00  -->   1.284e+00 (T)
Maximum absolute Force error:                                1.677e+01  -->   1.822e+01 (N)
Minimum absolute Force error:                                2.703e-05  -->   1.222e-05 (N)
Average absolute Force error:                                2.559e-01  -->   2.992e-01 (N)
Maximum absolute Force error:                                2.864e-04  -->   3.112e-04 (normalized)
Minimum absolute Force error:                                4.617e-10  -->   2.088e-10 (normalized)
Average absolute Force error:                                4.371e-06  -->   5.111e-06 (normalized)
Cross-section R error:                                       3.423e-21  -->   1.059e-22 (m)
Cross-section Z error:                                       3.396e-21  -->   0.000e+00 (m)
Fixed pressure profile error:                                0.000e+00  -->   0.000e+00 (Pa)
Fixed current profile error:                                 0.000e+00  -->   0.000e+00 (A)
Fixed Psi error:                                             0.000e+00  -->   0.000e+00 (Wb)
==============================================================================================================


===== optimizing section modes max(l,|m|) <= 8 =====

Building objective: QS two-term hat
Building objective: aspect ratio
Precomputing transforms
Timer: Precomputing transforms = 63.1 ms
Building objective: volume
Precomputing transforms
Timer: Precomputing transforms = 63.8 ms
Building objective: Generic
Timer: Objective build = 308 ms
Building objective: force
Precomputing transforms
Timer: Precomputing transforms = 103 ms
Timer: Objective build = 120 ms
Timer: Objective build = 1.88 ms
Timer: Eq Update LinearConstraintProjection build = 88.4 ms
Timer: Proximal projection build = 2.30 sec
Building objective: fixed cross-section R
Building objective: fixed cross-section Z
Building objective: fixed pressure
Building objective: fixed current
Building objective: fixed Psi
Timer: Objective build = 497 ms
Timer: LinearConstraintProjection build = 2.03 sec
Number of parameters: 45
Number of objectives: 1878
Timer: Initializing the optimization = 5.55 sec

Starting optimization
Using method: proximal-lsq-exact
Solver options:
------------------------------------------------------------
Maximum Function Evaluations       : 251
Maximum Allowed Total Δx Norm      : inf
Scaled Termination                 : True
Trust Region Method                : svd
Initial Trust Radius               : 6.952e-02
Maximum Trust Radius               : inf
Minimum Trust Radius               : 2.220e-16
Trust Radius Increase Ratio        : 2.000e+00
Trust Radius Decrease Ratio        : 2.500e-01
Trust Radius Increase Threshold    : 7.500e-01
Trust Radius Decrease Threshold    : 2.500e-01
------------------------------------------------------------ 

   Iteration     Total nfev        Cost      Cost reduction    Step norm     Optimality   
       0              1          6.275e-02                                    5.506e+01   
       1              5          6.128e-02      1.473e-03      5.816e-04      5.324e+02   
       2              6          5.848e-02      2.802e-03      5.754e-04      3.166e+02   
       3              7          5.646e-02      2.015e-03      5.578e-04      3.047e+02   
       4              8          5.456e-02      1.906e-03      5.185e-04      2.562e+02   
       5              9          5.346e-02      1.093e-03      4.705e-04      2.760e+02   
       6             10          5.236e-02      1.107e-03      4.026e-04      2.680e+02   
       7             11          5.140e-02      9.611e-04      3.443e-04      2.174e+02   
       8             12          5.016e-02      1.232e-03      3.036e-04      1.488e+02   
       9             13          4.857e-02      1.591e-03      2.914e-04      1.752e+01   
      10             14          4.686e-02      1.713e-03      5.687e-04      1.681e+02   
      11             15          4.504e-02      1.822e-03      6.671e-04      1.526e+02   
      12             16          4.397e-02      1.063e-03      7.726e-04      2.115e+02   
      13             17          4.247e-02      1.508e-03      7.271e-04      5.301e+01   
      14             18          4.143e-02      1.038e-03      6.262e-04      1.537e+02   
      15             19          3.963e-02      1.795e-03      2.931e-04      6.743e+01   
      16             20          3.624e-02      3.393e-03      8.538e-04      4.638e+01   
      17             21          2.790e-02      8.341e-03      3.157e-03      7.681e+02   
      18             23          2.597e-02      1.926e-03      1.191e-03      5.550e+02   
      19             25          2.449e-02      1.489e-03      4.976e-04      1.008e+03   
      20             26          2.110e-02      3.386e-03      6.045e-04      1.174e+02   
      21             28          2.077e-02      3.247e-04      2.950e-04      1.625e+02   
      22             29          2.076e-02      1.212e-05      5.351e-04      4.351e+02   
      23             30          2.012e-02      6.389e-04      1.445e-04      3.500e+01   
      24             31          1.990e-02      2.257e-04      2.761e-04      1.545e+02   
      25             33          1.971e-02      1.860e-04      1.349e-04      1.703e+01   
      26             34          1.950e-02      2.084e-04      2.523e-04      1.370e+02   
      27             36          1.934e-02      1.641e-04      1.211e-04      2.406e+01   
      28             37          1.914e-02      1.949e-04      2.251e-04      1.313e+02   
      29             39          1.899e-02      1.536e-04      1.070e-04      2.446e+01   
      30             40          1.881e-02      1.844e-04      1.983e-04      1.237e+02   
      31             42          1.866e-02      1.434e-04      9.347e-05      2.363e+01   
      32             43          1.849e-02      1.761e-04      1.725e-04      1.147e+02   
      33             45          1.835e-02      1.336e-04      8.044e-05      2.216e+01   
      34             46          1.818e-02      1.695e-04      1.475e-04      1.048e+02   
      35             48          1.806e-02      1.243e-04      6.783e-05      2.027e+01   
      36             49          1.790e-02      1.642e-04      1.232e-04      9.431e+01   
      37             51          1.778e-02      1.156e-04      5.576e-05      1.819e+01   
      38             52          1.762e-02      1.597e-04      1.002e-04      8.395e+01   
      39             54          1.751e-02      1.075e-04      4.472e-05      1.611e+01   
      40             55          1.736e-02      1.555e-04      7.981e-05      7.433e+01   
      41             57          1.726e-02      1.003e-04      3.558e-05      1.414e+01   
      42             58          1.711e-02      1.515e-04      6.427e-05      6.604e+01   
      43             60          1.701e-02      9.397e-05      2.958e-05      1.231e+01   
      44             61          1.686e-02      1.475e-04      5.592e-05      5.946e+01   
      45             63          1.677e-02      8.888e-05      2.762e-05      1.064e+01   
      46             64          1.663e-02      1.438e-04      5.527e-05      5.468e+01   
      47             66          1.655e-02      8.512e-05      2.911e-05      9.105e+00   
      48             67          1.641e-02      1.404e-04      5.978e-05      5.146e+01   
      49             69          1.632e-02      8.267e-05      3.233e-05      7.684e+00   
      50             70          1.619e-02      1.379e-04      6.627e-05      4.935e+01   
Warning: Maximum number of iterations has been exceeded.
         Current function value: 1.619e-02
         Total delta_x: 9.073e-03
         Iterations: 50
         Function evaluations: 70
         Jacobian evaluations: 51
Timer: Solution time = 3.47 min
Timer: Avg time per step = 4.09 sec
==============================================================================================================
                                                                 Start  -->   End
Total (sum of squares):                                      6.275e-02  -->   1.619e-02, 
Maximum absolute QS two-term hat objective value:            1.932e-01  -->   1.134e-01 (Unknown)
Minimum absolute QS two-term hat objective value:            3.507e-06  -->   2.395e-06 (Unknown)
Average absolute QS two-term hat objective value:            3.265e-02  -->   1.658e-02 (Unknown)
Aspect ratio:                                                8.000e+00  -->   8.000e+00 (dimensionless)
Plasma volume:                                               3.282e-01  -->   3.367e-01 (m^3)
Generic objective value:                                     1.284e+00  -->   1.250e+00 (T)
Maximum absolute Force error:                                1.822e+01  -->   2.473e+01 (N)
Minimum absolute Force error:                                1.222e-05  -->   1.917e-05 (N)
Average absolute Force error:                                2.992e-01  -->   2.866e-01 (N)
Maximum absolute Force error:                                3.164e-04  -->   4.295e-04 (normalized)
Minimum absolute Force error:                                2.123e-10  -->   3.330e-10 (normalized)
Average absolute Force error:                                5.197e-06  -->   4.977e-06 (normalized)
Cross-section R error:                                       4.600e-22  -->   1.059e-22 (m)
Cross-section Z error:                                       1.303e-21  -->   9.837e-22 (m)
Fixed pressure profile error:                                0.000e+00  -->   0.000e+00 (Pa)
Fixed current profile error:                                 0.000e+00  -->   0.000e+00 (A)
Fixed Psi error:                                             0.000e+00  -->   0.000e+00 (Wb)
==============================================================================================================


===== optimizing section modes max(l,|m|) <= 9 =====

Building objective: QS two-term hat
Building objective: aspect ratio
Precomputing transforms
Timer: Precomputing transforms = 58.3 ms
Building objective: volume
Precomputing transforms
Timer: Precomputing transforms = 58.4 ms
Building objective: Generic
Timer: Objective build = 292 ms
Building objective: force
Precomputing transforms
Timer: Precomputing transforms = 101 ms
Timer: Objective build = 118 ms
Timer: Objective build = 1.84 ms
Timer: Eq Update LinearConstraintProjection build = 83.1 ms
Timer: Proximal projection build = 2.17 sec
Building objective: fixed cross-section R
Building objective: fixed cross-section Z
Building objective: fixed pressure
Building objective: fixed current
Building objective: fixed Psi
Timer: Objective build = 502 ms
Timer: LinearConstraintProjection build = 2.06 sec
Number of parameters: 55
Number of objectives: 1878
Timer: Initializing the optimization = 5.45 sec

Starting optimization
Using method: proximal-lsq-exact
Solver options:
------------------------------------------------------------
Maximum Function Evaluations       : 251
Maximum Allowed Total Δx Norm      : inf
Scaled Termination                 : True
Trust Region Method                : svd
Initial Trust Radius               : 9.405e-02
Maximum Trust Radius               : inf
Minimum Trust Radius               : 2.220e-16
Trust Radius Increase Ratio        : 2.000e+00
Trust Radius Decrease Ratio        : 2.500e-01
Trust Radius Increase Threshold    : 7.500e-01
Trust Radius Decrease Threshold    : 2.500e-01
------------------------------------------------------------ 

   Iteration     Total nfev        Cost      Cost reduction    Step norm     Optimality   
       0              1          1.621e-02                                    6.962e+01   
       1              6          1.609e-02      1.254e-04      4.886e-05      2.028e+00   
       2              7          1.597e-02      1.151e-04      1.065e-04      1.014e+02   
       3              9          1.587e-02      9.966e-05      3.049e-05      2.305e+01   
       4             10          1.578e-02      9.763e-05      4.701e-05      3.488e+01   
       5             11          1.563e-02      1.487e-04      1.121e-04      7.940e+01   
       6             13          1.554e-02      8.328e-05      3.031e-05      1.559e+01   
       7             14          1.545e-02      9.867e-05      4.901e-05      3.100e+01   
       8             15          1.529e-02      1.603e-04      1.198e-04      7.151e+01   
       9             17          1.520e-02      8.011e-05      3.135e-05      1.380e+01   
      10             18          1.510e-02      1.025e-04      5.241e-05      2.741e+01   
      11             19          1.493e-02      1.751e-04      1.297e-04      6.117e+01   
      12             20          1.468e-02      2.498e-04      3.197e-04      1.419e+02   
      13             21          1.417e-02      5.091e-04      3.171e-04      6.155e+01   
      14             23          1.391e-02      2.577e-04      1.275e-04      3.134e+01   
      15             24          1.371e-02      2.019e-04      3.246e-04      1.276e+02   
      16             25          1.316e-02      5.536e-04      3.469e-04      4.489e+01   
      17             27          1.287e-02      2.862e-04      1.452e-04      4.851e+01   
      18             28          1.260e-02      2.643e-04      1.509e-04      1.552e+01   
      19             29          1.221e-02      3.915e-04      4.531e-04      4.013e+01   
      20             31          1.197e-02      2.424e-04      2.205e-04      1.670e+01   
      21             32          1.157e-02      4.028e-04      4.926e-04      1.632e+01   
      22             34          1.134e-02      2.250e-04      2.322e-04      1.463e+01   
      23             35          1.097e-02      3.729e-04      4.903e-04      3.280e+01   
      24             37          1.073e-02      2.418e-04      2.323e-04      7.759e+00   
      25             38          1.044e-02      2.918e-04      5.005e-04      7.387e+01   
      26             39          1.004e-02      3.995e-04      5.445e-04      5.376e+01   
      27             40          9.968e-03      6.930e-05      1.332e-03      1.080e+02   
      28             41          9.205e-03      7.624e-04      2.687e-04      4.392e+01   
      29             46          9.204e-03      1.034e-06      2.482e-06      3.929e+01   
      30             48          9.200e-03      4.666e-06      2.210e-07      3.534e+00   
      31             64          9.200e-03      0.000e+00      0.000e+00      3.534e+00   
Warning: A bad approximation caused failure to predict improvement.
         Current function value: 9.200e-03
         Total delta_x: 6.956e-03
         Iterations: 31
         Function evaluations: 64
         Jacobian evaluations: 31
Timer: Solution time = 2.41 min
Timer: Avg time per step = 4.52 sec
==============================================================================================================
                                                                 Start  -->   End
Total (sum of squares):                                      1.621e-02  -->   9.200e-03, 
Maximum absolute QS two-term hat objective value:            1.130e-01  -->   7.806e-02 (Unknown)
Minimum absolute QS two-term hat objective value:            1.889e-06  -->   6.289e-06 (Unknown)
Average absolute QS two-term hat objective value:            1.659e-02  -->   1.259e-02 (Unknown)
Aspect ratio:                                                7.999e+00  -->   8.000e+00 (dimensionless)
Plasma volume:                                               3.367e-01  -->   3.352e-01 (m^3)
Generic objective value:                                     1.250e+00  -->   1.248e+00 (T)
Maximum absolute Force error:                                2.473e+01  -->   2.537e+01 (N)
Minimum absolute Force error:                                1.917e-05  -->   3.314e-05 (N)
Average absolute Force error:                                2.866e-01  -->   2.847e-01 (N)
Maximum absolute Force error:                                4.137e-04  -->   4.244e-04 (normalized)
Minimum absolute Force error:                                3.207e-10  -->   5.544e-10 (normalized)
Average absolute Force error:                                4.793e-06  -->   4.762e-06 (normalized)
Cross-section R error:                                       2.426e-22  -->   0.000e+00 (m)
Cross-section Z error:                                       2.118e-22  -->   0.000e+00 (m)
Fixed pressure profile error:                                0.000e+00  -->   0.000e+00 (Pa)
Fixed current profile error:                                 0.000e+00  -->   0.000e+00 (A)
Fixed Psi error:                                             0.000e+00  -->   0.000e+00 (Wb)
==============================================================================================================


===== optimizing section modes max(l,|m|) <= 10 =====

Building objective: QS two-term hat
Building objective: aspect ratio
Precomputing transforms
Timer: Precomputing transforms = 63.8 ms
Building objective: volume
Precomputing transforms
Timer: Precomputing transforms = 66.3 ms
Building objective: Generic
Timer: Objective build = 312 ms
Building objective: force
Precomputing transforms
Timer: Precomputing transforms = 101 ms
Timer: Objective build = 119 ms
Timer: Objective build = 1.85 ms
Timer: Eq Update LinearConstraintProjection build = 81.7 ms
Timer: Proximal projection build = 2.26 sec
Building objective: fixed cross-section R
Building objective: fixed cross-section Z
Building objective: fixed pressure
Building objective: fixed current
Building objective: fixed Psi
Timer: Objective build = 485 ms
Timer: LinearConstraintProjection build = 2.11 sec
Number of parameters: 66
Number of objectives: 1878
Timer: Initializing the optimization = 5.62 sec

Starting optimization
Using method: proximal-lsq-exact
Solver options:
------------------------------------------------------------
Maximum Function Evaluations       : 251
Maximum Allowed Total Δx Norm      : inf
Scaled Termination                 : True
Trust Region Method                : svd
Initial Trust Radius               : 9.908e-02
Maximum Trust Radius               : inf
Minimum Trust Radius               : 2.220e-16
Trust Radius Increase Ratio        : 2.000e+00
Trust Radius Decrease Ratio        : 2.500e-01
Trust Radius Increase Threshold    : 7.500e-01
Trust Radius Decrease Threshold    : 2.500e-01
------------------------------------------------------------ 

   Iteration     Total nfev        Cost      Cost reduction    Step norm     Optimality   
       0              1          9.225e-03                                    9.502e+00   
       1              6          9.130e-03      9.578e-05      1.455e-04      3.969e+01   
       2              7          9.021e-03      1.086e-04      1.654e-04      4.320e+01   
       3              8          8.892e-03      1.293e-04      1.852e-04      2.778e+01   
       4              9          8.822e-03      6.971e-05      4.181e-04      8.497e+01   
       5             10          8.528e-03      2.938e-04      4.856e-04      5.505e+01   
       6             12          8.368e-03      1.603e-04      2.654e-04      1.974e+01   
       7             13          8.288e-03      8.025e-05      5.348e-04      6.874e+01   
       8             14          8.049e-03      2.383e-04      5.714e-04      4.532e+01   
       9             15          7.860e-03      1.895e-04      1.172e-03      8.036e+01   
      10             16          7.504e-03      3.560e-04      1.121e-03      3.500e+01   
      11             17          7.363e-03      1.411e-04      1.055e-03      8.130e+01   
      12             18          7.006e-03      3.569e-04      1.016e-03      5.553e+01   
      13             19          6.795e-03      2.116e-04      1.006e-03      7.330e+01   
      14             20          6.495e-03      2.996e-04      1.026e-03      5.974e+01   
      15             21          6.249e-03      2.459e-04      1.061e-03      6.004e+01   
      16             22          5.986e-03      2.626e-04      1.105e-03      4.947e+01   
      17             23          5.749e-03      2.374e-04      1.152e-03      4.356e+01   
      18             24          5.517e-03      2.317e-04      1.199e-03      3.338e+01   
      19             25          5.302e-03      2.158e-04      1.244e-03      2.401e+01   
      20             26          5.277e-03      2.489e-05      2.369e-03      4.184e+01   
      21             31          5.178e-03      9.859e-05      9.887e-07      3.532e+01   
      22             32          5.122e-03      5.597e-05      6.143e-07      1.024e+01   
      23             51          5.122e-03      0.000e+00      0.000e+00      1.024e+01   
Warning: A bad approximation caused failure to predict improvement.
         Current function value: 5.122e-03
         Total delta_x: 1.727e-02
         Iterations: 23
         Function evaluations: 51
         Jacobian evaluations: 23
Timer: Solution time = 1.93 min
Timer: Avg time per step = 4.84 sec
==============================================================================================================
                                                                 Start  -->   End
Total (sum of squares):                                      9.225e-03  -->   5.122e-03, 
Maximum absolute QS two-term hat objective value:            7.781e-02  -->   6.076e-02 (Unknown)
Minimum absolute QS two-term hat objective value:            1.802e-05  -->   1.777e-06 (Unknown)
Average absolute QS two-term hat objective value:            1.262e-02  -->   9.477e-03 (Unknown)
Aspect ratio:                                                8.000e+00  -->   8.000e+00 (dimensionless)
Plasma volume:                                               3.352e-01  -->   3.272e-01 (m^3)
Generic objective value:                                     1.248e+00  -->   1.260e+00 (T)
Maximum absolute Force error:                                2.537e+01  -->   2.908e+01 (N)
Minimum absolute Force error:                                3.314e-05  -->   7.036e-06 (N)
Average absolute Force error:                                2.847e-01  -->   2.721e-01 (N)
Maximum absolute Force error:                                4.152e-04  -->   4.758e-04 (normalized)
Minimum absolute Force error:                                5.424e-10  -->   1.151e-10 (normalized)
Average absolute Force error:                                4.659e-06  -->   4.452e-06 (normalized)
Cross-section R error:                                       8.370e-23  -->   5.919e-23 (m)
Cross-section Z error:                                       2.426e-22  -->   5.294e-23 (m)
Fixed pressure profile error:                                0.000e+00  -->   0.000e+00 (Pa)
Fixed current profile error:                                 0.000e+00  -->   0.000e+00 (A)
Fixed Psi error:                                             0.000e+00  -->   0.000e+00 (Wb)
==============================================================================================================


===== optimizing section modes max(l,|m|) <= 11 =====

Building objective: QS two-term hat
Building objective: aspect ratio
Precomputing transforms
Timer: Precomputing transforms = 60.7 ms
Building objective: volume
Precomputing transforms
Timer: Precomputing transforms = 64.9 ms
Building objective: Generic
Timer: Objective build = 308 ms
Building objective: force
Precomputing transforms
Timer: Precomputing transforms = 103 ms
Timer: Objective build = 120 ms
Timer: Objective build = 1.85 ms
Timer: Eq Update LinearConstraintProjection build = 86.8 ms
Timer: Proximal projection build = 2.16 sec
Building objective: fixed cross-section R
Building objective: fixed cross-section Z
Building objective: fixed pressure
Building objective: fixed current
Building objective: fixed Psi
Timer: Objective build = 331 ms
Timer: LinearConstraintProjection build = 1.50 sec
Number of parameters: 78
Number of objectives: 1878
Timer: Initializing the optimization = 4.74 sec

Starting optimization
Using method: proximal-lsq-exact
Solver options:
------------------------------------------------------------
Maximum Function Evaluations       : 251
Maximum Allowed Total Δx Norm      : inf
Scaled Termination                 : True
Trust Region Method                : svd
Initial Trust Radius               : 1.054e-01
Maximum Trust Radius               : inf
Minimum Trust Radius               : 2.220e-16
Trust Radius Increase Ratio        : 2.000e+00
Trust Radius Decrease Ratio        : 2.500e-01
Trust Radius Increase Threshold    : 7.500e-01
Trust Radius Decrease Threshold    : 2.500e-01
------------------------------------------------------------ 

   Iteration     Total nfev        Cost      Cost reduction    Step norm     Optimality   
       0              1          5.152e-03                                    1.415e+01   
       1              5          4.774e-03      3.787e-04      1.340e-03      3.396e+01   
       2              8          4.734e-03      3.921e-05      1.952e-04      4.018e+01   
       3              9          4.686e-03      4.855e-05      2.196e-04      1.723e+01   
       4             10          4.634e-03      5.176e-05      4.309e-04      9.767e+00   
       5             11          4.541e-03      9.320e-05      7.456e-04      1.674e+01   
       6             12          4.371e-03      1.696e-04      1.144e-03      2.780e+01   
       7             18          4.353e-03      1.831e-05      1.030e-06      1.791e+01   
       8             36          4.353e-03      0.000e+00      0.000e+00      1.791e+01   
Warning: A bad approximation caused failure to predict improvement.
         Current function value: 4.353e-03
         Total delta_x: 4.073e-03
         Iterations: 8
         Function evaluations: 36
         Jacobian evaluations: 8
Timer: Solution time = 1.75 min
Timer: Avg time per step = 11.6 sec
==============================================================================================================
                                                                 Start  -->   End
Total (sum of squares):                                      5.152e-03  -->   4.353e-03, 
Maximum absolute QS two-term hat objective value:            6.060e-02  -->   5.757e-02 (Unknown)
Minimum absolute QS two-term hat objective value:            9.950e-07  -->   3.549e-06 (Unknown)
Average absolute QS two-term hat objective value:            9.523e-03  -->   8.774e-03 (Unknown)
Aspect ratio:                                                8.000e+00  -->   8.000e+00 (dimensionless)
Plasma volume:                                               3.272e-01  -->   3.252e-01 (m^3)
Generic objective value:                                     1.259e+00  -->   1.264e+00 (T)
Maximum absolute Force error:                                2.908e+01  -->   2.903e+01 (N)
Minimum absolute Force error:                                7.036e-06  -->   3.989e-05 (N)
Average absolute Force error:                                2.721e-01  -->   2.693e-01 (N)
Maximum absolute Force error:                                4.525e-04  -->   4.517e-04 (normalized)
Minimum absolute Force error:                                1.095e-10  -->   6.207e-10 (normalized)
Average absolute Force error:                                4.233e-06  -->   4.191e-06 (normalized)
Cross-section R error:                                       6.484e-23  -->   2.647e-23 (m)
Cross-section Z error:                                       2.668e-23  -->   0.000e+00 (m)
Fixed pressure profile error:                                0.000e+00  -->   0.000e+00 (Pa)
Fixed current profile error:                                 0.000e+00  -->   0.000e+00 (A)
Fixed Psi error:                                             0.000e+00  -->   0.000e+00 (Wb)
==============================================================================================================


===== optimizing section modes max(l,|m|) <= 12 =====

Building objective: QS two-term hat
Building objective: aspect ratio
Precomputing transforms
Timer: Precomputing transforms = 64.9 ms
Building objective: volume
Precomputing transforms
Timer: Precomputing transforms = 63.7 ms
Building objective: Generic
Timer: Objective build = 309 ms
Building objective: force
Precomputing transforms
Timer: Precomputing transforms = 100 ms
Timer: Objective build = 117 ms
Timer: Objective build = 1.88 ms
Timer: Eq Update LinearConstraintProjection build = 80.9 ms
Timer: Proximal projection build = 2.38 sec
Building objective: fixed cross-section R
Building objective: fixed cross-section Z
Building objective: fixed pressure
Building objective: fixed current
Building objective: fixed Psi
Timer: Objective build = 116 ms
Timer: LinearConstraintProjection build = 1.30 sec
Number of parameters: 91
Number of objectives: 1878
Timer: Initializing the optimization = 4.52 sec

Starting optimization
Using method: proximal-lsq-exact
Solver options:
------------------------------------------------------------
Maximum Function Evaluations       : 251
Maximum Allowed Total Δx Norm      : inf
Scaled Termination                 : True
Trust Region Method                : svd
Initial Trust Radius               : 1.120e-01
Maximum Trust Radius               : inf
Minimum Trust Radius               : 2.220e-16
Trust Radius Increase Ratio        : 2.000e+00
Trust Radius Decrease Ratio        : 2.500e-01
Trust Radius Increase Threshold    : 7.500e-01
Trust Radius Decrease Threshold    : 2.500e-01
------------------------------------------------------------ 

   Iteration     Total nfev        Cost      Cost reduction    Step norm     Optimality   
       0              1          4.364e-03                                    2.209e+01   
       1              5          4.171e-03      1.930e-04      9.896e-04      1.155e+01   
       2             11          4.147e-03      2.436e-05      7.019e-07      2.546e+01   
       3             12          4.143e-03      3.514e-06      1.496e-06      2.109e+01   
Optimization terminated successfully.
`ftol` condition satisfied. (ftol=1.00e-03)
         Current function value: 4.143e-03
         Total delta_x: 9.912e-04
         Iterations: 3
         Function evaluations: 12
         Jacobian evaluations: 4
Timer: Solution time = 1.15 min
Timer: Avg time per step = 17.3 sec
==============================================================================================================
                                                                 Start  -->   End
Total (sum of squares):                                      4.364e-03  -->   4.143e-03, 
Maximum absolute QS two-term hat objective value:            5.744e-02  -->   5.602e-02 (Unknown)
Minimum absolute QS two-term hat objective value:            7.545e-06  -->   4.449e-07 (Unknown)
Average absolute QS two-term hat objective value:            8.787e-03  -->   8.601e-03 (Unknown)
Aspect ratio:                                                8.000e+00  -->   8.000e+00 (dimensionless)
Plasma volume:                                               3.252e-01  -->   3.249e-01 (m^3)
Generic objective value:                                     1.264e+00  -->   1.264e+00 (T)
Maximum absolute Force error:                                2.903e+01  -->   2.900e+01 (N)
Minimum absolute Force error:                                3.989e-05  -->   3.212e-05 (N)
Average absolute Force error:                                2.693e-01  -->   2.690e-01 (N)
Maximum absolute Force error:                                4.470e-04  -->   4.466e-04 (normalized)
Minimum absolute Force error:                                6.141e-10  -->   4.945e-10 (normalized)
Average absolute Force error:                                4.147e-06  -->   4.141e-06 (normalized)
Cross-section R error:                                       0.000e+00  -->   0.000e+00 (m)
Cross-section Z error:                                       0.000e+00  -->   0.000e+00 (m)
Fixed pressure profile error:                                0.000e+00  -->   0.000e+00 (Pa)
Fixed current profile error:                                 0.000e+00  -->   0.000e+00 (A)
Fixed Psi error:                                             0.000e+00  -->   0.000e+00 (Wb)
==============================================================================================================

step 0    V =    0.307  R0/a =  7.995  <|B|> =  1.2599  f_B = [0.1718 0.1764 0.1833]  f_C = [0.5259 0.5153 0.4994]
step 1    V =    0.393  R0/a =  8.006  <|B|> =  1.1283  f_B = [0.0435 0.0557 0.0681]  f_C = [0.1307 0.1625 0.1899]
step 2    V =    0.390  R0/a =  8.002  <|B|> =  1.1361  f_B = [0.0432 0.0552 0.0675]  f_C = [0.1339 0.1655 0.1933]
step 3    V =    0.390  R0/a =  8.002  <|B|> =  1.1361  f_B = [0.0432 0.0552 0.0675]  f_C = [0.1339 0.1655 0.1933]
step 4    V =    0.387  R0/a =  7.998  <|B|> =  1.1440  f_B = [0.043  0.0552 0.0677]  f_C = [0.1363 0.1683 0.197 ]
step 5    V =    0.335  R0/a =  7.996  <|B|> =  1.2547  f_B = [0.0078 0.0115 0.0168]  f_C = [0.0216 0.0323 0.0478]
step 6    V =    0.328  R0/a =  8.000  <|B|> =  1.2845  f_B = [0.0062 0.0095 0.0139]  f_C = [0.0189 0.0285 0.0431]
step 7    V =    0.337  R0/a =  8.000  <|B|> =  1.2504  f_B = [0.0029 0.0047 0.0074]  f_C = [0.0093 0.0145 0.0237]
step 8    V =    0.335  R0/a =  8.000  <|B|> =  1.2476  f_B = [0.0025 0.0038 0.0058]  f_C = [0.0073 0.0111 0.018 ]
step 9    V =    0.327  R0/a =  8.000  <|B|> =  1.2595  f_B = [0.0019 0.0028 0.0042]  f_C = [0.0057 0.0086 0.0137]
step 10   V =    0.325  R0/a =  8.000  <|B|> =  1.2639  f_B = [0.0018 0.0026 0.0039]  f_C = [0.0052 0.008  0.013 ]
step 11   V =    0.325  R0/a =  8.000  <|B|> =  1.2644  f_B = [0.0017 0.0025 0.0038]  f_C = [0.0051 0.0078 0.0128]
