DESC /home/ye2698/DESC
8a54240a7  (HEAD -> dp/poincare, tag: poincare-bc-paper, origin/dp/poincare) Merge branch 'master' into dp/poincare
DESC version=0.17.3+411.g8a54240a7.
Using JAX backend: jax version=0.9.2, jaxlib version=0.9.2, dtype=float64.
Using device: NVIDIA A100-PCIE-40GB (id=0), with 40.00 GB available memory.
two-term: dim_f = 1875, initial norm = 3.3307e+01

===== optimizing section modes max(l,|m|) <= 2 =====

Building objective: QS two-term hat
Building objective: aspect ratio
Precomputing transforms
Timer: Precomputing transforms = 63.7 ms
Building objective: volume
Precomputing transforms
Timer: Precomputing transforms = 66.6 ms
Building objective: Generic
Timer: Objective build = 330 ms
Building objective: force
Precomputing transforms
Timer: Precomputing transforms = 1.33 sec
Timer: Objective build = 2.38 sec
Timer: Objective build = 2.90 ms
Timer: Eq Update LinearConstraintProjection build = 4.77 sec
Timer: Proximal projection build = 44.9 sec
Building objective: fixed cross-section R
Building objective: fixed cross-section Z
Building objective: fixed pressure
Building objective: fixed current
Building objective: fixed Psi
Timer: Objective build = 853 ms
Timer: LinearConstraintProjection build = 2.12 sec
Number of parameters: 6
Number of objectives: 1878
Timer: Initializing the optimization = 48.5 sec

Starting optimization
Using method: proximal-lsq-exact
Solver options:
------------------------------------------------------------
Maximum Function Evaluations       : 251
Maximum Allowed Total Δx Norm      : inf
Scaled Termination                 : True
Trust Region Method                : svd
Initial Trust Radius               : 4.276e-02
Maximum Trust Radius               : inf
Minimum Trust Radius               : 2.220e-16
Trust Radius Increase Ratio        : 2.000e+00
Trust Radius Decrease Ratio        : 2.500e-01
Trust Radius Increase Threshold    : 7.500e-01
Trust Radius Decrease Threshold    : 2.500e-01
------------------------------------------------------------ 

   Iteration     Total nfev        Cost      Cost reduction    Step norm     Optimality   
       0              1          1.762e+01                                    1.632e+04   
       1              2          2.927e+00      1.469e+01      1.288e-01      8.988e+02   
       2              3          1.780e+00      1.147e+00      3.094e-02      2.990e+02   
       3              5          1.690e+00      8.943e-02      1.223e-03      1.681e+02   
       4              9          1.689e+00      1.327e-03      4.273e-05      1.342e+02   
       5             28          1.689e+00      0.000e+00      0.000e+00      1.342e+02   
Warning: A bad approximation caused failure to predict improvement.
         Current function value: 1.689e+00
         Total delta_x: 9.854e-02
         Iterations: 5
         Function evaluations: 28
         Jacobian evaluations: 5
Timer: Solution time = 2.00 min
Timer: Avg time per step = 20.0 sec
==============================================================================================================
                                                                 Start  -->   End
Total (sum of squares):                                      1.762e+01  -->   1.689e+00, 
Maximum absolute QS two-term hat objective value:            2.355e+00  -->   9.381e-01 (Unknown)
Minimum absolute QS two-term hat objective value:            9.465e-04  -->   2.579e-04 (Unknown)
Average absolute QS two-term hat objective value:            6.079e-01  -->   1.844e-01 (Unknown)
Aspect ratio:                                                7.995e+00  -->   7.954e+00 (dimensionless)
Plasma volume:                                               3.071e-01  -->   3.344e-01 (m^3)
Generic objective value:                                     1.260e+00  -->   1.250e+00 (T)
Maximum absolute Force error:                                1.893e+01  -->   3.009e+01 (N)
Minimum absolute Force error:                                3.514e-06  -->   6.210e-06 (N)
Average absolute Force error:                                2.199e-01  -->   2.339e-01 (N)
Maximum absolute Force error:                                2.562e-04  -->   4.072e-04 (normalized)
Minimum absolute Force error:                                4.755e-11  -->   8.403e-11 (normalized)
Average absolute Force error:                                2.976e-06  -->   3.164e-06 (normalized)
Cross-section R error:                                       1.085e-19  -->   3.388e-21 (m)
Cross-section Z error:                                       9.585e-21  -->   0.000e+00 (m)
Fixed pressure profile error:                                0.000e+00  -->   0.000e+00 (Pa)
Fixed current profile error:                                 0.000e+00  -->   0.000e+00 (A)
Fixed Psi error:                                             0.000e+00  -->   0.000e+00 (Wb)
==============================================================================================================


===== optimizing section modes max(l,|m|) <= 3 =====

Building objective: QS two-term hat
Building objective: aspect ratio
Precomputing transforms
Timer: Precomputing transforms = 67.0 ms
Building objective: volume
Precomputing transforms
Timer: Precomputing transforms = 63.3 ms
Building objective: Generic
Timer: Objective build = 315 ms
Building objective: force
Precomputing transforms
Timer: Precomputing transforms = 102 ms
Timer: Objective build = 119 ms
Timer: Objective build = 1.92 ms
Timer: Eq Update LinearConstraintProjection build = 101 ms
Timer: Proximal projection build = 2.13 sec
Building objective: fixed cross-section R
Building objective: fixed cross-section Z
Building objective: fixed pressure
Building objective: fixed current
Building objective: fixed Psi
Timer: Objective build = 463 ms
Timer: LinearConstraintProjection build = 2.25 sec
Number of parameters: 10
Number of objectives: 1878
Timer: Initializing the optimization = 5.43 sec

Starting optimization
Using method: proximal-lsq-exact
Solver options:
------------------------------------------------------------
Maximum Function Evaluations       : 251
Maximum Allowed Total Δx Norm      : inf
Scaled Termination                 : True
Trust Region Method                : svd
Initial Trust Radius               : 4.539e-02
Maximum Trust Radius               : inf
Minimum Trust Radius               : 2.220e-16
Trust Radius Increase Ratio        : 2.000e+00
Trust Radius Decrease Ratio        : 2.500e-01
Trust Radius Increase Threshold    : 7.500e-01
Trust Radius Decrease Threshold    : 2.500e-01
------------------------------------------------------------ 

   Iteration     Total nfev        Cost      Cost reduction    Step norm     Optimality   
       0              1          1.690e+00                                    3.180e+02   
       1              3          1.582e+00      1.077e-01      7.148e-03      1.992e+03   
       2              4          1.542e+00      4.034e-02      7.091e-03      1.190e+03   
       3              5          1.018e+00      5.245e-01      4.167e-03      5.276e+02   
       4              6          9.774e-01      4.017e-02      7.335e-03      8.603e+02   
       5              7          7.479e-01      2.294e-01      9.830e-04      1.404e+02   
       6              8          6.929e-01      5.502e-02      2.783e-03      4.182e+01   
       7             10          6.783e-01      1.466e-02      1.527e-03      1.479e+02   
       8             11          6.715e-01      6.746e-03      4.251e-03      8.582e+01   
       9             12          6.625e-01      9.042e-03      5.232e-03      5.531e+01   
      10             13          6.432e-01      1.933e-02      5.218e-03      1.030e+02   
      11             14          6.385e-01      4.653e-03      8.917e-03      6.656e+02   
      12             15          5.916e-01      4.686e-02      1.802e-03      8.922e+01   
      13             16          5.813e-01      1.036e-02      1.337e-03      2.019e+02   
      14             17          5.711e-01      1.021e-02      1.856e-03      5.498e+01   
      15             21          5.706e-01      4.677e-04      2.254e-04      9.003e+00   
Optimization terminated successfully.
`ftol` condition satisfied. (ftol=1.00e-03)
         Current function value: 5.706e-01
         Total delta_x: 5.651e-02
         Iterations: 15
         Function evaluations: 21
         Jacobian evaluations: 16
Timer: Solution time = 1.36 min
Timer: Avg time per step = 5.11 sec
==============================================================================================================
                                                                 Start  -->   End
Total (sum of squares):                                      1.690e+00  -->   5.706e-01, 
Maximum absolute QS two-term hat objective value:            9.382e-01  -->   5.268e-01 (Unknown)
Minimum absolute QS two-term hat objective value:            4.286e-04  -->   8.745e-05 (Unknown)
Average absolute QS two-term hat objective value:            1.845e-01  -->   1.032e-01 (Unknown)
Aspect ratio:                                                7.955e+00  -->   8.028e+00 (dimensionless)
Plasma volume:                                               3.344e-01  -->   3.040e-01 (m^3)
Generic objective value:                                     1.250e+00  -->   1.312e+00 (T)
Maximum absolute Force error:                                3.009e+01  -->   3.307e+01 (N)
Minimum absolute Force error:                                6.210e-06  -->   8.628e-06 (N)
Average absolute Force error:                                2.339e-01  -->   3.900e-01 (N)
Maximum absolute Force error:                                5.143e-04  -->   5.651e-04 (normalized)
Minimum absolute Force error:                                1.061e-10  -->   1.474e-10 (normalized)
Average absolute Force error:                                3.996e-06  -->   6.664e-06 (normalized)
Cross-section R error:                                       1.086e-19  -->   4.235e-22 (m)
Cross-section Z error:                                       5.463e-20  -->   0.000e+00 (m)
Fixed pressure profile error:                                0.000e+00  -->   0.000e+00 (Pa)
Fixed current profile error:                                 0.000e+00  -->   0.000e+00 (A)
Fixed Psi error:                                             0.000e+00  -->   0.000e+00 (Wb)
==============================================================================================================


===== optimizing section modes max(l,|m|) <= 4 =====

Building objective: QS two-term hat
Building objective: aspect ratio
Precomputing transforms
Timer: Precomputing transforms = 68.5 ms
Building objective: volume
Precomputing transforms
Timer: Precomputing transforms = 66.5 ms
Building objective: Generic
Timer: Objective build = 317 ms
Building objective: force
Precomputing transforms
Timer: Precomputing transforms = 107 ms
Timer: Objective build = 124 ms
Timer: Objective build = 1.84 ms
Timer: Eq Update LinearConstraintProjection build = 73.9 ms
Timer: Proximal projection build = 2.25 sec
Building objective: fixed cross-section R
Building objective: fixed cross-section Z
Building objective: fixed pressure
Building objective: fixed current
Building objective: fixed Psi
Timer: Objective build = 317 ms
Timer: LinearConstraintProjection build = 1.87 sec
Number of parameters: 15
Number of objectives: 1878
Timer: Initializing the optimization = 5.04 sec

Starting optimization
Using method: proximal-lsq-exact
Solver options:
------------------------------------------------------------
Maximum Function Evaluations       : 251
Maximum Allowed Total Δx Norm      : inf
Scaled Termination                 : True
Trust Region Method                : svd
Initial Trust Radius               : 4.410e-02
Maximum Trust Radius               : inf
Minimum Trust Radius               : 2.220e-16
Trust Radius Increase Ratio        : 2.000e+00
Trust Radius Decrease Ratio        : 2.500e-01
Trust Radius Increase Threshold    : 7.500e-01
Trust Radius Decrease Threshold    : 2.500e-01
------------------------------------------------------------ 

   Iteration     Total nfev        Cost      Cost reduction    Step norm     Optimality   
       0              1          5.708e-01                                    1.516e+01   
       1              2          5.693e-01      1.578e-03      2.635e-02      6.793e+02   
       2              3          4.761e-01      9.316e-02      7.223e-03      8.968e+02   
       3              4          4.251e-01      5.099e-02      3.481e-03      6.869e+02   
       4              6          3.791e-01      4.605e-02      1.680e-03      1.169e+02   
       5              7          3.304e-01      4.864e-02      3.951e-03      9.569e+01   
       6              9          3.166e-01      1.387e-02      3.143e-03      2.525e+02   
       7             10          3.049e-01      1.171e-02      6.142e-03      5.505e+02   
       8             11          2.772e-01      2.769e-02      5.755e-03      4.100e+02   
       9             12          2.597e-01      1.746e-02      5.362e-03      7.449e+02   
      10             14          2.462e-01      1.353e-02      3.063e-03      3.070e+02   
      11             16          2.208e-01      2.541e-02      9.658e-04      1.700e+02   
      12             18          2.187e-01      2.095e-03      5.382e-04      2.203e+01   
      13             19          2.180e-01      6.685e-04      5.667e-04      2.114e+01   
      14             20          2.175e-01      4.855e-04      5.519e-04      1.926e+01   
      15             21          2.170e-01      4.807e-04      5.446e-04      1.939e+01   
      16             22          2.166e-01      4.608e-04      5.432e-04      1.947e+01   
      17             23          2.161e-01      4.410e-04      5.440e-04      1.972e+01   
      18             24          2.157e-01      4.183e-04      5.455e-04      1.991e+01   
      19             25          2.153e-01      3.941e-04      5.471e-04      2.010e+01   
      20             26          2.149e-01      3.691e-04      5.485e-04      2.026e+01   
      21             27          2.146e-01      3.438e-04      5.496e-04      2.040e+01   
      22             28          2.143e-01      3.184e-04      5.505e-04      2.053e+01   
      23             29          2.140e-01      2.934e-04      5.510e-04      2.065e+01   
      24             30          2.137e-01      2.687e-04      5.513e-04      2.076e+01   
      25             31          2.135e-01      2.446e-04      5.513e-04      2.088e+01   
      26             32          2.133e-01      2.211e-04      5.510e-04      2.099e+01   
      27             33          2.131e-01      1.982e-04      5.503e-04      2.110e+01   
Optimization terminated successfully.
`ftol` condition satisfied. (ftol=1.00e-03)
         Current function value: 2.131e-01
         Total delta_x: 7.269e-02
         Iterations: 27
         Function evaluations: 33
         Jacobian evaluations: 28
Timer: Solution time = 1.89 min
Timer: Avg time per step = 4.05 sec
==============================================================================================================
                                                                 Start  -->   End
Total (sum of squares):                                      5.708e-01  -->   2.131e-01, 
Maximum absolute QS two-term hat objective value:            5.268e-01  -->   2.893e-01 (Unknown)
Minimum absolute QS two-term hat objective value:            1.215e-04  -->   6.614e-05 (Unknown)
Average absolute QS two-term hat objective value:            1.032e-01  -->   6.379e-02 (Unknown)
Aspect ratio:                                                8.028e+00  -->   8.003e+00 (dimensionless)
Plasma volume:                                               3.040e-01  -->   2.798e-01 (m^3)
Generic objective value:                                     1.312e+00  -->   1.306e+00 (T)
Maximum absolute Force error:                                3.307e+01  -->   3.870e+01 (N)
Minimum absolute Force error:                                8.628e-06  -->   3.316e-05 (N)
Average absolute Force error:                                3.900e-01  -->   4.441e-01 (N)
Maximum absolute Force error:                                5.061e-04  -->   5.923e-04 (normalized)
Minimum absolute Force error:                                1.320e-10  -->   5.075e-10 (normalized)
Average absolute Force error:                                5.968e-06  -->   6.797e-06 (normalized)
Cross-section R error:                                       1.355e-20  -->   0.000e+00 (m)
Cross-section Z error:                                       2.593e-22  -->   0.000e+00 (m)
Fixed pressure profile error:                                0.000e+00  -->   0.000e+00 (Pa)
Fixed current profile error:                                 0.000e+00  -->   0.000e+00 (A)
Fixed Psi error:                                             0.000e+00  -->   0.000e+00 (Wb)
==============================================================================================================


===== optimizing section modes max(l,|m|) <= 5 =====

Building objective: QS two-term hat
Building objective: aspect ratio
Precomputing transforms
Timer: Precomputing transforms = 65.0 ms
Building objective: volume
Precomputing transforms
Timer: Precomputing transforms = 69.4 ms
Building objective: Generic
Timer: Objective build = 317 ms
Building objective: force
Precomputing transforms
Timer: Precomputing transforms = 103 ms
Timer: Objective build = 121 ms
Timer: Objective build = 1.86 ms
Timer: Eq Update LinearConstraintProjection build = 76.5 ms
Timer: Proximal projection build = 2.09 sec
Building objective: fixed cross-section R
Building objective: fixed cross-section Z
Building objective: fixed pressure
Building objective: fixed current
Building objective: fixed Psi
Timer: Objective build = 479 ms
Timer: LinearConstraintProjection build = 1.91 sec
Number of parameters: 21
Number of objectives: 1878
Timer: Initializing the optimization = 5.13 sec

Starting optimization
Using method: proximal-lsq-exact
Solver options:
------------------------------------------------------------
Maximum Function Evaluations       : 251
Maximum Allowed Total Δx Norm      : inf
Scaled Termination                 : True
Trust Region Method                : svd
Initial Trust Radius               : 5.201e-02
Maximum Trust Radius               : inf
Minimum Trust Radius               : 2.220e-16
Trust Radius Increase Ratio        : 2.000e+00
Trust Radius Decrease Ratio        : 2.500e-01
Trust Radius Increase Threshold    : 7.500e-01
Trust Radius Decrease Threshold    : 2.500e-01
------------------------------------------------------------ 

   Iteration     Total nfev        Cost      Cost reduction    Step norm     Optimality   
       0              1          2.134e-01                                    4.883e+01   
       1              3          2.128e-01      5.803e-04      7.134e-03      5.146e+02   
       2              6          1.969e-01      1.583e-02      1.323e-04      1.667e+02   
       3              7          1.944e-01      2.574e-03      1.559e-04      6.253e+01   
       4              9          1.942e-01      1.560e-04      3.791e-05      1.194e+01   
Optimization terminated successfully.
`ftol` condition satisfied. (ftol=1.00e-03)
         Current function value: 1.942e-01
         Total delta_x: 7.219e-03
         Iterations: 4
         Function evaluations: 9
         Jacobian evaluations: 5
Timer: Solution time = 1.08 min
Timer: Avg time per step = 12.9 sec
==============================================================================================================
                                                                 Start  -->   End
Total (sum of squares):                                      2.134e-01  -->   1.942e-01, 
Maximum absolute QS two-term hat objective value:            2.895e-01  -->   2.661e-01 (Unknown)
Minimum absolute QS two-term hat objective value:            2.152e-05  -->   7.285e-06 (Unknown)
Average absolute QS two-term hat objective value:            6.380e-02  -->   6.142e-02 (Unknown)
Aspect ratio:                                                8.003e+00  -->   8.006e+00 (dimensionless)
Plasma volume:                                               2.798e-01  -->   2.794e-01 (m^3)
Generic objective value:                                     1.306e+00  -->   1.293e+00 (T)
Maximum absolute Force error:                                3.870e+01  -->   3.624e+01 (N)
Minimum absolute Force error:                                3.316e-05  -->   1.946e-04 (N)
Average absolute Force error:                                4.441e-01  -->   4.252e-01 (N)
Maximum absolute Force error:                                4.036e-04  -->   3.778e-04 (normalized)
Minimum absolute Force error:                                3.458e-10  -->   2.029e-09 (normalized)
Average absolute Force error:                                4.631e-06  -->   4.434e-06 (normalized)
Cross-section R error:                                       8.312e-21  -->   6.796e-21 (m)
Cross-section Z error:                                       5.519e-20  -->   5.897e-20 (m)
Fixed pressure profile error:                                0.000e+00  -->   0.000e+00 (Pa)
Fixed current profile error:                                 0.000e+00  -->   0.000e+00 (A)
Fixed Psi error:                                             0.000e+00  -->   0.000e+00 (Wb)
==============================================================================================================


===== optimizing section modes max(l,|m|) <= 6 =====

Building objective: QS two-term hat
Building objective: aspect ratio
Precomputing transforms
Timer: Precomputing transforms = 66.2 ms
Building objective: volume
Precomputing transforms
Timer: Precomputing transforms = 66.1 ms
Building objective: Generic
Timer: Objective build = 318 ms
Building objective: force
Precomputing transforms
Timer: Precomputing transforms = 102 ms
Timer: Objective build = 119 ms
Timer: Objective build = 1.91 ms
Timer: Eq Update LinearConstraintProjection build = 79.9 ms
Timer: Proximal projection build = 2.36 sec
Building objective: fixed cross-section R
Building objective: fixed cross-section Z
Building objective: fixed pressure
Building objective: fixed current
Building objective: fixed Psi
Timer: Objective build = 321 ms
Timer: LinearConstraintProjection build = 1.95 sec
Number of parameters: 28
Number of objectives: 1878
Timer: Initializing the optimization = 5.29 sec

Starting optimization
Using method: proximal-lsq-exact
Solver options:
------------------------------------------------------------
Maximum Function Evaluations       : 251
Maximum Allowed Total Δx Norm      : inf
Scaled Termination                 : True
Trust Region Method                : svd
Initial Trust Radius               : 5.507e-02
Maximum Trust Radius               : inf
Minimum Trust Radius               : 2.220e-16
Trust Radius Increase Ratio        : 2.000e+00
Trust Radius Decrease Ratio        : 2.500e-01
Trust Radius Increase Threshold    : 7.500e-01
Trust Radius Decrease Threshold    : 2.500e-01
------------------------------------------------------------ 

   Iteration     Total nfev        Cost      Cost reduction    Step norm     Optimality   
       0              1          1.943e-01                                    1.571e+01   
       1              6          1.940e-01      3.449e-04      1.125e-04      4.907e+01   
       2             26          1.940e-01      0.000e+00      0.000e+00      4.907e+01   
Warning: A bad approximation caused failure to predict improvement.
         Current function value: 1.940e-01
         Total delta_x: 1.125e-04
         Iterations: 2
         Function evaluations: 26
         Jacobian evaluations: 2
Timer: Solution time = 1.46 min
Timer: Avg time per step = 29.2 sec
==============================================================================================================
                                                                 Start  -->   End
Total (sum of squares):                                      1.943e-01  -->   1.940e-01, 
Maximum absolute QS two-term hat objective value:            2.665e-01  -->   2.701e-01 (Unknown)
Minimum absolute QS two-term hat objective value:            3.147e-05  -->   2.006e-05 (Unknown)
Average absolute QS two-term hat objective value:            6.142e-02  -->   6.118e-02 (Unknown)
Aspect ratio:                                                8.006e+00  -->   8.005e+00 (dimensionless)
Plasma volume:                                               2.794e-01  -->   2.790e-01 (m^3)
Generic objective value:                                     1.293e+00  -->   1.295e+00 (T)
Maximum absolute Force error:                                3.624e+01  -->   3.608e+01 (N)
Minimum absolute Force error:                                1.946e-04  -->   2.679e-06 (N)
Average absolute Force error:                                4.252e-01  -->   4.239e-01 (N)
Maximum absolute Force error:                                3.550e-04  -->   3.535e-04 (normalized)
Minimum absolute Force error:                                1.906e-09  -->   2.624e-11 (normalized)
Average absolute Force error:                                4.166e-06  -->   4.153e-06 (normalized)
Cross-section R error:                                       3.402e-21  -->   3.395e-21 (m)
Cross-section Z error:                                       6.833e-21  -->   8.731e-22 (m)
Fixed pressure profile error:                                0.000e+00  -->   0.000e+00 (Pa)
Fixed current profile error:                                 0.000e+00  -->   0.000e+00 (A)
Fixed Psi error:                                             0.000e+00  -->   0.000e+00 (Wb)
==============================================================================================================


===== optimizing section modes max(l,|m|) <= 7 =====

Building objective: QS two-term hat
Building objective: aspect ratio
Precomputing transforms
Timer: Precomputing transforms = 67.8 ms
Building objective: volume
Precomputing transforms
Timer: Precomputing transforms = 67.6 ms
Building objective: Generic
Timer: Objective build = 320 ms
Building objective: force
Precomputing transforms
Timer: Precomputing transforms = 103 ms
Timer: Objective build = 120 ms
Timer: Objective build = 1.84 ms
Timer: Eq Update LinearConstraintProjection build = 83.3 ms
Timer: Proximal projection build = 2.25 sec
Building objective: fixed cross-section R
Building objective: fixed cross-section Z
Building objective: fixed pressure
Building objective: fixed current
Building objective: fixed Psi
Timer: Objective build = 473 ms
Timer: LinearConstraintProjection build = 1.98 sec
Number of parameters: 36
Number of objectives: 1878
Timer: Initializing the optimization = 5.44 sec

Starting optimization
Using method: proximal-lsq-exact
Solver options:
------------------------------------------------------------
Maximum Function Evaluations       : 251
Maximum Allowed Total Δx Norm      : inf
Scaled Termination                 : True
Trust Region Method                : svd
Initial Trust Radius               : 5.643e-02
Maximum Trust Radius               : inf
Minimum Trust Radius               : 2.220e-16
Trust Radius Increase Ratio        : 2.000e+00
Trust Radius Decrease Ratio        : 2.500e-01
Trust Radius Increase Threshold    : 7.500e-01
Trust Radius Decrease Threshold    : 2.500e-01
------------------------------------------------------------ 

   Iteration     Total nfev        Cost      Cost reduction    Step norm     Optimality   
       0              1          1.941e-01                                    5.301e+01   
       1              5          1.911e-01      2.999e-03      4.187e-04      6.868e+01   
       2              6          1.879e-01      3.117e-03      4.466e-04      6.738e+01   
       3              7          1.852e-01      2.783e-03      5.760e-04      5.321e+01   
       4              8          1.825e-01      2.690e-03      6.945e-04      2.457e+01   
       5              9          1.781e-01      4.358e-03      1.545e-03      3.549e+01   
       6             10          1.738e-01      4.315e-03      1.542e-03      1.506e+01   
       7             11          1.695e-01      4.254e-03      1.517e-03      2.400e+01   
       8             12          1.690e-01      5.296e-04      8.297e-05      2.303e+01   
       9             13          1.607e-01      8.260e-03      2.761e-03      1.272e+02   
      10             14          1.513e-01      9.482e-03      2.528e-03      1.553e+02   
      11             15          1.401e-01      1.122e-02      2.346e-03      1.667e+02   
      12             17          1.338e-01      6.210e-03      1.105e-03      7.232e+01   
      13             18          1.273e-01      6.508e-03      1.020e-03      3.869e+01   
      14             19          1.147e-01      1.264e-02      1.773e-03      2.090e+02   
      15             22          1.091e-01      5.573e-03      2.261e-04      4.560e+01   
      16             23          1.048e-01      4.273e-03      3.188e-04      2.303e+01   
      17             24          9.829e-02      6.550e-03      6.544e-04      6.151e+01   
      18             25          8.821e-02      1.009e-02      1.356e-03      1.851e+02   
      19             26          7.857e-02      9.640e-03      2.592e-03      2.097e+02   
      20             27          5.815e-02      2.042e-02      1.298e-03      1.335e+02   
      21             28          4.741e-02      1.074e-02      1.208e-03      5.206e+02   
      22             30          4.539e-02      2.022e-03      5.879e-04      4.552e+02   
      23             31          3.373e-02      1.166e-02      4.975e-04      1.045e+02   
      24             32          3.238e-02      1.354e-03      3.822e-04      1.246e+02   
      25             33          3.129e-02      1.086e-03      3.940e-04      1.725e+02   
      26             34          3.019e-02      1.098e-03      4.200e-04      1.865e+02   
      27             35          2.908e-02      1.112e-03      4.137e-04      1.978e+02   
      28             36          2.768e-02      1.398e-03      3.882e-04      1.791e+02   
      29             37          2.642e-02      1.266e-03      3.514e-04      1.638e+02   
      30             38          2.506e-02      1.359e-03      3.223e-04      1.420e+02   
      31             39          2.390e-02      1.155e-03      2.812e-04      1.263e+02   
      32             40          2.250e-02      1.401e-03      2.737e-04      9.143e+01   
      33             41          2.130e-02      1.203e-03      3.592e-04      5.560e+01   
      34             42          1.952e-02      1.774e-03      1.133e-03      1.565e+01   
      35             44          1.873e-02      7.911e-04      6.497e-04      2.024e+01   
      36             45          1.821e-02      5.225e-04      7.371e-04      3.403e+00   
      37             46          1.766e-02      5.481e-04      7.577e-04      7.389e+00   
      38             47          1.723e-02      4.383e-04      6.732e-04      4.044e+00   
      39             48          1.682e-02      4.026e-04      5.314e-04      1.009e+01   
      40             49          1.639e-02      4.297e-04      3.161e-04      9.172e+00   
      41             50          1.596e-02      4.346e-04      1.543e-04      8.168e+00   
      42             51          1.554e-02      4.154e-04      5.716e-04      9.976e+01   
      43             52          1.450e-02      1.047e-03      8.560e-04      6.398e+01   
      44             54          1.387e-02      6.296e-04      3.734e-04      3.553e+00   
      45             55          1.334e-02      5.308e-04      1.229e-03      3.943e+01   
      46             56          1.284e-02      4.995e-04      3.386e-03      2.553e+01   
      47             57          1.222e-02      6.164e-04      3.103e-03      9.957e+01   
      48             60          1.087e-02      1.350e-03      2.835e-04      1.960e+01   
      49             61          1.066e-02      2.112e-04      4.017e-04      2.586e+01   
      50             62          1.054e-02      1.144e-04      4.265e-04      2.216e+01   
Warning: Maximum number of iterations has been exceeded.
         Current function value: 1.054e-02
         Total delta_x: 2.292e-02
         Iterations: 50
         Function evaluations: 62
         Jacobian evaluations: 51
Timer: Solution time = 3.42 min
Timer: Avg time per step = 4.02 sec
==============================================================================================================
                                                                 Start  -->   End
Total (sum of squares):                                      1.941e-01  -->   1.054e-02, 
Maximum absolute QS two-term hat objective value:            2.705e-01  -->   8.377e-02 (Unknown)
Minimum absolute QS two-term hat objective value:            7.184e-05  -->   9.378e-06 (Unknown)
Average absolute QS two-term hat objective value:            6.119e-02  -->   1.370e-02 (Unknown)
Aspect ratio:                                                8.005e+00  -->   7.998e+00 (dimensionless)
Plasma volume:                                               2.790e-01  -->   2.751e-01 (m^3)
Generic objective value:                                     1.295e+00  -->   1.263e+00 (T)
Maximum absolute Force error:                                3.608e+01  -->   2.590e+01 (N)
Minimum absolute Force error:                                2.679e-06  -->   3.187e-05 (N)
Average absolute Force error:                                4.239e-01  -->   3.977e-01 (N)
Maximum absolute Force error:                                3.540e-04  -->   2.541e-04 (normalized)
Minimum absolute Force error:                                2.628e-11  -->   3.127e-10 (normalized)
Average absolute Force error:                                4.158e-06  -->   3.901e-06 (normalized)
Cross-section R error:                                       3.415e-21  -->   1.016e-20 (m)
Cross-section Z error:                                       1.310e-21  -->   2.585e-21 (m)
Fixed pressure profile error:                                0.000e+00  -->   0.000e+00 (Pa)
Fixed current profile error:                                 0.000e+00  -->   0.000e+00 (A)
Fixed Psi error:                                             0.000e+00  -->   0.000e+00 (Wb)
==============================================================================================================


===== optimizing section modes max(l,|m|) <= 8 =====

Building objective: QS two-term hat
Building objective: aspect ratio
Precomputing transforms
Timer: Precomputing transforms = 68.4 ms
Building objective: volume
Precomputing transforms
Timer: Precomputing transforms = 66.2 ms
Building objective: Generic
Timer: Objective build = 320 ms
Building objective: force
Precomputing transforms
Timer: Precomputing transforms = 104 ms
Timer: Objective build = 122 ms
Timer: Objective build = 1.89 ms
Timer: Eq Update LinearConstraintProjection build = 83.8 ms
Timer: Proximal projection build = 2.29 sec
Building objective: fixed cross-section R
Building objective: fixed cross-section Z
Building objective: fixed pressure
Building objective: fixed current
Building objective: fixed Psi
Timer: Objective build = 489 ms
Timer: LinearConstraintProjection build = 2.05 sec
Number of parameters: 45
Number of objectives: 1878
Timer: Initializing the optimization = 5.56 sec

Starting optimization
Using method: proximal-lsq-exact
Solver options:
------------------------------------------------------------
Maximum Function Evaluations       : 251
Maximum Allowed Total Δx Norm      : inf
Scaled Termination                 : True
Trust Region Method                : svd
Initial Trust Radius               : 6.599e-02
Maximum Trust Radius               : inf
Minimum Trust Radius               : 2.220e-16
Trust Radius Increase Ratio        : 2.000e+00
Trust Radius Decrease Ratio        : 2.500e-01
Trust Radius Increase Threshold    : 7.500e-01
Trust Radius Decrease Threshold    : 2.500e-01
------------------------------------------------------------ 

   Iteration     Total nfev        Cost      Cost reduction    Step norm     Optimality   
       0              1          1.058e-02                                    2.579e+01   
       1              5          1.042e-02      1.614e-04      5.116e-04      2.434e+01   
       2              6          1.030e-02      1.187e-04      5.655e-04      2.480e+01   
       3              7          1.020e-02      9.965e-05      6.239e-04      2.600e+01   
       4              8          1.012e-02      8.732e-05      6.915e-04      2.656e+01   
       5              9          1.004e-02      7.523e-05      7.616e-04      2.683e+01   
       6             10          9.977e-03      6.435e-05      8.297e-04      2.651e+01   
       7             11          9.924e-03      5.363e-05      8.890e-04      2.566e+01   
       8             33          9.924e-03      0.000e+00      0.000e+00      2.566e+01   
Warning: A bad approximation caused failure to predict improvement.
         Current function value: 9.924e-03
         Total delta_x: 4.868e-03
         Iterations: 8
         Function evaluations: 33
         Jacobian evaluations: 8
Timer: Solution time = 1.35 min
Timer: Avg time per step = 9.01 sec
==============================================================================================================
                                                                 Start  -->   End
Total (sum of squares):                                      1.058e-02  -->   9.924e-03, 
Maximum absolute QS two-term hat objective value:            8.416e-02  -->   8.179e-02 (Unknown)
Minimum absolute QS two-term hat objective value:            3.304e-05  -->   1.094e-05 (Unknown)
Average absolute QS two-term hat objective value:            1.373e-02  -->   1.334e-02 (Unknown)
Aspect ratio:                                                7.998e+00  -->   7.998e+00 (dimensionless)
Plasma volume:                                               2.751e-01  -->   2.767e-01 (m^3)
Generic objective value:                                     1.263e+00  -->   1.262e+00 (T)
Maximum absolute Force error:                                2.590e+01  -->   2.669e+01 (N)
Minimum absolute Force error:                                3.187e-05  -->   3.922e-05 (N)
Average absolute Force error:                                3.977e-01  -->   4.028e-01 (N)
Maximum absolute Force error:                                2.004e-04  -->   2.066e-04 (normalized)
Minimum absolute Force error:                                2.466e-10  -->   3.035e-10 (normalized)
Average absolute Force error:                                3.077e-06  -->   3.117e-06 (normalized)
Cross-section R error:                                       4.910e-22  -->   3.310e-21 (m)
Cross-section Z error:                                       1.021e-21  -->   6.992e-21 (m)
Fixed pressure profile error:                                0.000e+00  -->   0.000e+00 (Pa)
Fixed current profile error:                                 0.000e+00  -->   0.000e+00 (A)
Fixed Psi error:                                             0.000e+00  -->   0.000e+00 (Wb)
==============================================================================================================


===== optimizing section modes max(l,|m|) <= 9 =====

Building objective: QS two-term hat
Building objective: aspect ratio
Precomputing transforms
Timer: Precomputing transforms = 66.1 ms
Building objective: volume
Precomputing transforms
Timer: Precomputing transforms = 63.1 ms
Building objective: Generic
Timer: Objective build = 307 ms
Building objective: force
Precomputing transforms
Timer: Precomputing transforms = 102 ms
Timer: Objective build = 120 ms
Timer: Objective build = 1.89 ms
Timer: Eq Update LinearConstraintProjection build = 81.6 ms
Timer: Proximal projection build = 2.27 sec
Building objective: fixed cross-section R
Building objective: fixed cross-section Z
Building objective: fixed pressure
Building objective: fixed current
Building objective: fixed Psi
Timer: Objective build = 474 ms
Timer: LinearConstraintProjection build = 2.02 sec
Number of parameters: 55
Number of objectives: 1878
Timer: Initializing the optimization = 5.51 sec

Starting optimization
Using method: proximal-lsq-exact
Solver options:
------------------------------------------------------------
Maximum Function Evaluations       : 251
Maximum Allowed Total Δx Norm      : inf
Scaled Termination                 : True
Trust Region Method                : svd
Initial Trust Radius               : 9.166e-02
Maximum Trust Radius               : inf
Minimum Trust Radius               : 2.220e-16
Trust Radius Increase Ratio        : 2.000e+00
Trust Radius Decrease Ratio        : 2.500e-01
Trust Radius Increase Threshold    : 7.500e-01
Trust Radius Decrease Threshold    : 2.500e-01
------------------------------------------------------------ 

   Iteration     Total nfev        Cost      Cost reduction    Step norm     Optimality   
       0              1          1.009e-02                                    3.390e+01   
       1              5          9.961e-03      1.341e-04      1.410e-03      3.186e+01   
       2              6          9.870e-03      9.115e-05      1.461e-03      2.770e+01   
       3              8          9.863e-03      6.676e-06      5.054e-04      1.116e+01   
       4             29          9.863e-03      0.000e+00      0.000e+00      1.116e+01   
Warning: A bad approximation caused failure to predict improvement.
         Current function value: 9.863e-03
         Total delta_x: 3.376e-03
         Iterations: 4
         Function evaluations: 29
         Jacobian evaluations: 4
Timer: Solution time = 1.20 min
Timer: Avg time per step = 14.4 sec
==============================================================================================================
                                                                 Start  -->   End
Total (sum of squares):                                      1.009e-02  -->   9.863e-03, 
Maximum absolute QS two-term hat objective value:            8.333e-02  -->   8.277e-02 (Unknown)
Minimum absolute QS two-term hat objective value:            3.220e-06  -->   1.903e-05 (Unknown)
Average absolute QS two-term hat objective value:            1.345e-02  -->   1.334e-02 (Unknown)
Aspect ratio:                                                7.998e+00  -->   7.999e+00 (dimensionless)
Plasma volume:                                               2.767e-01  -->   2.783e-01 (m^3)
Generic objective value:                                     1.262e+00  -->   1.260e+00 (T)
Maximum absolute Force error:                                2.669e+01  -->   2.684e+01 (N)
Minimum absolute Force error:                                3.922e-05  -->   1.833e-05 (N)
Average absolute Force error:                                4.028e-01  -->   4.025e-01 (N)
Maximum absolute Force error:                                2.120e-04  -->   2.131e-04 (normalized)
Minimum absolute Force error:                                3.114e-10  -->   1.456e-10 (normalized)
Average absolute Force error:                                3.198e-06  -->   3.196e-06 (normalized)
Cross-section R error:                                       4.852e-22  -->   1.327e-21 (m)
Cross-section Z error:                                       2.368e-22  -->   7.103e-22 (m)
Fixed pressure profile error:                                0.000e+00  -->   0.000e+00 (Pa)
Fixed current profile error:                                 0.000e+00  -->   0.000e+00 (A)
Fixed Psi error:                                             0.000e+00  -->   0.000e+00 (Wb)
==============================================================================================================


===== optimizing section modes max(l,|m|) <= 10 =====

Building objective: QS two-term hat
Building objective: aspect ratio
Precomputing transforms
Timer: Precomputing transforms = 58.8 ms
Building objective: volume
Precomputing transforms
Timer: Precomputing transforms = 58.9 ms
Building objective: Generic
Timer: Objective build = 293 ms
Building objective: force
Precomputing transforms
Timer: Precomputing transforms = 101 ms
Timer: Objective build = 118 ms
Timer: Objective build = 1.86 ms
Timer: Eq Update LinearConstraintProjection build = 80.5 ms
Timer: Proximal projection build = 2.28 sec
Building objective: fixed cross-section R
Building objective: fixed cross-section Z
Building objective: fixed pressure
Building objective: fixed current
Building objective: fixed Psi
Timer: Objective build = 465 ms
Timer: LinearConstraintProjection build = 2.06 sec
Number of parameters: 66
Number of objectives: 1878
Timer: Initializing the optimization = 5.55 sec

Starting optimization
Using method: proximal-lsq-exact
Solver options:
------------------------------------------------------------
Maximum Function Evaluations       : 251
Maximum Allowed Total Δx Norm      : inf
Scaled Termination                 : True
Trust Region Method                : svd
Initial Trust Radius               : 9.707e-02
Maximum Trust Radius               : inf
Minimum Trust Radius               : 2.220e-16
Trust Radius Increase Ratio        : 2.000e+00
Trust Radius Decrease Ratio        : 2.500e-01
Trust Radius Increase Threshold    : 7.500e-01
Trust Radius Decrease Threshold    : 2.500e-01
------------------------------------------------------------ 

   Iteration     Total nfev        Cost      Cost reduction    Step norm     Optimality   
       0              1          1.004e-02                                    1.729e+01   
       1              5          1.003e-02      2.139e-06      1.521e-03      1.974e+01   
       2              6          9.973e-03      6.063e-05      5.503e-04      3.018e+00   
       3             28          9.973e-03      0.000e+00      0.000e+00      3.018e+00   
Warning: A bad approximation caused failure to predict improvement.
         Current function value: 9.973e-03
         Total delta_x: 2.071e-03
         Iterations: 3
         Function evaluations: 28
         Jacobian evaluations: 3
Timer: Solution time = 1.12 min
Timer: Avg time per step = 16.8 sec
==============================================================================================================
                                                                 Start  -->   End
Total (sum of squares):                                      1.004e-02  -->   9.973e-03, 
Maximum absolute QS two-term hat objective value:            8.464e-02  -->   8.377e-02 (Unknown)
Minimum absolute QS two-term hat objective value:            2.775e-06  -->   2.695e-07 (Unknown)
Average absolute QS two-term hat objective value:            1.344e-02  -->   1.342e-02 (Unknown)
Aspect ratio:                                                7.999e+00  -->   8.000e+00 (dimensionless)
Plasma volume:                                               2.783e-01  -->   2.793e-01 (m^3)
Generic objective value:                                     1.259e+00  -->   1.257e+00 (T)
Maximum absolute Force error:                                2.684e+01  -->   2.717e+01 (N)
Minimum absolute Force error:                                1.833e-05  -->   6.157e-05 (N)
Average absolute Force error:                                4.025e-01  -->   4.010e-01 (N)
Maximum absolute Force error:                                2.156e-04  -->   2.182e-04 (normalized)
Minimum absolute Force error:                                1.473e-10  -->   4.946e-10 (normalized)
Average absolute Force error:                                3.234e-06  -->   3.222e-06 (normalized)
Cross-section R error:                                       5.919e-23  -->   7.487e-23 (m)
Cross-section Z error:                                       7.941e-23  -->   1.588e-22 (m)
Fixed pressure profile error:                                0.000e+00  -->   0.000e+00 (Pa)
Fixed current profile error:                                 0.000e+00  -->   0.000e+00 (A)
Fixed Psi error:                                             0.000e+00  -->   0.000e+00 (Wb)
==============================================================================================================


===== optimizing section modes max(l,|m|) <= 11 =====

Building objective: QS two-term hat
Building objective: aspect ratio
Precomputing transforms
Timer: Precomputing transforms = 60.1 ms
Building objective: volume
Precomputing transforms
Timer: Precomputing transforms = 59.1 ms
Building objective: Generic
Timer: Objective build = 293 ms
Building objective: force
Precomputing transforms
Timer: Precomputing transforms = 102 ms
Timer: Objective build = 120 ms
Timer: Objective build = 1.91 ms
Timer: Eq Update LinearConstraintProjection build = 79.9 ms
Timer: Proximal projection build = 2.13 sec
Building objective: fixed cross-section R
Building objective: fixed cross-section Z
Building objective: fixed pressure
Building objective: fixed current
Building objective: fixed Psi
Timer: Objective build = 321 ms
Timer: LinearConstraintProjection build = 1.63 sec
Number of parameters: 78
Number of objectives: 1878
Timer: Initializing the optimization = 4.80 sec

Starting optimization
Using method: proximal-lsq-exact
Solver options:
------------------------------------------------------------
Maximum Function Evaluations       : 251
Maximum Allowed Total Δx Norm      : inf
Scaled Termination                 : True
Trust Region Method                : svd
Initial Trust Radius               : 1.038e-01
Maximum Trust Radius               : inf
Minimum Trust Radius               : 2.220e-16
Trust Radius Increase Ratio        : 2.000e+00
Trust Radius Decrease Ratio        : 2.500e-01
Trust Radius Increase Threshold    : 7.500e-01
Trust Radius Decrease Threshold    : 2.500e-01
------------------------------------------------------------ 

   Iteration     Total nfev        Cost      Cost reduction    Step norm     Optimality   
       0              1          1.002e-02                                    4.135e+00   
       1              5          1.002e-02      1.651e-06      1.269e-03      1.514e+01   
       2              6          9.994e-03      2.705e-05      4.742e-04      2.308e+00   
       3             27          9.994e-03      0.000e+00      0.000e+00      2.308e+00   
Warning: A bad approximation caused failure to predict improvement.
         Current function value: 9.994e-03
         Total delta_x: 1.743e-03
         Iterations: 3
         Function evaluations: 27
         Jacobian evaluations: 3
Timer: Solution time = 1.17 min
Timer: Avg time per step = 17.5 sec
==============================================================================================================
                                                                 Start  -->   End
Total (sum of squares):                                      1.002e-02  -->   9.994e-03, 
Maximum absolute QS two-term hat objective value:            8.445e-02  -->   8.455e-02 (Unknown)
Minimum absolute QS two-term hat objective value:            1.123e-05  -->   2.093e-06 (Unknown)
Average absolute QS two-term hat objective value:            1.345e-02  -->   1.341e-02 (Unknown)
Aspect ratio:                                                8.000e+00  -->   8.000e+00 (dimensionless)
Plasma volume:                                               2.793e-01  -->   2.801e-01 (m^3)
Generic objective value:                                     1.257e+00  -->   1.255e+00 (T)
Maximum absolute Force error:                                2.717e+01  -->   2.737e+01 (N)
Minimum absolute Force error:                                6.157e-05  -->   3.820e-05 (N)
Average absolute Force error:                                4.010e-01  -->   3.995e-01 (N)
Maximum absolute Force error:                                2.192e-04  -->   2.209e-04 (normalized)
Minimum absolute Force error:                                4.969e-10  -->   3.083e-10 (normalized)
Average absolute Force error:                                3.236e-06  -->   3.224e-06 (normalized)
Cross-section R error:                                       7.948e-23  -->   1.590e-22 (m)
Cross-section Z error:                                       6.484e-23  -->   1.297e-22 (m)
Fixed pressure profile error:                                0.000e+00  -->   0.000e+00 (Pa)
Fixed current profile error:                                 0.000e+00  -->   0.000e+00 (A)
Fixed Psi error:                                             0.000e+00  -->   0.000e+00 (Wb)
==============================================================================================================


===== optimizing section modes max(l,|m|) <= 12 =====

Building objective: QS two-term hat
Building objective: aspect ratio
Precomputing transforms
Timer: Precomputing transforms = 58.9 ms
Building objective: volume
Precomputing transforms
Timer: Precomputing transforms = 58.8 ms
Building objective: Generic
Timer: Objective build = 298 ms
Building objective: force
Precomputing transforms
Timer: Precomputing transforms = 102 ms
Timer: Objective build = 120 ms
Timer: Objective build = 1.84 ms
Timer: Eq Update LinearConstraintProjection build = 81.5 ms
Timer: Proximal projection build = 2.15 sec
Building objective: fixed cross-section R
Building objective: fixed cross-section Z
Building objective: fixed pressure
Building objective: fixed current
Building objective: fixed Psi
Timer: Objective build = 119 ms
Timer: LinearConstraintProjection build = 1.28 sec
Number of parameters: 91
Number of objectives: 1878
Timer: Initializing the optimization = 4.45 sec

Starting optimization
Using method: proximal-lsq-exact
Solver options:
------------------------------------------------------------
Maximum Function Evaluations       : 251
Maximum Allowed Total Δx Norm      : inf
Scaled Termination                 : True
Trust Region Method                : svd
Initial Trust Radius               : 1.106e-01
Maximum Trust Radius               : inf
Minimum Trust Radius               : 2.220e-16
Trust Radius Increase Ratio        : 2.000e+00
Trust Radius Decrease Ratio        : 2.500e-01
Trust Radius Increase Threshold    : 7.500e-01
Trust Radius Decrease Threshold    : 2.500e-01
------------------------------------------------------------ 

   Iteration     Total nfev        Cost      Cost reduction    Step norm     Optimality   
       0              1          1.005e-02                                    3.679e+00   
       1              4          9.832e-03      2.151e-04      2.036e-03      1.502e+01   
       2              5          9.518e-03      3.138e-04      7.765e-04      7.123e+00   
       3              6          9.189e-03      3.290e-04      1.061e-03      3.144e+01   
       4              7          8.992e-03      1.966e-04      1.792e-03      6.073e+01   
       5              8          8.651e-03      3.413e-04      7.139e-04      2.924e+00   
       6              9          8.574e-03      7.675e-05      7.710e-04      2.537e+01   
       7             10          8.429e-03      1.454e-04      9.668e-04      2.544e+01   
       8             11          8.273e-03      1.556e-04      9.098e-04      2.232e+01   
       9             12          8.128e-03      1.453e-04      8.584e-04      2.254e+01   
      10             13          7.982e-03      1.458e-04      8.140e-04      2.042e+01   
      11             14          7.843e-03      1.386e-04      7.568e-04      1.790e+01   
      12             15          7.711e-03      1.324e-04      6.462e-04      1.370e+01   
      13             16          7.540e-03      1.711e-04      8.227e-04      1.113e+01   
      14             17          7.351e-03      1.890e-04      3.583e-04      1.550e+01   
      15             18          7.228e-03      1.233e-04      2.313e-04      3.169e+01   
      16             20          7.005e-03      2.227e-04      2.067e-04      8.391e+00   
      17             21          6.958e-03      4.717e-05      1.533e-04      2.209e+01   
      18             22          6.892e-03      6.551e-05      1.841e-04      2.352e+01   
      19             23          6.831e-03      6.167e-05      2.194e-04      2.660e+01   
      20             24          6.776e-03      5.477e-05      2.237e-04      2.739e+01   
      21             25          6.652e-03      1.241e-04      1.162e-04      5.214e+00   
      22             26          6.629e-03      2.298e-05      7.840e-05      1.088e+01   
      23             27          6.615e-03      1.393e-05      5.799e-05      9.095e+00   
      24             28          6.605e-03      9.748e-06      5.354e-05      1.033e+01   
      25             49          6.605e-03      0.000e+00      0.000e+00      1.033e+01   
Warning: A bad approximation caused failure to predict improvement.
         Current function value: 6.605e-03
         Total delta_x: 7.108e-03
         Iterations: 25
         Function evaluations: 49
         Jacobian evaluations: 25
Timer: Solution time = 2.17 min
Timer: Avg time per step = 5.01 sec
==============================================================================================================
                                                                 Start  -->   End
Total (sum of squares):                                      1.005e-02  -->   6.605e-03, 
Maximum absolute QS two-term hat objective value:            8.523e-02  -->   6.387e-02 (Unknown)
Minimum absolute QS two-term hat objective value:            1.064e-05  -->   3.144e-06 (Unknown)
Average absolute QS two-term hat objective value:            1.343e-02  -->   1.063e-02 (Unknown)
Aspect ratio:                                                8.000e+00  -->   7.999e+00 (dimensionless)
Plasma volume:                                               2.801e-01  -->   2.753e-01 (m^3)
Generic objective value:                                     1.255e+00  -->   1.265e+00 (T)
Maximum absolute Force error:                                2.737e+01  -->   2.652e+01 (N)
Minimum absolute Force error:                                3.820e-05  -->   8.061e-05 (N)
Average absolute Force error:                                3.995e-01  -->   3.995e-01 (N)
Maximum absolute Force error:                                2.220e-04  -->   2.152e-04 (normalized)
Minimum absolute Force error:                                3.098e-10  -->   6.539e-10 (normalized)
Average absolute Force error:                                3.240e-06  -->   3.240e-06 (normalized)
Cross-section R error:                                       0.000e+00  -->   0.000e+00 (m)
Cross-section Z error:                                       0.000e+00  -->   0.000e+00 (m)
Fixed pressure profile error:                                0.000e+00  -->   0.000e+00 (Pa)
Fixed current profile error:                                 0.000e+00  -->   0.000e+00 (A)
Fixed Psi error:                                             0.000e+00  -->   0.000e+00 (Wb)
==============================================================================================================

step 0    V =    0.307  R0/a =  7.995  <|B|> =  1.2599  f_B = [0.1718 0.1764 0.1833]  f_C = [0.5259 0.5153 0.4994]
step 1    V =    0.334  R0/a =  7.954  <|B|> =  1.2503  f_B = [0.0431 0.055  0.0672]  f_C = [0.141  0.1706 0.1966]
step 2    V =    0.304  R0/a =  8.028  <|B|> =  1.3117  f_B = [0.0271 0.0354 0.044 ]  f_C = [0.0786 0.0996 0.1225]
step 3    V =    0.280  R0/a =  8.003  <|B|> =  1.3059  f_B = [0.0153 0.0185 0.0213]  f_C = [0.0487 0.0618 0.0831]
step 4    V =    0.279  R0/a =  8.006  <|B|> =  1.2927  f_B = [0.0133 0.0159 0.0186]  f_C = [0.0456 0.0586 0.0812]
step 5    V =    0.279  R0/a =  8.005  <|B|> =  1.2946  f_B = [0.0132 0.0158 0.0185]  f_C = [0.0454 0.0584 0.081 ]
step 6    V =    0.275  R0/a =  7.998  <|B|> =  1.2629  f_B = [0.0023 0.0023 0.0035]  f_C = [0.0086 0.0105 0.0195]
step 7    V =    0.277  R0/a =  7.998  <|B|> =  1.2625  f_B = [0.0023 0.0024 0.0033]  f_C = [0.0087 0.0105 0.0185]
step 8    V =    0.278  R0/a =  7.999  <|B|> =  1.2596  f_B = [0.0024 0.0024 0.0033]  f_C = [0.0088 0.0106 0.0185]
step 9    V =    0.279  R0/a =  8.000  <|B|> =  1.2569  f_B = [0.0024 0.0024 0.0033]  f_C = [0.0089 0.0106 0.0186]
step 10   V =    0.280  R0/a =  8.000  <|B|> =  1.2551  f_B = [0.0024 0.0024 0.0033]  f_C = [0.0089 0.0106 0.0186]
step 11   V =    0.275  R0/a =  7.999  <|B|> =  1.2646  f_B = [0.0017 0.0018 0.0028]  f_C = [0.0064 0.0082 0.015 ]
