DESC /home/ye2698/DESC
8a54240a7  (HEAD -> dp/poincare, tag: poincare-bc-paper, origin/dp/poincare) Merge branch 'master' into dp/poincare
DESC version=0.17.3+411.g8a54240a7.
Using JAX backend: jax version=0.9.2, jaxlib version=0.9.2, dtype=float64.
Using device: NVIDIA A100-PCIE-40GB (id=0), with 40.00 GB available memory.
two-term: dim_f = 1875, initial norm = 3.3307e+01

===== optimizing section modes max(l,|m|) <= 2 =====

Building objective: QS two-term hat
Building objective: aspect ratio
Precomputing transforms
Timer: Precomputing transforms = 61.9 ms
Building objective: Generic
Timer: Objective build = 265 ms
Building objective: force
Precomputing transforms
Timer: Precomputing transforms = 1.41 sec
Timer: Objective build = 2.63 sec
Timer: Objective build = 2.83 ms
Timer: Eq Update LinearConstraintProjection build = 4.75 sec
Timer: Proximal projection build = 45.1 sec
Building objective: fixed cross-section R
Building objective: fixed cross-section Z
Building objective: fixed pressure
Building objective: fixed current
Building objective: fixed Psi
Timer: Objective build = 871 ms
Timer: LinearConstraintProjection build = 2.26 sec
Number of parameters: 6
Number of objectives: 1877
Timer: Initializing the optimization = 48.9 sec

Starting optimization
Using method: proximal-lsq-exact
Solver options:
------------------------------------------------------------
Maximum Function Evaluations       : 251
Maximum Allowed Total Δx Norm      : inf
Scaled Termination                 : True
Trust Region Method                : qr
Initial Trust Radius               : 4.276e-02
Maximum Trust Radius               : inf
Minimum Trust Radius               : 2.220e-16
Trust Radius Increase Ratio        : 2.000e+00
Trust Radius Decrease Ratio        : 2.500e-01
Trust Radius Increase Threshold    : 7.500e-01
Trust Radius Decrease Threshold    : 2.500e-01
------------------------------------------------------------ 

   Iteration     Total nfev        Cost      Cost reduction    Step norm     Optimality   
       0              1          1.762e+01                                    1.610e+04   
       1              2          3.739e+00      1.388e+01      1.294e-01      3.600e+03   
       2              3          2.127e+00      1.612e+00      3.585e-02      1.222e+03   
       3              4          1.963e+00      1.643e-01      1.176e-02      1.408e+03   
       4              5          1.670e+00      2.930e-01      8.388e-02      2.747e+02   
       5              6          1.639e+00      3.084e-02      2.405e-02      7.155e+01   
       6              8          1.583e+00      5.609e-02      1.018e-02      1.135e+02   
       7             10          1.577e+00      5.920e-03      3.451e-03      4.321e+02   
       8             11          1.513e+00      6.385e-02      5.389e-04      6.035e+01   
       9             12          1.507e+00      6.434e-03      2.119e-03      9.968e+01   
      10             13          1.506e+00      3.799e-04      5.377e-03      5.451e+01   
      11             14          1.502e+00      4.032e-03      1.139e-03      6.776e+00   
      12             18          1.502e+00      3.999e-05      2.635e-05      3.588e+00   
Optimization terminated successfully.
`ftol` condition satisfied. (ftol=1.00e-03)
         Current function value: 1.502e+00
         Total delta_x: 1.437e-01
         Iterations: 12
         Function evaluations: 18
         Jacobian evaluations: 13
Timer: Solution time = 1.88 min
Timer: Avg time per step = 8.69 sec
==============================================================================================================
                                                                 Start  -->   End
Total (sum of squares):                                      1.762e+01  -->   1.502e+00, 
Maximum absolute QS two-term hat objective value:            2.355e+00  -->   9.141e-01 (Unknown)
Minimum absolute QS two-term hat objective value:            9.465e-04  -->   2.913e-04 (Unknown)
Average absolute QS two-term hat objective value:            6.079e-01  -->   1.657e-01 (Unknown)
Aspect ratio:                                                7.995e+00  -->   8.007e+00 (dimensionless)
Generic objective value:                                     1.260e+00  -->   1.149e+00 (T)
Maximum absolute Force error:                                1.893e+01  -->   2.810e+01 (N)
Minimum absolute Force error:                                3.514e-06  -->   1.276e-05 (N)
Average absolute Force error:                                2.199e-01  -->   2.073e-01 (N)
Maximum absolute Force error:                                2.562e-04  -->   3.802e-04 (normalized)
Minimum absolute Force error:                                4.755e-11  -->   1.726e-10 (normalized)
Average absolute Force error:                                2.976e-06  -->   2.805e-06 (normalized)
Cross-section R error:                                       1.085e-19  -->   3.388e-21 (m)
Cross-section Z error:                                       9.585e-21  -->   0.000e+00 (m)
Fixed pressure profile error:                                0.000e+00  -->   0.000e+00 (Pa)
Fixed current profile error:                                 0.000e+00  -->   0.000e+00 (A)
Fixed Psi error:                                             0.000e+00  -->   0.000e+00 (Wb)
==============================================================================================================


===== optimizing section modes max(l,|m|) <= 3 =====

Building objective: QS two-term hat
Building objective: aspect ratio
Precomputing transforms
Timer: Precomputing transforms = 60.1 ms
Building objective: Generic
Timer: Objective build = 239 ms
Building objective: force
Precomputing transforms
Timer: Precomputing transforms = 102 ms
Timer: Objective build = 119 ms
Timer: Objective build = 1.87 ms
Timer: Eq Update LinearConstraintProjection build = 104 ms
Timer: Proximal projection build = 2.31 sec
Building objective: fixed cross-section R
Building objective: fixed cross-section Z
Building objective: fixed pressure
Building objective: fixed current
Building objective: fixed Psi
Timer: Objective build = 497 ms
Timer: LinearConstraintProjection build = 1.95 sec
Number of parameters: 10
Number of objectives: 1877
Timer: Initializing the optimization = 5.37 sec

Starting optimization
Using method: proximal-lsq-exact
Solver options:
------------------------------------------------------------
Maximum Function Evaluations       : 251
Maximum Allowed Total Δx Norm      : inf
Scaled Termination                 : True
Trust Region Method                : qr
Initial Trust Radius               : 4.695e-02
Maximum Trust Radius               : inf
Minimum Trust Radius               : 2.220e-16
Trust Radius Increase Ratio        : 2.000e+00
Trust Radius Decrease Ratio        : 2.500e-01
Trust Radius Increase Threshold    : 7.500e-01
Trust Radius Decrease Threshold    : 2.500e-01
------------------------------------------------------------ 

   Iteration     Total nfev        Cost      Cost reduction    Step norm     Optimality   
       0              1          1.502e+00                                    1.030e+02   
       1              4          1.337e+00      1.655e-01      1.770e-03      1.307e+03   
       2              6          1.242e+00      9.451e-02      1.119e-03      1.891e+02   
       3              7          1.161e+00      8.131e-02      1.231e-03      8.382e+02   
       4              8          1.049e+00      1.124e-01      2.275e-03      7.755e+02   
       5             11          1.014e+00      3.481e-02      3.429e-04      5.091e+02   
       6             12          9.858e-01      2.805e-02      7.783e-04      2.919e+01   
       7             13          9.329e-01      5.289e-02      1.530e-03      3.360e+02   
       8             16          9.067e-01      2.613e-02      1.037e-04      3.452e+02   
       9             17          8.796e-01      2.713e-02      1.653e-04      1.030e+02   
      10             18          8.593e-01      2.034e-02      6.986e-04      7.783e+01   
      11             19          8.372e-01      2.212e-02      1.444e-03      1.922e+02   
      12             21          8.185e-01      1.863e-02      9.720e-04      2.577e+01   
      13             22          8.131e-01      5.385e-03      2.132e-03      2.645e+02   
      14             23          7.955e-01      1.762e-02      2.661e-03      1.026e+02   
      15             24          7.914e-01      4.158e-03      6.864e-03      1.701e+02   
      16             25          7.886e-01      2.797e-03      1.704e-02      1.539e+02   
      17             26          7.860e-01      2.593e-03      1.492e-02      4.602e+02   
      18             28          7.792e-01      6.779e-03      1.779e-03      4.937e+01   
      19             30          7.786e-01      5.682e-04      1.444e-03      1.258e+01   
Optimization terminated successfully.
`ftol` condition satisfied. (ftol=1.00e-03)
         Current function value: 7.786e-01
         Total delta_x: 5.630e-02
         Iterations: 19
         Function evaluations: 30
         Jacobian evaluations: 20
Timer: Solution time = 1.84 min
Timer: Avg time per step = 5.52 sec
==============================================================================================================
                                                                 Start  -->   End
Total (sum of squares):                                      1.502e+00  -->   7.786e-01, 
Maximum absolute QS two-term hat objective value:            9.141e-01  -->   5.960e-01 (Unknown)
Minimum absolute QS two-term hat objective value:            3.014e-04  -->   8.039e-05 (Unknown)
Average absolute QS two-term hat objective value:            1.657e-01  -->   1.220e-01 (Unknown)
Aspect ratio:                                                8.007e+00  -->   8.003e+00 (dimensionless)
Generic objective value:                                     1.149e+00  -->   1.206e+00 (T)
Maximum absolute Force error:                                2.810e+01  -->   2.092e+01 (N)
Minimum absolute Force error:                                1.276e-05  -->   1.526e-05 (N)
Average absolute Force error:                                2.073e-01  -->   1.882e-01 (N)
Maximum absolute Force error:                                5.099e-04  -->   3.797e-04 (normalized)
Minimum absolute Force error:                                2.315e-10  -->   2.769e-10 (normalized)
Average absolute Force error:                                3.762e-06  -->   3.416e-06 (normalized)
Cross-section R error:                                       3.423e-21  -->   0.000e+00 (m)
Cross-section Z error:                                       7.632e-21  -->   0.000e+00 (m)
Fixed pressure profile error:                                0.000e+00  -->   0.000e+00 (Pa)
Fixed current profile error:                                 0.000e+00  -->   0.000e+00 (A)
Fixed Psi error:                                             0.000e+00  -->   0.000e+00 (Wb)
==============================================================================================================


===== optimizing section modes max(l,|m|) <= 4 =====

Building objective: QS two-term hat
Building objective: aspect ratio
Precomputing transforms
Timer: Precomputing transforms = 59.0 ms
Building objective: Generic
Timer: Objective build = 227 ms
Building objective: force
Precomputing transforms
Timer: Precomputing transforms = 102 ms
Timer: Objective build = 119 ms
Timer: Objective build = 1.87 ms
Timer: Eq Update LinearConstraintProjection build = 75.0 ms
Timer: Proximal projection build = 2.05 sec
Building objective: fixed cross-section R
Building objective: fixed cross-section Z
Building objective: fixed pressure
Building objective: fixed current
Building objective: fixed Psi
Timer: Objective build = 349 ms
Timer: LinearConstraintProjection build = 2.49 sec
Number of parameters: 15
Number of objectives: 1877
Timer: Initializing the optimization = 5.51 sec

Starting optimization
Using method: proximal-lsq-exact
Solver options:
------------------------------------------------------------
Maximum Function Evaluations       : 251
Maximum Allowed Total Δx Norm      : inf
Scaled Termination                 : True
Trust Region Method                : qr
Initial Trust Radius               : 4.555e-02
Maximum Trust Radius               : inf
Minimum Trust Radius               : 2.220e-16
Trust Radius Increase Ratio        : 2.000e+00
Trust Radius Decrease Ratio        : 2.500e-01
Trust Radius Increase Threshold    : 7.500e-01
Trust Radius Decrease Threshold    : 2.500e-01
------------------------------------------------------------ 

   Iteration     Total nfev        Cost      Cost reduction    Step norm     Optimality   
       0              1          7.786e-01                                    1.104e+01   
       1              4          7.757e-01      2.964e-03      2.362e-03      1.119e+02   
       2              5          7.754e-01      2.953e-04      2.896e-03      2.982e+02   
       3              6          7.725e-01      2.861e-03      8.320e-04      1.922e+02   
       4              7          7.709e-01      1.634e-03      1.807e-03      4.063e+01   
       5              8          7.700e-01      9.186e-04      2.248e-03      6.127e+01   
       6              9          7.696e-01      3.632e-04      2.470e-03      7.016e+01   
Optimization terminated successfully.
`ftol` condition satisfied. (ftol=1.00e-03)
         Current function value: 7.696e-01
         Total delta_x: 1.246e-02
         Iterations: 6
         Function evaluations: 9
         Jacobian evaluations: 7
Timer: Solution time = 47.2 sec
Timer: Avg time per step = 6.74 sec
==============================================================================================================
                                                                 Start  -->   End
Total (sum of squares):                                      7.786e-01  -->   7.696e-01, 
Maximum absolute QS two-term hat objective value:            5.959e-01  -->   6.024e-01 (Unknown)
Minimum absolute QS two-term hat objective value:            5.240e-05  -->   1.332e-04 (Unknown)
Average absolute QS two-term hat objective value:            1.220e-01  -->   1.211e-01 (Unknown)
Aspect ratio:                                                8.003e+00  -->   8.001e+00 (dimensionless)
Generic objective value:                                     1.206e+00  -->   1.197e+00 (T)
Maximum absolute Force error:                                2.092e+01  -->   2.190e+01 (N)
Minimum absolute Force error:                                1.526e-05  -->   5.989e-05 (N)
Average absolute Force error:                                1.882e-01  -->   1.985e-01 (N)
Maximum absolute Force error:                                3.213e-04  -->   3.363e-04 (normalized)
Minimum absolute Force error:                                2.344e-10  -->   9.198e-10 (normalized)
Average absolute Force error:                                2.891e-06  -->   3.048e-06 (normalized)
Cross-section R error:                                       2.169e-19  -->   0.000e+00 (m)
Cross-section Z error:                                       1.724e-21  -->   2.118e-22 (m)
Fixed pressure profile error:                                0.000e+00  -->   0.000e+00 (Pa)
Fixed current profile error:                                 0.000e+00  -->   0.000e+00 (A)
Fixed Psi error:                                             0.000e+00  -->   0.000e+00 (Wb)
==============================================================================================================


===== optimizing section modes max(l,|m|) <= 5 =====

Building objective: QS two-term hat
Building objective: aspect ratio
Precomputing transforms
Timer: Precomputing transforms = 63.1 ms
Building objective: Generic
Timer: Objective build = 236 ms
Building objective: force
Precomputing transforms
Timer: Precomputing transforms = 103 ms
Timer: Objective build = 120 ms
Timer: Objective build = 1.87 ms
Timer: Eq Update LinearConstraintProjection build = 76.2 ms
Timer: Proximal projection build = 2.15 sec
Building objective: fixed cross-section R
Building objective: fixed cross-section Z
Building objective: fixed pressure
Building objective: fixed current
Building objective: fixed Psi
Timer: Objective build = 515 ms
Timer: LinearConstraintProjection build = 2.01 sec
Number of parameters: 21
Number of objectives: 1877
Timer: Initializing the optimization = 5.36 sec

Starting optimization
Using method: proximal-lsq-exact
Solver options:
------------------------------------------------------------
Maximum Function Evaluations       : 251
Maximum Allowed Total Δx Norm      : inf
Scaled Termination                 : True
Trust Region Method                : qr
Initial Trust Radius               : 5.378e-02
Maximum Trust Radius               : inf
Minimum Trust Radius               : 2.220e-16
Trust Radius Increase Ratio        : 2.000e+00
Trust Radius Decrease Ratio        : 2.500e-01
Trust Radius Increase Threshold    : 7.500e-01
Trust Radius Decrease Threshold    : 2.500e-01
------------------------------------------------------------ 

   Iteration     Total nfev        Cost      Cost reduction    Step norm     Optimality   
       0              1          7.696e-01                                    1.046e+02   
       1              4          7.512e-01      1.843e-02      2.140e-03      1.592e+03   
       2              5          7.358e-01      1.545e-02      2.164e-03      1.587e+03   
       3              6          6.941e-01      4.163e-02      5.117e-04      1.587e+02   
       4              7          6.799e-01      1.422e-02      1.130e-03      9.392e+01   
       5              8          6.617e-01      1.824e-02      1.117e-03      2.027e+02   
       6              9          6.437e-01      1.798e-02      1.113e-03      2.959e+02   
       7             10          6.238e-01      1.993e-02      1.124e-03      2.200e+02   
       8             11          5.801e-01      4.364e-02      2.277e-03      5.936e+01   
       9             12          5.742e-01      5.893e-03      4.527e-03      2.667e+03   
      10             13          4.862e-01      8.802e-02      1.110e-03      1.646e+02   
      11             14          4.516e-01      3.460e-02      2.391e-03      1.167e+03   
      12             16          4.156e-01      3.597e-02      1.288e-03      2.515e+02   
      13             17          3.731e-01      4.256e-02      2.674e-03      5.098e+02   
      14             19          3.462e-01      2.692e-02      1.424e-03      1.934e+02   
      15             20          3.347e-01      1.148e-02      2.672e-03      2.140e+03   
      16             21          2.661e-01      6.862e-02      2.628e-03      5.252e+02   
      17             23          2.470e-01      1.904e-02      1.421e-03      2.499e+02   
      18             24          2.212e-01      2.579e-02      2.658e-03      5.644e+02   
      19             25          1.973e-01      2.393e-02      4.427e-03      1.346e+03   
      20             26          1.690e-01      2.834e-02      4.194e-03      1.222e+03   
      21             27          1.616e-01      7.370e-03      4.764e-03      2.348e+03   
      22             28          1.238e-01      3.776e-02      1.688e-03      3.245e+02   
      23             30          1.211e-01      2.697e-03      7.875e-04      4.064e+02   
      24             31          1.188e-01      2.387e-03      6.999e-04      3.313e+02   
      25             32          1.167e-01      2.101e-03      5.962e-04      3.246e+02   
      26             33          1.138e-01      2.880e-03      5.288e-04      2.262e+02   
      27             34          1.085e-01      5.296e-03      1.107e-03      4.065e+02   
      28             35          9.632e-02      1.217e-02      2.941e-03      5.236e+02   
      29             36          8.265e-02      1.367e-02      6.754e-03      1.210e+03   
      30             38          6.880e-02      1.385e-02      2.590e-03      1.485e+02   
      31             39          6.629e-02      2.518e-03      5.831e-03      7.070e+02   
      32             40          6.001e-02      6.278e-03      6.857e-03      3.861e+01   
      33             41          5.855e-02      1.457e-03      7.535e-03      3.895e+02   
      34             42          5.589e-02      2.661e-03      1.814e-03      7.876e+01   
      35             43          5.523e-02      6.637e-04      3.661e-03      3.090e+02   
      36             44          5.375e-02      1.478e-03      9.207e-04      1.754e+01   
      37             45          5.344e-02      3.097e-04      1.866e-03      1.835e+02   
      38             46          5.274e-02      7.019e-04      1.929e-03      1.520e+02   
      39             47          5.230e-02      4.389e-04      1.953e-03      1.571e+02   
      40             48          5.187e-02      4.295e-04      1.967e-03      1.436e+02   
      41             49          5.157e-02      2.994e-04      1.972e-03      1.480e+02   
      42             50          5.129e-02      2.809e-04      1.959e-03      1.489e+02   
      43             51          5.100e-02      2.835e-04      1.937e-03      1.455e+02   
      44             52          5.074e-02      2.607e-04      1.913e-03      1.445e+02   
      45             53          5.049e-02      2.576e-04      1.885e-03      1.426e+02   
      46             54          5.023e-02      2.522e-04      1.854e-03      1.413e+02   
      47             55          4.998e-02      2.524e-04      1.820e-03      1.396e+02   
      48             56          4.973e-02      2.527e-04      1.784e-03      1.380e+02   
      49             57          4.947e-02      2.547e-04      1.747e-03      1.364e+02   
      50             58          4.922e-02      2.570e-04      1.708e-03      1.347e+02   
Warning: Maximum number of iterations has been exceeded.
         Current function value: 4.922e-02
         Total delta_x: 1.031e-01
         Iterations: 50
         Function evaluations: 58
         Jacobian evaluations: 51
Timer: Solution time = 3.07 min
Timer: Avg time per step = 3.62 sec
==============================================================================================================
                                                                 Start  -->   End
Total (sum of squares):                                      7.696e-01  -->   4.922e-02, 
Maximum absolute QS two-term hat objective value:            6.025e-01  -->   1.872e-01 (Unknown)
Minimum absolute QS two-term hat objective value:            1.675e-04  -->   1.866e-08 (Unknown)
Average absolute QS two-term hat objective value:            1.211e-01  -->   2.905e-02 (Unknown)
Aspect ratio:                                                8.001e+00  -->   8.002e+00 (dimensionless)
Generic objective value:                                     1.197e+00  -->   1.257e+00 (T)
Maximum absolute Force error:                                2.190e+01  -->   2.197e+01 (N)
Minimum absolute Force error:                                5.989e-05  -->   4.287e-05 (N)
Average absolute Force error:                                1.985e-01  -->   2.856e-01 (N)
Maximum absolute Force error:                                3.136e-04  -->   3.147e-04 (normalized)
Minimum absolute Force error:                                8.577e-10  -->   6.140e-10 (normalized)
Average absolute Force error:                                2.842e-06  -->   4.090e-06 (normalized)
Cross-section R error:                                       3.388e-21  -->   0.000e+00 (m)
Cross-section Z error:                                       2.382e-22  -->   2.118e-22 (m)
Fixed pressure profile error:                                0.000e+00  -->   0.000e+00 (Pa)
Fixed current profile error:                                 0.000e+00  -->   0.000e+00 (A)
Fixed Psi error:                                             0.000e+00  -->   0.000e+00 (Wb)
==============================================================================================================


===== optimizing section modes max(l,|m|) <= 6 =====

Building objective: QS two-term hat
Building objective: aspect ratio
Precomputing transforms
Timer: Precomputing transforms = 69.6 ms
Building objective: Generic
Timer: Objective build = 251 ms
Building objective: force
Precomputing transforms
Timer: Precomputing transforms = 104 ms
Timer: Objective build = 121 ms
Timer: Objective build = 1.83 ms
Timer: Eq Update LinearConstraintProjection build = 83.4 ms
Timer: Proximal projection build = 2.72 sec
Building objective: fixed cross-section R
Building objective: fixed cross-section Z
Building objective: fixed pressure
Building objective: fixed current
Building objective: fixed Psi
Timer: Objective build = 353 ms
Timer: LinearConstraintProjection build = 2.06 sec
Number of parameters: 28
Number of objectives: 1877
Timer: Initializing the optimization = 5.83 sec

Starting optimization
Using method: proximal-lsq-exact
Solver options:
------------------------------------------------------------
Maximum Function Evaluations       : 251
Maximum Allowed Total Δx Norm      : inf
Scaled Termination                 : True
Trust Region Method                : qr
Initial Trust Radius               : 5.511e-02
Maximum Trust Radius               : inf
Minimum Trust Radius               : 2.220e-16
Trust Radius Increase Ratio        : 2.000e+00
Trust Radius Decrease Ratio        : 2.500e-01
Trust Radius Increase Threshold    : 7.500e-01
Trust Radius Decrease Threshold    : 2.500e-01
------------------------------------------------------------ 

   Iteration     Total nfev        Cost      Cost reduction    Step norm     Optimality   
       0              1          4.919e-02                                    1.246e+02   
       1              4          4.861e-02      5.868e-04      4.093e-03      3.181e+02   
       2              5          4.613e-02      2.480e-03      1.282e-03      6.859e+01   
       3              7          4.593e-02      1.919e-04      5.864e-04      1.296e+02   
       4              8          4.541e-02      5.240e-04      5.599e-04      2.874e+00   
       5              9          4.512e-02      2.944e-04      1.015e-03      1.337e+02   
       6             10          4.440e-02      7.123e-04      9.682e-04      5.981e+01   
       7             11          4.392e-02      4.812e-04      1.610e-03      1.863e+02   
       8             12          4.252e-02      1.400e-03      1.410e-03      7.820e+01   
       9             13          4.059e-02      1.929e-03      1.682e-03      1.246e+02   
      10             14          3.657e-02      4.022e-03      6.786e-04      2.243e+01   
      11             16          3.528e-02      1.288e-03      7.098e-04      6.190e+01   
      12             17          3.292e-02      2.364e-03      1.675e-03      1.041e+02   
      13             19          3.057e-02      2.353e-03      1.109e-03      4.335e+01   
      14             20          2.850e-02      2.066e-03      1.840e-03      5.099e+01   
      15             22          2.761e-02      8.901e-04      5.783e-04      1.266e+01   
      16             23          2.696e-02      6.550e-04      9.711e-04      1.794e+01   
      17             24          2.621e-02      7.449e-04      1.011e-03      9.511e+00   
      18             25          2.538e-02      8.316e-04      9.506e-04      1.469e+01   
      19             27          2.459e-02      7.841e-04      3.882e-04      3.187e+01   
      20             28          2.455e-02      4.664e-05      6.230e-04      1.260e+02   
      21             29          2.381e-02      7.434e-04      1.543e-04      1.350e+01   
      22             30          2.364e-02      1.608e-04      3.756e-04      5.626e+01   
      23             31          2.325e-02      3.915e-04      4.204e-04      3.703e+01   
      24             32          2.279e-02      4.638e-04      1.031e-03      1.095e+02   
      25             33          2.229e-02      4.949e-04      2.253e-03      1.968e+02   
      26             34          2.127e-02      1.020e-03      2.402e-03      1.687e+02   
      27             35          2.041e-02      8.602e-04      2.335e-03      1.555e+02   
      28             36          1.964e-02      7.689e-04      1.923e-03      1.353e+02   
      29             37          1.895e-02      6.986e-04      1.509e-03      1.192e+02   
      30             38          1.829e-02      6.584e-04      1.314e-03      1.113e+02   
      31             40          1.788e-02      4.057e-04      6.985e-04      9.425e+01   
      32             41          1.748e-02      4.054e-04      1.944e-03      1.415e+02   
      33             42          1.716e-02      3.135e-04      2.307e-03      2.066e+02   
      34             43          1.666e-02      5.043e-04      2.480e-03      2.246e+02   
      35             44          1.601e-02      6.513e-04      2.570e-03      2.264e+02   
      36             46          1.528e-02      7.292e-04      6.883e-04      2.037e+01   
      37             47          1.507e-02      2.120e-04      1.277e-03      1.241e+02   
      38             48          1.455e-02      5.170e-04      1.314e-03      6.570e+01   
      39             51          1.443e-02      1.152e-04      1.539e-04      6.050e+00   
      40             52          1.437e-02      6.806e-05      3.258e-04      7.320e+00   
      41             53          1.428e-02      8.453e-05      2.943e-04      5.789e+00   
      42             54          1.418e-02      1.008e-04      2.648e-04      4.312e+00   
      43             55          1.395e-02      2.308e-04      5.076e-04      2.259e+01   
      44             57          1.379e-02      1.551e-04      2.221e-04      5.987e+00   
      45             58          1.356e-02      2.328e-04      4.782e-04      1.273e+01   
      46             60          1.341e-02      1.565e-04      2.202e-04      7.186e+00   
      47             61          1.317e-02      2.362e-04      4.621e-04      1.699e+01   
      48             62          1.288e-02      2.918e-04      8.371e-04      5.988e+01   
      49             63          1.241e-02      4.722e-04      7.848e-04      4.108e+01   
      50             64          1.197e-02      4.339e-04      7.293e-04      6.278e+01   
Warning: Maximum number of iterations has been exceeded.
         Current function value: 1.197e-02
         Total delta_x: 2.701e-02
         Iterations: 50
         Function evaluations: 64
         Jacobian evaluations: 51
Timer: Solution time = 2.93 min
Timer: Avg time per step = 3.45 sec
==============================================================================================================
                                                                 Start  -->   End
Total (sum of squares):                                      4.919e-02  -->   1.197e-02, 
Maximum absolute QS two-term hat objective value:            1.869e-01  -->   8.475e-02 (Unknown)
Minimum absolute QS two-term hat objective value:            6.475e-06  -->   1.332e-06 (Unknown)
Average absolute QS two-term hat objective value:            2.907e-02  -->   1.520e-02 (Unknown)
Aspect ratio:                                                8.002e+00  -->   7.998e+00 (dimensionless)
Generic objective value:                                     1.257e+00  -->   1.271e+00 (T)
Maximum absolute Force error:                                2.197e+01  -->   2.867e+01 (N)
Minimum absolute Force error:                                4.287e-05  -->   2.427e-05 (N)
Average absolute Force error:                                2.856e-01  -->   2.832e-01 (N)
Maximum absolute Force error:                                1.862e-04  -->   2.430e-04 (normalized)
Minimum absolute Force error:                                3.633e-10  -->   2.057e-10 (normalized)
Average absolute Force error:                                2.420e-06  -->   2.399e-06 (normalized)
Cross-section R error:                                       8.357e-21  -->   4.390e-20 (m)
Cross-section Z error:                                       1.177e-20  -->   4.805e-20 (m)
Fixed pressure profile error:                                0.000e+00  -->   0.000e+00 (Pa)
Fixed current profile error:                                 0.000e+00  -->   0.000e+00 (A)
Fixed Psi error:                                             0.000e+00  -->   0.000e+00 (Wb)
==============================================================================================================


===== optimizing section modes max(l,|m|) <= 7 =====

Building objective: QS two-term hat
Building objective: aspect ratio
Precomputing transforms
Timer: Precomputing transforms = 65.8 ms
Building objective: Generic
Timer: Objective build = 243 ms
Building objective: force
Precomputing transforms
Timer: Precomputing transforms = 105 ms
Timer: Objective build = 123 ms
Timer: Objective build = 1.88 ms
Timer: Eq Update LinearConstraintProjection build = 81.3 ms
Timer: Proximal projection build = 2.18 sec
Building objective: fixed cross-section R
Building objective: fixed cross-section Z
Building objective: fixed pressure
Building objective: fixed current
Building objective: fixed Psi
Timer: Objective build = 522 ms
Timer: LinearConstraintProjection build = 2.11 sec
Number of parameters: 36
Number of objectives: 1877
Timer: Initializing the optimization = 5.56 sec

Starting optimization
Using method: proximal-lsq-exact
Solver options:
------------------------------------------------------------
Maximum Function Evaluations       : 251
Maximum Allowed Total Δx Norm      : inf
Scaled Termination                 : True
Trust Region Method                : qr
Initial Trust Radius               : 5.672e-02
Maximum Trust Radius               : inf
Minimum Trust Radius               : 2.220e-16
Trust Radius Increase Ratio        : 2.000e+00
Trust Radius Decrease Ratio        : 2.500e-01
Trust Radius Increase Threshold    : 7.500e-01
Trust Radius Decrease Threshold    : 2.500e-01
------------------------------------------------------------ 

   Iteration     Total nfev        Cost      Cost reduction    Step norm     Optimality   
       0              1          1.201e-02                                    7.078e+01   
       1              6          1.160e-02      4.078e-04      1.240e-04      1.428e+01   
       2              7          1.149e-02      1.098e-04      2.357e-04      4.034e+01   
       3              8          1.136e-02      1.315e-04      2.996e-04      5.761e+01   
       4              9          1.112e-02      2.346e-04      1.496e-04      3.753e+01   
       5             11          1.100e-02      1.243e-04      4.787e-05      1.735e+01   
       6             12          1.089e-02      1.060e-04      6.513e-05      3.188e+01   
       7             13          1.074e-02      1.540e-04      8.369e-05      1.934e+01   
       8             15          1.067e-02      7.061e-05      4.557e-05      1.093e+01   
       9             16          1.058e-02      8.708e-05      6.995e-05      2.269e+01   
      10             18          1.053e-02      4.766e-05      2.277e-05      4.668e+00   
      11             19          1.050e-02      3.622e-05      3.877e-05      1.626e+01   
      12             20          1.045e-02      5.022e-05      6.040e-05      1.256e+01   
      13             22          1.042e-02      2.045e-05      4.240e-05      9.012e+00   
      14             23          1.041e-02      1.503e-05      5.122e-05      1.025e+01   
      15             24          1.039e-02      1.569e-05      6.205e-05      1.001e+01   
      16             25          1.038e-02      1.465e-05      7.155e-05      1.003e+01   
      17             26          1.037e-02      1.423e-05      8.058e-05      9.956e+00   
      18             27          1.035e-02      1.374e-05      8.928e-05      9.851e+00   
      19             28          1.034e-02      1.334e-05      9.769e-05      9.704e+00   
      20             29          1.033e-02      1.298e-05      1.058e-04      9.518e+00   
      21             30          1.031e-02      1.268e-05      1.137e-04      9.452e+00   
      22             31          1.030e-02      1.243e-05      1.214e-04      9.390e+00   
      23             32          1.029e-02      1.224e-05      1.288e-04      9.303e+00   
      24             53          1.029e-02      0.000e+00      0.000e+00      9.303e+00   
Warning: A bad approximation caused failure to predict improvement.
         Current function value: 1.029e-02
         Total delta_x: 1.814e-03
         Iterations: 24
         Function evaluations: 53
         Jacobian evaluations: 24
Timer: Solution time = 2.06 min
Timer: Avg time per step = 4.94 sec
==============================================================================================================
                                                                 Start  -->   End
Total (sum of squares):                                      1.201e-02  -->   1.029e-02, 
Maximum absolute QS two-term hat objective value:            8.446e-02  -->   8.388e-02 (Unknown)
Minimum absolute QS two-term hat objective value:            6.981e-06  -->   1.382e-05 (Unknown)
Average absolute QS two-term hat objective value:            1.522e-02  -->   1.404e-02 (Unknown)
Aspect ratio:                                                7.998e+00  -->   8.000e+00 (dimensionless)
Generic objective value:                                     1.271e+00  -->   1.277e+00 (T)
Maximum absolute Force error:                                2.867e+01  -->   2.967e+01 (N)
Minimum absolute Force error:                                2.427e-05  -->   1.312e-05 (N)
Average absolute Force error:                                2.832e-01  -->   2.826e-01 (N)
Maximum absolute Force error:                                2.671e-04  -->   2.764e-04 (normalized)
Minimum absolute Force error:                                2.261e-10  -->   1.222e-10 (normalized)
Average absolute Force error:                                2.638e-06  -->   2.632e-06 (normalized)
Cross-section R error:                                       3.395e-21  -->   6.776e-21 (m)
Cross-section Z error:                                       2.382e-22  -->   5.294e-23 (m)
Fixed pressure profile error:                                0.000e+00  -->   0.000e+00 (Pa)
Fixed current profile error:                                 0.000e+00  -->   0.000e+00 (A)
Fixed Psi error:                                             0.000e+00  -->   0.000e+00 (Wb)
==============================================================================================================


===== optimizing section modes max(l,|m|) <= 8 =====

Building objective: QS two-term hat
Building objective: aspect ratio
Precomputing transforms
Timer: Precomputing transforms = 63.8 ms
Building objective: Generic
Timer: Objective build = 235 ms
Building objective: force
Precomputing transforms
Timer: Precomputing transforms = 102 ms
Timer: Objective build = 120 ms
Timer: Objective build = 1.84 ms
Timer: Eq Update LinearConstraintProjection build = 87.7 ms
Timer: Proximal projection build = 2.26 sec
Building objective: fixed cross-section R
Building objective: fixed cross-section Z
Building objective: fixed pressure
Building objective: fixed current
Building objective: fixed Psi
Timer: Objective build = 507 ms
Timer: LinearConstraintProjection build = 2.11 sec
Number of parameters: 45
Number of objectives: 1877
Timer: Initializing the optimization = 5.63 sec

Starting optimization
Using method: proximal-lsq-exact
Solver options:
------------------------------------------------------------
Maximum Function Evaluations       : 251
Maximum Allowed Total Δx Norm      : inf
Scaled Termination                 : True
Trust Region Method                : qr
Initial Trust Radius               : 6.668e-02
Maximum Trust Radius               : inf
Minimum Trust Radius               : 2.220e-16
Trust Radius Increase Ratio        : 2.000e+00
Trust Radius Decrease Ratio        : 2.500e-01
Trust Radius Increase Threshold    : 7.500e-01
Trust Radius Decrease Threshold    : 2.500e-01
------------------------------------------------------------ 

   Iteration     Total nfev        Cost      Cost reduction    Step norm     Optimality   
       0              1          1.030e-02                                    1.362e+01   
       1              5          1.014e-02      1.587e-04      3.977e-04      1.598e+01   
       2             28          1.014e-02      0.000e+00      0.000e+00      1.598e+01   
Warning: A bad approximation caused failure to predict improvement.
         Current function value: 1.014e-02
         Total delta_x: 3.977e-04
         Iterations: 2
         Function evaluations: 28
         Jacobian evaluations: 2
Timer: Solution time = 1.33 min
Timer: Avg time per step = 26.7 sec
==============================================================================================================
                                                                 Start  -->   End
Total (sum of squares):                                      1.030e-02  -->   1.014e-02, 
Maximum absolute QS two-term hat objective value:            8.368e-02  -->   8.274e-02 (Unknown)
Minimum absolute QS two-term hat objective value:            1.137e-06  -->   1.471e-05 (Unknown)
Average absolute QS two-term hat objective value:            1.406e-02  -->   1.394e-02 (Unknown)
Aspect ratio:                                                8.000e+00  -->   7.999e+00 (dimensionless)
Generic objective value:                                     1.277e+00  -->   1.277e+00 (T)
Maximum absolute Force error:                                2.967e+01  -->   2.999e+01 (N)
Minimum absolute Force error:                                1.312e-05  -->   1.153e-04 (N)
Average absolute Force error:                                2.826e-01  -->   2.826e-01 (N)
Maximum absolute Force error:                                2.819e-04  -->   2.850e-04 (normalized)
Minimum absolute Force error:                                1.247e-10  -->   1.096e-09 (normalized)
Average absolute Force error:                                2.685e-06  -->   2.686e-06 (normalized)
Cross-section R error:                                       9.503e-22  -->   9.474e-22 (m)
Cross-section Z error:                                       4.309e-22  -->   4.276e-22 (m)
Fixed pressure profile error:                                0.000e+00  -->   0.000e+00 (Pa)
Fixed current profile error:                                 0.000e+00  -->   0.000e+00 (A)
Fixed Psi error:                                             0.000e+00  -->   0.000e+00 (Wb)
==============================================================================================================


===== optimizing section modes max(l,|m|) <= 9 =====

Building objective: QS two-term hat
Building objective: aspect ratio
Precomputing transforms
Timer: Precomputing transforms = 60.4 ms
Building objective: Generic
Timer: Objective build = 236 ms
Building objective: force
Precomputing transforms
Timer: Precomputing transforms = 102 ms
Timer: Objective build = 120 ms
Timer: Objective build = 1.86 ms
Timer: Eq Update LinearConstraintProjection build = 80.9 ms
Timer: Proximal projection build = 2.57 sec
Building objective: fixed cross-section R
Building objective: fixed cross-section Z
Building objective: fixed pressure
Building objective: fixed current
Building objective: fixed Psi
Timer: Objective build = 508 ms
Timer: LinearConstraintProjection build = 2.14 sec
Number of parameters: 55
Number of objectives: 1877
Timer: Initializing the optimization = 5.98 sec

Starting optimization
Using method: proximal-lsq-exact
Solver options:
------------------------------------------------------------
Maximum Function Evaluations       : 251
Maximum Allowed Total Δx Norm      : inf
Scaled Termination                 : True
Trust Region Method                : qr
Initial Trust Radius               : 9.211e-02
Maximum Trust Radius               : inf
Minimum Trust Radius               : 2.220e-16
Trust Radius Increase Ratio        : 2.000e+00
Trust Radius Decrease Ratio        : 2.500e-01
Trust Radius Increase Threshold    : 7.500e-01
Trust Radius Decrease Threshold    : 2.500e-01
------------------------------------------------------------ 

   Iteration     Total nfev        Cost      Cost reduction    Step norm     Optimality   
       0              1          1.093e-02                                    8.561e+01   
       1              5          1.060e-02      3.315e-04      1.085e-03      5.478e+01   
       2              6          1.034e-02      2.638e-04      1.090e-03      4.802e+01   
       3              7          1.010e-02      2.343e-04      1.081e-03      3.838e+01   
       4              8          9.919e-03      1.846e-04      1.045e-03      3.427e+01   
       5              9          9.748e-03      1.714e-04      9.783e-04      3.043e+01   
       6             10          9.602e-03      1.459e-04      8.767e-04      2.788e+01   
       7             11          9.473e-03      1.288e-04      7.551e-04      2.544e+01   
       8             12          9.367e-03      1.066e-04      6.332e-04      2.351e+01   
       9             13          9.314e-03      5.236e-05      5.296e-04      2.593e+01   
      10             14          9.241e-03      7.286e-05      1.490e-04      1.147e+01   
      11             36          9.241e-03      0.000e+00      0.000e+00      1.147e+01   
Warning: A bad approximation caused failure to predict improvement.
         Current function value: 9.241e-03
         Total delta_x: 8.184e-03
         Iterations: 11
         Function evaluations: 36
         Jacobian evaluations: 11
Timer: Solution time = 1.51 min
Timer: Avg time per step = 7.57 sec
==============================================================================================================
                                                                 Start  -->   End
Total (sum of squares):                                      1.093e-02  -->   9.241e-03, 
Maximum absolute QS two-term hat objective value:            7.899e-02  -->   7.513e-02 (Unknown)
Minimum absolute QS two-term hat objective value:            6.315e-06  -->   2.187e-05 (Unknown)
Average absolute QS two-term hat objective value:            1.443e-02  -->   1.333e-02 (Unknown)
Aspect ratio:                                                7.997e+00  -->   8.000e+00 (dimensionless)
Generic objective value:                                     1.276e+00  -->   1.260e+00 (T)
Maximum absolute Force error:                                2.999e+01  -->   3.040e+01 (N)
Minimum absolute Force error:                                1.153e-04  -->   2.642e-05 (N)
Average absolute Force error:                                2.826e-01  -->   2.627e-01 (N)
Maximum absolute Force error:                                2.852e-04  -->   2.891e-04 (normalized)
Minimum absolute Force error:                                1.097e-09  -->   2.513e-10 (normalized)
Average absolute Force error:                                2.688e-06  -->   2.499e-06 (normalized)
Cross-section R error:                                       2.134e-22  -->   2.268e-22 (m)
Cross-section Z error:                                       9.529e-22  -->   1.920e-21 (m)
Fixed pressure profile error:                                0.000e+00  -->   0.000e+00 (Pa)
Fixed current profile error:                                 0.000e+00  -->   0.000e+00 (A)
Fixed Psi error:                                             0.000e+00  -->   0.000e+00 (Wb)
==============================================================================================================


===== optimizing section modes max(l,|m|) <= 10 =====

Building objective: QS two-term hat
Building objective: aspect ratio
Precomputing transforms
Timer: Precomputing transforms = 66.9 ms
Building objective: Generic
Timer: Objective build = 246 ms
Building objective: force
Precomputing transforms
Timer: Precomputing transforms = 105 ms
Timer: Objective build = 122 ms
Timer: Objective build = 1.92 ms
Timer: Eq Update LinearConstraintProjection build = 81.4 ms
Timer: Proximal projection build = 2.26 sec
Building objective: fixed cross-section R
Building objective: fixed cross-section Z
Building objective: fixed pressure
Building objective: fixed current
Building objective: fixed Psi
Timer: Objective build = 480 ms
Timer: LinearConstraintProjection build = 3.16 sec
Number of parameters: 66
Number of objectives: 1877
Timer: Initializing the optimization = 6.70 sec

Starting optimization
Using method: proximal-lsq-exact
Solver options:
------------------------------------------------------------
Maximum Function Evaluations       : 251
Maximum Allowed Total Δx Norm      : inf
Scaled Termination                 : True
Trust Region Method                : qr
Initial Trust Radius               : 9.755e-02
Maximum Trust Radius               : inf
Minimum Trust Radius               : 2.220e-16
Trust Radius Increase Ratio        : 2.000e+00
Trust Radius Decrease Ratio        : 2.500e-01
Trust Radius Increase Threshold    : 7.500e-01
Trust Radius Decrease Threshold    : 2.500e-01
------------------------------------------------------------ 

   Iteration     Total nfev        Cost      Cost reduction    Step norm     Optimality   
       0              1          9.387e-03                                    3.247e+01   
       1              5          9.242e-03      1.445e-04      3.792e-04      1.709e+01   
       2              6          9.150e-03      9.262e-05      3.363e-04      1.008e+01   
       3              7          9.096e-03      5.355e-05      3.271e-04      1.440e+01   
       4              8          9.066e-03      2.991e-05      1.124e-04      1.206e+01   
       5             30          9.066e-03      0.000e+00      0.000e+00      1.206e+01   
Warning: A bad approximation caused failure to predict improvement.
         Current function value: 9.066e-03
         Total delta_x: 1.153e-03
         Iterations: 5
         Function evaluations: 30
         Jacobian evaluations: 5
Timer: Solution time = 1.41 min
Timer: Avg time per step = 14.1 sec
==============================================================================================================
                                                                 Start  -->   End
Total (sum of squares):                                      9.387e-03  -->   9.066e-03, 
Maximum absolute QS two-term hat objective value:            7.438e-02  -->   7.569e-02 (Unknown)
Minimum absolute QS two-term hat objective value:            1.632e-05  -->   1.214e-05 (Unknown)
Average absolute QS two-term hat objective value:            1.341e-02  -->   1.321e-02 (Unknown)
Aspect ratio:                                                7.999e+00  -->   8.000e+00 (dimensionless)
Generic objective value:                                     1.260e+00  -->   1.254e+00 (T)
Maximum absolute Force error:                                3.040e+01  -->   3.076e+01 (N)
Minimum absolute Force error:                                2.642e-05  -->   3.240e-05 (N)
Average absolute Force error:                                2.627e-01  -->   2.575e-01 (N)
Maximum absolute Force error:                                2.935e-04  -->   2.971e-04 (normalized)
Minimum absolute Force error:                                2.551e-10  -->   3.129e-10 (normalized)
Average absolute Force error:                                2.537e-06  -->   2.487e-06 (normalized)
Cross-section R error:                                       5.919e-23  -->   0.000e+00 (m)
Cross-section Z error:                                       0.000e+00  -->   0.000e+00 (m)
Fixed pressure profile error:                                0.000e+00  -->   0.000e+00 (Pa)
Fixed current profile error:                                 0.000e+00  -->   0.000e+00 (A)
Fixed Psi error:                                             0.000e+00  -->   0.000e+00 (Wb)
==============================================================================================================


===== optimizing section modes max(l,|m|) <= 11 =====

Building objective: QS two-term hat
Building objective: aspect ratio
Precomputing transforms
Timer: Precomputing transforms = 64.2 ms
Building objective: Generic
Timer: Objective build = 242 ms
Building objective: force
Precomputing transforms
Timer: Precomputing transforms = 102 ms
Timer: Objective build = 119 ms
Timer: Objective build = 1.86 ms
Timer: Eq Update LinearConstraintProjection build = 81.5 ms
Timer: Proximal projection build = 2.09 sec
Building objective: fixed cross-section R
Building objective: fixed cross-section Z
Building objective: fixed pressure
Building objective: fixed current
Building objective: fixed Psi
Timer: Objective build = 340 ms
Timer: LinearConstraintProjection build = 1.50 sec
Number of parameters: 78
Number of objectives: 1877
Timer: Initializing the optimization = 4.70 sec

Starting optimization
Using method: proximal-lsq-exact
Solver options:
------------------------------------------------------------
Maximum Function Evaluations       : 251
Maximum Allowed Total Δx Norm      : inf
Scaled Termination                 : True
Trust Region Method                : qr
Initial Trust Radius               : 1.042e-01
Maximum Trust Radius               : inf
Minimum Trust Radius               : 2.220e-16
Trust Radius Increase Ratio        : 2.000e+00
Trust Radius Decrease Ratio        : 2.500e-01
Trust Radius Increase Threshold    : 7.500e-01
Trust Radius Decrease Threshold    : 2.500e-01
------------------------------------------------------------ 

   Iteration     Total nfev        Cost      Cost reduction    Step norm     Optimality   
       0              1          9.178e-03                                    3.239e+01   
       1              5          9.068e-03      1.100e-04      2.798e-04      9.841e+00   
       2              6          9.058e-03      1.016e-05      2.700e-04      2.135e+01   
       3              7          8.977e-03      8.131e-05      1.071e-04      1.829e+01   
       4             29          8.977e-03      0.000e+00      0.000e+00      1.829e+01   
Warning: A bad approximation caused failure to predict improvement.
         Current function value: 8.977e-03
         Total delta_x: 6.559e-04
         Iterations: 4
         Function evaluations: 29
         Jacobian evaluations: 4
Timer: Solution time = 1.20 min
Timer: Avg time per step = 14.4 sec
==============================================================================================================
                                                                 Start  -->   End
Total (sum of squares):                                      9.178e-03  -->   8.977e-03, 
Maximum absolute QS two-term hat objective value:            7.650e-02  -->   7.759e-02 (Unknown)
Minimum absolute QS two-term hat objective value:            1.128e-05  -->   1.324e-05 (Unknown)
Average absolute QS two-term hat objective value:            1.327e-02  -->   1.314e-02 (Unknown)
Aspect ratio:                                                7.999e+00  -->   8.000e+00 (dimensionless)
Generic objective value:                                     1.254e+00  -->   1.251e+00 (T)
Maximum absolute Force error:                                3.076e+01  -->   3.095e+01 (N)
Minimum absolute Force error:                                3.240e-05  -->   7.610e-05 (N)
Average absolute Force error:                                2.575e-01  -->   2.538e-01 (N)
Maximum absolute Force error:                                2.960e-04  -->   2.979e-04 (normalized)
Minimum absolute Force error:                                3.118e-10  -->   7.324e-10 (normalized)
Average absolute Force error:                                2.478e-06  -->   2.442e-06 (normalized)
Cross-section R error:                                       2.647e-23  -->   7.523e-37 (m)
Cross-section Z error:                                       5.294e-23  -->   1.059e-22 (m)
Fixed pressure profile error:                                0.000e+00  -->   0.000e+00 (Pa)
Fixed current profile error:                                 0.000e+00  -->   0.000e+00 (A)
Fixed Psi error:                                             0.000e+00  -->   0.000e+00 (Wb)
==============================================================================================================


===== optimizing section modes max(l,|m|) <= 12 =====

Building objective: QS two-term hat
Building objective: aspect ratio
Precomputing transforms
Timer: Precomputing transforms = 63.5 ms
Building objective: Generic
Timer: Objective build = 243 ms
Building objective: force
Precomputing transforms
Timer: Precomputing transforms = 102 ms
Timer: Objective build = 120 ms
Timer: Objective build = 1.87 ms
Timer: Eq Update LinearConstraintProjection build = 85.2 ms
Timer: Proximal projection build = 2.10 sec
Building objective: fixed cross-section R
Building objective: fixed cross-section Z
Building objective: fixed pressure
Building objective: fixed current
Building objective: fixed Psi
Timer: Objective build = 118 ms
Timer: LinearConstraintProjection build = 1.29 sec
Number of parameters: 91
Number of objectives: 1877
Timer: Initializing the optimization = 4.26 sec

Starting optimization
Using method: proximal-lsq-exact
Solver options:
------------------------------------------------------------
Maximum Function Evaluations       : 251
Maximum Allowed Total Δx Norm      : inf
Scaled Termination                 : True
Trust Region Method                : qr
Initial Trust Radius               : 1.110e-01
Maximum Trust Radius               : inf
Minimum Trust Radius               : 2.220e-16
Trust Radius Increase Ratio        : 2.000e+00
Trust Radius Decrease Ratio        : 2.500e-01
Trust Radius Increase Threshold    : 7.500e-01
Trust Radius Decrease Threshold    : 2.500e-01
------------------------------------------------------------ 

   Iteration     Total nfev        Cost      Cost reduction    Step norm     Optimality   
       0              1          9.084e-03                                    3.864e+01   
       1              5          9.019e-03      6.454e-05      2.100e-04      1.825e+01   
       2              6          8.981e-03      3.857e-05      1.808e-04      2.929e+01   
       3              7          8.860e-03      1.210e-04      7.989e-05      2.361e+01   
       4             29          8.860e-03      0.000e+00      0.000e+00      2.361e+01   
Warning: A bad approximation caused failure to predict improvement.
         Current function value: 8.860e-03
         Total delta_x: 4.674e-04
         Iterations: 4
         Function evaluations: 29
         Jacobian evaluations: 4
Timer: Solution time = 1.19 min
Timer: Avg time per step = 14.2 sec
==============================================================================================================
                                                                 Start  -->   End
Total (sum of squares):                                      9.084e-03  -->   8.860e-03, 
Maximum absolute QS two-term hat objective value:            7.810e-02  -->   7.797e-02 (Unknown)
Minimum absolute QS two-term hat objective value:            2.041e-06  -->   6.512e-07 (Unknown)
Average absolute QS two-term hat objective value:            1.321e-02  -->   1.306e-02 (Unknown)
Aspect ratio:                                                7.999e+00  -->   8.000e+00 (dimensionless)
Generic objective value:                                     1.251e+00  -->   1.248e+00 (T)
Maximum absolute Force error:                                3.095e+01  -->   3.100e+01 (N)
Minimum absolute Force error:                                7.610e-05  -->   3.807e-05 (N)
Average absolute Force error:                                2.538e-01  -->   2.500e-01 (N)
Maximum absolute Force error:                                2.975e-04  -->   2.980e-04 (normalized)
Minimum absolute Force error:                                7.315e-10  -->   3.659e-10 (normalized)
Average absolute Force error:                                2.439e-06  -->   2.403e-06 (normalized)
Cross-section R error:                                       0.000e+00  -->   0.000e+00 (m)
Cross-section Z error:                                       0.000e+00  -->   0.000e+00 (m)
Fixed pressure profile error:                                0.000e+00  -->   0.000e+00 (Pa)
Fixed current profile error:                                 0.000e+00  -->   0.000e+00 (A)
Fixed Psi error:                                             0.000e+00  -->   0.000e+00 (Wb)
==============================================================================================================

step 0    V =    0.307  R0/a =  7.995  <|B|> =  1.2599  f_B = [0.1718 0.1764 0.1833]  f_C = [0.5259 0.5153 0.4994]
step 1    V =    0.378  R0/a =  8.007  <|B|> =  1.1485  f_B = [0.0425 0.054  0.0655]  f_C = [0.1219 0.1523 0.1793]
step 2    V =    0.338  R0/a =  8.003  <|B|> =  1.2056  f_B = [0.0319 0.041  0.0498]  f_C = [0.0896 0.1157 0.1397]
step 3    V =    0.336  R0/a =  8.001  <|B|> =  1.1967  f_B = [0.0314 0.0404 0.0492]  f_C = [0.0883 0.1142 0.138 ]
step 4    V =    0.284  R0/a =  8.002  <|B|> =  1.2573  f_B = [0.0043 0.0058 0.0116]  f_C = [0.0162 0.0227 0.0397]
step 5    V =    0.288  R0/a =  7.998  <|B|> =  1.2706  f_B = [0.0031 0.0032 0.0046]  f_C = [0.0115 0.012  0.0195]
step 6    V =    0.287  R0/a =  8.000  <|B|> =  1.2774  f_B = [0.0029 0.003  0.0041]  f_C = [0.0105 0.0115 0.0178]
step 7    V =    0.288  R0/a =  7.999  <|B|> =  1.2768  f_B = [0.0029 0.0029 0.0041]  f_C = [0.0105 0.0113 0.0177]
step 8    V =    0.293  R0/a =  8.000  <|B|> =  1.2604  f_B = [0.0025 0.0028 0.0037]  f_C = [0.0098 0.0113 0.0171]
step 9    V =    0.295  R0/a =  8.000  <|B|> =  1.2543  f_B = [0.0024 0.0027 0.0036]  f_C = [0.0097 0.0112 0.0171]
step 10   V =    0.296  R0/a =  8.000  <|B|> =  1.2508  f_B = [0.0024 0.0027 0.0035]  f_C = [0.0097 0.0112 0.0171]
step 11   V =    0.297  R0/a =  8.000  <|B|> =  1.2483  f_B = [0.0024 0.0026 0.0035]  f_C = [0.0096 0.0112 0.0169]
