DESC /home/ye2698/DESC
8a54240a7  (HEAD -> dp/poincare, tag: poincare-bc-paper, origin/dp/poincare) Merge branch 'master' into dp/poincare
DESC version=0.17.3+411.g8a54240a7.
Using JAX backend: jax version=0.9.2, jaxlib version=0.9.2, dtype=float64.
Using device: NVIDIA A100-PCIE-40GB (id=0), with 40.00 GB available memory.
two-term: dim_f = 1875, initial norm = 3.3307e+01

===== optimizing section modes max(l,|m|) <= 2 =====

Building objective: QS two-term hat
Building objective: aspect ratio
Precomputing transforms
Timer: Precomputing transforms = 66.3 ms
Building objective: Generic
Timer: Objective build = 264 ms
Building objective: force
Precomputing transforms
Timer: Precomputing transforms = 1.36 sec
Timer: Objective build = 2.44 sec
Timer: Objective build = 2.85 ms
Timer: Eq Update LinearConstraintProjection build = 4.49 sec
Timer: Proximal projection build = 43.4 sec
Building objective: fixed cross-section R
Building objective: fixed cross-section Z
Building objective: fixed pressure
Building objective: fixed current
Building objective: fixed Psi
Timer: Objective build = 856 ms
Timer: LinearConstraintProjection build = 2.11 sec
Number of parameters: 6
Number of objectives: 1877
Timer: Initializing the optimization = 47.0 sec

Starting optimization
Using method: proximal-lsq-exact
Solver options:
------------------------------------------------------------
Maximum Function Evaluations       : 251
Maximum Allowed Total Δx Norm      : inf
Scaled Termination                 : True
Trust Region Method                : qr
Initial Trust Radius               : 4.276e-02
Maximum Trust Radius               : inf
Minimum Trust Radius               : 2.220e-16
Trust Radius Increase Ratio        : 2.000e+00
Trust Radius Decrease Ratio        : 2.500e-01
Trust Radius Increase Threshold    : 7.500e-01
Trust Radius Decrease Threshold    : 2.500e-01
------------------------------------------------------------ 

   Iteration     Total nfev        Cost      Cost reduction    Step norm     Optimality   
       0              1          1.762e+01                                    1.632e+04   
       1              2          2.926e+00      1.469e+01      1.288e-01      8.988e+02   
       2              3          1.785e+00      1.141e+00      3.145e-02      3.063e+02   
       3              5          1.711e+00      7.389e-02      1.096e-03      2.010e+02   
       4              9          1.710e+00      9.895e-04      2.052e-05      1.869e+02   
       5             28          1.710e+00      0.000e+00      0.000e+00      1.869e+02   
Warning: A bad approximation caused failure to predict improvement.
         Current function value: 1.710e+00
         Total delta_x: 9.811e-02
         Iterations: 5
         Function evaluations: 28
         Jacobian evaluations: 5
Timer: Solution time = 1.94 min
Timer: Avg time per step = 19.4 sec
==============================================================================================================
                                                                 Start  -->   End
Total (sum of squares):                                      1.762e+01  -->   1.710e+00, 
Maximum absolute QS two-term hat objective value:            2.355e+00  -->   9.422e-01 (Unknown)
Minimum absolute QS two-term hat objective value:            9.465e-04  -->   5.380e-05 (Unknown)
Average absolute QS two-term hat objective value:            6.079e-01  -->   1.857e-01 (Unknown)
Aspect ratio:                                                7.995e+00  -->   7.954e+00 (dimensionless)
Generic objective value:                                     1.260e+00  -->   1.251e+00 (T)
Maximum absolute Force error:                                1.893e+01  -->   3.027e+01 (N)
Minimum absolute Force error:                                3.514e-06  -->   2.005e-05 (N)
Average absolute Force error:                                2.199e-01  -->   2.342e-01 (N)
Maximum absolute Force error:                                2.562e-04  -->   4.096e-04 (normalized)
Minimum absolute Force error:                                4.755e-11  -->   2.713e-10 (normalized)
Average absolute Force error:                                2.976e-06  -->   3.170e-06 (normalized)
Cross-section R error:                                       1.085e-19  -->   3.388e-21 (m)
Cross-section Z error:                                       9.585e-21  -->   0.000e+00 (m)
Fixed pressure profile error:                                0.000e+00  -->   0.000e+00 (Pa)
Fixed current profile error:                                 0.000e+00  -->   0.000e+00 (A)
Fixed Psi error:                                             0.000e+00  -->   0.000e+00 (Wb)
==============================================================================================================


===== optimizing section modes max(l,|m|) <= 3 =====

Building objective: QS two-term hat
Building objective: aspect ratio
Precomputing transforms
Timer: Precomputing transforms = 68.9 ms
Building objective: Generic
Timer: Objective build = 250 ms
Building objective: force
Precomputing transforms
Timer: Precomputing transforms = 101 ms
Timer: Objective build = 118 ms
Timer: Objective build = 1.86 ms
Timer: Eq Update LinearConstraintProjection build = 103 ms
Timer: Proximal projection build = 2.46 sec
Building objective: fixed cross-section R
Building objective: fixed cross-section Z
Building objective: fixed pressure
Building objective: fixed current
Building objective: fixed Psi
Timer: Objective build = 468 ms
Timer: LinearConstraintProjection build = 1.86 sec
Number of parameters: 10
Number of objectives: 1877
Timer: Initializing the optimization = 5.39 sec

Starting optimization
Using method: proximal-lsq-exact
Solver options:
------------------------------------------------------------
Maximum Function Evaluations       : 251
Maximum Allowed Total Δx Norm      : inf
Scaled Termination                 : True
Trust Region Method                : qr
Initial Trust Radius               : 4.537e-02
Maximum Trust Radius               : inf
Minimum Trust Radius               : 2.220e-16
Trust Radius Increase Ratio        : 2.000e+00
Trust Radius Decrease Ratio        : 2.500e-01
Trust Radius Increase Threshold    : 7.500e-01
Trust Radius Decrease Threshold    : 2.500e-01
------------------------------------------------------------ 

   Iteration     Total nfev        Cost      Cost reduction    Step norm     Optimality   
       0              1          1.711e+00                                    4.085e+02   
       1              3          1.580e+00      1.309e-01      6.936e-03      1.900e+03   
       2              5          1.215e+00      3.650e-01      1.429e-03      1.129e+02   
       3              6          1.145e+00      7.025e-02      2.329e-03      3.076e+02   
       4              7          1.010e+00      1.346e-01      4.532e-03      9.563e+01   
       5              9          9.821e-01      2.827e-02      2.098e-03      3.847e+01   
       6             10          9.318e-01      5.032e-02      3.510e-03      1.711e+02   
       7             14          9.118e-01      1.996e-02      9.795e-05      1.127e+02   
       8             15          8.798e-01      3.205e-02      1.801e-04      5.546e+01   
       9             16          8.689e-01      1.087e-02      5.446e-04      3.097e+02   
      10             18          8.503e-01      1.861e-02      1.669e-04      2.318e+01   
      11             19          8.411e-01      9.267e-03      2.740e-04      1.884e+01   
      12             20          8.246e-01      1.646e-02      5.695e-04      2.705e+01   
      13             21          7.988e-01      2.575e-02      1.167e-03      6.015e+01   
      14             22          7.736e-01      2.522e-02      1.858e-03      1.291e+02   
      15             24          7.663e-01      7.297e-03      5.273e-04      4.603e+01   
      16             46          7.663e-01      0.000e+00      0.000e+00      4.603e+01   
Warning: A bad approximation caused failure to predict improvement.
         Current function value: 7.663e-01
         Total delta_x: 2.092e-02
         Iterations: 16
         Function evaluations: 46
         Jacobian evaluations: 16
Timer: Solution time = 2.44 min
Timer: Avg time per step = 8.64 sec
==============================================================================================================
                                                                 Start  -->   End
Total (sum of squares):                                      1.711e+00  -->   7.663e-01, 
Maximum absolute QS two-term hat objective value:            9.423e-01  -->   5.313e-01 (Unknown)
Minimum absolute QS two-term hat objective value:            1.187e-04  -->   1.081e-05 (Unknown)
Average absolute QS two-term hat objective value:            1.858e-01  -->   1.246e-01 (Unknown)
Aspect ratio:                                                7.954e+00  -->   8.040e+00 (dimensionless)
Generic objective value:                                     1.251e+00  -->   1.259e+00 (T)
Maximum absolute Force error:                                3.027e+01  -->   2.701e+01 (N)
Minimum absolute Force error:                                2.005e-05  -->   8.978e-06 (N)
Average absolute Force error:                                2.342e-01  -->   2.936e-01 (N)
Maximum absolute Force error:                                5.164e-04  -->   4.608e-04 (normalized)
Minimum absolute Force error:                                3.420e-10  -->   1.531e-10 (normalized)
Average absolute Force error:                                3.996e-06  -->   5.008e-06 (normalized)
Cross-section R error:                                       2.440e-19  -->   2.169e-19 (m)
Cross-section Z error:                                       2.306e-19  -->   2.235e-19 (m)
Fixed pressure profile error:                                0.000e+00  -->   0.000e+00 (Pa)
Fixed current profile error:                                 0.000e+00  -->   0.000e+00 (A)
Fixed Psi error:                                             0.000e+00  -->   0.000e+00 (Wb)
==============================================================================================================


===== optimizing section modes max(l,|m|) <= 4 =====

Building objective: QS two-term hat
Building objective: aspect ratio
Precomputing transforms
Timer: Precomputing transforms = 65.8 ms
Building objective: Generic
Timer: Objective build = 244 ms
Building objective: force
Precomputing transforms
Timer: Precomputing transforms = 103 ms
Timer: Objective build = 120 ms
Timer: Objective build = 1.83 ms
Timer: Eq Update LinearConstraintProjection build = 79.7 ms
Timer: Proximal projection build = 2.14 sec
Building objective: fixed cross-section R
Building objective: fixed cross-section Z
Building objective: fixed pressure
Building objective: fixed current
Building objective: fixed Psi
Timer: Objective build = 816 ms
Timer: LinearConstraintProjection build = 1.86 sec
Number of parameters: 15
Number of objectives: 1877
Timer: Initializing the optimization = 5.43 sec

Starting optimization
Using method: proximal-lsq-exact
Solver options:
------------------------------------------------------------
Maximum Function Evaluations       : 251
Maximum Allowed Total Δx Norm      : inf
Scaled Termination                 : True
Trust Region Method                : qr
Initial Trust Radius               : 4.523e-02
Maximum Trust Radius               : inf
Minimum Trust Radius               : 2.220e-16
Trust Radius Increase Ratio        : 2.000e+00
Trust Radius Decrease Ratio        : 2.500e-01
Trust Radius Increase Threshold    : 7.500e-01
Trust Radius Decrease Threshold    : 2.500e-01
------------------------------------------------------------ 

   Iteration     Total nfev        Cost      Cost reduction    Step norm     Optimality   
       0              1          7.679e-01                                    4.273e+01   
       1              5          7.568e-01      1.111e-02      3.659e-04      2.269e+01   
       2              6          7.453e-01      1.149e-02      3.144e-04      1.902e+01   
       3              7          7.304e-01      1.491e-02      6.306e-04      5.799e+01   
       4              8          7.195e-01      1.090e-02      5.349e-04      3.937e+01   
       5              9          7.121e-01      7.363e-03      5.133e-04      5.113e+01   
       6             10          7.006e-01      1.146e-02      4.624e-04      4.717e+01   
       7             11          6.950e-01      5.598e-03      9.835e-04      1.722e+02   
       8             12          6.846e-01      1.048e-02      2.359e-04      4.994e+01   
       9             13          6.830e-01      1.523e-03      2.565e-04      3.431e+01   
      10             14          6.814e-01      1.622e-03      5.791e-05      1.360e+01   
      11             15          6.802e-01      1.229e-03      6.385e-05      8.207e+00   
      12             16          6.789e-01      1.247e-03      6.392e-05      7.002e+00   
      13             17          6.762e-01      2.767e-03      1.322e-04      1.388e+01   
      14             18          6.744e-01      1.817e-03      2.801e-04      2.479e+01   
      15             19          6.712e-01      3.200e-03      2.840e-04      1.319e+01   
      16             20          6.690e-01      2.164e-03      2.974e-04      2.076e+01   
      17             21          6.642e-01      4.758e-03      3.116e-04      2.673e+01   
      18             22          6.573e-01      6.930e-03      6.953e-04      5.659e+01   
      19             23          6.513e-01      6.045e-03      7.063e-04      9.275e+01   
      20             24          6.459e-01      5.366e-03      5.817e-04      8.111e+01   
      21             25          6.442e-01      1.673e-03      7.260e-04      2.124e+02   
      22             26          6.402e-01      3.979e-03      1.604e-04      3.304e+01   
      23             27          6.385e-01      1.774e-03      1.846e-04      6.338e+01   
      24             28          6.370e-01      1.444e-03      1.696e-04      6.909e+00   
      25             29          6.361e-01      9.335e-04      1.602e-04      4.911e+01   
      26             30          6.350e-01      1.047e-03      1.478e-04      8.168e+00   
      27             31          6.342e-01      8.236e-04      1.570e-04      4.185e+01   
      28             32          6.334e-01      8.586e-04      1.467e-04      1.235e+01   
      29             33          6.326e-01      7.372e-04      1.607e-04      3.654e+01   
      30             34          6.319e-01      6.934e-04      1.517e-04      1.282e+01   
      31             35          6.313e-01      6.510e-04      1.689e-04      3.215e+01   
      32             36          6.307e-01      5.372e-04      1.604e-04      1.073e+01   
Optimization terminated successfully.
`ftol` condition satisfied. (ftol=1.00e-03)
         Current function value: 6.307e-01
         Total delta_x: 8.903e-03
         Iterations: 32
         Function evaluations: 36
         Jacobian evaluations: 33
Timer: Solution time = 1.82 min
Timer: Avg time per step = 3.31 sec
==============================================================================================================
                                                                 Start  -->   End
Total (sum of squares):                                      7.679e-01  -->   6.307e-01, 
Maximum absolute QS two-term hat objective value:            5.310e-01  -->   5.160e-01 (Unknown)
Minimum absolute QS two-term hat objective value:            1.038e-04  -->   5.696e-05 (Unknown)
Average absolute QS two-term hat objective value:            1.248e-01  -->   1.133e-01 (Unknown)
Aspect ratio:                                                8.040e+00  -->   8.028e+00 (dimensionless)
Generic objective value:                                     1.259e+00  -->   1.219e+00 (T)
Maximum absolute Force error:                                2.701e+01  -->   2.847e+01 (N)
Minimum absolute Force error:                                8.978e-06  -->   3.069e-06 (N)
Average absolute Force error:                                2.936e-01  -->   3.269e-01 (N)
Maximum absolute Force error:                                4.199e-04  -->   4.426e-04 (normalized)
Minimum absolute Force error:                                1.396e-10  -->   4.771e-11 (normalized)
Average absolute Force error:                                4.564e-06  -->   5.083e-06 (normalized)
Cross-section R error:                                       1.096e-19  -->   1.093e-19 (m)
Cross-section Z error:                                       2.717e-20  -->   1.698e-21 (m)
Fixed pressure profile error:                                0.000e+00  -->   0.000e+00 (Pa)
Fixed current profile error:                                 0.000e+00  -->   0.000e+00 (A)
Fixed Psi error:                                             0.000e+00  -->   0.000e+00 (Wb)
==============================================================================================================


===== optimizing section modes max(l,|m|) <= 5 =====

Building objective: QS two-term hat
Building objective: aspect ratio
Precomputing transforms
Timer: Precomputing transforms = 69.6 ms
Building objective: Generic
Timer: Objective build = 248 ms
Building objective: force
Precomputing transforms
Timer: Precomputing transforms = 103 ms
Timer: Objective build = 120 ms
Timer: Objective build = 1.96 ms
Timer: Eq Update LinearConstraintProjection build = 77.3 ms
Timer: Proximal projection build = 2.13 sec
Building objective: fixed cross-section R
Building objective: fixed cross-section Z
Building objective: fixed pressure
Building objective: fixed current
Building objective: fixed Psi
Timer: Objective build = 469 ms
Timer: LinearConstraintProjection build = 1.94 sec
Number of parameters: 21
Number of objectives: 1877
Timer: Initializing the optimization = 5.18 sec

Starting optimization
Using method: proximal-lsq-exact
Solver options:
------------------------------------------------------------
Maximum Function Evaluations       : 251
Maximum Allowed Total Δx Norm      : inf
Scaled Termination                 : True
Trust Region Method                : qr
Initial Trust Radius               : 5.388e-02
Maximum Trust Radius               : inf
Minimum Trust Radius               : 2.220e-16
Trust Radius Increase Ratio        : 2.000e+00
Trust Radius Decrease Ratio        : 2.500e-01
Trust Radius Increase Threshold    : 7.500e-01
Trust Radius Decrease Threshold    : 2.500e-01
------------------------------------------------------------ 

   Iteration     Total nfev        Cost      Cost reduction    Step norm     Optimality   
       0              1          6.311e-01                                    1.098e+01   
       1              4          6.081e-01      2.303e-02      2.403e-03      2.367e+02   
       2              6          6.016e-01      6.463e-03      5.098e-04      1.317e+01   
       3              7          5.948e-01      6.755e-03      5.368e-04      4.442e+01   
       4              8          5.862e-01      8.668e-03      1.067e-03      1.581e+01   
       5              9          5.753e-01      1.085e-02      1.107e-03      4.358e+00   
       6             10          5.612e-01      1.411e-02      1.160e-03      2.929e+01   
       7             11          5.294e-01      3.181e-02      2.536e-03      4.804e+01   
       8             12          4.989e-01      3.053e-02      5.260e-03      1.586e+02   
       9             13          4.660e-01      3.283e-02      5.100e-03      4.096e+02   
      10             14          4.507e-01      1.536e-02      4.605e-03      3.877e+02   
      11             15          3.813e-01      6.941e-02      1.469e-03      1.752e+02   
      12             16          3.197e-01      6.163e-02      1.685e-03      2.279e+01   
      13             17          2.756e-01      4.407e-02      2.427e-03      8.065e+02   
      14             19          2.330e-01      4.253e-02      1.787e-03      4.011e+02   
      15             20          2.088e-01      2.425e-02      3.319e-03      1.797e+02   
      16             21          1.832e-01      2.556e-02      5.237e-03      3.856e+02   
      17             23          1.675e-01      1.576e-02      1.859e-03      1.564e+02   
      18             25          1.607e-01      6.794e-03      8.593e-04      8.225e+01   
      19             26          1.526e-01      8.116e-03      1.869e-03      4.495e+02   
      20             28          1.459e-01      6.695e-03      1.024e-03      1.625e+02   
      21             30          1.434e-01      2.468e-03      5.138e-04      5.974e+01   
      22             31          1.407e-01      2.664e-03      1.101e-03      1.783e+02   
      23             32          1.398e-01      9.451e-04      1.059e-03      2.742e+02   
      24             33          1.391e-01      6.699e-04      1.188e-04      1.231e+02   
      25             34          1.388e-01      3.354e-04      2.615e-05      1.410e+01   
      26             54          1.388e-01      0.000e+00      0.000e+00      1.410e+01   
Warning: A bad approximation caused failure to predict improvement.
         Current function value: 1.388e-01
         Total delta_x: 3.538e-02
         Iterations: 26
         Function evaluations: 54
         Jacobian evaluations: 26
Timer: Solution time = 2.59 min
Timer: Avg time per step = 5.76 sec
==============================================================================================================
                                                                 Start  -->   End
Total (sum of squares):                                      6.311e-01  -->   1.388e-01, 
Maximum absolute QS two-term hat objective value:            5.160e-01  -->   2.488e-01 (Unknown)
Minimum absolute QS two-term hat objective value:            2.319e-05  -->   2.370e-06 (Unknown)
Average absolute QS two-term hat objective value:            1.134e-01  -->   5.166e-02 (Unknown)
Aspect ratio:                                                8.028e+00  -->   7.996e+00 (dimensionless)
Generic objective value:                                     1.219e+00  -->   1.301e+00 (T)
Maximum absolute Force error:                                2.847e+01  -->   3.553e+01 (N)
Minimum absolute Force error:                                3.069e-06  -->   5.461e-06 (N)
Average absolute Force error:                                3.269e-01  -->   3.296e-01 (N)
Maximum absolute Force error:                                4.295e-04  -->   5.360e-04 (normalized)
Minimum absolute Force error:                                4.630e-11  -->   8.239e-11 (normalized)
Average absolute Force error:                                4.932e-06  -->   4.972e-06 (normalized)
Cross-section R error:                                       4.798e-21  -->   1.184e-22 (m)
Cross-section Z error:                                       1.059e-22  -->   1.059e-22 (m)
Fixed pressure profile error:                                0.000e+00  -->   0.000e+00 (Pa)
Fixed current profile error:                                 0.000e+00  -->   0.000e+00 (A)
Fixed Psi error:                                             0.000e+00  -->   0.000e+00 (Wb)
==============================================================================================================


===== optimizing section modes max(l,|m|) <= 6 =====

Building objective: QS two-term hat
Building objective: aspect ratio
Precomputing transforms
Timer: Precomputing transforms = 62.8 ms
Building objective: Generic
Timer: Objective build = 238 ms
Building objective: force
Precomputing transforms
Timer: Precomputing transforms = 104 ms
Timer: Objective build = 122 ms
Timer: Objective build = 1.92 ms
Timer: Eq Update LinearConstraintProjection build = 720 ms
Timer: Proximal projection build = 2.79 sec
Building objective: fixed cross-section R
Building objective: fixed cross-section Z
Building objective: fixed pressure
Building objective: fixed current
Building objective: fixed Psi
Timer: Objective build = 332 ms
Timer: LinearConstraintProjection build = 1.95 sec
Number of parameters: 28
Number of objectives: 1877
Timer: Initializing the optimization = 5.73 sec

Starting optimization
Using method: proximal-lsq-exact
Solver options:
------------------------------------------------------------
Maximum Function Evaluations       : 251
Maximum Allowed Total Δx Norm      : inf
Scaled Termination                 : True
Trust Region Method                : qr
Initial Trust Radius               : 5.747e-02
Maximum Trust Radius               : inf
Minimum Trust Radius               : 2.220e-16
Trust Radius Increase Ratio        : 2.000e+00
Trust Radius Decrease Ratio        : 2.500e-01
Trust Radius Increase Threshold    : 7.500e-01
Trust Radius Decrease Threshold    : 2.500e-01
------------------------------------------------------------ 

   Iteration     Total nfev        Cost      Cost reduction    Step norm     Optimality   
       0              1          1.390e-01                                    1.225e+01   
       1              5          1.379e-01      1.121e-03      3.053e-04      9.974e+01   
       2              6          1.359e-01      2.004e-03      5.650e-05      3.626e+01   
       3              7          1.351e-01      7.753e-04      7.686e-05      1.524e+01   
       4              8          1.344e-01      7.085e-04      8.342e-05      1.894e+01   
       5              9          1.337e-01      7.352e-04      8.554e-05      1.705e+01   
       6             10          1.329e-01      7.525e-04      8.710e-05      1.544e+01   
       7             11          1.324e-01      5.461e-04      8.838e-05      1.082e+01   
       8             12          1.318e-01      5.822e-04      8.901e-05      1.315e+01   
       9             13          1.312e-01      6.094e-04      8.985e-05      1.447e+01   
      10             34          1.312e-01      0.000e+00      0.000e+00      1.447e+01   
Warning: A bad approximation caused failure to predict improvement.
         Current function value: 1.312e-01
         Total delta_x: 8.693e-04
         Iterations: 10
         Function evaluations: 34
         Jacobian evaluations: 10
Timer: Solution time = 3.41 min
Timer: Avg time per step = 18.6 sec
==============================================================================================================
                                                                 Start  -->   End
Total (sum of squares):                                      1.390e-01  -->   1.312e-01, 
Maximum absolute QS two-term hat objective value:            2.488e-01  -->   2.442e-01 (Unknown)
Minimum absolute QS two-term hat objective value:            8.000e-06  -->   3.409e-05 (Unknown)
Average absolute QS two-term hat objective value:            5.172e-02  -->   5.016e-02 (Unknown)
Aspect ratio:                                                7.996e+00  -->   7.996e+00 (dimensionless)
Generic objective value:                                     1.301e+00  -->   1.334e+00 (T)
Maximum absolute Force error:                                3.553e+01  -->   3.799e+01 (N)
Minimum absolute Force error:                                5.461e-06  -->   1.814e-05 (N)
Average absolute Force error:                                3.296e-01  -->   3.266e-01 (N)
Maximum absolute Force error:                                5.471e-04  -->   5.850e-04 (normalized)
Minimum absolute Force error:                                8.408e-11  -->   2.792e-10 (normalized)
Average absolute Force error:                                5.074e-06  -->   5.029e-06 (normalized)
Cross-section R error:                                       3.442e-21  -->   0.000e+00 (m)
Cross-section Z error:                                       3.392e-21  -->   0.000e+00 (m)
Fixed pressure profile error:                                0.000e+00  -->   0.000e+00 (Pa)
Fixed current profile error:                                 0.000e+00  -->   0.000e+00 (A)
Fixed Psi error:                                             0.000e+00  -->   0.000e+00 (Wb)
==============================================================================================================


===== optimizing section modes max(l,|m|) <= 7 =====

Building objective: QS two-term hat
Building objective: aspect ratio
Precomputing transforms
Timer: Precomputing transforms = 66.9 ms
Building objective: Generic
Timer: Objective build = 242 ms
Building objective: force
Precomputing transforms
Timer: Precomputing transforms = 102 ms
Timer: Objective build = 119 ms
Timer: Objective build = 1.86 ms
Timer: Eq Update LinearConstraintProjection build = 81.4 ms
Timer: Proximal projection build = 6.88 sec
Building objective: fixed cross-section R
Building objective: fixed cross-section Z
Building objective: fixed pressure
Building objective: fixed current
Building objective: fixed Psi
Timer: Objective build = 479 ms
Timer: LinearConstraintProjection build = 2.00 sec
Number of parameters: 36
Number of objectives: 1877
Timer: Initializing the optimization = 10.0 sec

Starting optimization
Using method: proximal-lsq-exact
Solver options:
------------------------------------------------------------
Maximum Function Evaluations       : 251
Maximum Allowed Total Δx Norm      : inf
Scaled Termination                 : True
Trust Region Method                : qr
Initial Trust Radius               : 5.877e-02
Maximum Trust Radius               : inf
Minimum Trust Radius               : 2.220e-16
Trust Radius Increase Ratio        : 2.000e+00
Trust Radius Decrease Ratio        : 2.500e-01
Trust Radius Increase Threshold    : 7.500e-01
Trust Radius Decrease Threshold    : 2.500e-01
------------------------------------------------------------ 

   Iteration     Total nfev        Cost      Cost reduction    Step norm     Optimality   
       0              1          1.424e-01                                    1.088e+02   
       1              4          1.315e-01      1.094e-02      1.943e-03      1.239e+02   
       2              5          1.160e-01      1.549e-02      2.250e-03      3.608e+02   
       3              6          1.101e-01      5.920e-03      3.428e-03      7.747e+02   
       4              7          1.022e-01      7.914e-03      1.134e-03      6.537e+02   
       5              8          8.048e-02      2.169e-02      2.038e-03      2.107e+02   
       6             10          7.748e-02      2.998e-03      1.060e-03      9.012e+01   
       7             11          7.457e-02      2.909e-03      2.307e-03      6.111e+01   
       8             12          7.155e-02      3.015e-03      2.524e-03      3.422e+02   
       9             13          7.013e-02      1.422e-03      2.654e-03      5.803e+02   
      10             14          6.811e-02      2.018e-03      2.672e-03      7.200e+02   
      11             15          6.691e-02      1.198e-03      2.505e-03      9.546e+02   
      12             16          5.988e-02      7.036e-03      3.573e-04      2.396e+02   
      13             17          5.761e-02      2.266e-03      8.488e-04      3.558e+02   
      14             18          5.713e-02      4.834e-04      2.772e-03      2.028e+02   
      15             19          5.483e-02      2.302e-03      8.829e-04      7.123e+01   
      16             21          5.466e-02      1.710e-04      4.738e-04      4.984e+01   
      17             22          5.449e-02      1.699e-04      4.889e-04      1.208e+01   
      18             23          5.436e-02      1.296e-04      4.937e-04      1.836e+01   
      19             24          5.422e-02      1.317e-04      4.983e-04      1.537e+01   
      20             25          5.410e-02      1.268e-04      5.020e-04      1.485e+01   
      21             26          5.397e-02      1.234e-04      5.053e-04      1.420e+01   
      22             27          5.385e-02      1.206e-04      5.081e-04      1.361e+01   
      23             28          5.374e-02      1.180e-04      5.104e-04      1.312e+01   
      24             29          5.362e-02      1.156e-04      5.124e-04      1.269e+01   
      25             30          5.351e-02      1.134e-04      5.139e-04      1.232e+01   
      26             31          5.340e-02      1.114e-04      5.152e-04      1.200e+01   
      27             32          5.329e-02      1.095e-04      5.161e-04      1.174e+01   
      28             33          5.318e-02      1.078e-04      5.168e-04      1.152e+01   
      29             34          5.307e-02      1.062e-04      5.173e-04      1.135e+01   
      30             35          5.297e-02      1.047e-04      5.175e-04      1.122e+01   
      31             36          5.286e-02      1.034e-04      5.175e-04      1.112e+01   
      32             37          5.276e-02      1.021e-04      5.173e-04      1.106e+01   
      33             38          5.266e-02      1.010e-04      5.170e-04      1.103e+01   
      34             39          5.256e-02      9.993e-05      5.165e-04      1.103e+01   
      35             40          5.246e-02      9.898e-05      5.158e-04      1.106e+01   
      36             41          5.236e-02      9.811e-05      5.149e-04      1.110e+01   
      37             42          5.227e-02      9.732e-05      5.140e-04      1.117e+01   
      38             43          5.217e-02      9.661e-05      5.128e-04      1.126e+01   
      39             44          5.207e-02      9.597e-05      5.116e-04      1.136e+01   
      40             45          5.198e-02      9.540e-05      5.102e-04      1.147e+01   
      41             46          5.188e-02      9.489e-05      5.087e-04      1.160e+01   
      42             47          5.179e-02      9.445e-05      5.070e-04      1.174e+01   
      43             48          5.169e-02      9.407e-05      5.053e-04      1.188e+01   
      44             49          5.160e-02      9.374e-05      5.034e-04      1.203e+01   
      45             50          5.151e-02      9.347e-05      5.014e-04      1.218e+01   
      46             51          5.141e-02      9.325e-05      4.993e-04      1.234e+01   
      47             52          5.132e-02      9.308e-05      4.972e-04      1.250e+01   
      48             53          5.123e-02      9.296e-05      4.949e-04      1.266e+01   
      49             54          5.114e-02      9.288e-05      4.925e-04      1.282e+01   
      50             55          5.104e-02      9.284e-05      4.901e-04      1.298e+01   
Warning: Maximum number of iterations has been exceeded.
         Current function value: 5.104e-02
         Total delta_x: 3.875e-02
         Iterations: 50
         Function evaluations: 55
         Jacobian evaluations: 51
Timer: Solution time = 2.69 min
Timer: Avg time per step = 3.16 sec
==============================================================================================================
                                                                 Start  -->   End
Total (sum of squares):                                      1.424e-01  -->   5.104e-02, 
Maximum absolute QS two-term hat objective value:            2.475e-01  -->   1.509e-01 (Unknown)
Minimum absolute QS two-term hat objective value:            5.615e-05  -->   1.985e-05 (Unknown)
Average absolute QS two-term hat objective value:            5.334e-02  -->   3.152e-02 (Unknown)
Aspect ratio:                                                7.987e+00  -->   8.001e+00 (dimensionless)
Generic objective value:                                     1.332e+00  -->   1.275e+00 (T)
Maximum absolute Force error:                                3.799e+01  -->   2.815e+01 (N)
Minimum absolute Force error:                                1.814e-05  -->   7.089e-05 (N)
Average absolute Force error:                                3.266e-01  -->   4.014e-01 (N)
Maximum absolute Force error:                                6.076e-04  -->   4.501e-04 (normalized)
Minimum absolute Force error:                                2.900e-10  -->   1.134e-09 (normalized)
Average absolute Force error:                                5.223e-06  -->   6.418e-06 (normalized)
Cross-section R error:                                       4.895e-22  -->   4.243e-22 (m)
Cross-section Z error:                                       3.611e-21  -->   4.366e-22 (m)
Fixed pressure profile error:                                0.000e+00  -->   0.000e+00 (Pa)
Fixed current profile error:                                 0.000e+00  -->   0.000e+00 (A)
Fixed Psi error:                                             0.000e+00  -->   0.000e+00 (Wb)
==============================================================================================================


===== optimizing section modes max(l,|m|) <= 8 =====

Building objective: QS two-term hat
Building objective: aspect ratio
Precomputing transforms
Timer: Precomputing transforms = 62.4 ms
Building objective: Generic
Timer: Objective build = 237 ms
Building objective: force
Precomputing transforms
Timer: Precomputing transforms = 104 ms
Timer: Objective build = 121 ms
Timer: Objective build = 1.85 ms
Timer: Eq Update LinearConstraintProjection build = 81.8 ms
Timer: Proximal projection build = 2.14 sec
Building objective: fixed cross-section R
Building objective: fixed cross-section Z
Building objective: fixed pressure
Building objective: fixed current
Building objective: fixed Psi
Timer: Objective build = 491 ms
Timer: LinearConstraintProjection build = 1.99 sec
Number of parameters: 45
Number of objectives: 1877
Timer: Initializing the optimization = 5.34 sec

Starting optimization
Using method: proximal-lsq-exact
Solver options:
------------------------------------------------------------
Maximum Function Evaluations       : 251
Maximum Allowed Total Δx Norm      : inf
Scaled Termination                 : True
Trust Region Method                : qr
Initial Trust Radius               : 6.942e-02
Maximum Trust Radius               : inf
Minimum Trust Radius               : 2.220e-16
Trust Radius Increase Ratio        : 2.000e+00
Trust Radius Decrease Ratio        : 2.500e-01
Trust Radius Increase Threshold    : 7.500e-01
Trust Radius Decrease Threshold    : 2.500e-01
------------------------------------------------------------ 

   Iteration     Total nfev        Cost      Cost reduction    Step norm     Optimality   
       0              1          5.104e-02                                    2.141e+01   
       1              6          5.093e-02      1.051e-04      5.643e-04      1.468e+01   
       2              7          5.082e-02      1.187e-04      5.596e-04      1.346e+01   
       3              8          5.070e-02      1.142e-04      5.551e-04      1.466e+01   
       4              9          5.058e-02      1.164e-04      5.502e-04      1.438e+01   
       5             10          5.047e-02      1.168e-04      5.451e-04      1.465e+01   
       6             11          5.035e-02      1.178e-04      5.399e-04      1.476e+01   
       7             12          5.023e-02      1.186e-04      5.345e-04      1.492e+01   
       8             13          5.011e-02      1.196e-04      5.291e-04      1.507e+01   
       9             14          4.999e-02      1.206e-04      5.236e-04      1.522e+01   
      10             15          4.987e-02      1.216e-04      5.181e-04      1.537e+01   
      11             16          4.975e-02      1.227e-04      5.126e-04      1.551e+01   
      12             17          4.962e-02      1.238e-04      5.071e-04      1.565e+01   
      13             18          4.950e-02      1.250e-04      5.015e-04      1.578e+01   
      14             19          4.937e-02      1.262e-04      4.960e-04      1.589e+01   
      15             20          4.924e-02      1.275e-04      4.905e-04      1.600e+01   
      16             21          4.912e-02      1.288e-04      4.850e-04      1.610e+01   
      17             22          4.899e-02      1.302e-04      4.794e-04      1.618e+01   
      18             23          4.885e-02      1.315e-04      4.740e-04      1.626e+01   
      19             24          4.872e-02      1.329e-04      4.685e-04      1.632e+01   
      20             25          4.859e-02      1.344e-04      4.630e-04      1.636e+01   
      21             26          4.845e-02      1.358e-04      4.576e-04      1.639e+01   
      22             27          4.831e-02      1.372e-04      4.522e-04      1.641e+01   
      23             28          4.817e-02      1.386e-04      4.467e-04      1.642e+01   
      24             29          4.803e-02      1.400e-04      4.413e-04      1.641e+01   
      25             30          4.789e-02      1.414e-04      4.359e-04      1.638e+01   
      26             31          4.775e-02      1.428e-04      4.305e-04      1.634e+01   
      27             32          4.761e-02      1.441e-04      4.251e-04      1.629e+01   
      28             33          4.748e-02      1.304e-04      4.197e-04      4.309e+01   
      29             34          4.731e-02      1.661e-04      4.114e-04      4.061e+01   
      30             35          4.714e-02      1.685e-04      4.042e-04      4.114e+01   
      31             36          4.697e-02      1.732e-04      3.994e-04      4.094e+01   
      32             37          4.671e-02      2.603e-04      7.758e-04      6.181e+01   
      33             38          4.633e-02      3.737e-04      7.586e-04      4.917e+01   
      34             39          4.596e-02      3.787e-04      1.408e-03      1.129e+02   
      35             40          4.513e-02      8.212e-04      1.338e-03      8.063e+01   
      36             42          4.464e-02      4.967e-04      6.590e-04      2.601e+01   
      37             43          4.429e-02      3.526e-04      1.209e-03      1.022e+02   
      38             44          4.343e-02      8.515e-04      1.118e-03      6.653e+01   
      39             46          4.298e-02      4.575e-04      5.435e-04      2.015e+01   
      40             47          4.255e-02      4.252e-04      9.528e-04      8.449e+01   
      41             48          4.175e-02      8.060e-04      8.358e-04      5.460e+01   
      42             50          4.133e-02      4.102e-04      3.989e-04      1.511e+01   
      43             51          4.083e-02      5.032e-04      6.355e-04      6.625e+01   
      44             52          4.010e-02      7.331e-04      4.983e-04      4.243e+01   
      45             53          3.994e-02      1.570e-04      4.590e-04      2.034e+02   
      46             54          3.856e-02      1.377e-03      1.089e-04      3.173e+01   
      47             55          3.803e-02      5.301e-04      1.827e-04      3.395e+01   
      48             56          3.729e-02      7.422e-04      9.656e-04      9.213e+01   
      49             58          3.677e-02      5.210e-04      3.774e-04      1.568e+01   
      50             59          3.633e-02      4.404e-04      9.080e-04      2.067e+01   
Warning: Maximum number of iterations has been exceeded.
         Current function value: 3.633e-02
         Total delta_x: 2.430e-02
         Iterations: 50
         Function evaluations: 59
         Jacobian evaluations: 51
Timer: Solution time = 2.71 min
Timer: Avg time per step = 3.19 sec
==============================================================================================================
                                                                 Start  -->   End
Total (sum of squares):                                      5.104e-02  -->   3.633e-02, 
Maximum absolute QS two-term hat objective value:            1.508e-01  -->   1.385e-01 (Unknown)
Minimum absolute QS two-term hat objective value:            3.798e-05  -->   1.673e-05 (Unknown)
Average absolute QS two-term hat objective value:            3.152e-02  -->   2.636e-02 (Unknown)
Aspect ratio:                                                8.001e+00  -->   8.003e+00 (dimensionless)
Generic objective value:                                     1.275e+00  -->   1.205e+00 (T)
Maximum absolute Force error:                                2.815e+01  -->   2.111e+01 (N)
Minimum absolute Force error:                                7.089e-05  -->   3.897e-05 (N)
Average absolute Force error:                                4.014e-01  -->   3.689e-01 (N)
Maximum absolute Force error:                                4.778e-04  -->   3.583e-04 (normalized)
Minimum absolute Force error:                                1.204e-09  -->   6.616e-10 (normalized)
Average absolute Force error:                                6.814e-06  -->   6.262e-06 (normalized)
Cross-section R error:                                       4.244e-22  -->   0.000e+00 (m)
Cross-section Z error:                                       2.368e-22  -->   0.000e+00 (m)
Fixed pressure profile error:                                0.000e+00  -->   0.000e+00 (Pa)
Fixed current profile error:                                 0.000e+00  -->   0.000e+00 (A)
Fixed Psi error:                                             0.000e+00  -->   0.000e+00 (Wb)
==============================================================================================================


===== optimizing section modes max(l,|m|) <= 9 =====

Building objective: QS two-term hat
Building objective: aspect ratio
Precomputing transforms
Timer: Precomputing transforms = 64.2 ms
Building objective: Generic
Timer: Objective build = 243 ms
Building objective: force
Precomputing transforms
Timer: Precomputing transforms = 103 ms
Timer: Objective build = 120 ms
Timer: Objective build = 1.87 ms
Timer: Eq Update LinearConstraintProjection build = 81.6 ms
Timer: Proximal projection build = 2.23 sec
Building objective: fixed cross-section R
Building objective: fixed cross-section Z
Building objective: fixed pressure
Building objective: fixed current
Building objective: fixed Psi
Timer: Objective build = 481 ms
Timer: LinearConstraintProjection build = 2.02 sec
Number of parameters: 55
Number of objectives: 1877
Timer: Initializing the optimization = 5.46 sec

Starting optimization
Using method: proximal-lsq-exact
Solver options:
------------------------------------------------------------
Maximum Function Evaluations       : 251
Maximum Allowed Total Δx Norm      : inf
Scaled Termination                 : True
Trust Region Method                : qr
Initial Trust Radius               : 9.449e-02
Maximum Trust Radius               : inf
Minimum Trust Radius               : 2.220e-16
Trust Radius Increase Ratio        : 2.000e+00
Trust Radius Decrease Ratio        : 2.500e-01
Trust Radius Increase Threshold    : 7.500e-01
Trust Radius Decrease Threshold    : 2.500e-01
------------------------------------------------------------ 

   Iteration     Total nfev        Cost      Cost reduction    Step norm     Optimality   
       0              1          3.638e-02                                    3.349e+01   
       1              5          3.572e-02      6.570e-04      1.595e-03      1.383e+01   
       2              6          3.563e-02      8.483e-05      3.668e-03      1.082e+02   
       3              7          3.412e-02      1.515e-03      1.171e-03      7.750e+00   
       4              8          3.405e-02      6.922e-05      2.308e-03      2.830e+01   
       5              9          3.334e-02      7.106e-04      6.431e-04      1.954e+01   
       6             10          3.329e-02      4.496e-05      1.295e-03      2.255e+01   
       7             11          3.300e-02      2.906e-04      3.226e-04      1.448e+01   
       8             12          3.296e-02      4.348e-05      6.671e-04      1.483e+01   
       9             13          3.288e-02      8.039e-05      1.610e-04      1.286e+01   
      10             34          3.288e-02      0.000e+00      0.000e+00      1.286e+01   
Warning: A bad approximation caused failure to predict improvement.
         Current function value: 3.288e-02
         Total delta_x: 1.182e-02
         Iterations: 10
         Function evaluations: 34
         Jacobian evaluations: 10
Timer: Solution time = 1.36 min
Timer: Avg time per step = 7.45 sec
==============================================================================================================
                                                                 Start  -->   End
Total (sum of squares):                                      3.638e-02  -->   3.288e-02, 
Maximum absolute QS two-term hat objective value:            1.387e-01  -->   1.227e-01 (Unknown)
Minimum absolute QS two-term hat objective value:            1.240e-04  -->   4.299e-06 (Unknown)
Average absolute QS two-term hat objective value:            2.637e-02  -->   2.570e-02 (Unknown)
Aspect ratio:                                                8.003e+00  -->   8.001e+00 (dimensionless)
Generic objective value:                                     1.205e+00  -->   1.220e+00 (T)
Maximum absolute Force error:                                2.111e+01  -->   2.268e+01 (N)
Minimum absolute Force error:                                3.897e-05  -->   6.323e-05 (N)
Average absolute Force error:                                3.689e-01  -->   3.626e-01 (N)
Maximum absolute Force error:                                3.518e-04  -->   3.779e-04 (normalized)
Minimum absolute Force error:                                6.494e-10  -->   1.054e-09 (normalized)
Average absolute Force error:                                6.147e-06  -->   6.042e-06 (normalized)
Cross-section R error:                                       4.772e-22  -->   0.000e+00 (m)
Cross-section Z error:                                       4.301e-22  -->   0.000e+00 (m)
Fixed pressure profile error:                                0.000e+00  -->   0.000e+00 (Pa)
Fixed current profile error:                                 0.000e+00  -->   0.000e+00 (A)
Fixed Psi error:                                             0.000e+00  -->   0.000e+00 (Wb)
==============================================================================================================


===== optimizing section modes max(l,|m|) <= 10 =====

Building objective: QS two-term hat
Building objective: aspect ratio
Precomputing transforms
Timer: Precomputing transforms = 64.2 ms
Building objective: Generic
Timer: Objective build = 239 ms
Building objective: force
Precomputing transforms
Timer: Precomputing transforms = 103 ms
Timer: Objective build = 120 ms
Timer: Objective build = 1.92 ms
Timer: Eq Update LinearConstraintProjection build = 80.6 ms
Timer: Proximal projection build = 2.24 sec
Building objective: fixed cross-section R
Building objective: fixed cross-section Z
Building objective: fixed pressure
Building objective: fixed current
Building objective: fixed Psi
Timer: Objective build = 454 ms
Timer: LinearConstraintProjection build = 2.08 sec
Number of parameters: 66
Number of objectives: 1877
Timer: Initializing the optimization = 5.54 sec

Starting optimization
Using method: proximal-lsq-exact
Solver options:
------------------------------------------------------------
Maximum Function Evaluations       : 251
Maximum Allowed Total Δx Norm      : inf
Scaled Termination                 : True
Trust Region Method                : qr
Initial Trust Radius               : 9.953e-02
Maximum Trust Radius               : inf
Minimum Trust Radius               : 2.220e-16
Trust Radius Increase Ratio        : 2.000e+00
Trust Radius Decrease Ratio        : 2.500e-01
Trust Radius Increase Threshold    : 7.500e-01
Trust Radius Decrease Threshold    : 2.500e-01
------------------------------------------------------------ 

   Iteration     Total nfev        Cost      Cost reduction    Step norm     Optimality   
       0              1          3.294e-02                                    2.570e+01   
       1              6          3.287e-02      7.025e-05      6.771e-04      1.315e+01   
       2              7          3.270e-02      1.692e-04      6.907e-04      1.790e+01   
       3              8          3.259e-02      1.141e-04      6.985e-04      1.615e+01   
       4              9          3.246e-02      1.254e-04      7.068e-04      1.704e+01   
       5             10          3.235e-02      1.176e-04      7.142e-04      1.685e+01   
       6             11          3.223e-02      1.150e-04      7.208e-04      1.707e+01   
       7             12          3.212e-02      1.109e-04      7.268e-04      1.716e+01   
       8             13          3.201e-02      1.071e-04      7.323e-04      1.727e+01   
       9             14          3.191e-02      1.032e-04      7.373e-04      1.737e+01   
      10             15          3.181e-02      9.943e-05      7.417e-04      1.745e+01   
      11             16          3.171e-02      9.573e-05      7.455e-04      1.751e+01   
      12             17          3.162e-02      9.219e-05      7.487e-04      1.755e+01   
      13             18          3.153e-02      8.884e-05      7.512e-04      1.757e+01   
      14             19          3.145e-02      8.572e-05      7.529e-04      1.756e+01   
      15             20          3.136e-02      8.288e-05      7.538e-04      1.752e+01   
      16             21          3.128e-02      8.034e-05      7.538e-04      1.746e+01   
      17             22          3.121e-02      7.815e-05      7.527e-04      1.736e+01   
      18             23          3.113e-02      7.634e-05      7.505e-04      1.722e+01   
      19             24          3.105e-02      7.495e-05      7.471e-04      1.704e+01   
      20             25          3.098e-02      7.398e-05      7.425e-04      1.682e+01   
      21             26          3.091e-02      7.348e-05      7.365e-04      1.655e+01   
      22             27          3.083e-02      7.347e-05      7.291e-04      1.623e+01   
      23             28          3.076e-02      7.396e-05      7.203e-04      1.585e+01   
      24             29          3.068e-02      7.496e-05      7.101e-04      1.542e+01   
      25             30          3.061e-02      7.648e-05      6.984e-04      1.493e+01   
      26             31          3.053e-02      7.851e-05      6.852e-04      1.438e+01   
      27             32          3.045e-02      8.105e-05      6.706e-04      1.378e+01   
      28             33          3.036e-02      8.408e-05      6.545e-04      1.312e+01   
      29             34          3.028e-02      8.756e-05      6.371e-04      1.242e+01   
      30             35          3.019e-02      9.147e-05      6.184e-04      1.168e+01   
      31             36          3.009e-02      9.577e-05      5.986e-04      1.090e+01   
      32             37          2.999e-02      1.006e-04      5.780e-04      1.001e+01   
      33             38          2.988e-02      1.054e-04      5.562e-04      9.147e+00   
      34             39          2.977e-02      1.106e-04      5.337e-04      8.295e+00   
      35             40          2.966e-02      1.161e-04      5.107e-04      7.445e+00   
      36             41          2.954e-02      1.217e-04      4.874e-04      6.601e+00   
      37             42          2.941e-02      1.276e-04      4.640e-04      5.763e+00   
      38             43          2.927e-02      1.335e-04      4.409e-04      4.930e+00   
      39             44          2.913e-02      1.395e-04      4.184e-04      4.100e+00   
      40             45          2.899e-02      1.456e-04      3.968e-04      3.523e+00   
      41             46          2.884e-02      1.516e-04      3.765e-04      3.146e+00   
      42             47          2.868e-02      1.576e-04      3.579e-04      3.133e+00   
      43             48          2.852e-02      1.637e-04      3.411e-04      3.820e+00   
      44             49          2.835e-02      1.701e-04      3.265e-04      4.610e+00   
      45             50          2.817e-02      1.773e-04      3.143e-04      5.482e+00   
      46             51          2.798e-02      1.857e-04      3.047e-04      6.385e+00   
      47             52          2.779e-02      1.952e-04      2.982e-04      7.246e+00   
      48             53          2.758e-02      2.054e-04      2.952e-04      8.006e+00   
      49             54          2.737e-02      2.154e-04      2.961e-04      8.650e+00   
      50             55          2.714e-02      2.236e-04      3.017e-04      9.276e+00   
Warning: Maximum number of iterations has been exceeded.
         Current function value: 2.714e-02
         Total delta_x: 2.958e-02
         Iterations: 50
         Function evaluations: 55
         Jacobian evaluations: 51
Timer: Solution time = 2.51 min
Timer: Avg time per step = 2.95 sec
==============================================================================================================
                                                                 Start  -->   End
Total (sum of squares):                                      3.294e-02  -->   2.714e-02, 
Maximum absolute QS two-term hat objective value:            1.227e-01  -->   1.221e-01 (Unknown)
Minimum absolute QS two-term hat objective value:            8.217e-06  -->   2.786e-06 (Unknown)
Average absolute QS two-term hat objective value:            2.572e-02  -->   2.330e-02 (Unknown)
Aspect ratio:                                                8.001e+00  -->   8.003e+00 (dimensionless)
Generic objective value:                                     1.220e+00  -->   1.238e+00 (T)
Maximum absolute Force error:                                2.268e+01  -->   2.078e+01 (N)
Minimum absolute Force error:                                6.323e-05  -->   3.537e-05 (N)
Average absolute Force error:                                3.626e-01  -->   3.167e-01 (N)
Maximum absolute Force error:                                3.666e-04  -->   3.360e-04 (normalized)
Minimum absolute Force error:                                1.022e-09  -->   5.718e-10 (normalized)
Average absolute Force error:                                5.862e-06  -->   5.120e-06 (normalized)
Cross-section R error:                                       2.647e-23  -->   0.000e+00 (m)
Cross-section Z error:                                       2.647e-23  -->   0.000e+00 (m)
Fixed pressure profile error:                                0.000e+00  -->   0.000e+00 (Pa)
Fixed current profile error:                                 0.000e+00  -->   0.000e+00 (A)
Fixed Psi error:                                             0.000e+00  -->   0.000e+00 (Wb)
==============================================================================================================


===== optimizing section modes max(l,|m|) <= 11 =====

Building objective: QS two-term hat
Building objective: aspect ratio
Precomputing transforms
Timer: Precomputing transforms = 62.2 ms
Building objective: Generic
Timer: Objective build = 238 ms
Building objective: force
Precomputing transforms
Timer: Precomputing transforms = 102 ms
Timer: Objective build = 119 ms
Timer: Objective build = 1.90 ms
Timer: Eq Update LinearConstraintProjection build = 80.8 ms
Timer: Proximal projection build = 2.22 sec
Building objective: fixed cross-section R
Building objective: fixed cross-section Z
Building objective: fixed pressure
Building objective: fixed current
Building objective: fixed Psi
Timer: Objective build = 329 ms
Timer: LinearConstraintProjection build = 1.46 sec
Number of parameters: 78
Number of objectives: 1877
Timer: Initializing the optimization = 4.76 sec

Starting optimization
Using method: proximal-lsq-exact
Solver options:
------------------------------------------------------------
Maximum Function Evaluations       : 251
Maximum Allowed Total Δx Norm      : inf
Scaled Termination                 : True
Trust Region Method                : qr
Initial Trust Radius               : 1.057e-01
Maximum Trust Radius               : inf
Minimum Trust Radius               : 2.220e-16
Trust Radius Increase Ratio        : 2.000e+00
Trust Radius Decrease Ratio        : 2.500e-01
Trust Radius Increase Threshold    : 7.500e-01
Trust Radius Decrease Threshold    : 2.500e-01
------------------------------------------------------------ 

   Iteration     Total nfev        Cost      Cost reduction    Step norm     Optimality   
       0              1          2.715e-02                                    7.179e+00   
       1              4          2.693e-02      2.206e-04      6.847e-03      7.331e+01   
       2              5          2.269e-02      4.239e-03      8.881e-04      3.122e+01   
       3              6          2.268e-02      1.249e-05      3.037e-03      1.851e+01   
       4              7          2.006e-02      2.617e-03      6.522e-04      8.795e+00   
       5              8          1.926e-02      8.064e-04      1.976e-03      8.100e+00   
       6              9          1.827e-02      9.909e-04      1.920e-03      2.881e+00   
       7             10          1.702e-02      1.242e-03      3.298e-03      1.656e+01   
       8             11          1.620e-02      8.268e-04      5.429e-03      5.462e+01   
       9             12          1.278e-02      3.417e-03      5.911e-03      1.164e+01   
      10             13          1.150e-02      1.278e-03      9.311e-03      8.742e+00   
      11             15          1.047e-02      1.028e-03      3.011e-03      2.889e+01   
      12             16          9.079e-03      1.395e-03      5.581e-04      3.529e+01   
      13             17          7.370e-03      1.710e-03      2.704e-03      1.201e+01   
      14             18          6.395e-03      9.743e-04      3.352e-03      1.654e+01   
      15             20          6.007e-03      3.879e-04      1.483e-03      9.691e+00   
      16             21          5.678e-03      3.294e-04      2.032e-03      2.311e+01   
      17             22          4.920e-03      7.577e-04      5.855e-04      5.817e+00   
      18             23          4.499e-03      4.215e-04      1.986e-03      3.389e+01   
      19             25          4.273e-03      2.262e-04      7.108e-04      3.256e+01   
      20             26          3.731e-03      5.421e-04      6.114e-04      1.061e+01   
      21             27          3.545e-03      1.852e-04      1.353e-03      1.627e+01   
      22             28          3.258e-03      2.876e-04      1.428e-03      1.781e+01   
      23             29          3.046e-03      2.114e-04      1.218e-03      1.983e+01   
      24             30          2.839e-03      2.079e-04      1.277e-03      1.953e+01   
      25             32          2.600e-03      2.386e-04      3.402e-04      9.259e+00   
      26             33          2.552e-03      4.835e-05      7.037e-04      2.031e+01   
      27             34          2.476e-03      7.570e-05      9.117e-04      1.656e+01   
      28             35          2.424e-03      5.233e-05      1.001e-03      2.036e+01   
      29             36          2.353e-03      7.070e-05      9.924e-04      1.522e+01   
      30             37          2.268e-03      8.442e-05      1.537e-03      1.983e+01   
      31             38          2.169e-03      9.949e-05      1.230e-03      1.493e+01   
      32             39          2.103e-03      6.609e-05      1.407e-03      3.058e+01   
      33             40          2.008e-03      9.495e-05      8.332e-04      3.919e+01   
      34             42          1.856e-03      1.524e-04      3.321e-04      7.324e+00   
      35             43          1.825e-03      3.089e-05      4.071e-04      7.764e+00   
      36             44          1.767e-03      5.799e-05      3.153e-04      1.234e+01   
      37             45          1.715e-03      5.131e-05      2.348e-04      7.599e+00   
      38             46          1.656e-03      5.974e-05      1.620e-04      6.305e+00   
      39             47          1.605e-03      5.023e-05      2.294e-04      5.407e+00   
      40             49          1.568e-03      3.685e-05      2.584e-04      5.687e+00   
      41             50          1.548e-03      2.053e-05      5.800e-04      1.448e+01   
      42             51          1.527e-03      2.116e-05      9.154e-04      2.176e+01   
      43             53          1.462e-03      6.504e-05      5.267e-04      3.789e+00   
      44             55          1.455e-03      6.898e-06      2.874e-04      3.001e+00   
      45             56          1.452e-03      3.236e-06      4.458e-04      8.923e+00   
      46             57          1.435e-03      1.657e-05      4.861e-04      7.344e+00   
      47             58          1.423e-03      1.176e-05      5.094e-04      7.712e+00   
      48             59          1.410e-03      1.337e-05      5.293e-04      7.482e+00   
      49             60          1.397e-03      1.314e-05      5.462e-04      7.353e+00   
      50             61          1.383e-03      1.335e-05      5.616e-04      7.162e+00   
Warning: Maximum number of iterations has been exceeded.
         Current function value: 1.383e-03
         Total delta_x: 4.053e-02
         Iterations: 50
         Function evaluations: 61
         Jacobian evaluations: 51
Timer: Solution time = 2.78 min
Timer: Avg time per step = 3.27 sec
==============================================================================================================
                                                                 Start  -->   End
Total (sum of squares):                                      2.715e-02  -->   1.383e-03, 
Maximum absolute QS two-term hat objective value:            1.228e-01  -->   2.559e-02 (Unknown)
Minimum absolute QS two-term hat objective value:            4.006e-06  -->   4.493e-06 (Unknown)
Average absolute QS two-term hat objective value:            2.329e-02  -->   5.139e-03 (Unknown)
Aspect ratio:                                                8.002e+00  -->   8.001e+00 (dimensionless)
Generic objective value:                                     1.238e+00  -->   1.257e+00 (T)
Maximum absolute Force error:                                2.078e+01  -->   2.334e+01 (N)
Minimum absolute Force error:                                3.537e-05  -->   5.074e-06 (N)
Average absolute Force error:                                3.167e-01  -->   2.877e-01 (N)
Maximum absolute Force error:                                3.012e-04  -->   3.383e-04 (normalized)
Minimum absolute Force error:                                5.127e-10  -->   7.354e-11 (normalized)
Average absolute Force error:                                4.590e-06  -->   4.169e-06 (normalized)
Cross-section R error:                                       0.000e+00  -->   0.000e+00 (m)
Cross-section Z error:                                       5.294e-23  -->   0.000e+00 (m)
Fixed pressure profile error:                                0.000e+00  -->   0.000e+00 (Pa)
Fixed current profile error:                                 0.000e+00  -->   0.000e+00 (A)
Fixed Psi error:                                             0.000e+00  -->   0.000e+00 (Wb)
==============================================================================================================


===== optimizing section modes max(l,|m|) <= 12 =====

Building objective: QS two-term hat
Building objective: aspect ratio
Precomputing transforms
Timer: Precomputing transforms = 66.5 ms
Building objective: Generic
Timer: Objective build = 241 ms
Building objective: force
Precomputing transforms
Timer: Precomputing transforms = 103 ms
Timer: Objective build = 120 ms
Timer: Objective build = 1.84 ms
Timer: Eq Update LinearConstraintProjection build = 80.0 ms
Timer: Proximal projection build = 1.89 sec
Building objective: fixed cross-section R
Building objective: fixed cross-section Z
Building objective: fixed pressure
Building objective: fixed current
Building objective: fixed Psi
Timer: Objective build = 118 ms
Timer: LinearConstraintProjection build = 1.24 sec
Number of parameters: 91
Number of objectives: 1877
Timer: Initializing the optimization = 3.96 sec

Starting optimization
Using method: proximal-lsq-exact
Solver options:
------------------------------------------------------------
Maximum Function Evaluations       : 251
Maximum Allowed Total Δx Norm      : inf
Scaled Termination                 : True
Trust Region Method                : qr
Initial Trust Radius               : 1.111e-01
Maximum Trust Radius               : inf
Minimum Trust Radius               : 2.220e-16
Trust Radius Increase Ratio        : 2.000e+00
Trust Radius Decrease Ratio        : 2.500e-01
Trust Radius Increase Threshold    : 7.500e-01
Trust Radius Decrease Threshold    : 2.500e-01
------------------------------------------------------------ 

   Iteration     Total nfev        Cost      Cost reduction    Step norm     Optimality   
       0              1          1.383e-03                                    4.870e+00   
       1              6          1.371e-03      1.271e-05      3.267e-04      3.854e+00   
       2              7          1.362e-03      9.066e-06      3.212e-04      2.946e+00   
       3              8          1.356e-03      5.283e-06      5.570e-04      6.730e+00   
       4              9          1.340e-03      1.667e-05      5.896e-04      5.753e+00   
       5             10          1.326e-03      1.341e-05      6.076e-04      5.766e+00   
       6             11          1.313e-03      1.356e-05      6.188e-04      5.605e+00   
       7             12          1.299e-03      1.353e-05      6.282e-04      5.249e+00   
       8             13          1.286e-03      1.311e-05      6.334e-04      4.817e+00   
       9             14          1.273e-03      1.260e-05      6.337e-04      4.313e+00   
      10             15          1.262e-03      1.173e-05      6.259e-04      3.847e+00   
      11             16          1.251e-03      1.111e-05      6.147e-04      3.314e+00   
      12             17          1.240e-03      1.030e-05      5.986e-04      3.076e+00   
      13             18          1.231e-03      9.499e-06      5.790e-04      2.959e+00   
      14             19          1.222e-03      8.751e-06      5.582e-04      2.907e+00   
      15             20          1.214e-03      8.091e-06      5.384e-04      2.939e+00   
      16             21          1.206e-03      7.537e-06      5.212e-04      3.052e+00   
      17             22          1.199e-03      7.096e-06      5.070e-04      3.225e+00   
      18             23          1.193e-03      6.768e-06      4.950e-04      3.425e+00   
      19             24          1.186e-03      6.549e-06      4.835e-04      3.625e+00   
      20             25          1.180e-03      6.424e-06      4.707e-04      3.797e+00   
      21             26          1.173e-03      6.367e-06      4.553e-04      3.925e+00   
      22             27          1.167e-03      6.347e-06      4.366e-04      3.996e+00   
      23             28          1.161e-03      6.336e-06      4.146e-04      4.005e+00   
      24             29          1.154e-03      6.311e-06      3.900e-04      3.953e+00   
      25             30          1.148e-03      6.263e-06      3.640e-04      3.844e+00   
      26             31          1.142e-03      6.192e-06      3.377e-04      3.683e+00   
      27             32          1.136e-03      6.102e-06      3.123e-04      3.479e+00   
      28             33          1.130e-03      5.995e-06      2.887e-04      3.240e+00   
      29             34          1.124e-03      5.872e-06      2.678e-04      2.974e+00   
      30             35          1.118e-03      5.824e-06      2.516e-04      2.663e+00   
      31             36          1.112e-03      5.561e-06      2.373e-04      2.363e+00   
      32             37          1.107e-03      5.351e-06      2.282e-04      2.077e+00   
      33             38          1.102e-03      5.141e-06      2.248e-04      1.788e+00   
      34             39          1.097e-03      4.890e-06      2.272e-04      1.514e+00   
      35             40          1.092e-03      4.610e-06      2.357e-04      1.368e+00   
      36             41          1.088e-03      4.309e-06      2.502e-04      1.481e+00   
      37             42          1.084e-03      4.007e-06      2.697e-04      1.593e+00   
      38             43          1.080e-03      3.731e-06      2.926e-04      1.711e+00   
      39             64          1.080e-03      0.000e+00      0.000e+00      1.711e+00   
Warning: A bad approximation caused failure to predict improvement.
         Current function value: 1.080e-03
         Total delta_x: 1.631e-02
         Iterations: 39
         Function evaluations: 64
         Jacobian evaluations: 39
Timer: Solution time = 2.37 min
Timer: Avg time per step = 3.56 sec
==============================================================================================================
                                                                 Start  -->   End
Total (sum of squares):                                      1.383e-03  -->   1.080e-03, 
Maximum absolute QS two-term hat objective value:            2.540e-02  -->   2.598e-02 (Unknown)
Minimum absolute QS two-term hat objective value:            1.160e-05  -->   2.477e-06 (Unknown)
Average absolute QS two-term hat objective value:            5.139e-03  -->   4.532e-03 (Unknown)
Aspect ratio:                                                8.001e+00  -->   8.000e+00 (dimensionless)
Generic objective value:                                     1.257e+00  -->   1.259e+00 (T)
Maximum absolute Force error:                                2.334e+01  -->   1.849e+01 (N)
Minimum absolute Force error:                                5.074e-06  -->   2.743e-04 (N)
Average absolute Force error:                                2.877e-01  -->   2.976e-01 (N)
Maximum absolute Force error:                                2.817e-04  -->   2.231e-04 (normalized)
Minimum absolute Force error:                                6.123e-11  -->   3.310e-09 (normalized)
Average absolute Force error:                                3.471e-06  -->   3.591e-06 (normalized)
Cross-section R error:                                       0.000e+00  -->   0.000e+00 (m)
Cross-section Z error:                                       0.000e+00  -->   0.000e+00 (m)
Fixed pressure profile error:                                0.000e+00  -->   0.000e+00 (Pa)
Fixed current profile error:                                 0.000e+00  -->   0.000e+00 (A)
Fixed Psi error:                                             0.000e+00  -->   0.000e+00 (Wb)
==============================================================================================================

step 0    V =    0.307  R0/a =  7.995  <|B|> =  1.2599  f_B = [0.1718 0.1764 0.1833]  f_C = [0.5259 0.5153 0.4994]
step 1    V =    0.334  R0/a =  7.954  <|B|> =  1.2509  f_B = [0.0435 0.0553 0.0674]  f_C = [0.1428 0.1718 0.1976]
step 2    V =    0.322  R0/a =  8.040  <|B|> =  1.2594  f_B = [0.0308 0.0402 0.0501]  f_C = [0.0951 0.1204 0.1419]
step 3    V =    0.333  R0/a =  8.028  <|B|> =  1.2192  f_B = [0.03   0.039  0.0478]  f_C = [0.0855 0.1108 0.133 ]
step 4    V =    0.310  R0/a =  7.996  <|B|> =  1.3012  f_B = [0.0138 0.0181 0.0225]  f_C = [0.0374 0.0507 0.0672]
step 5    V =    0.304  R0/a =  7.996  <|B|> =  1.3337  f_B = [0.0135 0.0177 0.0215]  f_C = [0.0368 0.0494 0.064 ]
step 6    V =    0.329  R0/a =  8.001  <|B|> =  1.2748  f_B = [0.0056 0.0068 0.0087]  f_C = [0.0243 0.0284 0.0387]
step 7    V =    0.352  R0/a =  8.003  <|B|> =  1.2053  f_B = [0.0049 0.006  0.0077]  f_C = [0.0197 0.0248 0.033 ]
step 8    V =    0.344  R0/a =  8.001  <|B|> =  1.2196  f_B = [0.0049 0.0059 0.0075]  f_C = [0.0189 0.0242 0.0322]
step 9    V =    0.329  R0/a =  8.003  <|B|> =  1.2380  f_B = [0.0043 0.0051 0.0065]  f_C = [0.0164 0.0216 0.0296]
step 10   V =    0.309  R0/a =  8.001  <|B|> =  1.2569  f_B = [0.0013 0.0012 0.0016]  f_C = [0.004  0.0042 0.0069]
step 11   V =    0.303  R0/a =  8.000  <|B|> =  1.2590  f_B = [0.0011 0.001  0.0015]  f_C = [0.0035 0.0036 0.0061]
