DESC /home/ye2698/DESC
8a54240a7  (HEAD -> dp/poincare, tag: poincare-bc-paper, origin/dp/poincare) Merge branch 'master' into dp/poincare
DESC version=0.17.3+411.g8a54240a7.
Using JAX backend: jax version=0.9.2, jaxlib version=0.9.2, dtype=float64.
Using device: NVIDIA A100-PCIE-40GB (id=0), with 40.00 GB available memory.
two-term: dim_f = 1875, initial norm = 3.3307e+01

===== optimizing section modes max(l,|m|) <= 2 =====

Building objective: QS two-term hat
Building objective: aspect ratio
Precomputing transforms
Timer: Precomputing transforms = 57.9 ms
Building objective: volume
Precomputing transforms
Timer: Precomputing transforms = 61.3 ms
Building objective: Generic
Timer: Objective build = 323 ms
Building objective: force
Precomputing transforms
Timer: Precomputing transforms = 1.37 sec
Timer: Objective build = 2.48 sec
Timer: Objective build = 2.87 ms
Timer: Eq Update LinearConstraintProjection build = 4.88 sec
Timer: Proximal projection build = 44.9 sec
Building objective: fixed cross-section R
Building objective: fixed cross-section Z
Building objective: fixed pressure
Building objective: fixed current
Building objective: fixed Psi
Timer: Objective build = 853 ms
Timer: LinearConstraintProjection build = 2.12 sec
Number of parameters: 6
Number of objectives: 1878
Timer: Initializing the optimization = 48.6 sec

Starting optimization
Using method: proximal-lsq-exact
Solver options:
------------------------------------------------------------
Maximum Function Evaluations       : 251
Maximum Allowed Total Δx Norm      : inf
Scaled Termination                 : True
Trust Region Method                : svd
Initial Trust Radius               : 4.276e-02
Maximum Trust Radius               : inf
Minimum Trust Radius               : 2.220e-16
Trust Radius Increase Ratio        : 2.000e+00
Trust Radius Decrease Ratio        : 2.500e-01
Trust Radius Increase Threshold    : 7.500e-01
Trust Radius Decrease Threshold    : 2.500e-01
------------------------------------------------------------ 

   Iteration     Total nfev        Cost      Cost reduction    Step norm     Optimality   
       0              1          4.405e+00                                    4.064e+03   
       1              2          8.314e-01      3.573e+00      1.291e-01      4.547e+02   
       2              3          5.034e-01      3.280e-01      4.106e-02      2.425e+02   
       3              4          4.475e-01      5.596e-02      1.215e-02      7.545e+01   
       4              5          4.251e-01      2.234e-02      1.334e-02      3.880e+01   
       5              9          4.237e-01      1.424e-03      2.044e-04      4.791e+01   
       6             10          4.220e-01      1.659e-03      7.939e-05      3.093e+01   
       7             11          4.208e-01      1.198e-03      6.949e-05      1.820e+01   
       8             12          4.201e-01      7.113e-04      6.314e-05      1.186e+01   
       9             13          4.192e-01      9.124e-04      6.030e-05      1.077e+01   
      10             14          4.184e-01      8.426e-04      5.846e-05      9.613e+00   
      11             15          4.177e-01      6.884e-04      5.677e-05      8.729e+00   
      12             16          4.171e-01      5.322e-04      5.409e-05      7.817e+00   
      13             17          4.167e-01      4.172e-04      4.995e-05      6.898e+00   
      14             18          4.164e-01      3.153e-04      4.468e-05      6.179e+00   
Optimization terminated successfully.
`ftol` condition satisfied. (ftol=1.00e-03)
         Current function value: 4.164e-01
         Total delta_x: 9.138e-02
         Iterations: 14
         Function evaluations: 18
         Jacobian evaluations: 15
Timer: Solution time = 1.87 min
Timer: Avg time per step = 7.49 sec
==============================================================================================================
                                                                 Start  -->   End
Total (sum of squares):                                      4.405e+00  -->   4.164e-01, 
Maximum absolute QS two-term hat objective value:            2.355e+00  -->   9.748e-01 (Unknown)
Minimum absolute QS two-term hat objective value:            9.465e-04  -->   4.515e-05 (Unknown)
Average absolute QS two-term hat objective value:            6.079e-01  -->   1.764e-01 (Unknown)
Aspect ratio:                                                7.995e+00  -->   7.993e+00 (dimensionless)
Plasma volume:                                               3.071e-01  -->   3.233e-01 (m^3)
Generic objective value:                                     1.260e+00  -->   1.282e+00 (T)
Maximum absolute Force error:                                1.893e+01  -->   2.995e+01 (N)
Minimum absolute Force error:                                3.514e-06  -->   3.186e-05 (N)
Average absolute Force error:                                2.199e-01  -->   2.458e-01 (N)
Maximum absolute Force error:                                2.562e-04  -->   4.052e-04 (normalized)
Minimum absolute Force error:                                4.755e-11  -->   4.312e-10 (normalized)
Average absolute Force error:                                2.976e-06  -->   3.326e-06 (normalized)
Cross-section R error:                                       1.085e-19  -->   3.388e-21 (m)
Cross-section Z error:                                       9.585e-21  -->   0.000e+00 (m)
Fixed pressure profile error:                                0.000e+00  -->   0.000e+00 (Pa)
Fixed current profile error:                                 0.000e+00  -->   0.000e+00 (A)
Fixed Psi error:                                             0.000e+00  -->   0.000e+00 (Wb)
==============================================================================================================


===== optimizing section modes max(l,|m|) <= 3 =====

Building objective: QS two-term hat
Building objective: aspect ratio
Precomputing transforms
Timer: Precomputing transforms = 64.7 ms
Building objective: volume
Precomputing transforms
Timer: Precomputing transforms = 63.9 ms
Building objective: Generic
Timer: Objective build = 311 ms
Building objective: force
Precomputing transforms
Timer: Precomputing transforms = 104 ms
Timer: Objective build = 121 ms
Timer: Objective build = 1.84 ms
Timer: Eq Update LinearConstraintProjection build = 100 ms
Timer: Proximal projection build = 2.11 sec
Building objective: fixed cross-section R
Building objective: fixed cross-section Z
Building objective: fixed pressure
Building objective: fixed current
Building objective: fixed Psi
Timer: Objective build = 446 ms
Timer: LinearConstraintProjection build = 2.25 sec
Number of parameters: 10
Number of objectives: 1878
Timer: Initializing the optimization = 5.52 sec

Starting optimization
Using method: proximal-lsq-exact
Solver options:
------------------------------------------------------------
Maximum Function Evaluations       : 251
Maximum Allowed Total Δx Norm      : inf
Scaled Termination                 : True
Trust Region Method                : svd
Initial Trust Radius               : 4.506e-02
Maximum Trust Radius               : inf
Minimum Trust Radius               : 2.220e-16
Trust Radius Increase Ratio        : 2.000e+00
Trust Radius Decrease Ratio        : 2.500e-01
Trust Radius Increase Threshold    : 7.500e-01
Trust Radius Decrease Threshold    : 2.500e-01
------------------------------------------------------------ 

   Iteration     Total nfev        Cost      Cost reduction    Step norm     Optimality   
       0              1          4.165e-01                                    2.264e+01   
       1              5          4.156e-01      8.614e-04      3.508e-04      7.592e+01   
       2              6          4.076e-01      8.059e-03      1.505e-04      1.904e+01   
       3              7          3.997e-01      7.846e-03      2.746e-04      1.683e+01   
       4              8          3.938e-01      5.868e-03      4.960e-04      3.693e+01   
       5              9          3.804e-01      1.349e-02      8.313e-04      9.338e+00   
       6             10          3.592e-01      2.115e-02      1.245e-03      4.340e+01   
       7             11          3.257e-01      3.352e-02      1.788e-03      1.036e+02   
       8             13          3.066e-01      1.907e-02      1.026e-03      4.185e+01   
       9             15          2.942e-01      1.241e-02      6.429e-04      9.378e+01   
      10             17          2.800e-01      1.419e-02      7.261e-04      3.639e+02   
      11             18          2.696e-01      1.038e-02      6.716e-04      2.886e+02   
      12             20          2.578e-01      1.187e-02      6.301e-05      5.942e+01   
      13             21          2.567e-01      1.078e-03      1.351e-04      5.136e+01   
      14             22          2.555e-01      1.211e-03      1.690e-04      2.041e+01   
      15             25          2.553e-01      1.349e-04      9.250e-06      8.687e+00   
Optimization terminated successfully.
`ftol` condition satisfied. (ftol=1.00e-03)
         Current function value: 2.553e-01
         Total delta_x: 6.313e-03
         Iterations: 15
         Function evaluations: 25
         Jacobian evaluations: 16
Timer: Solution time = 1.81 min
Timer: Avg time per step = 6.80 sec
==============================================================================================================
                                                                 Start  -->   End
Total (sum of squares):                                      4.165e-01  -->   2.553e-01, 
Maximum absolute QS two-term hat objective value:            9.748e-01  -->   6.252e-01 (Unknown)
Minimum absolute QS two-term hat objective value:            3.353e-05  -->   7.418e-05 (Unknown)
Average absolute QS two-term hat objective value:            1.764e-01  -->   1.360e-01 (Unknown)
Aspect ratio:                                                7.993e+00  -->   8.010e+00 (dimensionless)
Plasma volume:                                               3.233e-01  -->   3.383e-01 (m^3)
Generic objective value:                                     1.282e+00  -->   1.240e+00 (T)
Maximum absolute Force error:                                2.995e+01  -->   2.713e+01 (N)
Minimum absolute Force error:                                3.186e-05  -->   1.569e-04 (N)
Average absolute Force error:                                2.458e-01  -->   2.002e-01 (N)
Maximum absolute Force error:                                5.030e-04  -->   4.557e-04 (normalized)
Minimum absolute Force error:                                5.353e-10  -->   2.636e-09 (normalized)
Average absolute Force error:                                4.129e-06  -->   3.362e-06 (normalized)
Cross-section R error:                                       7.859e-20  -->   6.776e-21 (m)
Cross-section Z error:                                       3.068e-19  -->   1.497e-22 (m)
Fixed pressure profile error:                                0.000e+00  -->   0.000e+00 (Pa)
Fixed current profile error:                                 0.000e+00  -->   0.000e+00 (A)
Fixed Psi error:                                             0.000e+00  -->   0.000e+00 (Wb)
==============================================================================================================


===== optimizing section modes max(l,|m|) <= 4 =====

Building objective: QS two-term hat
Building objective: aspect ratio
Precomputing transforms
Timer: Precomputing transforms = 59.6 ms
Building objective: volume
Precomputing transforms
Timer: Precomputing transforms = 66.4 ms
Building objective: Generic
Timer: Objective build = 306 ms
Building objective: force
Precomputing transforms
Timer: Precomputing transforms = 103 ms
Timer: Objective build = 120 ms
Timer: Objective build = 1.82 ms
Timer: Eq Update LinearConstraintProjection build = 75.4 ms
Timer: Proximal projection build = 2.30 sec
Building objective: fixed cross-section R
Building objective: fixed cross-section Z
Building objective: fixed pressure
Building objective: fixed current
Building objective: fixed Psi
Timer: Objective build = 320 ms
Timer: LinearConstraintProjection build = 1.86 sec
Number of parameters: 15
Number of objectives: 1878
Timer: Initializing the optimization = 5.09 sec

Starting optimization
Using method: proximal-lsq-exact
Solver options:
------------------------------------------------------------
Maximum Function Evaluations       : 251
Maximum Allowed Total Δx Norm      : inf
Scaled Termination                 : True
Trust Region Method                : svd
Initial Trust Radius               : 4.534e-02
Maximum Trust Radius               : inf
Minimum Trust Radius               : 2.220e-16
Trust Radius Increase Ratio        : 2.000e+00
Trust Radius Decrease Ratio        : 2.500e-01
Trust Radius Increase Threshold    : 7.500e-01
Trust Radius Decrease Threshold    : 2.500e-01
------------------------------------------------------------ 

   Iteration     Total nfev        Cost      Cost reduction    Step norm     Optimality   
       0              1          2.554e-01                                    8.900e+00   
       1              2          2.295e-01      2.589e-02      2.725e-02      9.376e+01   
       2              6          1.966e-01      3.288e-02      4.856e-04      2.796e+02   
       3              7          1.797e-01      1.686e-02      7.033e-04      3.698e+01   
       4             10          1.795e-01      2.414e-04      2.906e-05      6.540e+00   
       5             30          1.795e-01      0.000e+00      0.000e+00      6.540e+00   
Warning: A bad approximation caused failure to predict improvement.
         Current function value: 1.795e-01
         Total delta_x: 2.813e-02
         Iterations: 5
         Function evaluations: 30
         Jacobian evaluations: 5
Timer: Solution time = 1.33 min
Timer: Avg time per step = 13.3 sec
==============================================================================================================
                                                                 Start  -->   End
Total (sum of squares):                                      2.554e-01  -->   1.795e-01, 
Maximum absolute QS two-term hat objective value:            6.254e-01  -->   6.615e-01 (Unknown)
Minimum absolute QS two-term hat objective value:            1.862e-04  -->   6.687e-05 (Unknown)
Average absolute QS two-term hat objective value:            1.360e-01  -->   1.158e-01 (Unknown)
Aspect ratio:                                                8.010e+00  -->   8.001e+00 (dimensionless)
Plasma volume:                                               3.383e-01  -->   3.396e-01 (m^3)
Generic objective value:                                     1.240e+00  -->   1.196e+00 (T)
Maximum absolute Force error:                                2.713e+01  -->   2.652e+01 (N)
Minimum absolute Force error:                                1.569e-04  -->   1.413e-05 (N)
Average absolute Force error:                                2.002e-01  -->   2.392e-01 (N)
Maximum absolute Force error:                                4.435e-04  -->   4.336e-04 (normalized)
Minimum absolute Force error:                                2.566e-09  -->   2.311e-10 (normalized)
Average absolute Force error:                                3.273e-06  -->   3.911e-06 (normalized)
Cross-section R error:                                       1.120e-19  -->   2.169e-19 (m)
Cross-section Z error:                                       2.239e-19  -->   2.240e-19 (m)
Fixed pressure profile error:                                0.000e+00  -->   0.000e+00 (Pa)
Fixed current profile error:                                 0.000e+00  -->   0.000e+00 (A)
Fixed Psi error:                                             0.000e+00  -->   0.000e+00 (Wb)
==============================================================================================================


===== optimizing section modes max(l,|m|) <= 5 =====

Building objective: QS two-term hat
Building objective: aspect ratio
Precomputing transforms
Timer: Precomputing transforms = 67.0 ms
Building objective: volume
Precomputing transforms
Timer: Precomputing transforms = 65.2 ms
Building objective: Generic
Timer: Objective build = 314 ms
Building objective: force
Precomputing transforms
Timer: Precomputing transforms = 103 ms
Timer: Objective build = 120 ms
Timer: Objective build = 1.88 ms
Timer: Eq Update LinearConstraintProjection build = 81.6 ms
Timer: Proximal projection build = 2.19 sec
Building objective: fixed cross-section R
Building objective: fixed cross-section Z
Building objective: fixed pressure
Building objective: fixed current
Building objective: fixed Psi
Timer: Objective build = 464 ms
Timer: LinearConstraintProjection build = 1.91 sec
Number of parameters: 21
Number of objectives: 1878
Timer: Initializing the optimization = 5.21 sec

Starting optimization
Using method: proximal-lsq-exact
Solver options:
------------------------------------------------------------
Maximum Function Evaluations       : 251
Maximum Allowed Total Δx Norm      : inf
Scaled Termination                 : True
Trust Region Method                : svd
Initial Trust Radius               : 5.366e-02
Maximum Trust Radius               : inf
Minimum Trust Radius               : 2.220e-16
Trust Radius Increase Ratio        : 2.000e+00
Trust Radius Decrease Ratio        : 2.500e-01
Trust Radius Increase Threshold    : 7.500e-01
Trust Radius Decrease Threshold    : 2.500e-01
------------------------------------------------------------ 

   Iteration     Total nfev        Cost      Cost reduction    Step norm     Optimality   
       0              1          1.796e-01                                    1.047e+01   
       1             26          1.796e-01      0.000e+00      0.000e+00      1.047e+01   
Warning: A bad approximation caused failure to predict improvement.
         Current function value: 1.796e-01
         Total delta_x: 0.000e+00
         Iterations: 1
         Function evaluations: 26
         Jacobian evaluations: 1
Timer: Solution time = 1.27 min
Timer: Avg time per step = 38.2 sec
==============================================================================================================
                                                                 Start  -->   End
Total (sum of squares):                                      1.796e-01  -->   1.796e-01, 
Maximum absolute QS two-term hat objective value:            6.616e-01  -->   6.616e-01 (Unknown)
Minimum absolute QS two-term hat objective value:            1.109e-04  -->   1.109e-04 (Unknown)
Average absolute QS two-term hat objective value:            1.159e-01  -->   1.159e-01 (Unknown)
Aspect ratio:                                                8.001e+00  -->   8.001e+00 (dimensionless)
Plasma volume:                                               3.396e-01  -->   3.396e-01 (m^3)
Generic objective value:                                     1.196e+00  -->   1.196e+00 (T)
Maximum absolute Force error:                                2.652e+01  -->   2.652e+01 (N)
Minimum absolute Force error:                                1.413e-05  -->   5.219e-05 (N)
Average absolute Force error:                                2.392e-01  -->   2.391e-01 (N)
Maximum absolute Force error:                                3.726e-04  -->   3.726e-04 (normalized)
Minimum absolute Force error:                                1.986e-10  -->   7.332e-10 (normalized)
Average absolute Force error:                                3.360e-06  -->   3.360e-06 (normalized)
Cross-section R error:                                       3.106e-20  -->   0.000e+00 (m)
Cross-section Z error:                                       2.820e-20  -->   0.000e+00 (m)
Fixed pressure profile error:                                0.000e+00  -->   0.000e+00 (Pa)
Fixed current profile error:                                 0.000e+00  -->   0.000e+00 (A)
Fixed Psi error:                                             0.000e+00  -->   0.000e+00 (Wb)
==============================================================================================================


===== optimizing section modes max(l,|m|) <= 6 =====

Building objective: QS two-term hat
Building objective: aspect ratio
Precomputing transforms
Timer: Precomputing transforms = 63.2 ms
Building objective: volume
Precomputing transforms
Timer: Precomputing transforms = 66.5 ms
Building objective: Generic
Timer: Objective build = 314 ms
Building objective: force
Precomputing transforms
Timer: Precomputing transforms = 104 ms
Timer: Objective build = 121 ms
Timer: Objective build = 1.88 ms
Timer: Eq Update LinearConstraintProjection build = 80.8 ms
Timer: Proximal projection build = 2.37 sec
Building objective: fixed cross-section R
Building objective: fixed cross-section Z
Building objective: fixed pressure
Building objective: fixed current
Building objective: fixed Psi
Timer: Objective build = 322 ms
Timer: LinearConstraintProjection build = 1.91 sec
Number of parameters: 28
Number of objectives: 1878
Timer: Initializing the optimization = 5.25 sec

Starting optimization
Using method: proximal-lsq-exact
Solver options:
------------------------------------------------------------
Maximum Function Evaluations       : 251
Maximum Allowed Total Δx Norm      : inf
Scaled Termination                 : True
Trust Region Method                : svd
Initial Trust Radius               : 5.675e-02
Maximum Trust Radius               : inf
Minimum Trust Radius               : 2.220e-16
Trust Radius Increase Ratio        : 2.000e+00
Trust Radius Decrease Ratio        : 2.500e-01
Trust Radius Increase Threshold    : 7.500e-01
Trust Radius Decrease Threshold    : 2.500e-01
------------------------------------------------------------ 

   Iteration     Total nfev        Cost      Cost reduction    Step norm     Optimality   
       0              1          1.797e-01                                    1.062e+01   
       1              4          1.783e-01      1.346e-03      3.476e-03      9.612e+01   
       2              5          1.683e-01      9.989e-03      4.529e-04      1.503e+01   
       3              6          1.626e-01      5.736e-03      1.376e-03      6.635e+00   
       4              7          1.576e-01      4.986e-03      1.331e-03      1.482e+01   
       5              8          1.525e-01      5.139e-03      1.169e-03      4.521e+01   
       6              9          1.469e-01      5.516e-03      1.222e-03      5.875e+00   
       7             10          1.410e-01      5.972e-03      2.952e-03      6.446e+01   
       8             12          1.390e-01      1.951e-03      1.799e-03      8.540e+01   
       9             13          1.339e-01      5.114e-03      1.565e-03      4.663e+01   
      10             14          1.297e-01      4.225e-03      1.608e-03      5.847e+01   
      11             15          1.267e-01      3.015e-03      3.003e-03      1.676e+02   
      12             16          1.143e-01      1.233e-02      2.650e-03      9.894e+01   
      13             18          1.081e-01      6.234e-03      1.252e-03      3.679e+01   
      14             19          1.058e-01      2.322e-03      2.461e-03      1.594e+02   
      15             20          9.811e-02      7.670e-03      2.422e-03      1.782e+02   
      16             21          8.980e-02      8.308e-03      2.482e-03      1.894e+02   
      17             22          8.195e-02      7.853e-03      2.697e-03      1.767e+02   
      18             23          7.445e-02      7.499e-03      2.991e-03      1.209e+02   
      19             25          7.071e-02      3.734e-03      1.486e-03      2.579e+01   
      20             26          6.996e-02      7.511e-04      2.889e-03      2.331e+02   
      21             27          6.445e-02      5.510e-03      7.792e-04      2.904e+00   
      22             28          6.179e-02      2.662e-03      1.643e-03      8.148e+01   
      23             29          5.657e-02      5.224e-03      3.183e-03      1.970e+02   
      24             30          5.053e-02      6.033e-03      2.486e-03      7.988e+01   
      25             32          4.577e-02      4.763e-03      4.722e-04      3.161e+01   
      26             33          4.352e-02      2.248e-03      9.791e-04      9.205e+01   
      27             34          3.983e-02      3.694e-03      9.992e-04      7.201e+01   
      28             35          3.712e-02      2.703e-03      1.062e-03      8.702e+01   
      29             36          3.387e-02      3.250e-03      1.137e-03      6.702e+01   
      30             37          3.116e-02      2.717e-03      1.207e-03      3.889e+01   
      31             38          2.931e-02      1.846e-03      1.178e-03      2.037e+01   
      32             40          2.829e-02      1.025e-03      2.280e-04      1.831e+01   
      33             41          2.696e-02      1.331e-03      5.752e-04      7.768e+00   
      34             42          2.679e-02      1.691e-04      1.327e-03      4.895e+01   
      35             43          2.560e-02      1.182e-03      2.430e-04      2.169e+01   
      36             44          2.481e-02      7.976e-04      6.346e-04      7.171e+00   
      37             45          2.362e-02      1.183e-03      1.241e-03      4.723e+00   
      38             46          2.359e-02      3.447e-05      1.847e-03      1.287e+02   
      39             47          2.200e-02      1.587e-03      5.172e-04      1.213e+01   
      40             48          2.121e-02      7.907e-04      9.853e-04      5.780e+00   
      41             49          2.083e-02      3.868e-04      2.058e-03      7.123e+01   
      42             50          1.973e-02      1.092e-03      4.283e-04      9.777e+00   
      43             51          1.925e-02      4.808e-04      8.482e-04      7.328e+01   
      44             52          1.824e-02      1.012e-03      7.176e-04      6.949e+01   
      45             53          1.702e-02      1.220e-03      6.829e-04      4.191e+00   
      46             55          1.661e-02      4.053e-04      3.009e-04      5.326e+00   
      47             56          1.600e-02      6.152e-04      6.504e-04      2.202e+01   
      48             58          1.562e-02      3.845e-04      3.354e-04      9.896e+00   
      49             59          1.517e-02      4.448e-04      7.703e-04      2.640e+01   
      50             60          1.474e-02      4.277e-04      9.072e-04      2.042e+01   
Warning: Maximum number of iterations has been exceeded.
         Current function value: 1.474e-02
         Total delta_x: 6.081e-02
         Iterations: 50
         Function evaluations: 60
         Jacobian evaluations: 51
Timer: Solution time = 3.26 min
Timer: Avg time per step = 3.83 sec
==============================================================================================================
                                                                 Start  -->   End
Total (sum of squares):                                      1.797e-01  -->   1.474e-02, 
Maximum absolute QS two-term hat objective value:            6.616e-01  -->   2.152e-01 (Unknown)
Minimum absolute QS two-term hat objective value:            2.726e-04  -->   1.162e-06 (Unknown)
Average absolute QS two-term hat objective value:            1.159e-01  -->   3.310e-02 (Unknown)
Aspect ratio:                                                8.001e+00  -->   7.999e+00 (dimensionless)
Plasma volume:                                               3.396e-01  -->   2.940e-01 (m^3)
Generic objective value:                                     1.196e+00  -->   1.289e+00 (T)
Maximum absolute Force error:                                2.652e+01  -->   3.059e+01 (N)
Minimum absolute Force error:                                5.219e-05  -->   1.293e-04 (N)
Average absolute Force error:                                2.391e-01  -->   3.575e-01 (N)
Maximum absolute Force error:                                3.726e-04  -->   4.298e-04 (normalized)
Minimum absolute Force error:                                7.332e-10  -->   1.817e-09 (normalized)
Average absolute Force error:                                3.360e-06  -->   5.023e-06 (normalized)
Cross-section R error:                                       7.625e-21  -->   9.587e-21 (m)
Cross-section Z error:                                       1.075e-20  -->   4.832e-21 (m)
Fixed pressure profile error:                                0.000e+00  -->   0.000e+00 (Pa)
Fixed current profile error:                                 0.000e+00  -->   0.000e+00 (A)
Fixed Psi error:                                             0.000e+00  -->   0.000e+00 (Wb)
==============================================================================================================


===== optimizing section modes max(l,|m|) <= 7 =====

Building objective: QS two-term hat
Building objective: aspect ratio
Precomputing transforms
Timer: Precomputing transforms = 68.3 ms
Building objective: volume
Precomputing transforms
Timer: Precomputing transforms = 68.0 ms
Building objective: Generic
Timer: Objective build = 318 ms
Building objective: force
Precomputing transforms
Timer: Precomputing transforms = 102 ms
Timer: Objective build = 120 ms
Timer: Objective build = 1.86 ms
Timer: Eq Update LinearConstraintProjection build = 80.9 ms
Timer: Proximal projection build = 2.34 sec
Building objective: fixed cross-section R
Building objective: fixed cross-section Z
Building objective: fixed pressure
Building objective: fixed current
Building objective: fixed Psi
Timer: Objective build = 480 ms
Timer: LinearConstraintProjection build = 1.99 sec
Number of parameters: 36
Number of objectives: 1878
Timer: Initializing the optimization = 5.70 sec

Starting optimization
Using method: proximal-lsq-exact
Solver options:
------------------------------------------------------------
Maximum Function Evaluations       : 251
Maximum Allowed Total Δx Norm      : inf
Scaled Termination                 : True
Trust Region Method                : svd
Initial Trust Radius               : 5.778e-02
Maximum Trust Radius               : inf
Minimum Trust Radius               : 2.220e-16
Trust Radius Increase Ratio        : 2.000e+00
Trust Radius Decrease Ratio        : 2.500e-01
Trust Radius Increase Threshold    : 7.500e-01
Trust Radius Decrease Threshold    : 2.500e-01
------------------------------------------------------------ 

   Iteration     Total nfev        Cost      Cost reduction    Step norm     Optimality   
       0              1          1.477e-02                                    2.209e+01   
       1              4          1.433e-02      4.352e-04      1.504e-03      3.099e+01   
       2              5          1.430e-02      2.971e-05      1.479e-04      3.296e+01   
       3              6          1.428e-02      2.479e-05      1.481e-04      3.504e+01   
       4              7          1.356e-02      7.135e-04      4.530e-04      3.689e+01   
       5              8          1.249e-02      1.069e-03      9.976e-04      1.528e+01   
       6              9          1.073e-02      1.766e-03      3.054e-03      5.504e+01   
       7             11          9.758e-03      9.694e-04      1.461e-03      6.450e+01   
       8             12          8.472e-03      1.285e-03      1.551e-03      6.273e+00   
       9             14          8.222e-03      2.503e-04      6.292e-04      1.821e+01   
      10             15          7.872e-03      3.493e-04      8.144e-04      3.313e+01   
      11             16          7.392e-03      4.807e-04      7.346e-04      1.807e+01   
      12             17          7.380e-03      1.128e-05      1.355e-03      4.458e+01   
      13             18          6.712e-03      6.680e-04      5.223e-04      1.002e+01   
      14             19          6.568e-03      1.449e-04      6.633e-04      2.402e+01   
      15             20          6.462e-03      1.053e-04      5.345e-04      8.942e+00   
      16             21          6.208e-03      2.546e-04      7.945e-04      1.262e+01   
      17             22          5.844e-03      3.640e-04      1.380e-03      1.670e+01   
      18             24          5.492e-03      3.521e-04      2.869e-04      5.871e+00   
      19             25          5.226e-03      2.653e-04      3.638e-04      1.868e+01   
      20             26          4.901e-03      3.252e-04      2.635e-04      1.322e+01   
      21             27          4.595e-03      3.063e-04      1.246e-03      1.936e+01   
      22             29          4.334e-03      2.607e-04      5.872e-04      1.290e+01   
      23             30          4.159e-03      1.746e-04      1.424e-03      1.927e+01   
      24             31          3.948e-03      2.118e-04      1.367e-03      2.062e+01   
      25             32          3.787e-03      1.610e-04      1.301e-03      2.185e+01   
      26             33          3.640e-03      1.464e-04      1.196e-03      2.278e+01   
      27             34          3.473e-03      1.676e-04      1.213e-03      2.097e+01   
      28             35          3.294e-03      1.788e-04      1.242e-03      1.784e+01   
      29             36          3.124e-03      1.696e-04      1.307e-03      1.679e+01   
      30             37          2.974e-03      1.498e-04      1.488e-03      1.951e+01   
      31             39          2.847e-03      1.275e-04      6.494e-04      1.210e+01   
      32             41          2.804e-03      4.234e-05      2.527e-04      2.065e+00   
      33             42          2.773e-03      3.192e-05      4.772e-04      7.742e+00   
      34             43          2.732e-03      4.062e-05      5.533e-04      6.429e+00   
      35             45          2.702e-03      2.992e-05      3.284e-04      3.103e+00   
      36             47          2.689e-03      1.273e-05      1.652e-04      2.541e+00   
      37             48          2.670e-03      1.894e-05      2.864e-04      4.745e+00   
      38             50          2.654e-03      1.623e-05      1.617e-04      1.942e+00   
      39             51          2.636e-03      1.813e-05      2.808e-04      4.614e+00   
      40             53          2.619e-03      1.660e-05      1.596e-04      1.845e+00   
      41             54          2.601e-03      1.841e-05      2.806e-04      4.448e+00   
      42             55          2.563e-03      3.810e-05      5.548e-04      6.770e+00   
      43             56          2.555e-03      8.342e-06      1.110e-03      2.527e+01   
      44             57          2.448e-03      1.068e-04      3.550e-04      7.642e+00   
      45             58          2.407e-03      4.085e-05      5.362e-04      7.400e+00   
      46             60          2.378e-03      2.858e-05      3.288e-04      3.094e-01   
      47             61          2.342e-03      3.680e-05      5.457e-04      4.406e+00   
      48             63          2.317e-03      2.430e-05      3.141e-04      2.052e-01   
      49             64          2.281e-03      3.651e-05      5.215e-04      3.155e+00   
      50             66          2.259e-03      2.212e-05      2.974e-04      7.114e-01   
Warning: Maximum number of iterations has been exceeded.
         Current function value: 2.259e-03
         Total delta_x: 1.881e-02
         Iterations: 50
         Function evaluations: 66
         Jacobian evaluations: 51
Timer: Solution time = 3.05 min
Timer: Avg time per step = 3.59 sec
==============================================================================================================
                                                                 Start  -->   End
Total (sum of squares):                                      1.477e-02  -->   2.259e-03, 
Maximum absolute QS two-term hat objective value:            2.147e-01  -->   1.010e-01 (Unknown)
Minimum absolute QS two-term hat objective value:            8.359e-06  -->   2.177e-06 (Unknown)
Average absolute QS two-term hat objective value:            3.315e-02  -->   1.305e-02 (Unknown)
Aspect ratio:                                                7.999e+00  -->   8.000e+00 (dimensionless)
Plasma volume:                                               2.940e-01  -->   3.027e-01 (m^3)
Generic objective value:                                     1.289e+00  -->   1.256e+00 (T)
Maximum absolute Force error:                                3.059e+01  -->   2.974e+01 (N)
Minimum absolute Force error:                                1.293e-04  -->   3.635e-05 (N)
Average absolute Force error:                                3.575e-01  -->   3.566e-01 (N)
Maximum absolute Force error:                                3.432e-04  -->   3.337e-04 (normalized)
Minimum absolute Force error:                                1.451e-09  -->   4.078e-10 (normalized)
Average absolute Force error:                                4.011e-06  -->   4.001e-06 (normalized)
Cross-section R error:                                       4.816e-21  -->   4.834e-21 (m)
Cross-section Z error:                                       1.239e-21  -->   9.470e-22 (m)
Fixed pressure profile error:                                0.000e+00  -->   0.000e+00 (Pa)
Fixed current profile error:                                 0.000e+00  -->   0.000e+00 (A)
Fixed Psi error:                                             0.000e+00  -->   0.000e+00 (Wb)
==============================================================================================================


===== optimizing section modes max(l,|m|) <= 8 =====

Building objective: QS two-term hat
Building objective: aspect ratio
Precomputing transforms
Timer: Precomputing transforms = 66.9 ms
Building objective: volume
Precomputing transforms
Timer: Precomputing transforms = 67.8 ms
Building objective: Generic
Timer: Objective build = 318 ms
Building objective: force
Precomputing transforms
Timer: Precomputing transforms = 105 ms
Timer: Objective build = 123 ms
Timer: Objective build = 1.92 ms
Timer: Eq Update LinearConstraintProjection build = 82.1 ms
Timer: Proximal projection build = 2.11 sec
Building objective: fixed cross-section R
Building objective: fixed cross-section Z
Building objective: fixed pressure
Building objective: fixed current
Building objective: fixed Psi
Timer: Objective build = 479 ms
Timer: LinearConstraintProjection build = 2.02 sec
Number of parameters: 45
Number of objectives: 1878
Timer: Initializing the optimization = 5.30 sec

Starting optimization
Using method: proximal-lsq-exact
Solver options:
------------------------------------------------------------
Maximum Function Evaluations       : 251
Maximum Allowed Total Δx Norm      : inf
Scaled Termination                 : True
Trust Region Method                : svd
Initial Trust Radius               : 6.709e-02
Maximum Trust Radius               : inf
Minimum Trust Radius               : 2.220e-16
Trust Radius Increase Ratio        : 2.000e+00
Trust Radius Decrease Ratio        : 2.500e-01
Trust Radius Increase Threshold    : 7.500e-01
Trust Radius Decrease Threshold    : 2.500e-01
------------------------------------------------------------ 

   Iteration     Total nfev        Cost      Cost reduction    Step norm     Optimality   
       0              1          2.259e-03                                    1.964e+00   
       1              4          2.167e-03      9.225e-05      1.817e-03      2.481e+01   
       2              5          1.989e-03      1.782e-04      1.844e-03      1.131e+01   
       3              7          1.947e-03      4.198e-05      8.609e-04      1.132e+01   
       4              9          1.867e-03      7.949e-05      1.807e-04      1.608e+00   
       5             10          1.846e-03      2.149e-05      2.543e-04      4.783e+00   
       6             11          1.805e-03      4.021e-05      3.357e-04      5.077e+00   
       7             12          1.765e-03      4.071e-05      6.460e-04      6.777e+00   
       8             13          1.708e-03      5.633e-05      8.017e-04      7.577e+00   
       9             14          1.651e-03      5.714e-05      7.916e-04      9.206e+00   
      10             15          1.592e-03      5.924e-05      7.234e-04      9.153e+00   
      11             16          1.588e-03      3.593e-06      5.860e-04      1.813e+01   
      12             17          1.486e-03      1.027e-04      1.939e-04      5.467e+00   
      13             40          1.486e-03      0.000e+00      0.000e+00      5.467e+00   
Warning: A bad approximation caused failure to predict improvement.
         Current function value: 1.486e-03
         Total delta_x: 8.921e-03
         Iterations: 13
         Function evaluations: 40
         Jacobian evaluations: 13
Timer: Solution time = 1.62 min
Timer: Avg time per step = 6.95 sec
==============================================================================================================
                                                                 Start  -->   End
Total (sum of squares):                                      2.259e-03  -->   1.486e-03, 
Maximum absolute QS two-term hat objective value:            1.004e-01  -->   6.975e-02 (Unknown)
Minimum absolute QS two-term hat objective value:            9.562e-06  -->   8.268e-06 (Unknown)
Average absolute QS two-term hat objective value:            1.306e-02  -->   1.079e-02 (Unknown)
Aspect ratio:                                                8.000e+00  -->   8.000e+00 (dimensionless)
Plasma volume:                                               3.027e-01  -->   3.048e-01 (m^3)
Generic objective value:                                     1.256e+00  -->   1.258e+00 (T)
Maximum absolute Force error:                                2.974e+01  -->   2.474e+01 (N)
Minimum absolute Force error:                                3.635e-05  -->   5.132e-05 (N)
Average absolute Force error:                                3.566e-01  -->   3.106e-01 (N)
Maximum absolute Force error:                                3.122e-04  -->   2.597e-04 (normalized)
Minimum absolute Force error:                                3.815e-10  -->   5.386e-10 (normalized)
Average absolute Force error:                                3.743e-06  -->   3.260e-06 (normalized)
Cross-section R error:                                       8.831e-22  -->   1.751e-21 (m)
Cross-section Z error:                                       6.836e-21  -->   1.747e-21 (m)
Fixed pressure profile error:                                0.000e+00  -->   0.000e+00 (Pa)
Fixed current profile error:                                 0.000e+00  -->   0.000e+00 (A)
Fixed Psi error:                                             0.000e+00  -->   0.000e+00 (Wb)
==============================================================================================================


===== optimizing section modes max(l,|m|) <= 9 =====

Building objective: QS two-term hat
Building objective: aspect ratio
Precomputing transforms
Timer: Precomputing transforms = 67.8 ms
Building objective: volume
Precomputing transforms
Timer: Precomputing transforms = 66.7 ms
Building objective: Generic
Timer: Objective build = 316 ms
Building objective: force
Precomputing transforms
Timer: Precomputing transforms = 102 ms
Timer: Objective build = 119 ms
Timer: Objective build = 1.88 ms
Timer: Eq Update LinearConstraintProjection build = 81.3 ms
Timer: Proximal projection build = 2.31 sec
Building objective: fixed cross-section R
Building objective: fixed cross-section Z
Building objective: fixed pressure
Building objective: fixed current
Building objective: fixed Psi
Timer: Objective build = 484 ms
Timer: LinearConstraintProjection build = 2.08 sec
Number of parameters: 55
Number of objectives: 1878
Timer: Initializing the optimization = 5.59 sec

Starting optimization
Using method: proximal-lsq-exact
Solver options:
------------------------------------------------------------
Maximum Function Evaluations       : 251
Maximum Allowed Total Δx Norm      : inf
Scaled Termination                 : True
Trust Region Method                : svd
Initial Trust Radius               : 9.233e-02
Maximum Trust Radius               : inf
Minimum Trust Radius               : 2.220e-16
Trust Radius Increase Ratio        : 2.000e+00
Trust Radius Decrease Ratio        : 2.500e-01
Trust Radius Increase Threshold    : 7.500e-01
Trust Radius Decrease Threshold    : 2.500e-01
------------------------------------------------------------ 

   Iteration     Total nfev        Cost      Cost reduction    Step norm     Optimality   
       0              1          1.506e-03                                    1.227e+01   
       1              5          1.489e-03      1.638e-05      1.730e-04      1.188e+01   
       2              6          1.431e-03      5.847e-05      1.567e-04      3.839e+00   
       3              8          1.416e-03      1.472e-05      5.062e-05      7.406e+00   
       4              9          1.403e-03      1.339e-05      6.716e-05      5.962e+00   
       5             10          1.389e-03      1.380e-05      9.354e-05      6.488e+00   
       6             11          1.376e-03      1.325e-05      1.175e-04      5.970e+00   
       7             12          1.363e-03      1.294e-05      1.420e-04      6.030e+00   
       8             14          1.361e-03      1.296e-06      2.967e-05      3.498e+00   
       9             34          1.361e-03      0.000e+00      0.000e+00      3.498e+00   
Warning: A bad approximation caused failure to predict improvement.
         Current function value: 1.361e-03
         Total delta_x: 4.943e-04
         Iterations: 9
         Function evaluations: 34
         Jacobian evaluations: 9
Timer: Solution time = 1.68 min
Timer: Avg time per step = 10.1 sec
==============================================================================================================
                                                                 Start  -->   End
Total (sum of squares):                                      1.506e-03  -->   1.361e-03, 
Maximum absolute QS two-term hat objective value:            6.767e-02  -->   6.141e-02 (Unknown)
Minimum absolute QS two-term hat objective value:            3.722e-06  -->   9.251e-07 (Unknown)
Average absolute QS two-term hat objective value:            1.085e-02  -->   1.035e-02 (Unknown)
Aspect ratio:                                                7.999e+00  -->   7.999e+00 (dimensionless)
Plasma volume:                                               3.048e-01  -->   3.048e-01 (m^3)
Generic objective value:                                     1.258e+00  -->   1.257e+00 (T)
Maximum absolute Force error:                                2.474e+01  -->   2.365e+01 (N)
Minimum absolute Force error:                                5.132e-05  -->   4.473e-05 (N)
Average absolute Force error:                                3.106e-01  -->   3.041e-01 (N)
Maximum absolute Force error:                                2.665e-04  -->   2.547e-04 (normalized)
Minimum absolute Force error:                                5.527e-10  -->   4.818e-10 (normalized)
Average absolute Force error:                                3.345e-06  -->   3.275e-06 (normalized)
Cross-section R error:                                       1.297e-22  -->   1.059e-22 (m)
Cross-section Z error:                                       2.118e-22  -->   0.000e+00 (m)
Fixed pressure profile error:                                0.000e+00  -->   0.000e+00 (Pa)
Fixed current profile error:                                 0.000e+00  -->   0.000e+00 (A)
Fixed Psi error:                                             0.000e+00  -->   0.000e+00 (Wb)
==============================================================================================================


===== optimizing section modes max(l,|m|) <= 10 =====

Building objective: QS two-term hat
Building objective: aspect ratio
Precomputing transforms
Timer: Precomputing transforms = 62.0 ms
Building objective: volume
Precomputing transforms
Timer: Precomputing transforms = 65.2 ms
Building objective: Generic
Timer: Objective build = 312 ms
Building objective: force
Precomputing transforms
Timer: Precomputing transforms = 105 ms
Timer: Objective build = 122 ms
Timer: Objective build = 1.85 ms
Timer: Eq Update LinearConstraintProjection build = 80.7 ms
Timer: Proximal projection build = 2.42 sec
Building objective: fixed cross-section R
Building objective: fixed cross-section Z
Building objective: fixed pressure
Building objective: fixed current
Building objective: fixed Psi
Timer: Objective build = 456 ms
Timer: LinearConstraintProjection build = 2.06 sec
Number of parameters: 66
Number of objectives: 1878
Timer: Initializing the optimization = 5.70 sec

Starting optimization
Using method: proximal-lsq-exact
Solver options:
------------------------------------------------------------
Maximum Function Evaluations       : 251
Maximum Allowed Total Δx Norm      : inf
Scaled Termination                 : True
Trust Region Method                : svd
Initial Trust Radius               : 9.762e-02
Maximum Trust Radius               : inf
Minimum Trust Radius               : 2.220e-16
Trust Radius Increase Ratio        : 2.000e+00
Trust Radius Decrease Ratio        : 2.500e-01
Trust Radius Increase Threshold    : 7.500e-01
Trust Radius Decrease Threshold    : 2.500e-01
------------------------------------------------------------ 

   Iteration     Total nfev        Cost      Cost reduction    Step norm     Optimality   
       0              1          1.389e-03                                    7.505e+00   
       1              5          1.368e-03      2.168e-05      4.489e-04      1.644e+01   
       2              6          1.300e-03      6.732e-05      4.753e-04      6.051e+00   
       3              8          1.288e-03      1.195e-05      2.366e-04      4.073e+00   
       4             10          1.286e-03      2.534e-06      5.459e-05      3.013e+00   
       5             30          1.286e-03      0.000e+00      0.000e+00      3.013e+00   
Warning: A bad approximation caused failure to predict improvement.
         Current function value: 1.286e-03
         Total delta_x: 1.214e-03
         Iterations: 5
         Function evaluations: 30
         Jacobian evaluations: 5
Timer: Solution time = 1.51 min
Timer: Avg time per step = 15.1 sec
==============================================================================================================
                                                                 Start  -->   End
Total (sum of squares):                                      1.389e-03  -->   1.286e-03, 
Maximum absolute QS two-term hat objective value:            5.915e-02  -->   5.861e-02 (Unknown)
Minimum absolute QS two-term hat objective value:            4.758e-06  -->   1.998e-05 (Unknown)
Average absolute QS two-term hat objective value:            1.042e-02  -->   1.005e-02 (Unknown)
Aspect ratio:                                                7.999e+00  -->   8.000e+00 (dimensionless)
Plasma volume:                                               3.048e-01  -->   3.044e-01 (m^3)
Generic objective value:                                     1.257e+00  -->   1.257e+00 (T)
Maximum absolute Force error:                                2.365e+01  -->   2.302e+01 (N)
Minimum absolute Force error:                                4.473e-05  -->   6.675e-05 (N)
Average absolute Force error:                                3.041e-01  -->   3.021e-01 (N)
Maximum absolute Force error:                                2.539e-04  -->   2.471e-04 (normalized)
Minimum absolute Force error:                                4.802e-10  -->   7.166e-10 (normalized)
Average absolute Force error:                                3.264e-06  -->   3.243e-06 (normalized)
Cross-section R error:                                       0.000e+00  -->   0.000e+00 (m)
Cross-section Z error:                                       2.647e-23  -->   0.000e+00 (m)
Fixed pressure profile error:                                0.000e+00  -->   0.000e+00 (Pa)
Fixed current profile error:                                 0.000e+00  -->   0.000e+00 (A)
Fixed Psi error:                                             0.000e+00  -->   0.000e+00 (Wb)
==============================================================================================================


===== optimizing section modes max(l,|m|) <= 11 =====

Building objective: QS two-term hat
Building objective: aspect ratio
Precomputing transforms
Timer: Precomputing transforms = 63.8 ms
Building objective: volume
Precomputing transforms
Timer: Precomputing transforms = 64.3 ms
Building objective: Generic
Timer: Objective build = 307 ms
Building objective: force
Precomputing transforms
Timer: Precomputing transforms = 102 ms
Timer: Objective build = 119 ms
Timer: Objective build = 1.85 ms
Timer: Eq Update LinearConstraintProjection build = 78.8 ms
Timer: Proximal projection build = 2.36 sec
Building objective: fixed cross-section R
Building objective: fixed cross-section Z
Building objective: fixed pressure
Building objective: fixed current
Building objective: fixed Psi
Timer: Objective build = 318 ms
Timer: LinearConstraintProjection build = 1.49 sec
Number of parameters: 78
Number of objectives: 1878
Timer: Initializing the optimization = 4.89 sec

Starting optimization
Using method: proximal-lsq-exact
Solver options:
------------------------------------------------------------
Maximum Function Evaluations       : 251
Maximum Allowed Total Δx Norm      : inf
Scaled Termination                 : True
Trust Region Method                : svd
Initial Trust Radius               : 1.043e-01
Maximum Trust Radius               : inf
Minimum Trust Radius               : 2.220e-16
Trust Radius Increase Ratio        : 2.000e+00
Trust Radius Decrease Ratio        : 2.500e-01
Trust Radius Increase Threshold    : 7.500e-01
Trust Radius Decrease Threshold    : 2.500e-01
------------------------------------------------------------ 

   Iteration     Total nfev        Cost      Cost reduction    Step norm     Optimality   
       0              1          1.313e-03                                    5.303e+00   
       1              6          1.283e-03      2.991e-05      1.173e-04      5.817e+00   
       2              8          1.276e-03      7.087e-06      1.982e-05      9.972e-01   
       3              9          1.275e-03      1.345e-06      2.072e-05      1.692e+00   
       4             10          1.274e-03      1.302e-06      2.135e-05      1.585e+00   
       5             31          1.274e-03      0.000e+00      0.000e+00      1.585e+00   
Warning: A bad approximation caused failure to predict improvement.
         Current function value: 1.274e-03
         Total delta_x: 1.670e-04
         Iterations: 5
         Function evaluations: 31
         Jacobian evaluations: 5
Timer: Solution time = 1.49 min
Timer: Avg time per step = 14.9 sec
==============================================================================================================
                                                                 Start  -->   End
Total (sum of squares):                                      1.313e-03  -->   1.274e-03, 
Maximum absolute QS two-term hat objective value:            5.629e-02  -->   5.977e-02 (Unknown)
Minimum absolute QS two-term hat objective value:            5.417e-06  -->   7.927e-06 (Unknown)
Average absolute QS two-term hat objective value:            1.012e-02  -->   9.983e-03 (Unknown)
Aspect ratio:                                                7.999e+00  -->   8.000e+00 (dimensionless)
Plasma volume:                                               3.044e-01  -->   3.044e-01 (m^3)
Generic objective value:                                     1.257e+00  -->   1.257e+00 (T)
Maximum absolute Force error:                                2.302e+01  -->   2.285e+01 (N)
Minimum absolute Force error:                                6.675e-05  -->   5.438e-05 (N)
Average absolute Force error:                                3.021e-01  -->   3.017e-01 (N)
Maximum absolute Force error:                                2.456e-04  -->   2.438e-04 (normalized)
Minimum absolute Force error:                                7.122e-10  -->   5.802e-10 (normalized)
Average absolute Force error:                                3.223e-06  -->   3.219e-06 (normalized)
Cross-section R error:                                       3.309e-24  -->   3.309e-24 (m)
Cross-section Z error:                                       3.309e-24  -->   3.309e-24 (m)
Fixed pressure profile error:                                0.000e+00  -->   0.000e+00 (Pa)
Fixed current profile error:                                 0.000e+00  -->   0.000e+00 (A)
Fixed Psi error:                                             0.000e+00  -->   0.000e+00 (Wb)
==============================================================================================================


===== optimizing section modes max(l,|m|) <= 12 =====

Building objective: QS two-term hat
Building objective: aspect ratio
Precomputing transforms
Timer: Precomputing transforms = 63.6 ms
Building objective: volume
Precomputing transforms
Timer: Precomputing transforms = 63.8 ms
Building objective: Generic
Timer: Objective build = 312 ms
Building objective: force
Precomputing transforms
Timer: Precomputing transforms = 104 ms
Timer: Objective build = 122 ms
Timer: Objective build = 1.87 ms
Timer: Eq Update LinearConstraintProjection build = 81.6 ms
Timer: Proximal projection build = 2.16 sec
Building objective: fixed cross-section R
Building objective: fixed cross-section Z
Building objective: fixed pressure
Building objective: fixed current
Building objective: fixed Psi
Timer: Objective build = 117 ms
Timer: LinearConstraintProjection build = 1.27 sec
Number of parameters: 91
Number of objectives: 1878
Timer: Initializing the optimization = 4.26 sec

Starting optimization
Using method: proximal-lsq-exact
Solver options:
------------------------------------------------------------
Maximum Function Evaluations       : 251
Maximum Allowed Total Δx Norm      : inf
Scaled Termination                 : True
Trust Region Method                : svd
Initial Trust Radius               : 1.111e-01
Maximum Trust Radius               : inf
Minimum Trust Radius               : 2.220e-16
Trust Radius Increase Ratio        : 2.000e+00
Trust Radius Decrease Ratio        : 2.500e-01
Trust Radius Increase Threshold    : 7.500e-01
Trust Radius Decrease Threshold    : 2.500e-01
------------------------------------------------------------ 

   Iteration     Total nfev        Cost      Cost reduction    Step norm     Optimality   
       0              1          1.278e-03                                    2.110e+00   
       1              6          1.265e-03      1.340e-05      1.548e-04      4.203e+00   
       2              7          1.242e-03      2.263e-05      3.736e-04      3.000e+00   
       3              9          1.231e-03      1.061e-05      1.952e-04      1.565e+00   
       4             10          1.212e-03      1.909e-05      3.109e-04      3.009e+00   
       5             12          1.203e-03      9.742e-06      1.484e-04      1.430e+00   
       6             13          1.185e-03      1.791e-05      2.355e-04      3.017e+00   
       7             15          1.175e-03      9.538e-06      1.136e-04      1.441e+00   
       8             16          1.158e-03      1.714e-05      1.906e-04      2.719e+00   
       9             18          1.148e-03      9.680e-06      9.388e-05      1.368e+00   
      10             19          1.132e-03      1.641e-05      1.613e-04      2.168e+00   
      11             21          1.122e-03      9.978e-06      8.051e-05      1.261e+00   
      12             22          1.106e-03      1.556e-05      1.412e-04      1.563e+00   
      13             24          1.096e-03      1.048e-05      7.146e-05      1.158e+00   
      14             25          1.081e-03      1.454e-05      1.340e-04      1.583e+00   
      15             27          1.070e-03      1.119e-05      6.897e-05      1.158e+00   
      16             28          1.057e-03      1.340e-05      1.422e-04      1.936e+00   
      17             30          1.045e-03      1.203e-05      7.367e-05      1.195e+00   
      18             32          1.040e-03      4.979e-06      4.028e-05      1.256e+00   
      19             34          1.037e-03      2.557e-06      2.001e-05      8.459e-01   
      20             36          1.036e-03      9.936e-07      1.074e-05      9.567e-01   
Optimization terminated successfully.
`ftol` condition satisfied. (ftol=1.00e-03)
         Current function value: 1.036e-03
         Total delta_x: 2.391e-03
         Iterations: 20
         Function evaluations: 36
         Jacobian evaluations: 21
Timer: Solution time = 1.94 min
Timer: Avg time per step = 5.54 sec
==============================================================================================================
                                                                 Start  -->   End
Total (sum of squares):                                      1.278e-03  -->   1.036e-03, 
Maximum absolute QS two-term hat objective value:            5.900e-02  -->   5.398e-02 (Unknown)
Minimum absolute QS two-term hat objective value:            8.490e-06  -->   1.006e-05 (Unknown)
Average absolute QS two-term hat objective value:            9.995e-03  -->   9.004e-03 (Unknown)
Aspect ratio:                                                8.000e+00  -->   8.000e+00 (dimensionless)
Plasma volume:                                               3.044e-01  -->   3.032e-01 (m^3)
Generic objective value:                                     1.257e+00  -->   1.259e+00 (T)
Maximum absolute Force error:                                2.285e+01  -->   2.162e+01 (N)
Minimum absolute Force error:                                5.438e-05  -->   1.305e-04 (N)
Average absolute Force error:                                3.017e-01  -->   2.995e-01 (N)
Maximum absolute Force error:                                2.436e-04  -->   2.304e-04 (normalized)
Minimum absolute Force error:                                5.796e-10  -->   1.391e-09 (normalized)
Average absolute Force error:                                3.216e-06  -->   3.192e-06 (normalized)
Cross-section R error:                                       0.000e+00  -->   0.000e+00 (m)
Cross-section Z error:                                       0.000e+00  -->   0.000e+00 (m)
Fixed pressure profile error:                                0.000e+00  -->   0.000e+00 (Pa)
Fixed current profile error:                                 0.000e+00  -->   0.000e+00 (A)
Fixed Psi error:                                             0.000e+00  -->   0.000e+00 (Wb)
==============================================================================================================

step 0    V =    0.307  R0/a =  7.995  <|B|> =  1.2599  f_B = [0.1718 0.1764 0.1833]  f_C = [0.5259 0.5153 0.4994]
step 1    V =    0.323  R0/a =  7.993  <|B|> =  1.2824  f_B = [0.0426 0.0547 0.0669]  f_C = [0.1297 0.1617 0.1894]
step 2    V =    0.338  R0/a =  8.010  <|B|> =  1.2396  f_B = [0.0347 0.0437 0.0546]  f_C = [0.1028 0.1246 0.1478]
step 3    V =    0.340  R0/a =  8.001  <|B|> =  1.1959  f_B = [0.0282 0.0362 0.0449]  f_C = [0.0908 0.11   0.1261]
step 4    V =    0.340  R0/a =  8.001  <|B|> =  1.1959  f_B = [0.0282 0.0362 0.0449]  f_C = [0.0908 0.11   0.1261]
step 5    V =    0.294  R0/a =  7.999  <|B|> =  1.2891  f_B = [0.0063 0.008  0.0117]  f_C = [0.0219 0.0284 0.043 ]
step 6    V =    0.303  R0/a =  8.000  <|B|> =  1.2558  f_B = [0.0024 0.003  0.0039]  f_C = [0.0094 0.0115 0.0158]
step 7    V =    0.305  R0/a =  8.000  <|B|> =  1.2578  f_B = [0.0018 0.0024 0.0032]  f_C = [0.0081 0.0097 0.013 ]
step 8    V =    0.305  R0/a =  7.999  <|B|> =  1.2574  f_B = [0.0018 0.0024 0.0031]  f_C = [0.0077 0.0094 0.0127]
step 9    V =    0.304  R0/a =  8.000  <|B|> =  1.2574  f_B = [0.0018 0.0023 0.003 ]  f_C = [0.0075 0.0091 0.0123]
step 10   V =    0.304  R0/a =  8.000  <|B|> =  1.2571  f_B = [0.0018 0.0024 0.003 ]  f_C = [0.0075 0.0091 0.0123]
step 11   V =    0.303  R0/a =  8.000  <|B|> =  1.2590  f_B = [0.0016 0.0022 0.003 ]  f_C = [0.0066 0.008  0.0113]
