
==================================
Optimizing boundary modes M,N <= 1
====================================
Building objective: QS two-term
Precomputing transforms
Timer: Precomputing transforms = 651 ms
Building objective: Generic
Building objective: aspect ratio
Precomputing transforms
Timer: Precomputing transforms = 28.2 ms
Timer: Objective build = 798 ms
Building objective: force
Precomputing transforms
Timer: Precomputing transforms = 800 ms
Timer: Objective build = 1.30 sec
Timer: Objective build = 1.45 ms
Timer: Eq Update LinearConstraintProjection build = 3.37 sec
Timer: Proximal projection build = 23.4 sec
Building objective: fixed LCFS R
Building objective: fixed LCFS Z
Building objective: fixed pressure
Building objective: fixed current
Building objective: fixed Psi
Timer: Objective build = 974 ms
Timer: LinearConstraintProjection build = 1.72 sec
Number of parameters: 8
Number of objectives: 461
Timer: Initializing the optimization = 26.2 sec

Starting optimization
Using method: proximal-lsq-exact
Solver options:
------------------------------------------------------------
Maximum Function Evaluations       : 251
Maximum Allowed Total Δx Norm      : inf
Scaled Termination                 : True
Trust Region Method                : qr
Initial Trust Radius               : 5.000e-01
Maximum Trust Radius               : inf
Minimum Trust Radius               : 2.220e-16
Trust Radius Increase Ratio        : 2.000e+00
Trust Radius Decrease Ratio        : 2.500e-01
Trust Radius Increase Threshold    : 7.500e-01
Trust Radius Decrease Threshold    : 2.500e-01
------------------------------------------------------------ 

   Iteration     Total nfev        Cost      Cost reduction    Step norm     Optimality   
       0              1          3.098e+03                                    7.639e+01   
       1              2          3.015e+03      8.336e+01      3.576e-04      7.457e+01   
       2              3          2.855e+03      1.599e+02      7.157e-04      7.105e+01   
       3              4          2.559e+03      2.960e+02      1.432e-03      6.446e+01   
       4              5          2.053e+03      5.059e+02      2.866e-03      5.308e+01   
       5              6          1.310e+03      7.435e+02      5.736e-03      3.573e+01   
       6              7          5.275e+02      7.823e+02      1.141e-02      1.569e+01   
       7              8          1.282e+02      3.993e+02      3.299e-02      2.773e+00   
       8              9          5.229e+01      7.586e+01      7.678e-02      1.334e+00   
       9             10          2.744e+01      2.485e+01      1.236e-01      1.967e+00   
      10             12          1.506e+01      1.239e+01      3.012e-02      1.018e+00   
      11             13          1.065e+01      4.403e+00      4.075e-02      4.144e-01   
      12             15          9.084e+00      1.569e+00      1.407e-02      6.837e-02   
      13             16          7.678e+00      1.406e+00      2.698e-02      2.122e-01   
      14             17          6.512e+00      1.167e+00      2.495e-02      4.537e-01   
      15             19          6.012e+00      4.998e-01      1.649e-02      2.771e-01   
      16             20          5.939e+00      7.334e-02      2.755e-02      4.155e-01   
      17             21          5.677e+00      2.620e-01      1.119e-02      2.536e-02   
      18             23          5.664e+00      1.261e-02      3.831e-03      7.911e-03   
Optimization terminated successfully.
`ftol` condition satisfied. (ftol=1.00e-02)
         Current function value: 5.664e+00
         Total delta_x: 3.379e-01
         Iterations: 18
         Function evaluations: 23
         Jacobian evaluations: 19
Timer: Solution time = 4.76 min
Timer: Avg time per step = 15.0 sec
==============================================================================================================
                                                                 Start  -->   End
Total (sum of squares):                                      3.098e+03  -->   5.664e+00, 
Maximum absolute Quasi-symmetry (1,4) two-term error:        4.857e+00  -->   4.001e-01 (T^3)
Minimum absolute Quasi-symmetry (1,4) two-term error:        5.505e-04  -->   4.864e-04 (T^3)
Average absolute Quasi-symmetry (1,4) two-term error:        1.273e+00  -->   6.323e-02 (T^3)
Generic objective value:                                     1.255e+00  -->   8.885e-01 (T)
Aspect ratio:                                                8.000e+00  -->   7.947e+00 (dimensionless)
Maximum absolute Force error:                                2.261e+01  -->   3.293e+01 (N)
Minimum absolute Force error:                                6.589e-05  -->   3.578e-04 (N)
Average absolute Force error:                                3.659e-01  -->   1.328e+00 (N)
Maximum absolute Force error:                                3.069e-04  -->   4.470e-04 (normalized)
Minimum absolute Force error:                                8.943e-10  -->   4.856e-09 (normalized)
Average absolute Force error:                                4.965e-06  -->   1.802e-05 (normalized)
LCFS R error:                                                0.000e+00  -->   0.000e+00 (m)
LCFS Z error:                                                0.000e+00  -->   0.000e+00 (m)
Fixed pressure profile error:                                0.000e+00  -->   0.000e+00 (Pa)
Fixed current profile error:                                 0.000e+00  -->   0.000e+00 (A)
Fixed Psi error:                                             0.000e+00  -->   0.000e+00 (Wb)
==============================================================================================================


==================================
Optimizing boundary modes M,N <= 2
====================================
Building objective: QS two-term
Precomputing transforms
Timer: Precomputing transforms = 62.0 ms
Building objective: Generic
Building objective: aspect ratio
Precomputing transforms
Timer: Precomputing transforms = 30.7 ms
Timer: Objective build = 133 ms
Building objective: force
Precomputing transforms
Timer: Precomputing transforms = 70.6 ms
Timer: Objective build = 85.0 ms
Timer: Objective build = 860 us
Timer: Eq Update LinearConstraintProjection build = 223 ms
Timer: Proximal projection build = 2.33 sec
Building objective: fixed LCFS R
Building objective: fixed LCFS Z
Building objective: fixed pressure
Building objective: fixed current
Building objective: fixed Psi
Timer: Objective build = 428 ms
Timer: LinearConstraintProjection build = 1.27 sec
Number of parameters: 24
Number of objectives: 461
Timer: Initializing the optimization = 4.13 sec

Starting optimization
Using method: proximal-lsq-exact
Solver options:
------------------------------------------------------------
Maximum Function Evaluations       : 251
Maximum Allowed Total Δx Norm      : inf
Scaled Termination                 : True
Trust Region Method                : qr
Initial Trust Radius               : 5.000e-01
Maximum Trust Radius               : inf
Minimum Trust Radius               : 2.220e-16
Trust Radius Increase Ratio        : 2.000e+00
Trust Radius Decrease Ratio        : 2.500e-01
Trust Radius Increase Threshold    : 7.500e-01
Trust Radius Decrease Threshold    : 2.500e-01
------------------------------------------------------------ 

   Iteration     Total nfev        Cost      Cost reduction    Step norm     Optimality   
       0              1          5.663e+00                                    3.897e-01   
       1              2          5.444e+00      2.189e-01      1.556e-03      1.796e-01   
       2              3          5.113e+00      3.311e-01      3.147e-03      1.485e-01   
       3              4          4.517e+00      5.959e-01      5.382e-03      1.396e-01   
       4              5          3.539e+00      9.779e-01      8.965e-03      2.017e-01   
       5              6          2.376e+00      1.163e+00      1.627e-02      6.772e-01   
       6              7          2.142e+00      2.343e-01      2.925e-02      1.175e+00   
       7              8          8.243e-01      1.318e+00      4.831e-03      1.137e-01   
       8              9          6.912e-01      1.331e-01      8.803e-03      1.956e-01   
       9             10          6.662e-01      2.497e-02      1.653e-02      6.042e-01   
      10             11          4.006e-01      2.657e-01      4.112e-03      2.489e-02   
      11             12          3.306e-01      6.993e-02      8.885e-03      1.335e-01   
      12             14          2.876e-01      4.303e-02      4.533e-03      3.314e-02   
      13             15          2.479e-01      3.964e-02      9.104e-03      1.474e-01   
      14             17          2.172e-01      3.074e-02      4.453e-03      3.808e-02   
      15             18          2.026e-01      1.464e-02      9.195e-03      1.789e-01   
      16             19          1.929e-01      9.701e-03      9.340e-03      2.226e-01   
      17             20          1.614e-01      3.146e-02      2.213e-03      1.528e-02   
      18             21          1.590e-01      2.415e-03      4.527e-03      6.143e-02   
      19             22          1.533e-01      5.709e-03      4.294e-03      6.305e-02   
      20             23          1.480e-01      5.290e-03      4.297e-03      5.413e-02   
      21             24          1.435e-01      4.485e-03      4.137e-03      5.322e-02   
      22             25          1.395e-01      3.991e-03      4.054e-03      4.979e-02   
      23             27          1.348e-01      4.752e-03      1.907e-03      1.314e-02   
      24             28          1.322e-01      2.605e-03      4.031e-03      3.989e-02   
      25             30          1.298e-01      2.376e-03      1.870e-03      1.069e-02   
      26             31          1.290e-01      7.429e-04      3.677e-03      3.214e-02   
Optimization terminated successfully.
`ftol` condition satisfied. (ftol=1.00e-02)
         Current function value: 1.290e-01
         Total delta_x: 1.171e-01
         Iterations: 26
         Function evaluations: 31
         Jacobian evaluations: 27
Timer: Solution time = 2.59 min
Timer: Avg time per step = 5.76 sec
==============================================================================================================
                                                                 Start  -->   End
Total (sum of squares):                                      5.663e+00  -->   1.290e-01, 
Maximum absolute Quasi-symmetry (1,4) two-term error:        4.001e-01  -->   1.196e-01 (T^3)
Minimum absolute Quasi-symmetry (1,4) two-term error:        4.719e-04  -->   8.864e-05 (T^3)
Average absolute Quasi-symmetry (1,4) two-term error:        6.322e-02  -->   8.390e-03 (T^3)
Generic objective value:                                     8.885e-01  -->   9.694e-01 (T)
Aspect ratio:                                                7.947e+00  -->   8.000e+00 (dimensionless)
Maximum absolute Force error:                                3.293e+01  -->   2.604e+02 (N)
Minimum absolute Force error:                                3.578e-04  -->   6.940e-03 (N)
Average absolute Force error:                                1.328e+00  -->   8.667e+00 (N)
Maximum absolute Force error:                                6.110e-05  -->   4.831e-04 (normalized)
Minimum absolute Force error:                                6.638e-10  -->   1.288e-08 (normalized)
Average absolute Force error:                                2.463e-06  -->   1.608e-05 (normalized)
LCFS R error:                                                0.000e+00  -->   0.000e+00 (m)
LCFS Z error:                                                0.000e+00  -->   0.000e+00 (m)
Fixed pressure profile error:                                0.000e+00  -->   0.000e+00 (Pa)
Fixed current profile error:                                 0.000e+00  -->   0.000e+00 (A)
Fixed Psi error:                                             0.000e+00  -->   0.000e+00 (Wb)
==============================================================================================================


==================================
Optimizing boundary modes M,N <= 3
====================================
Building objective: QS two-term
Precomputing transforms
Timer: Precomputing transforms = 62.7 ms
Building objective: Generic
Building objective: aspect ratio
Precomputing transforms
Timer: Precomputing transforms = 29.9 ms
Timer: Objective build = 132 ms
Building objective: force
Precomputing transforms
Timer: Precomputing transforms = 74.1 ms
Timer: Objective build = 86.4 ms
Timer: Objective build = 838 us
Timer: Eq Update LinearConstraintProjection build = 116 ms
Timer: Proximal projection build = 7.54 sec
Building objective: fixed LCFS R
Building objective: fixed LCFS Z
Building objective: fixed pressure
Building objective: fixed current
Building objective: fixed Psi
Timer: Objective build = 466 ms
Timer: LinearConstraintProjection build = 1.38 sec
Number of parameters: 48
Number of objectives: 461
Timer: Initializing the optimization = 9.50 sec

Starting optimization
Using method: proximal-lsq-exact
Solver options:
------------------------------------------------------------
Maximum Function Evaluations       : 251
Maximum Allowed Total Δx Norm      : inf
Scaled Termination                 : True
Trust Region Method                : qr
Initial Trust Radius               : 5.000e-01
Maximum Trust Radius               : inf
Minimum Trust Radius               : 2.220e-16
Trust Radius Increase Ratio        : 2.000e+00
Trust Radius Decrease Ratio        : 2.500e-01
Trust Radius Increase Threshold    : 7.500e-01
Trust Radius Decrease Threshold    : 2.500e-01
------------------------------------------------------------ 

   Iteration     Total nfev        Cost      Cost reduction    Step norm     Optimality   
       0              1          1.398e-01                                    1.038e-01   
       1              2          1.089e-01      3.096e-02      6.891e-04      7.523e-03   
       2              3          9.554e-02      1.335e-02      1.290e-03      9.055e-03   
       3              4          8.504e-02      1.050e-02      2.609e-03      2.048e-02   
       4              5          8.027e-02      4.773e-03      2.249e-03      2.351e-02   
       5              6          7.598e-02      4.289e-03      2.074e-03      1.873e-02   
       6              7          6.634e-02      9.641e-03      2.178e-03      1.389e-02   
       7              8          5.857e-02      7.764e-03      3.780e-03      3.002e-02   
       8             10          5.459e-02      3.981e-03      1.940e-03      8.782e-03   
       9             11          5.127e-02      3.322e-03      4.115e-03      3.230e-02   
      10             12          4.749e-02      3.779e-03      4.030e-03      3.404e-02   
      11             13          4.337e-02      4.116e-03      4.279e-03      2.414e-02   
      12             15          4.126e-02      2.113e-03      2.155e-03      6.473e-03   
      13             16          3.947e-02      1.794e-03      4.186e-03      3.426e-02   
      14             17          3.743e-02      2.040e-03      3.879e-03      3.241e-02   
      15             18          3.558e-02      1.846e-03      3.633e-03      3.039e-02   
      16             19          3.376e-02      1.816e-03      3.522e-03      2.056e-02   
      17             20          3.366e-02      1.082e-04      7.201e-03      6.049e-02   
      18             21          2.910e-02      4.552e-03      2.048e-03      4.689e-03   
      19             22          2.770e-02      1.404e-03      3.530e-03      1.997e-02   
      20             24          2.659e-02      1.105e-03      1.922e-03      8.258e-03   
      21             25          2.552e-02      1.072e-03      3.844e-03      3.018e-02   
      22             26          2.417e-02      1.348e-03      4.073e-03      2.841e-02   
      23             28          2.278e-02      1.394e-03      2.027e-03      6.658e-03   
      24             29          2.198e-02      8.024e-04      3.982e-03      2.873e-02   
      25             30          2.130e-02      6.758e-04      4.194e-03      3.556e-02   
      26             31          2.017e-02      1.133e-03      4.249e-03      2.134e-02   
      27             32          1.940e-02      7.724e-04      4.084e-03      2.005e-02   
      28             33          1.889e-02      5.061e-04      4.273e-03      2.135e-02   
      29             35          1.821e-02      6.774e-04      8.510e-04      4.574e-03   
      30             36          1.813e-02      8.568e-05      9.898e-04      1.982e-03   
Optimization terminated successfully.
`ftol` condition satisfied. (ftol=1.00e-02)
         Current function value: 1.813e-02
         Total delta_x: 7.656e-02
         Iterations: 30
         Function evaluations: 36
         Jacobian evaluations: 31
Timer: Solution time = 2.12 min
Timer: Avg time per step = 4.10 sec
==============================================================================================================
                                                                 Start  -->   End
Total (sum of squares):                                      1.398e-01  -->   1.813e-02, 
Maximum absolute Quasi-symmetry (1,4) two-term error:        1.246e-01  -->   3.065e-02 (T^3)
Minimum absolute Quasi-symmetry (1,4) two-term error:        8.109e-06  -->   1.146e-08 (T^3)
Average absolute Quasi-symmetry (1,4) two-term error:        8.700e-03  -->   2.288e-03 (T^3)
Generic objective value:                                     9.694e-01  -->   1.103e+00 (T)
Aspect ratio:                                                8.000e+00  -->   8.000e+00 (dimensionless)
Maximum absolute Force error:                                2.604e+02  -->   1.001e+02 (N)
Minimum absolute Force error:                                6.940e-03  -->   3.554e-05 (N)
Average absolute Force error:                                8.667e+00  -->   3.298e+00 (N)
Maximum absolute Force error:                                3.718e-04  -->   1.429e-04 (normalized)
Minimum absolute Force error:                                9.909e-09  -->   5.074e-11 (normalized)
Average absolute Force error:                                1.238e-05  -->   4.709e-06 (normalized)
LCFS R error:                                                0.000e+00  -->   0.000e+00 (m)
LCFS Z error:                                                0.000e+00  -->   0.000e+00 (m)
Fixed pressure profile error:                                0.000e+00  -->   0.000e+00 (Pa)
Fixed current profile error:                                 0.000e+00  -->   0.000e+00 (A)
Fixed Psi error:                                             0.000e+00  -->   0.000e+00 (Wb)
==============================================================================================================


==================================
Optimizing boundary modes M,N <= 4
====================================
Building objective: QS two-term
Precomputing transforms
Timer: Precomputing transforms = 60.4 ms
Building objective: Generic
Building objective: aspect ratio
Precomputing transforms
Timer: Precomputing transforms = 30.7 ms
Timer: Objective build = 132 ms
Building objective: force
Precomputing transforms
Timer: Precomputing transforms = 71.2 ms
Timer: Objective build = 85.3 ms
Timer: Objective build = 1.00 ms
Timer: Eq Update LinearConstraintProjection build = 112 ms
Timer: Proximal projection build = 1.50 sec
Building objective: fixed LCFS R
Building objective: fixed LCFS Z
Building objective: fixed pressure
Building objective: fixed current
Building objective: fixed Psi
Timer: Objective build = 466 ms
Timer: LinearConstraintProjection build = 1.34 sec
Number of parameters: 80
Number of objectives: 461
Timer: Initializing the optimization = 3.42 sec

Starting optimization
Using method: proximal-lsq-exact
Solver options:
------------------------------------------------------------
Maximum Function Evaluations       : 251
Maximum Allowed Total Δx Norm      : inf
Scaled Termination                 : True
Trust Region Method                : qr
Initial Trust Radius               : 5.000e-01
Maximum Trust Radius               : inf
Minimum Trust Radius               : 2.220e-16
Trust Radius Increase Ratio        : 2.000e+00
Trust Radius Decrease Ratio        : 2.500e-01
Trust Radius Increase Threshold    : 7.500e-01
Trust Radius Decrease Threshold    : 2.500e-01
------------------------------------------------------------ 

   Iteration     Total nfev        Cost      Cost reduction    Step norm     Optimality   
       0              1          1.812e-02                                    4.657e-03   
       1              2          1.686e-02      1.266e-03      2.161e-04      5.944e-03   
       2              3          1.600e-02      8.570e-04      6.795e-04      4.567e-03   
       3              4          1.532e-02      6.779e-04      7.476e-04      5.289e-03   
       4              5          1.493e-02      3.888e-04      1.687e-03      9.231e-03   
       5              6          1.374e-02      1.195e-03      2.134e-03      1.243e-02   
       6              9          1.342e-02      3.188e-04      1.940e-04      1.819e-03   
       7             12          1.341e-02      7.979e-06      2.725e-05      1.036e-03   
       8             36          1.341e-02      0.000e+00      0.000e+00      1.036e-03   
Warning: A bad approximation caused failure to predict improvement.
         Current function value: 1.341e-02
         Total delta_x: 5.253e-03
         Iterations: 8
         Function evaluations: 36
         Jacobian evaluations: 8
Timer: Solution time = 1.25 min
Timer: Avg time per step = 8.35 sec
==============================================================================================================
                                                                 Start  -->   End
Total (sum of squares):                                      1.812e-02  -->   1.341e-02, 
Maximum absolute Quasi-symmetry (1,4) two-term error:        3.064e-02  -->   1.781e-02 (T^3)
Minimum absolute Quasi-symmetry (1,4) two-term error:        6.804e-07  -->   9.767e-07 (T^3)
Average absolute Quasi-symmetry (1,4) two-term error:        2.287e-03  -->   1.584e-03 (T^3)
Generic objective value:                                     1.103e+00  -->   1.112e+00 (T)
Aspect ratio:                                                8.000e+00  -->   8.000e+00 (dimensionless)
Maximum absolute Force error:                                1.001e+02  -->   1.130e+02 (N)
Minimum absolute Force error:                                3.554e-05  -->   2.838e-04 (N)
Average absolute Force error:                                3.298e+00  -->   3.182e+00 (N)
Maximum absolute Force error:                                1.839e-04  -->   2.077e-04 (normalized)
Minimum absolute Force error:                                6.530e-11  -->   5.216e-10 (normalized)
Average absolute Force error:                                6.061e-06  -->   5.847e-06 (normalized)
LCFS R error:                                                0.000e+00  -->   0.000e+00 (m)
LCFS Z error:                                                0.000e+00  -->   0.000e+00 (m)
Fixed pressure profile error:                                0.000e+00  -->   0.000e+00 (Pa)
Fixed current profile error:                                 0.000e+00  -->   0.000e+00 (A)
Fixed Psi error:                                             0.000e+00  -->   0.000e+00 (Wb)
==============================================================================================================


==================================
Optimizing boundary modes M,N <= 5
====================================
Building objective: QS two-term
Precomputing transforms
Timer: Precomputing transforms = 62.6 ms
Building objective: Generic
Building objective: aspect ratio
Precomputing transforms
Timer: Precomputing transforms = 29.6 ms
Timer: Objective build = 133 ms
Building objective: force
Precomputing transforms
Timer: Precomputing transforms = 69.3 ms
Timer: Objective build = 84.2 ms
Timer: Objective build = 853 us
Timer: Eq Update LinearConstraintProjection build = 176 ms
Timer: Proximal projection build = 1.69 sec
Building objective: fixed LCFS R
Building objective: fixed LCFS Z
Building objective: fixed pressure
Building objective: fixed current
Building objective: fixed Psi
Timer: Objective build = 460 ms
Timer: LinearConstraintProjection build = 1.39 sec
Number of parameters: 120
Number of objectives: 461
Timer: Initializing the optimization = 3.64 sec

Starting optimization
Using method: proximal-lsq-exact
Solver options:
------------------------------------------------------------
Maximum Function Evaluations       : 251
Maximum Allowed Total Δx Norm      : inf
Scaled Termination                 : True
Trust Region Method                : qr
Initial Trust Radius               : 5.000e-01
Maximum Trust Radius               : inf
Minimum Trust Radius               : 2.220e-16
Trust Radius Increase Ratio        : 2.000e+00
Trust Radius Decrease Ratio        : 2.500e-01
Trust Radius Increase Threshold    : 7.500e-01
Trust Radius Decrease Threshold    : 2.500e-01
------------------------------------------------------------ 

   Iteration     Total nfev        Cost      Cost reduction    Step norm     Optimality   
       0              1          1.344e-02                                    6.667e-03   
       1              4          1.332e-02      1.188e-04      2.474e-05      5.015e-03   
Optimization terminated successfully.
`ftol` condition satisfied. (ftol=1.00e-02)
         Current function value: 1.332e-02
         Total delta_x: 2.474e-05
         Iterations: 1
         Function evaluations: 4
         Jacobian evaluations: 2
Timer: Solution time = 20.8 sec
Timer: Avg time per step = 10.4 sec
==============================================================================================================
                                                                 Start  -->   End
Total (sum of squares):                                      1.344e-02  -->   1.332e-02, 
Maximum absolute Quasi-symmetry (1,4) two-term error:        1.777e-02  -->   1.804e-02 (T^3)
Minimum absolute Quasi-symmetry (1,4) two-term error:        1.389e-05  -->   3.626e-06 (T^3)
Average absolute Quasi-symmetry (1,4) two-term error:        1.595e-03  -->   1.562e-03 (T^3)
Generic objective value:                                     1.112e+00  -->   1.112e+00 (T)
Aspect ratio:                                                8.000e+00  -->   8.000e+00 (dimensionless)
Maximum absolute Force error:                                1.130e+02  -->   1.173e+02 (N)
Minimum absolute Force error:                                2.838e-04  -->   4.301e-04 (N)
Average absolute Force error:                                3.182e+00  -->   3.203e+00 (N)
Maximum absolute Force error:                                2.166e-04  -->   2.247e-04 (normalized)
Minimum absolute Force error:                                5.440e-10  -->   8.243e-10 (normalized)
Average absolute Force error:                                6.098e-06  -->   6.138e-06 (normalized)
LCFS R error:                                                0.000e+00  -->   0.000e+00 (m)
LCFS Z error:                                                0.000e+00  -->   0.000e+00 (m)
Fixed pressure profile error:                                0.000e+00  -->   0.000e+00 (Pa)
Fixed current profile error:                                 0.000e+00  -->   0.000e+00 (A)
Fixed Psi error:                                             0.000e+00  -->   0.000e+00 (Wb)
==============================================================================================================


==================================
Optimizing boundary modes M,N <= 6
====================================
Building objective: QS two-term
Precomputing transforms
Timer: Precomputing transforms = 64.2 ms
Building objective: Generic
Building objective: aspect ratio
Precomputing transforms
Timer: Precomputing transforms = 35.2 ms
Timer: Objective build = 139 ms
Building objective: force
Precomputing transforms
Timer: Precomputing transforms = 71.1 ms
Timer: Objective build = 84.5 ms
Timer: Objective build = 854 us
Timer: Eq Update LinearConstraintProjection build = 108 ms
Timer: Proximal projection build = 1.36 sec
Building objective: fixed LCFS R
Building objective: fixed LCFS Z
Building objective: fixed pressure
Building objective: fixed current
Building objective: fixed Psi
Timer: Objective build = 466 ms
Timer: LinearConstraintProjection build = 1.39 sec
Number of parameters: 168
Number of objectives: 461
Timer: Initializing the optimization = 3.32 sec

Starting optimization
Using method: proximal-lsq-exact
Solver options:
------------------------------------------------------------
Maximum Function Evaluations       : 251
Maximum Allowed Total Δx Norm      : inf
Scaled Termination                 : True
Trust Region Method                : qr
Initial Trust Radius               : 5.000e-01
Maximum Trust Radius               : inf
Minimum Trust Radius               : 2.220e-16
Trust Radius Increase Ratio        : 2.000e+00
Trust Radius Decrease Ratio        : 2.500e-01
Trust Radius Increase Threshold    : 7.500e-01
Trust Radius Decrease Threshold    : 2.500e-01
------------------------------------------------------------ 

   Iteration     Total nfev        Cost      Cost reduction    Step norm     Optimality   
       0              1          1.336e-02                                    1.496e-02   
       1              3          1.317e-02      1.883e-04      7.112e-05      2.166e-02   
       2              4          1.297e-02      1.969e-04      7.103e-05      1.907e-02   
       3              5          1.261e-02      3.633e-04      7.202e-05      2.401e-03   
       4              7          1.261e-02      1.238e-06      3.545e-05      7.349e-03   
       5              8          1.255e-02      6.111e-05      8.880e-06      8.549e-04   
Optimization terminated successfully.
`ftol` condition satisfied. (ftol=1.00e-02)
         Current function value: 1.255e-02
         Total delta_x: 2.261e-04
         Iterations: 5
         Function evaluations: 8
         Jacobian evaluations: 6
Timer: Solution time = 31.9 sec
Timer: Avg time per step = 5.32 sec
==============================================================================================================
                                                                 Start  -->   End
Total (sum of squares):                                      1.336e-02  -->   1.255e-02, 
Maximum absolute Quasi-symmetry (1,4) two-term error:        1.822e-02  -->   1.904e-02 (T^3)
Minimum absolute Quasi-symmetry (1,4) two-term error:        4.253e-06  -->   1.843e-06 (T^3)
Average absolute Quasi-symmetry (1,4) two-term error:        1.574e-03  -->   1.316e-03 (T^3)
Generic objective value:                                     1.112e+00  -->   1.112e+00 (T)
Aspect ratio:                                                8.000e+00  -->   8.000e+00 (dimensionless)
Maximum absolute Force error:                                1.173e+02  -->   1.601e+02 (N)
Minimum absolute Force error:                                4.301e-04  -->   1.475e-05 (N)
Average absolute Force error:                                3.203e+00  -->   4.014e+00 (N)
Maximum absolute Force error:                                2.247e-04  -->   3.069e-04 (normalized)
Minimum absolute Force error:                                8.243e-10  -->   2.827e-11 (normalized)
Average absolute Force error:                                6.139e-06  -->   7.693e-06 (normalized)
LCFS R error:                                                0.000e+00  -->   0.000e+00 (m)
LCFS Z error:                                                0.000e+00  -->   0.000e+00 (m)
Fixed pressure profile error:                                0.000e+00  -->   0.000e+00 (Pa)
Fixed current profile error:                                 0.000e+00  -->   0.000e+00 (A)
Fixed Psi error:                                             0.000e+00  -->   0.000e+00 (Wb)
==============================================================================================================


==================================
Optimizing boundary modes M,N <= 7
====================================
Building objective: QS two-term
Precomputing transforms
Timer: Precomputing transforms = 61.8 ms
Building objective: Generic
Building objective: aspect ratio
Precomputing transforms
Timer: Precomputing transforms = 28.5 ms
Timer: Objective build = 132 ms
Building objective: force
Precomputing transforms
Timer: Precomputing transforms = 68.2 ms
Timer: Objective build = 83.0 ms
Timer: Objective build = 1.00 ms
Timer: Eq Update LinearConstraintProjection build = 100 ms
Timer: Proximal projection build = 1.44 sec
Building objective: fixed LCFS R
Building objective: fixed LCFS Z
Building objective: fixed pressure
Building objective: fixed current
Building objective: fixed Psi
Timer: Objective build = 483 ms
Timer: LinearConstraintProjection build = 1.40 sec
Number of parameters: 224
Number of objectives: 461
Timer: Initializing the optimization = 3.43 sec

Starting optimization
Using method: proximal-lsq-exact
Solver options:
------------------------------------------------------------
Maximum Function Evaluations       : 251
Maximum Allowed Total Δx Norm      : inf
Scaled Termination                 : True
Trust Region Method                : qr
Initial Trust Radius               : 5.000e-01
Maximum Trust Radius               : inf
Minimum Trust Radius               : 2.220e-16
Trust Radius Increase Ratio        : 2.000e+00
Trust Radius Decrease Ratio        : 2.500e-01
Trust Radius Increase Threshold    : 7.500e-01
Trust Radius Decrease Threshold    : 2.500e-01
------------------------------------------------------------ 

   Iteration     Total nfev        Cost      Cost reduction    Step norm     Optimality   
       0              1          1.255e-02                                    2.304e-03   
       1              6          1.255e-02      1.619e-06      8.066e-07      2.142e-03   
       2              7          1.255e-02      9.162e-07      2.126e-07      1.305e-03   
Optimization terminated successfully.
`ftol` condition satisfied. (ftol=1.00e-02)
         Current function value: 1.255e-02
         Total delta_x: 8.575e-07
         Iterations: 2
         Function evaluations: 7
         Jacobian evaluations: 3
Timer: Solution time = 29.4 sec
Timer: Avg time per step = 9.80 sec
==============================================================================================================
                                                                 Start  -->   End
Total (sum of squares):                                      1.255e-02  -->   1.255e-02, 
Maximum absolute Quasi-symmetry (1,4) two-term error:        1.905e-02  -->   1.900e-02 (T^3)
Minimum absolute Quasi-symmetry (1,4) two-term error:        7.635e-07  -->   6.056e-07 (T^3)
Average absolute Quasi-symmetry (1,4) two-term error:        1.317e-03  -->   1.319e-03 (T^3)
Generic objective value:                                     1.112e+00  -->   1.112e+00 (T)
Aspect ratio:                                                8.000e+00  -->   8.000e+00 (dimensionless)
Maximum absolute Force error:                                1.601e+02  -->   1.590e+02 (N)
Minimum absolute Force error:                                1.475e-05  -->   1.558e-04 (N)
Average absolute Force error:                                4.014e+00  -->   4.004e+00 (N)
Maximum absolute Force error:                                3.069e-04  -->   3.047e-04 (normalized)
Minimum absolute Force error:                                2.828e-11  -->   2.986e-10 (normalized)
Average absolute Force error:                                7.694e-06  -->   7.673e-06 (normalized)
LCFS R error:                                                0.000e+00  -->   0.000e+00 (m)
LCFS Z error:                                                0.000e+00  -->   0.000e+00 (m)
Fixed pressure profile error:                                0.000e+00  -->   0.000e+00 (Pa)
Fixed current profile error:                                 0.000e+00  -->   0.000e+00 (A)
Fixed Psi error:                                             0.000e+00  -->   0.000e+00 (Wb)
==============================================================================================================


==================================
Optimizing boundary modes M,N <= 8
====================================
Building objective: QS two-term
Precomputing transforms
Timer: Precomputing transforms = 59.6 ms
Building objective: Generic
Building objective: aspect ratio
Precomputing transforms
Timer: Precomputing transforms = 29.6 ms
Timer: Objective build = 128 ms
Building objective: force
Precomputing transforms
Timer: Precomputing transforms = 70.0 ms
Timer: Objective build = 84.4 ms
Timer: Objective build = 872 us
Timer: Eq Update LinearConstraintProjection build = 107 ms
Timer: Proximal projection build = 1.34 sec
Building objective: fixed LCFS R
Building objective: fixed LCFS Z
Building objective: fixed pressure
Building objective: fixed current
Building objective: fixed Psi
Timer: Objective build = 168 ms
Timer: LinearConstraintProjection build = 1.32 sec
Number of parameters: 288
Number of objectives: 461
Timer: Initializing the optimization = 2.95 sec

Starting optimization
Using method: proximal-lsq-exact
Solver options:
------------------------------------------------------------
Maximum Function Evaluations       : 251
Maximum Allowed Total Δx Norm      : inf
Scaled Termination                 : True
Trust Region Method                : qr
Initial Trust Radius               : 5.000e-01
Maximum Trust Radius               : inf
Minimum Trust Radius               : 2.220e-16
Trust Radius Increase Ratio        : 2.000e+00
Trust Radius Decrease Ratio        : 2.500e-01
Trust Radius Increase Threshold    : 7.500e-01
Trust Radius Decrease Threshold    : 2.500e-01
------------------------------------------------------------ 

   Iteration     Total nfev        Cost      Cost reduction    Step norm     Optimality   
       0              1          1.255e-02                                    2.702e-03   
       1              6          1.254e-02      1.235e-05      5.520e-07      1.802e-03   
Optimization terminated successfully.
`ftol` condition satisfied. (ftol=1.00e-02)
         Current function value: 1.254e-02
         Total delta_x: 5.520e-07
         Iterations: 1
         Function evaluations: 6
         Jacobian evaluations: 2
Timer: Solution time = 30.1 sec
Timer: Avg time per step = 15.0 sec
==============================================================================================================
                                                                 Start  -->   End
Total (sum of squares):                                      1.255e-02  -->   1.254e-02, 
Maximum absolute Quasi-symmetry (1,4) two-term error:        1.898e-02  -->   1.911e-02 (T^3)
Minimum absolute Quasi-symmetry (1,4) two-term error:        5.726e-07  -->   4.458e-06 (T^3)
Average absolute Quasi-symmetry (1,4) two-term error:        1.320e-03  -->   1.314e-03 (T^3)
Generic objective value:                                     1.112e+00  -->   1.112e+00 (T)
Aspect ratio:                                                8.000e+00  -->   8.000e+00 (dimensionless)
Maximum absolute Force error:                                1.590e+02  -->   1.626e+02 (N)
Minimum absolute Force error:                                1.558e-04  -->   7.196e-04 (N)
Average absolute Force error:                                4.004e+00  -->   4.005e+00 (N)
Maximum absolute Force error:                                3.047e-04  -->   3.116e-04 (normalized)
Minimum absolute Force error:                                2.986e-10  -->   1.379e-09 (normalized)
Average absolute Force error:                                7.673e-06  -->   7.675e-06 (normalized)
LCFS R error:                                                0.000e+00  -->   0.000e+00 (m)
LCFS Z error:                                                0.000e+00  -->   0.000e+00 (m)
Fixed pressure profile error:                                0.000e+00  -->   0.000e+00 (Pa)
Fixed current profile error:                                 0.000e+00  -->   0.000e+00 (A)
Fixed Psi error:                                             0.000e+00  -->   0.000e+00 (Wb)
==============================================================================================================

