DESC version=0.17.3+411.g8a54240a7.
Using JAX backend: jax version=0.7.2, jaxlib version=0.7.2, dtype=float64.
Using device: NVIDIA GeForce RTX 4080 Laptop GPU (id=0), with 11.10 GB available memory.
wqs3-war3-wvol1-wel0-wb1
dim_f = 1875, initial norm = 3.3307e+01

===== optimizing section modes max(l,|m|) <= 2 =====

Building objective: QS two-term hat
Building objective: aspect ratio
Precomputing transforms
Timer: Precomputing transforms = 41.6 ms
Building objective: volume
Precomputing transforms
Timer: Precomputing transforms = 37.8 ms
Building objective: Generic
Timer: Objective build = 219 ms
Building objective: force
Precomputing transforms
Timer: Precomputing transforms = 839 ms
Timer: Objective build = 1.55 sec
Timer: Objective build = 1.52 ms
Timer: Eq Update LinearConstraintProjection build = 3.43 sec
Timer: Proximal projection build = 1.10 min
Building objective: fixed cross-section R
Building objective: fixed cross-section Z
Building objective: fixed pressure
Building objective: fixed current
Building objective: fixed Psi
Timer: Objective build = 662 ms
Timer: LinearConstraintProjection build = 1.54 sec
Number of parameters: 6
Number of objectives: 1878
Timer: Initializing the optimization = 1.14 min

Starting optimization
Using method: proximal-lsq-exact
Solver options:
------------------------------------------------------------
Maximum Function Evaluations       : 251
Maximum Allowed Total Δx Norm      : inf
Scaled Termination                 : True
Trust Region Method                : svd
Initial Trust Radius               : 4.276e-02
Maximum Trust Radius               : inf
Minimum Trust Radius               : 2.220e-16
Trust Radius Increase Ratio        : 2.000e+00
Trust Radius Decrease Ratio        : 2.500e-01
Trust Radius Increase Threshold    : 7.500e-01
Trust Radius Decrease Threshold    : 2.500e-01
------------------------------------------------------------ 

   Iteration     Total nfev        Cost      Cost reduction    Step norm     Optimality   
       0              1          4.405e+00                                    4.064e+03   
       1              2          8.309e-01      3.574e+00      1.291e-01      4.557e+02   
       2              3          4.948e-01      3.361e-01      4.104e-02      2.350e+02   
       3              4          4.576e-01      3.721e-02      1.094e-02      7.913e+01   
       4              5          4.150e-01      4.262e-02      4.816e-02      6.451e+01   
       5              7          4.044e-01      1.058e-02      8.470e-04      2.078e+01   
       6              8          3.937e-01      1.071e-02      1.935e-03      5.036e+01   
       7             12          3.913e-01      2.382e-03      5.644e-05      3.311e+01   
       8             13          3.901e-01      1.237e-03      6.444e-05      2.600e+01   
       9             14          3.892e-01      9.012e-04      6.630e-05      1.842e+01   
      10             15          3.886e-01      6.285e-04      7.391e-05      1.187e+01   
      11             16          3.881e-01      4.452e-04      8.839e-05      9.097e+00   
      12             17          3.877e-01      3.783e-04      9.885e-05      7.953e+00   
Optimization terminated successfully.
`ftol` condition satisfied. (ftol=1.00e-03)
         Current function value: 3.877e-01
         Total delta_x: 1.250e-01
         Iterations: 12
         Function evaluations: 17
         Jacobian evaluations: 13
Timer: Solution time = 4.08 min
Timer: Avg time per step = 18.8 sec
==============================================================================================================
                                                                 Start  -->   End
Total (sum of squares):                                      4.405e+00  -->   3.877e-01, 
Maximum absolute QS two-term hat objective value:            2.355e+00  -->   9.788e-01 (Unknown)
Minimum absolute QS two-term hat objective value:            9.465e-04  -->   1.414e-04 (Unknown)
Average absolute QS two-term hat objective value:            6.079e-01  -->   1.609e-01 (Unknown)
Aspect ratio:                                                7.995e+00  -->   8.025e+00 (dimensionless)
Plasma volume:                                               3.071e-01  -->   3.509e-01 (m^3)
Generic objective value:                                     1.260e+00  -->   1.222e+00 (T)
Maximum absolute Force error:                                1.893e+01  -->   2.713e+01 (N)
Minimum absolute Force error:                                3.514e-06  -->   1.033e-05 (N)
Average absolute Force error:                                2.199e-01  -->   1.975e-01 (N)
Maximum absolute Force error:                                2.562e-04  -->   3.671e-04 (normalized)
Minimum absolute Force error:                                4.755e-11  -->   1.397e-10 (normalized)
Average absolute Force error:                                2.976e-06  -->   2.673e-06 (normalized)
Cross-section R error:                                       1.085e-19  -->   3.388e-21 (m)
Cross-section Z error:                                       9.585e-21  -->   0.000e+00 (m)
Fixed pressure profile error:                                0.000e+00  -->   0.000e+00 (Pa)
Fixed current profile error:                                 0.000e+00  -->   0.000e+00 (A)
Fixed Psi error:                                             0.000e+00  -->   0.000e+00 (Wb)
==============================================================================================================


===== optimizing section modes max(l,|m|) <= 3 =====

Building objective: QS two-term hat
Building objective: aspect ratio
Precomputing transforms
Timer: Precomputing transforms = 39.3 ms
Building objective: volume
Precomputing transforms
Timer: Precomputing transforms = 39.2 ms
Building objective: Generic
Timer: Objective build = 210 ms
Building objective: force
Precomputing transforms
Timer: Precomputing transforms = 79.5 ms
Timer: Objective build = 92.9 ms
Timer: Objective build = 851 us
Timer: Eq Update LinearConstraintProjection build = 189 ms
Timer: Proximal projection build = 4.04 sec
Building objective: fixed cross-section R
Building objective: fixed cross-section Z
Building objective: fixed pressure
Building objective: fixed current
Building objective: fixed Psi
Timer: Objective build = 419 ms
Timer: LinearConstraintProjection build = 1.28 sec
Number of parameters: 10
Number of objectives: 1878
Timer: Initializing the optimization = 6.15 sec

Starting optimization
Using method: proximal-lsq-exact
Solver options:
------------------------------------------------------------
Maximum Function Evaluations       : 251
Maximum Allowed Total Δx Norm      : inf
Scaled Termination                 : True
Trust Region Method                : svd
Initial Trust Radius               : 4.625e-02
Maximum Trust Radius               : inf
Minimum Trust Radius               : 2.220e-16
Trust Radius Increase Ratio        : 2.000e+00
Trust Radius Decrease Ratio        : 2.500e-01
Trust Radius Increase Threshold    : 7.500e-01
Trust Radius Decrease Threshold    : 2.500e-01
------------------------------------------------------------ 

   Iteration     Total nfev        Cost      Cost reduction    Step norm     Optimality   
       0              1          3.878e-01                                    2.900e+01   
       1              3          3.068e-01      8.099e-02      9.074e-03      2.842e+01   
       2              4          2.172e-01      8.959e-02      1.220e-02      4.561e+02   
       3              7          1.854e-01      3.175e-02      9.021e-04      2.787e+02   
       4              8          1.771e-01      8.327e-03      2.300e-03      4.292e+02   
       5             10          1.629e-01      1.423e-02      1.031e-03      7.274e+01   
       6             11          1.607e-01      2.188e-03      8.869e-04      2.955e+01   
       7             34          1.607e-01      0.000e+00      0.000e+00      2.955e+01   
Warning: A bad approximation caused failure to predict improvement.
         Current function value: 1.607e-01
         Total delta_x: 1.789e-02
         Iterations: 7
         Function evaluations: 34
         Jacobian evaluations: 7
Timer: Solution time = 5.49 min
Timer: Avg time per step = 41.2 sec
==============================================================================================================
                                                                 Start  -->   End
Total (sum of squares):                                      3.878e-01  -->   1.607e-01, 
Maximum absolute QS two-term hat objective value:            9.789e-01  -->   5.280e-01 (Unknown)
Minimum absolute QS two-term hat objective value:            1.349e-04  -->   3.840e-05 (Unknown)
Average absolute QS two-term hat objective value:            1.609e-01  -->   1.067e-01 (Unknown)
Aspect ratio:                                                8.024e+00  -->   8.002e+00 (dimensionless)
Plasma volume:                                               3.509e-01  -->   3.466e-01 (m^3)
Generic objective value:                                     1.222e+00  -->   1.244e+00 (T)
Maximum absolute Force error:                                2.713e+01  -->   2.671e+01 (N)
Minimum absolute Force error:                                1.033e-05  -->   5.699e-05 (N)
Average absolute Force error:                                1.975e-01  -->   3.405e-01 (N)
Maximum absolute Force error:                                4.894e-04  -->   4.819e-04 (normalized)
Minimum absolute Force error:                                1.863e-10  -->   1.028e-09 (normalized)
Average absolute Force error:                                3.564e-06  -->   6.144e-06 (normalized)
Cross-section R error:                                       6.127e-20  -->   4.811e-21 (m)
Cross-section Z error:                                       2.900e-20  -->   7.580e-21 (m)
Fixed pressure profile error:                                0.000e+00  -->   0.000e+00 (Pa)
Fixed current profile error:                                 0.000e+00  -->   0.000e+00 (A)
Fixed Psi error:                                             0.000e+00  -->   0.000e+00 (Wb)
==============================================================================================================


===== optimizing section modes max(l,|m|) <= 4 =====

Building objective: QS two-term hat
Building objective: aspect ratio
Precomputing transforms
Timer: Precomputing transforms = 39.9 ms
Building objective: volume
Precomputing transforms
Timer: Precomputing transforms = 40.4 ms
Building objective: Generic
Timer: Objective build = 209 ms
Building objective: force
Precomputing transforms
Timer: Precomputing transforms = 76.8 ms
Timer: Objective build = 89.3 ms
Timer: Objective build = 1.07 ms
Timer: Eq Update LinearConstraintProjection build = 105 ms
Timer: Proximal projection build = 3.51 sec
Building objective: fixed cross-section R
Building objective: fixed cross-section Z
Building objective: fixed pressure
Building objective: fixed current
Building objective: fixed Psi
Timer: Objective build = 327 ms
Timer: LinearConstraintProjection build = 1.30 sec
Number of parameters: 15
Number of objectives: 1878
Timer: Initializing the optimization = 5.56 sec

Starting optimization
Using method: proximal-lsq-exact
Solver options:
------------------------------------------------------------
Maximum Function Evaluations       : 251
Maximum Allowed Total Δx Norm      : inf
Scaled Termination                 : True
Trust Region Method                : svd
Initial Trust Radius               : 4.620e-02
Maximum Trust Radius               : inf
Minimum Trust Radius               : 2.220e-16
Trust Radius Increase Ratio        : 2.000e+00
Trust Radius Decrease Ratio        : 2.500e-01
Trust Radius Increase Threshold    : 7.500e-01
Trust Radius Decrease Threshold    : 2.500e-01
------------------------------------------------------------ 

   Iteration     Total nfev        Cost      Cost reduction    Step norm     Optimality   
       0              1          1.609e-01                                    3.144e+01   
       1              4          1.582e-01      2.644e-03      2.049e-03      2.710e+02   
       2              5          1.472e-01      1.099e-02      3.782e-04      4.004e+01   
       3              6          1.445e-01      2.727e-03      1.118e-03      3.729e+01   
       4              7          1.410e-01      3.463e-03      1.978e-03      1.129e+02   
       5              8          1.382e-01      2.824e-03      1.534e-03      1.323e+02   
       6              9          1.353e-01      2.880e-03      1.208e-03      1.213e+02   
       7             10          1.321e-01      3.251e-03      1.125e-03      1.040e+02   
       8             11          1.277e-01      4.373e-03      1.443e-03      4.964e+01   
       9             12          1.259e-01      1.832e-03      3.694e-03      1.876e+02   
      10             13          1.231e-01      2.766e-03      4.494e-03      1.811e+02   
      11             14          1.179e-01      5.177e-03      4.082e-03      3.670e+01   
      12             18          1.171e-01      8.053e-04      4.267e-05      2.694e+01   
      13             19          1.171e-01      3.500e-05      5.841e-05      2.273e+01   
      14             39          1.171e-01      0.000e+00      0.000e+00      2.273e+01   
Warning: A bad approximation caused failure to predict improvement.
         Current function value: 1.171e-01
         Total delta_x: 2.129e-02
         Iterations: 14
         Function evaluations: 39
         Jacobian evaluations: 14
Timer: Solution time = 4.06 min
Timer: Avg time per step = 16.2 sec
==============================================================================================================
                                                                 Start  -->   End
Total (sum of squares):                                      1.609e-01  -->   1.171e-01, 
Maximum absolute QS two-term hat objective value:            5.279e-01  -->   4.649e-01 (Unknown)
Minimum absolute QS two-term hat objective value:            1.236e-04  -->   3.161e-05 (Unknown)
Average absolute QS two-term hat objective value:            1.068e-01  -->   9.798e-02 (Unknown)
Aspect ratio:                                                8.002e+00  -->   7.998e+00 (dimensionless)
Plasma volume:                                               3.466e-01  -->   3.239e-01 (m^3)
Generic objective value:                                     1.244e+00  -->   1.307e+00 (T)
Maximum absolute Force error:                                2.671e+01  -->   3.931e+01 (N)
Minimum absolute Force error:                                5.699e-05  -->   4.798e-05 (N)
Average absolute Force error:                                3.405e-01  -->   4.446e-01 (N)
Maximum absolute Force error:                                5.034e-04  -->   7.408e-04 (normalized)
Minimum absolute Force error:                                1.074e-09  -->   9.042e-10 (normalized)
Average absolute Force error:                                6.418e-06  -->   8.378e-06 (normalized)
Cross-section R error:                                       5.931e-21  -->   1.059e-22 (m)
Cross-section Z error:                                       2.236e-19  -->   1.213e-22 (m)
Fixed pressure profile error:                                0.000e+00  -->   0.000e+00 (Pa)
Fixed current profile error:                                 0.000e+00  -->   0.000e+00 (A)
Fixed Psi error:                                             0.000e+00  -->   0.000e+00 (Wb)
==============================================================================================================


===== optimizing section modes max(l,|m|) <= 5 =====

Building objective: QS two-term hat
Building objective: aspect ratio
Precomputing transforms
Timer: Precomputing transforms = 39.1 ms
Building objective: volume
Precomputing transforms
Timer: Precomputing transforms = 39.7 ms
Building objective: Generic
Timer: Objective build = 209 ms
Building objective: force
Precomputing transforms
Timer: Precomputing transforms = 79.3 ms
Timer: Objective build = 91.8 ms
Timer: Objective build = 970 us
Timer: Eq Update LinearConstraintProjection build = 130 ms
Timer: Proximal projection build = 3.61 sec
Building objective: fixed cross-section R
Building objective: fixed cross-section Z
Building objective: fixed pressure
Building objective: fixed current
Building objective: fixed Psi
Timer: Objective build = 455 ms
Timer: LinearConstraintProjection build = 1.32 sec
Number of parameters: 21
Number of objectives: 1878
Timer: Initializing the optimization = 5.82 sec

Starting optimization
Using method: proximal-lsq-exact
Solver options:
------------------------------------------------------------
Maximum Function Evaluations       : 251
Maximum Allowed Total Δx Norm      : inf
Scaled Termination                 : True
Trust Region Method                : svd
Initial Trust Radius               : 5.428e-02
Maximum Trust Radius               : inf
Minimum Trust Radius               : 2.220e-16
Trust Radius Increase Ratio        : 2.000e+00
Trust Radius Decrease Ratio        : 2.500e-01
Trust Radius Increase Threshold    : 7.500e-01
Trust Radius Decrease Threshold    : 2.500e-01
------------------------------------------------------------ 

   Iteration     Total nfev        Cost      Cost reduction    Step norm     Optimality   
       0              1          1.172e-01                                    2.620e+01   
       1              6          1.172e-01      1.641e-05      9.865e-05      3.364e+01   
       2              7          1.171e-01      3.877e-05      1.992e-05      1.163e+01   
       3             26          1.171e-01      0.000e+00      0.000e+00      1.163e+01   
Warning: A bad approximation caused failure to predict improvement.
         Current function value: 1.171e-01
         Total delta_x: 1.177e-04
         Iterations: 3
         Function evaluations: 26
         Jacobian evaluations: 3
Timer: Solution time = 4.31 min
Timer: Avg time per step = 1.07 min
==============================================================================================================
                                                                 Start  -->   End
Total (sum of squares):                                      1.172e-01  -->   1.171e-01, 
Maximum absolute QS two-term hat objective value:            4.648e-01  -->   4.678e-01 (Unknown)
Minimum absolute QS two-term hat objective value:            9.463e-06  -->   2.447e-04 (Unknown)
Average absolute QS two-term hat objective value:            9.804e-02  -->   9.794e-02 (Unknown)
Aspect ratio:                                                7.998e+00  -->   8.000e+00 (dimensionless)
Plasma volume:                                               3.239e-01  -->   3.222e-01 (m^3)
Generic objective value:                                     1.307e+00  -->   1.313e+00 (T)
Maximum absolute Force error:                                3.931e+01  -->   3.958e+01 (N)
Minimum absolute Force error:                                4.798e-05  -->   6.117e-05 (N)
Average absolute Force error:                                4.446e-01  -->   4.495e-01 (N)
Maximum absolute Force error:                                7.003e-04  -->   7.050e-04 (normalized)
Minimum absolute Force error:                                8.546e-10  -->   1.090e-09 (normalized)
Average absolute Force error:                                7.920e-06  -->   8.007e-06 (normalized)
Cross-section R error:                                       7.577e-21  -->   0.000e+00 (m)
Cross-section Z error:                                       1.714e-21  -->   0.000e+00 (m)
Fixed pressure profile error:                                0.000e+00  -->   0.000e+00 (Pa)
Fixed current profile error:                                 0.000e+00  -->   0.000e+00 (A)
Fixed Psi error:                                             0.000e+00  -->   0.000e+00 (Wb)
==============================================================================================================


===== optimizing section modes max(l,|m|) <= 6 =====

Building objective: QS two-term hat
Building objective: aspect ratio
Precomputing transforms
Timer: Precomputing transforms = 38.6 ms
Building objective: volume
Precomputing transforms
Timer: Precomputing transforms = 41.4 ms
Building objective: Generic
Timer: Objective build = 210 ms
Building objective: force
Precomputing transforms
Timer: Precomputing transforms = 82.3 ms
Timer: Objective build = 94.5 ms
Timer: Objective build = 951 us
Timer: Eq Update LinearConstraintProjection build = 111 ms
Timer: Proximal projection build = 3.53 sec
Building objective: fixed cross-section R
Building objective: fixed cross-section Z
Building objective: fixed pressure
Building objective: fixed current
Building objective: fixed Psi
Timer: Objective build = 316 ms
Timer: LinearConstraintProjection build = 1.35 sec
Number of parameters: 28
Number of objectives: 1878
Timer: Initializing the optimization = 5.63 sec

Starting optimization
Using method: proximal-lsq-exact
Solver options:
------------------------------------------------------------
Maximum Function Evaluations       : 251
Maximum Allowed Total Δx Norm      : inf
Scaled Termination                 : True
Trust Region Method                : svd
Initial Trust Radius               : 5.733e-02
Maximum Trust Radius               : inf
Minimum Trust Radius               : 2.220e-16
Trust Radius Increase Ratio        : 2.000e+00
Trust Radius Decrease Ratio        : 2.500e-01
Trust Radius Increase Threshold    : 7.500e-01
Trust Radius Decrease Threshold    : 2.500e-01
------------------------------------------------------------ 

   Iteration     Total nfev        Cost      Cost reduction    Step norm     Optimality   
       0              1          1.172e-01                                    1.180e+01   
       1              4          1.133e-01      3.904e-03      1.750e-03      2.126e+02   
       2              5          1.122e-01      1.057e-03      1.901e-03      3.218e+02   
       3              6          9.748e-02      1.476e-02      5.120e-04      2.812e+01   
       4              7          9.262e-02      4.858e-03      1.121e-03      4.313e+01   
       5              9          9.030e-02      2.317e-03      5.772e-04      4.389e+00   
       6             10          8.653e-02      3.770e-03      1.167e-03      3.142e+01   
       7             11          8.258e-02      3.949e-03      2.239e-03      1.653e+02   
       8             12          7.536e-02      7.218e-03      2.194e-03      7.675e+01   
       9             14          7.264e-02      2.728e-03      1.095e-03      3.220e+01   
      10             15          6.905e-02      3.585e-03      2.182e-03      9.444e+01   
      11             16          6.868e-02      3.734e-04      4.465e-03      3.017e+02   
      12             17          6.857e-02      1.062e-04      1.466e-04      3.028e+02   
      13             18          6.846e-02      1.147e-04      1.478e-04      3.039e+02   
      14             19          6.833e-02      1.222e-04      1.483e-04      3.050e+02   
      15             20          6.821e-02      1.290e-04      1.484e-04      3.060e+02   
      16             21          5.685e-02      1.135e-02      2.119e-03      5.756e+01   
      17             23          5.488e-02      1.973e-03      1.077e-03      2.157e+01   
      18             24          5.259e-02      2.293e-03      2.041e-03      1.140e+02   
      19             25          5.144e-02      1.144e-03      1.982e-03      1.937e+02   
      20             26          4.857e-02      2.877e-03      1.865e-03      2.028e+02   
      21             27          4.629e-02      2.280e-03      1.801e-03      2.332e+02   
      22             28          4.080e-02      5.483e-03      2.011e-03      1.459e+02   
      23             29          3.844e-02      2.360e-03      5.956e-03      1.263e+02   
      24             30          3.212e-02      6.325e-03      8.954e-03      2.108e+01   
      25             31          2.790e-02      4.214e-03      1.985e-02      7.203e+00   
      26             32          2.179e-02      6.117e-03      1.280e-02      6.870e+01   
      27             34          1.926e-02      2.528e-03      5.822e-03      1.860e+02   
      28             35          1.834e-02      9.246e-04      4.643e-03      2.934e+02   
      29             36          1.451e-02      3.821e-03      9.891e-04      5.200e+01   
      30             37          1.417e-02      3.470e-04      2.429e-03      3.152e+01   
      31             38          1.372e-02      4.446e-04      2.380e-03      5.069e+01   
      32             39          1.302e-02      7.038e-04      2.202e-03      3.402e+01   
      33             40          1.224e-02      7.773e-04      1.768e-03      1.549e+01   
      34             41          1.166e-02      5.761e-04      1.191e-03      1.091e+01   
      35             42          1.131e-02      3.546e-04      4.846e-04      2.088e+01   
      36             43          1.101e-02      3.037e-04      4.930e-04      2.673e+01   
      37             44          1.066e-02      3.420e-04      7.291e-04      5.440e+00   
      38             45          1.063e-02      3.079e-05      3.586e-04      2.474e+01   
      39             47          1.048e-02      1.578e-04      2.749e-04      3.136e+00   
      40             49          1.044e-02      3.224e-05      6.019e-05      1.223e+01   
      41             70          1.044e-02      0.000e+00      0.000e+00      1.223e+01   
Warning: A bad approximation caused failure to predict improvement.
         Current function value: 1.044e-02
         Total delta_x: 7.589e-02
         Iterations: 41
         Function evaluations: 70
         Jacobian evaluations: 41
Timer: Solution time = 10.2 min
Timer: Avg time per step = 14.6 sec
==============================================================================================================
                                                                 Start  -->   End
Total (sum of squares):                                      1.172e-01  -->   1.044e-02, 
Maximum absolute QS two-term hat objective value:            4.678e-01  -->   1.570e-01 (Unknown)
Minimum absolute QS two-term hat objective value:            3.745e-04  -->   1.430e-05 (Unknown)
Average absolute QS two-term hat objective value:            9.798e-02  -->   2.787e-02 (Unknown)
Aspect ratio:                                                8.000e+00  -->   7.999e+00 (dimensionless)
Plasma volume:                                               3.222e-01  -->   3.349e-01 (m^3)
Generic objective value:                                     1.313e+00  -->   1.281e+00 (T)
Maximum absolute Force error:                                3.958e+01  -->   3.534e+01 (N)
Minimum absolute Force error:                                6.117e-05  -->   1.446e-04 (N)
Average absolute Force error:                                4.495e-01  -->   4.459e-01 (N)
Maximum absolute Force error:                                7.056e-04  -->   6.301e-04 (normalized)
Minimum absolute Force error:                                1.090e-09  -->   2.579e-09 (normalized)
Average absolute Force error:                                8.013e-06  -->   7.949e-06 (normalized)
Cross-section R error:                                       3.417e-21  -->   4.235e-22 (m)
Cross-section Z error:                                       3.801e-21  -->   0.000e+00 (m)
Fixed pressure profile error:                                0.000e+00  -->   0.000e+00 (Pa)
Fixed current profile error:                                 0.000e+00  -->   0.000e+00 (A)
Fixed Psi error:                                             0.000e+00  -->   0.000e+00 (Wb)
==============================================================================================================


===== optimizing section modes max(l,|m|) <= 7 =====

Building objective: QS two-term hat
Building objective: aspect ratio
Precomputing transforms
Timer: Precomputing transforms = 39.9 ms
Building objective: volume
Precomputing transforms
Timer: Precomputing transforms = 38.5 ms
Building objective: Generic
Timer: Objective build = 205 ms
Building objective: force
Precomputing transforms
Timer: Precomputing transforms = 76.8 ms
Timer: Objective build = 88.9 ms
Timer: Objective build = 1.07 ms
Timer: Eq Update LinearConstraintProjection build = 132 ms
Timer: Proximal projection build = 5.39 sec
Building objective: fixed cross-section R
Building objective: fixed cross-section Z
Building objective: fixed pressure
Building objective: fixed current
Building objective: fixed Psi
Timer: Objective build = 460 ms
Timer: LinearConstraintProjection build = 1.42 sec
Number of parameters: 36
Number of objectives: 1878
Timer: Initializing the optimization = 7.71 sec

Starting optimization
Using method: proximal-lsq-exact
Solver options:
------------------------------------------------------------
Maximum Function Evaluations       : 251
Maximum Allowed Total Δx Norm      : inf
Scaled Termination                 : True
Trust Region Method                : svd
Initial Trust Radius               : 6.131e-02
Maximum Trust Radius               : inf
Minimum Trust Radius               : 2.220e-16
Trust Radius Increase Ratio        : 2.000e+00
Trust Radius Decrease Ratio        : 2.500e-01
Trust Radius Increase Threshold    : 7.500e-01
Trust Radius Decrease Threshold    : 2.500e-01
------------------------------------------------------------ 

   Iteration     Total nfev        Cost      Cost reduction    Step norm     Optimality   
       0              1          1.054e-02                                    2.860e+01   
       1              4          1.026e-02      2.775e-04      1.636e-03      2.499e+01   
       2              5          9.953e-03      3.041e-04      1.566e-03      3.641e+01   
       3              6          9.632e-03      3.210e-04      8.909e-04      3.763e+01   
       4              7          9.249e-03      3.835e-04      6.453e-04      2.323e+01   
       5              8          8.953e-03      2.958e-04      6.569e-04      3.367e+01   
       6              9          8.899e-03      5.428e-05      8.224e-04      7.255e+01   
       7             11          8.596e-03      3.025e-04      9.000e-05      1.356e+01   
       8             12          8.561e-03      3.556e-05      1.210e-04      1.733e+01   
       9             13          8.518e-03      4.311e-05      1.269e-04      7.722e+00   
      10             14          8.496e-03      2.119e-05      1.190e-04      1.067e+01   
      11             15          8.471e-03      2.566e-05      1.220e-04      9.822e+00   
      12             17          8.469e-03      1.321e-06      4.188e-05      5.232e+00   
      13             37          8.469e-03      0.000e+00      0.000e+00      5.232e+00   
Warning: A bad approximation caused failure to predict improvement.
         Current function value: 8.469e-03
         Total delta_x: 4.507e-03
         Iterations: 13
         Function evaluations: 37
         Jacobian evaluations: 13
Timer: Solution time = 3.59 min
Timer: Avg time per step = 15.4 sec
==============================================================================================================
                                                                 Start  -->   End
Total (sum of squares):                                      1.054e-02  -->   8.469e-03, 
Maximum absolute QS two-term hat objective value:            1.588e-01  -->   1.490e-01 (Unknown)
Minimum absolute QS two-term hat objective value:            5.126e-05  -->   8.488e-06 (Unknown)
Average absolute QS two-term hat objective value:            2.799e-02  -->   2.434e-02 (Unknown)
Aspect ratio:                                                7.997e+00  -->   7.999e+00 (dimensionless)
Plasma volume:                                               3.349e-01  -->   3.312e-01 (m^3)
Generic objective value:                                     1.281e+00  -->   1.289e+00 (T)
Maximum absolute Force error:                                3.534e+01  -->   3.503e+01 (N)
Minimum absolute Force error:                                1.446e-04  -->   2.011e-05 (N)
Average absolute Force error:                                4.459e-01  -->   4.360e-01 (N)
Maximum absolute Force error:                                6.256e-04  -->   6.200e-04 (normalized)
Minimum absolute Force error:                                2.560e-09  -->   3.559e-10 (normalized)
Average absolute Force error:                                7.893e-06  -->   7.718e-06 (normalized)
Cross-section R error:                                       4.980e-22  -->   7.941e-23 (m)
Cross-section Z error:                                       1.403e-20  -->   3.394e-21 (m)
Fixed pressure profile error:                                0.000e+00  -->   0.000e+00 (Pa)
Fixed current profile error:                                 0.000e+00  -->   0.000e+00 (A)
Fixed Psi error:                                             0.000e+00  -->   0.000e+00 (Wb)
==============================================================================================================


===== optimizing section modes max(l,|m|) <= 8 =====

Building objective: QS two-term hat
Building objective: aspect ratio
Precomputing transforms
Timer: Precomputing transforms = 40.8 ms
Building objective: volume
Precomputing transforms
Timer: Precomputing transforms = 39.4 ms
Building objective: Generic
Timer: Objective build = 207 ms
Building objective: force
Precomputing transforms
Timer: Precomputing transforms = 78.6 ms
Timer: Objective build = 90.7 ms
Timer: Objective build = 899 us
Timer: Eq Update LinearConstraintProjection build = 129 ms
Timer: Proximal projection build = 4.55 sec
Building objective: fixed cross-section R
Building objective: fixed cross-section Z
Building objective: fixed pressure
Building objective: fixed current
Building objective: fixed Psi
Timer: Objective build = 476 ms
Timer: LinearConstraintProjection build = 1.41 sec
Number of parameters: 45
Number of objectives: 1878
Timer: Initializing the optimization = 6.89 sec

Starting optimization
Using method: proximal-lsq-exact
Solver options:
------------------------------------------------------------
Maximum Function Evaluations       : 251
Maximum Allowed Total Δx Norm      : inf
Scaled Termination                 : True
Trust Region Method                : svd
Initial Trust Radius               : 7.074e-02
Maximum Trust Radius               : inf
Minimum Trust Radius               : 2.220e-16
Trust Radius Increase Ratio        : 2.000e+00
Trust Radius Decrease Ratio        : 2.500e-01
Trust Radius Increase Threshold    : 7.500e-01
Trust Radius Decrease Threshold    : 2.500e-01
------------------------------------------------------------ 

   Iteration     Total nfev        Cost      Cost reduction    Step norm     Optimality   
       0              1          8.504e-03                                    1.120e+01   
       1              5          8.429e-03      7.468e-05      2.063e-04      2.026e+01   
       2              6          8.343e-03      8.633e-05      2.805e-04      1.869e+01   
       3              7          8.271e-03      7.190e-05      2.928e-04      2.077e+01   
       4              8          8.180e-03      9.046e-05      3.042e-04      1.993e+01   
       5             10          8.142e-03      3.850e-05      1.140e-04      1.034e+01   
       6             11          8.117e-03      2.466e-05      1.069e-04      9.689e+00   
       7             33          8.117e-03      0.000e+00      0.000e+00      9.689e+00   
Warning: A bad approximation caused failure to predict improvement.
         Current function value: 8.117e-03
         Total delta_x: 1.293e-03
         Iterations: 7
         Function evaluations: 33
         Jacobian evaluations: 7
Timer: Solution time = 2.98 min
Timer: Avg time per step = 22.3 sec
==============================================================================================================
                                                                 Start  -->   End
Total (sum of squares):                                      8.504e-03  -->   8.117e-03, 
Maximum absolute QS two-term hat objective value:            1.500e-01  -->   1.408e-01 (Unknown)
Minimum absolute QS two-term hat objective value:            9.531e-06  -->   7.447e-06 (Unknown)
Average absolute QS two-term hat objective value:            2.439e-02  -->   2.411e-02 (Unknown)
Aspect ratio:                                                7.998e+00  -->   7.999e+00 (dimensionless)
Plasma volume:                                               3.312e-01  -->   3.325e-01 (m^3)
Generic objective value:                                     1.289e+00  -->   1.285e+00 (T)
Maximum absolute Force error:                                3.503e+01  -->   3.564e+01 (N)
Minimum absolute Force error:                                2.011e-05  -->   7.593e-05 (N)
Average absolute Force error:                                4.360e-01  -->   4.330e-01 (N)
Maximum absolute Force error:                                6.063e-04  -->   6.170e-04 (normalized)
Minimum absolute Force error:                                3.481e-10  -->   1.314e-09 (normalized)
Average absolute Force error:                                7.547e-06  -->   7.495e-06 (normalized)
Cross-section R error:                                       2.118e-22  -->   0.000e+00 (m)
Cross-section Z error:                                       2.368e-22  -->   0.000e+00 (m)
Fixed pressure profile error:                                0.000e+00  -->   0.000e+00 (Pa)
Fixed current profile error:                                 0.000e+00  -->   0.000e+00 (A)
Fixed Psi error:                                             0.000e+00  -->   0.000e+00 (Wb)
==============================================================================================================


===== optimizing section modes max(l,|m|) <= 9 =====

Building objective: QS two-term hat
Building objective: aspect ratio
Precomputing transforms
Timer: Precomputing transforms = 38.5 ms
Building objective: volume
Precomputing transforms
Timer: Precomputing transforms = 41.3 ms
Building objective: Generic
Timer: Objective build = 208 ms
Building objective: force
Precomputing transforms
Timer: Precomputing transforms = 77.3 ms
Timer: Objective build = 93.6 ms
Timer: Objective build = 1.02 ms
Timer: Eq Update LinearConstraintProjection build = 141 ms
Timer: Proximal projection build = 4.59 sec
Building objective: fixed cross-section R
Building objective: fixed cross-section Z
Building objective: fixed pressure
Building objective: fixed current
Building objective: fixed Psi
Timer: Objective build = 475 ms
Timer: LinearConstraintProjection build = 1.45 sec
Number of parameters: 55
Number of objectives: 1878
Timer: Initializing the optimization = 6.98 sec

Starting optimization
Using method: proximal-lsq-exact
Solver options:
------------------------------------------------------------
Maximum Function Evaluations       : 251
Maximum Allowed Total Δx Norm      : inf
Scaled Termination                 : True
Trust Region Method                : svd
Initial Trust Radius               : 9.514e-02
Maximum Trust Radius               : inf
Minimum Trust Radius               : 2.220e-16
Trust Radius Increase Ratio        : 2.000e+00
Trust Radius Decrease Ratio        : 2.500e-01
Trust Radius Increase Threshold    : 7.500e-01
Trust Radius Decrease Threshold    : 2.500e-01
------------------------------------------------------------ 

   Iteration     Total nfev        Cost      Cost reduction    Step norm     Optimality   
       0              1          8.169e-03                                    1.682e+01   
       1              5          8.050e-03      1.190e-04      2.229e-04      1.954e+01   
       2              6          7.900e-03      1.500e-04      1.641e-04      1.973e+01   
       3              7          7.750e-03      1.504e-04      1.420e-04      1.866e+01   
       4              8          7.626e-03      1.237e-04      1.788e-04      4.092e+01   
       5              9          7.441e-03      1.848e-04      1.641e-04      4.326e+01   
       6             10          7.239e-03      2.023e-04      1.323e-04      3.966e+01   
       7             11          7.100e-03      1.385e-04      1.662e-04      3.722e+01   
       8             12          6.905e-03      1.951e-04      2.482e-04      2.454e+01   
       9             13          6.807e-03      9.863e-05      2.776e-04      2.358e+01   
      10             18          6.790e-03      1.614e-05      8.885e-06      7.298e-01   
      11             37          6.790e-03      0.000e+00      0.000e+00      7.298e-01   
Warning: A bad approximation caused failure to predict improvement.
         Current function value: 6.790e-03
         Total delta_x: 9.193e-04
         Iterations: 11
         Function evaluations: 37
         Jacobian evaluations: 11
Timer: Solution time = 10.9 min
Timer: Avg time per step = 54.5 sec
==============================================================================================================
                                                                 Start  -->   End
Total (sum of squares):                                      8.169e-03  -->   6.790e-03, 
Maximum absolute QS two-term hat objective value:            1.418e-01  -->   1.257e-01 (Unknown)
Minimum absolute QS two-term hat objective value:            3.440e-05  -->   1.131e-07 (Unknown)
Average absolute QS two-term hat objective value:            2.419e-02  -->   2.252e-02 (Unknown)
Aspect ratio:                                                7.998e+00  -->   8.000e+00 (dimensionless)
Plasma volume:                                               3.325e-01  -->   3.356e-01 (m^3)
Generic objective value:                                     1.284e+00  -->   1.269e+00 (T)
Maximum absolute Force error:                                3.564e+01  -->   3.490e+01 (N)
Minimum absolute Force error:                                7.593e-05  -->   8.601e-05 (N)
Average absolute Force error:                                4.330e-01  -->   4.337e-01 (N)
Maximum absolute Force error:                                6.175e-04  -->   6.046e-04 (normalized)
Minimum absolute Force error:                                1.315e-09  -->   1.490e-09 (normalized)
Average absolute Force error:                                7.502e-06  -->   7.514e-06 (normalized)
Cross-section R error:                                       4.414e-22  -->   4.366e-22 (m)
Cross-section Z error:                                       3.818e-22  -->   4.852e-22 (m)
Fixed pressure profile error:                                0.000e+00  -->   0.000e+00 (Pa)
Fixed current profile error:                                 0.000e+00  -->   0.000e+00 (A)
Fixed Psi error:                                             0.000e+00  -->   0.000e+00 (Wb)
==============================================================================================================


===== optimizing section modes max(l,|m|) <= 10 =====

Building objective: QS two-term hat
Building objective: aspect ratio
Precomputing transforms
Timer: Precomputing transforms = 39.6 ms
Building objective: volume
Precomputing transforms
Timer: Precomputing transforms = 40.4 ms
Building objective: Generic
Timer: Objective build = 208 ms
Building objective: force
Precomputing transforms
Timer: Precomputing transforms = 74.1 ms
Timer: Objective build = 87.2 ms
Timer: Objective build = 857 us
Timer: Eq Update LinearConstraintProjection build = 147 ms
Timer: Proximal projection build = 24.8 sec
Building objective: fixed cross-section R
Building objective: fixed cross-section Z
Building objective: fixed pressure
Building objective: fixed current
Building objective: fixed Psi
Timer: Objective build = 473 ms
Timer: LinearConstraintProjection build = 1.42 sec
Number of parameters: 66
Number of objectives: 1878
Timer: Initializing the optimization = 27.2 sec

Starting optimization
Using method: proximal-lsq-exact
Solver options:
------------------------------------------------------------
Maximum Function Evaluations       : 251
Maximum Allowed Total Δx Norm      : inf
Scaled Termination                 : True
Trust Region Method                : svd
Initial Trust Radius               : 1.005e-01
Maximum Trust Radius               : inf
Minimum Trust Radius               : 2.220e-16
Trust Radius Increase Ratio        : 2.000e+00
Trust Radius Decrease Ratio        : 2.500e-01
Trust Radius Increase Threshold    : 7.500e-01
Trust Radius Decrease Threshold    : 2.500e-01
------------------------------------------------------------ 

   Iteration     Total nfev        Cost      Cost reduction    Step norm     Optimality   
       0              1          1.356e-02                                    2.092e+02   
       1              4          1.316e-02      4.025e-04      2.094e-03      2.284e+02   
       2              5          6.802e-03      6.357e-03      1.429e-03      2.680e+01   
       3              6          6.543e-03      2.586e-04      3.152e-04      6.516e+01   
       4              7          5.657e-03      8.867e-04      9.216e-04      8.809e-01   
       5              8          5.087e-03      5.700e-04      2.845e-03      3.339e+01   
       6              9          4.265e-03      8.221e-04      6.813e-03      2.696e+01   
       7             13          3.896e-03      3.688e-04      4.844e-04      3.561e+01   
       8             14          3.700e-03      1.957e-04      5.861e-04      1.233e+01   
       9             15          3.631e-03      6.867e-05      1.097e-03      1.096e+01   
      10             16          3.570e-03      6.099e-05      9.987e-04      6.261e+00   
      11             18          3.538e-03      3.216e-05      4.895e-04      3.991e+00   
      12             19          3.492e-03      4.645e-05      8.436e-04      6.072e+00   
      13             20          3.381e-03      1.106e-04      1.381e-03      1.879e+00   
      14             21          3.204e-03      1.775e-04      2.071e-03      9.387e+00   
      15             22          2.787e-03      4.163e-04      2.849e-03      1.001e+01   
      16             24          2.628e-03      1.589e-04      1.843e-03      1.843e+01   
      17             25          2.440e-03      1.884e-04      1.563e-03      1.190e+01   
      18             26          2.209e-03      2.313e-04      2.049e-03      1.841e+01   
      19             28          1.974e-03      2.351e-04      1.425e-03      7.134e+00   
      20             29          1.928e-03      4.516e-05      1.717e-03      2.569e+01   
      21             30          1.698e-03      2.303e-04      8.452e-04      2.524e+00   
      22             31          1.609e-03      8.916e-05      1.741e-03      1.444e+01   
      23             32          1.482e-03      1.268e-04      1.995e-03      1.099e+01   
      24             33          1.368e-03      1.137e-04      2.099e-03      9.205e+00   
      25             34          1.284e-03      8.476e-05      1.853e-03      7.860e+00   
      26             35          1.207e-03      7.687e-05      1.500e-03      5.198e+00   
      27             36          1.191e-03      1.606e-05      1.900e-03      5.297e+00   
      28             38          1.114e-03      7.695e-05      8.490e-05      6.494e+00   
      29             39          1.068e-03      4.621e-05      8.821e-05      1.251e+00   
      30             40          1.053e-03      1.468e-05      1.929e-04      2.271e+00   
      31             41          1.035e-03      1.749e-05      6.747e-04      3.280e+00   
      32             42          1.010e-03      2.496e-05      7.396e-04      2.671e+00   
      33             43          9.875e-04      2.303e-05      7.351e-04      2.668e+00   
      34             44          9.662e-04      2.130e-05      7.021e-04      2.880e+00   
      35             45          9.447e-04      2.148e-05      6.775e-04      3.028e+00   
      36             46          9.260e-04      1.866e-05      6.452e-04      3.456e+00   
      37             47          9.070e-04      1.901e-05      6.048e-04      3.655e+00   
      38             48          8.898e-04      1.725e-05      5.502e-04      3.906e+00   
      39             49          8.726e-04      1.713e-05      4.841e-04      3.994e+00   
      40             50          8.567e-04      1.589e-05      4.116e-04      4.087e+00   
      41             51          8.414e-04      1.530e-05      3.416e-04      4.132e+00   
      42             52          8.271e-04      1.436e-05      2.822e-04      4.206e+00   
      43             53          8.148e-04      1.232e-05      2.389e-04      3.221e+00   
      44             54          8.054e-04      9.390e-06      1.807e-04      4.905e+00   
