DESC version=0.17.3+411.g8a54240a7.
Using JAX backend: jax version=0.7.2, jaxlib version=0.7.2, dtype=float64.
Using device: NVIDIA GeForce RTX 4080 Laptop GPU (id=0), with 9.56 GB available memory.
Building objective: force
Precomputing transforms
Timer: Precomputing transforms = 988 ms
Timer: Objective build = 1.55 sec
Building objective: fixed cross-section R
Building objective: fixed cross-section Z
Building objective: fixed Psi
Building objective: fixed pressure
Building objective: fixed current
Building objective: fixed sheet current
Building objective: lambda gauge
Building objective: self_consistency axis R
Building objective: self_consistency axis Z
Building objective: self_consistency section R
Building objective: self_consistency section Z
Timer: Objective build = 643 ms
Timer: LinearConstraintProjection build = 5.16 sec
Number of parameters: 4134
Number of objectives: 9500
Timer: Initializing the optimization = 7.71 sec

Starting optimization
Using method: lsq-exact
Solver options:
------------------------------------------------------------
Maximum Function Evaluations       : 501
Maximum Allowed Total Δx Norm      : inf
Scaled Termination                 : True
Trust Region Method                : qr
Initial Trust Radius               : 2.743e+02
Maximum Trust Radius               : inf
Minimum Trust Radius               : 2.220e-16
Trust Radius Increase Ratio        : 2.000e+00
Trust Radius Decrease Ratio        : 2.500e-01
Trust Radius Increase Threshold    : 7.500e-01
Trust Radius Decrease Threshold    : 2.500e-01
------------------------------------------------------------ 

   Iteration     Total nfev        Cost      Cost reduction    Step norm     Optimality   
       0              1          5.527e-08                                    9.805e-06   
       1              6          2.915e-08      2.612e-08      9.259e-04      2.918e-06   
       2              7          2.564e-08      3.510e-09      2.472e-03      1.491e-05   
       3              8          2.222e-08      3.413e-09      2.859e-03      1.882e-05   
       4              9          1.958e-08      2.648e-09      3.003e-03      1.958e-05   
       5             10          1.742e-08      2.151e-09      3.017e-03      1.777e-05   
       6             11          1.549e-08      1.933e-09      2.933e-03      1.433e-05   
       7             12          1.396e-08      1.536e-09      2.831e-03      1.374e-05   
       8             13          1.283e-08      1.128e-09      2.772e-03      1.397e-05   
       9             14          1.196e-08      8.695e-10      2.754e-03      1.433e-05   
      10             15          1.125e-08      7.051e-10      2.757e-03      1.482e-05   
      11             16          1.066e-08      5.905e-10      2.767e-03      1.525e-05   
      12             17          1.015e-08      5.116e-10      2.774e-03      1.538e-05   
      13             18          8.397e-09      1.754e-09      6.875e-04      1.073e-06   
      14             19          8.263e-09      1.342e-10      1.387e-03      4.018e-06   
      15             20          8.043e-09      2.194e-10      1.384e-03      3.894e-06   
      16             21          7.837e-09      2.059e-10      1.381e-03      3.783e-06   
      17             22          7.644e-09      1.933e-10      1.377e-03      3.650e-06   
      18             23          7.463e-09      1.815e-10      1.371e-03      3.510e-06   
      19             24          7.292e-09      1.706e-10      1.365e-03      3.374e-06   
      20             25          7.132e-09      1.605e-10      1.358e-03      3.344e-06   
      21             26          6.980e-09      1.512e-10      1.350e-03      3.318e-06   
      22             27          6.838e-09      1.428e-10      1.342e-03      3.273e-06   
      23             28          6.702e-09      1.352e-10      1.334e-03      3.414e-06   
      24             29          6.574e-09      1.282e-10      1.326e-03      3.591e-06   
      25             30          6.452e-09      1.220e-10      1.317e-03      3.757e-06   
      26             31          6.336e-09      1.164e-10      1.309e-03      3.954e-06   
      27             32          6.224e-09      1.114e-10      1.300e-03      4.136e-06   
      28             33          6.117e-09      1.069e-10      1.292e-03      4.300e-06   
      29             34          6.015e-09      1.028e-10      1.284e-03      4.444e-06   
      30             35          5.916e-09      9.895e-11      1.276e-03      4.571e-06   
      31             36          5.820e-09      9.528e-11      1.269e-03      4.682e-06   
      32             37          5.729e-09      9.169e-11      1.263e-03      4.781e-06   
      33             38          5.641e-09      8.811e-11      1.257e-03      4.871e-06   
      34             39          5.556e-09      8.452e-11      1.254e-03      4.954e-06   
      35             40          5.475e-09      8.093e-11      1.251e-03      5.031e-06   
      36             41          5.398e-09      7.740e-11      1.250e-03      5.101e-06   
      37             42          5.324e-09      7.399e-11      1.251e-03      5.161e-06   
      38             43          5.253e-09      7.077e-11      1.252e-03      5.207e-06   
      39             44          5.185e-09      6.778e-11      1.255e-03      5.238e-06   
      40             45          5.120e-09      6.501e-11      1.258e-03      5.252e-06   
      41             46          5.058e-09      6.244e-11      1.262e-03      5.248e-06   
      42             47          4.998e-09      6.004e-11      1.267e-03      5.228e-06   
      43             48          4.940e-09      5.773e-11      1.273e-03      5.191e-06   
      44             49          4.884e-09      5.549e-11      1.278e-03      5.138e-06   
      45             50          4.831e-09      5.327e-11      1.283e-03      5.072e-06   
      46             51          4.780e-09      5.107e-11      1.287e-03      4.993e-06   
      47             52          4.731e-09      4.889e-11      1.290e-03      4.905e-06   
      48             53          4.684e-09      4.675e-11      1.292e-03      4.810e-06   
      49             54          4.640e-09      4.465e-11      1.291e-03      4.711e-06   
      50             55          4.597e-09      4.264e-11      1.289e-03      4.611e-06   
      51             56          4.556e-09      4.071e-11      1.285e-03      4.513e-06   
      52             57          4.518e-09      3.887e-11      1.279e-03      4.418e-06   
      53             58          4.480e-09      3.713e-11      1.272e-03      4.327e-06   
      54             59          4.445e-09      3.547e-11      1.263e-03      4.240e-06   
      55             60          4.411e-09      3.390e-11      1.254e-03      4.155e-06   
      56             61          4.379e-09      3.242e-11      1.244e-03      4.072e-06   
      57             62          4.348e-09      3.103e-11      1.234e-03      3.987e-06   
      58             63          4.318e-09      2.973e-11      1.224e-03      3.901e-06   
      59             64          4.289e-09      2.851e-11      1.214e-03      3.810e-06   
      60             65          4.262e-09      2.737e-11      1.205e-03      3.714e-06   
      61             66          4.236e-09      2.632e-11      1.196e-03      3.613e-06   
      62             67          4.210e-09      2.533e-11      1.187e-03      3.511e-06   
      63             68          4.186e-09      2.442e-11      1.179e-03      3.497e-06   
      64             69          4.162e-09      2.357e-11      1.172e-03      3.479e-06   
      65             70          4.084e-09      7.860e-11      2.912e-04      2.096e-07   
      66             71          4.076e-09      7.348e-12      5.831e-04      8.424e-07   
      67             72          4.065e-09      1.150e-11      5.823e-04      8.428e-07   
      68             73          4.054e-09      1.134e-11      5.813e-04      8.398e-07   
      69             74          4.042e-09      1.119e-11      5.804e-04      8.359e-07   
      70             75          4.031e-09      1.104e-11      5.795e-04      8.313e-07   
      71             76          4.020e-09      1.089e-11      5.787e-04      8.258e-07   
      72             77          4.010e-09      1.076e-11      5.780e-04      8.196e-07   
      73             78          3.999e-09      1.062e-11      5.774e-04      8.236e-07   
      74             79          3.989e-09      1.050e-11      5.769e-04      8.288e-07   
      75             80          3.978e-09      1.038e-11      5.766e-04      8.335e-07   
      76             81          3.968e-09      1.026e-11      5.763e-04      8.376e-07   
      77             82          3.958e-09      1.015e-11      5.762e-04      8.411e-07   
      78             83          3.948e-09      1.004e-11      5.761e-04      8.480e-07   
      79             84          3.938e-09      9.941e-12      5.762e-04      8.545e-07   
      80             85          3.928e-09      9.841e-12      5.764e-04      8.605e-07   
      81             86          3.918e-09      9.848e-12      5.767e-04      8.570e-07   
      82             87          3.908e-09      9.649e-12      5.772e-04      8.624e-07   
      83             88          3.899e-09      9.559e-12      5.778e-04      8.671e-07   
      84             89          3.889e-09      9.469e-12      5.784e-04      8.713e-07   
      85             90          3.880e-09      9.380e-12      5.792e-04      8.751e-07   
      86             91          3.871e-09      9.292e-12      5.802e-04      8.784e-07   
      87             92          3.862e-09      9.204e-12      5.812e-04      8.813e-07   
      88             93          3.852e-09      9.117e-12      5.824e-04      8.838e-07   
      89             94          3.843e-09      9.029e-12      5.836e-04      8.859e-07   
      90             95          3.834e-09      8.941e-12      5.850e-04      8.876e-07   
      91             96          3.826e-09      8.852e-12      5.864e-04      8.888e-07   
      92             97          3.817e-09      8.764e-12      5.879e-04      8.897e-07   
      93             98          3.808e-09      8.571e-12      5.894e-04      8.998e-07   
      94             99          3.800e-09      8.586e-12      5.910e-04      9.170e-07   
      95             100         3.791e-09      8.498e-12      5.925e-04      9.331e-07   
      96             101         3.783e-09      8.410e-12      5.941e-04      9.481e-07   
      97             102         3.774e-09      8.323e-12      5.957e-04      9.616e-07   
      98             103         3.766e-09      8.237e-12      5.972e-04      9.737e-07   
      99             104         3.758e-09      8.153e-12      5.988e-04      9.842e-07   
      100            105         3.750e-09      8.070e-12      6.002e-04      9.932e-07   
Warning: Maximum number of iterations has been exceeded.
         Current function value: 3.750e-09
         Total delta_x: 8.597e-02
         Iterations: 100
         Function evaluations: 105
         Jacobian evaluations: 101
Timer: Solution time = 5.18 min
Timer: Avg time per step = 3.07 sec
==============================================================================================================
                                                                 Start  -->   End
Total (sum of squares):                                      5.527e-08  -->   3.750e-09, 
Maximum absolute Force error:                                1.693e+06  -->   2.619e+05 (N)
Minimum absolute Force error:                                8.020e-01  -->   8.327e-02 (N)
Average absolute Force error:                                1.247e+04  -->   4.033e+03 (N)
Maximum absolute Force error:                                4.739e-04  -->   7.328e-05 (normalized)
Minimum absolute Force error:                                2.244e-10  -->   2.330e-11 (normalized)
Average absolute Force error:                                3.491e-06  -->   1.129e-06 (normalized)
Cross-section R error:                                       0.000e+00  -->   2.504e-16 (m)
Cross-section Z error:                                       0.000e+00  -->   4.459e-16 (m)
Fixed Psi error:                                             0.000e+00  -->   0.000e+00 (Wb)
Fixed pressure profile error:                                0.000e+00  -->   0.000e+00 (Pa)
Fixed current profile error:                                 0.000e+00  -->   0.000e+00 (A)
Fixed sheet current error:                                   0.000e+00  -->   0.000e+00 (~)
==============================================================================================================

Building objective: force
Precomputing transforms
Timer: Precomputing transforms = 95.8 ms
Timer: Objective build = 352 ms
Building objective: fixed LCFS R
Building objective: fixed LCFS Z
Building objective: fixed Psi
Building objective: fixed pressure
Building objective: fixed current
Building objective: fixed sheet current
Building objective: self_consistency lcfs R
Building objective: self_consistency lcfs Z
Building objective: lambda gauge
Building objective: self_consistency axis R
Building objective: self_consistency axis Z
Timer: Objective build = 346 ms
Timer: LinearConstraintProjection build = 5.81 sec
Number of parameters: 3878
Number of objectives: 9500
Timer: Initializing the optimization = 6.85 sec

Starting optimization
Using method: lsq-exact
Solver options:
------------------------------------------------------------
Maximum Function Evaluations       : 501
Maximum Allowed Total Δx Norm      : inf
Scaled Termination                 : True
Trust Region Method                : qr
Initial Trust Radius               : 1.651e+03
Maximum Trust Radius               : inf
Minimum Trust Radius               : 2.220e-16
Trust Radius Increase Ratio        : 2.000e+00
Trust Radius Decrease Ratio        : 2.500e-01
Trust Radius Increase Threshold    : 7.500e-01
Trust Radius Decrease Threshold    : 2.500e-01
------------------------------------------------------------ 

   Iteration     Total nfev        Cost      Cost reduction    Step norm     Optimality   
       0              1          3.812e-09                                    1.012e-06   
       1              5          3.514e-09      2.980e-10      1.528e-03      1.447e-05   
       2              6          3.028e-09      4.855e-10      1.039e-03      5.413e-06   
       3              8          2.873e-09      1.552e-10      4.902e-04      1.252e-06   
       4              9          2.850e-09      2.315e-11      9.097e-04      4.043e-06   
       5             10          2.791e-09      5.900e-11      8.471e-04      3.974e-06   
       6             11          2.746e-09      4.455e-11      7.860e-04      3.726e-06   
       7             12          2.705e-09      4.176e-11      7.353e-04      3.237e-06   
       8             13          2.666e-09      3.842e-11      7.060e-04      2.770e-06   
       9             14          2.636e-09      3.002e-11      6.945e-04      2.096e-06   
      10             15          2.614e-09      2.270e-11      6.912e-04      1.531e-06   
      11             16          2.595e-09      1.832e-11      6.908e-04      1.197e-06   
      12             17          2.579e-09      1.573e-11      6.914e-04      9.813e-07   
      13             18          2.565e-09      1.396e-11      6.923e-04      9.731e-07   
      14             19          2.553e-09      1.262e-11      6.932e-04      1.153e-06   
      15             20          2.541e-09      1.156e-11      6.938e-04      1.333e-06   
      16             21          2.531e-09      1.071e-11      6.939e-04      1.501e-06   
      17             22          2.521e-09      1.005e-11      6.934e-04      1.661e-06   
      18             23          2.511e-09      9.524e-12      6.922e-04      1.821e-06   
      19             24          2.502e-09      9.082e-12      6.900e-04      1.960e-06   
      20             25          2.493e-09      8.679e-12      6.869e-04      2.079e-06   
      21             26          2.485e-09      8.281e-12      6.827e-04      2.182e-06   
      22             27          2.477e-09      7.873e-12      6.776e-04      2.271e-06   
      23             28          2.470e-09      7.453e-12      6.721e-04      2.350e-06   
      24             29          2.463e-09      7.032e-12      6.663e-04      2.419e-06   
      25             30          2.456e-09      6.626e-12      6.607e-04      2.482e-06   
      26             31          2.450e-09      6.247e-12      6.554e-04      2.546e-06   
      27             32          2.429e-09      2.051e-11      1.651e-04      1.649e-07   
      28             33          2.427e-09      2.255e-12      3.275e-04      6.555e-07   
Optimization terminated successfully.
`ftol` condition satisfied. (ftol=1.00e-03)
         Current function value: 2.427e-09
         Total delta_x: 1.575e-02
         Iterations: 28
         Function evaluations: 33
         Jacobian evaluations: 29
Timer: Solution time = 1.59 min
Timer: Avg time per step = 3.30 sec
==============================================================================================================
                                                                 Start  -->   End
Total (sum of squares):                                      3.812e-09  -->   2.427e-09, 
Maximum absolute Force error:                                2.619e+05  -->   2.770e+05 (N)
Minimum absolute Force error:                                8.325e-02  -->   3.173e-01 (N)
Average absolute Force error:                                4.033e+03  -->   3.214e+03 (N)
Maximum absolute Force error:                                7.388e-05  -->   7.814e-05 (normalized)
Minimum absolute Force error:                                2.349e-11  -->   8.953e-11 (normalized)
Average absolute Force error:                                1.138e-06  -->   9.069e-07 (normalized)
LCFS R error:                                                0.000e+00  -->   2.756e-19 (m)
LCFS Z error:                                                0.000e+00  -->   2.027e-17 (m)
Fixed Psi error:                                             0.000e+00  -->   0.000e+00 (Wb)
Fixed pressure profile error:                                0.000e+00  -->   0.000e+00 (Pa)
Fixed current profile error:                                 0.000e+00  -->   4.778e-07 (A)
Fixed sheet current error:                                   0.000e+00  -->   0.000e+00 (~)
==============================================================================================================

Force error LCFS: 4.3709e-04
Force error Poincare: 1.5738e-04
Force error Poincare and LCFS: 1.2715e-04
Energy LCFS: 5.8345e+09
Energy Poincare: 5.8139e+09
Energy Poincare and LCFS: 5.8139e+09
Volume LCFS: 4.4439e+02
Volume Poincare: 4.4634e+02
Volume Poincare and LCFS: 4.4634e+02
