DESC version=0.17.3+411.g8a54240a7c.
Using JAX backend: jax version=0.7.2, jaxlib version=0.7.2, dtype=float64.
Using device: NVIDIA GeForce RTX 4080 Laptop GPU (id=0), with 9.43 GB available memory.
wqs3-war3-wvol0-wel0-wb1-no-norm0
dim_f = 1875, initial norm = 3.3307e+01

===== optimizing section modes max(l,|m|) <= 2 =====

Building objective: QS two-term hat
Building objective: aspect ratio
Precomputing transforms
Timer: Precomputing transforms = 43.2 ms
Building objective: Generic
Timer: Objective build = 193 ms
Building objective: force
Precomputing transforms
Timer: Precomputing transforms = 867 ms
Timer: Objective build = 1.62 sec
Timer: Objective build = 1.58 ms
Timer: Eq Update LinearConstraintProjection build = 3.51 sec
Timer: Proximal projection build = 1.12 min
Building objective: fixed cross-section R
Building objective: fixed cross-section Z
Building objective: fixed pressure
Building objective: fixed current
Building objective: fixed Psi
Timer: Objective build = 687 ms
Timer: LinearConstraintProjection build = 1.58 sec
Number of parameters: 6
Number of objectives: 1877
Timer: Initializing the optimization = 1.16 min

Starting optimization
Using method: proximal-lsq-exact
Solver options:
------------------------------------------------------------
Maximum Function Evaluations       : 251
Maximum Allowed Total Δx Norm      : inf
Scaled Termination                 : True
Trust Region Method                : qr
Initial Trust Radius               : 4.276e-02
Maximum Trust Radius               : inf
Minimum Trust Radius               : 2.220e-16
Trust Radius Increase Ratio        : 2.000e+00
Trust Radius Decrease Ratio        : 2.500e-01
Trust Radius Increase Threshold    : 7.500e-01
Trust Radius Decrease Threshold    : 2.500e-01
------------------------------------------------------------ 

   Iteration     Total nfev        Cost      Cost reduction    Step norm     Optimality   
       0              1          4.886e+03                                    4.532e+06   
       1              2          6.580e+02      4.228e+03      1.186e-01      8.152e+05   
       2              4          3.127e+02      3.453e+02      2.221e-02      4.701e+04   
       3              5          2.677e+02      4.499e+01      5.877e-02      2.696e+05   
       4              6          2.360e+02      3.165e+01      4.307e-02      6.536e+05   
       5              7          1.090e+02      1.270e+02      1.881e-02      1.023e+05   
       6             11          1.060e+02      3.020e+00      3.066e-04      3.691e+04   
       7             12          1.058e+02      2.116e-01      2.342e-03      4.570e+04   
       8             13          1.048e+02      9.611e-01      4.215e-04      4.189e+03   
       9             14          1.041e+02      6.932e-01      1.323e-03      5.466e+03   
      10             15          1.037e+02      3.989e-01      3.283e-03      3.169e+03   
      11             16          1.033e+02      3.835e-01      6.427e-03      4.100e+03   
      12             17          1.029e+02      4.021e-01      1.293e-02      1.114e+04   
      13             18          1.022e+02      7.077e-01      1.301e-02      1.047e+04   
      14             19          1.012e+02      1.045e+00      1.262e-02      2.604e+04   
      15             20          9.782e+01      3.348e+00      2.081e-02      8.083e+03   
      16             23          9.586e+01      1.955e+00      7.065e-04      2.581e+04   
      17             24          9.518e+01      6.819e-01      1.374e-03      6.926e+04   
      18             25          9.371e+01      1.473e+00      2.786e-03      3.760e+04   
      19             26          9.346e+01      2.458e-01      9.655e-03      6.883e+03   
      20             27          9.318e+01      2.801e-01      3.218e-03      1.729e+04   
      21             28          9.295e+01      2.286e-01      3.317e-03      5.902e+03   
      22             29          9.286e+01      9.428e-02      6.559e-03      1.586e+04   
      23             30          9.250e+01      3.581e-01      6.554e-03      8.934e+03   
      24             32          9.240e+01      9.802e-02      3.297e-03      4.578e+03   
      25             33          9.233e+01      7.369e-02      3.295e-03      5.544e+03   
Optimization terminated successfully.
`ftol` condition satisfied. (ftol=1.00e-03)
         Current function value: 9.233e+01
         Total delta_x: 1.786e-01
         Iterations: 25
         Function evaluations: 33
         Jacobian evaluations: 26
Timer: Solution time = 8.66 min
Timer: Avg time per step = 20.0 sec
==============================================================================================================
                                                                 Start  -->   End
Total (sum of squares):                                      4.886e+03  -->   9.233e+01, 
Maximum absolute QS two-term hat objective value:            2.355e+00  -->   3.620e-01 (Unknown)
Minimum absolute QS two-term hat objective value:            9.465e-04  -->   3.779e-05 (Unknown)
Average absolute QS two-term hat objective value:            6.079e-01  -->   7.551e-02 (Unknown)
Aspect ratio:                                                7.995e+00  -->   9.494e+00 (dimensionless)
Generic objective value:                                     1.260e+00  -->   1.425e+00 (T)
Maximum absolute Force error:                                1.893e+01  -->   4.552e+01 (N)
Minimum absolute Force error:                                3.514e-06  -->   6.722e-05 (N)
Average absolute Force error:                                2.199e-01  -->   4.219e-01 (N)
Maximum absolute Force error:                                2.562e-04  -->   6.160e-04 (normalized)
Minimum absolute Force error:                                4.755e-11  -->   9.096e-10 (normalized)
Average absolute Force error:                                2.976e-06  -->   5.708e-06 (normalized)
Cross-section R error:                                       1.085e-19  -->   3.388e-21 (m)
Cross-section Z error:                                       9.585e-21  -->   0.000e+00 (m)
Fixed pressure profile error:                                0.000e+00  -->   0.000e+00 (Pa)
Fixed current profile error:                                 0.000e+00  -->   0.000e+00 (A)
Fixed Psi error:                                             0.000e+00  -->   0.000e+00 (Wb)
==============================================================================================================


===== optimizing section modes max(l,|m|) <= 3 =====

Building objective: QS two-term hat
Building objective: aspect ratio
Precomputing transforms
Timer: Precomputing transforms = 48.5 ms
Building objective: Generic
Timer: Objective build = 189 ms
Building objective: force
Precomputing transforms
Timer: Precomputing transforms = 96.1 ms
Timer: Objective build = 110 ms
Timer: Objective build = 1.07 ms
Timer: Eq Update LinearConstraintProjection build = 241 ms
Timer: Proximal projection build = 4.12 sec
Building objective: fixed cross-section R
Building objective: fixed cross-section Z
Building objective: fixed pressure
Building objective: fixed current
Building objective: fixed Psi
Timer: Objective build = 411 ms
Timer: LinearConstraintProjection build = 1.34 sec
Number of parameters: 10
Number of objectives: 1877
Timer: Initializing the optimization = 6.29 sec

Starting optimization
Using method: proximal-lsq-exact
Solver options:
------------------------------------------------------------
Maximum Function Evaluations       : 251
Maximum Allowed Total Δx Norm      : inf
Scaled Termination                 : True
Trust Region Method                : qr
Initial Trust Radius               : 4.748e-02
Maximum Trust Radius               : inf
Minimum Trust Radius               : 2.220e-16
Trust Radius Increase Ratio        : 2.000e+00
Trust Radius Decrease Ratio        : 2.500e-01
Trust Radius Increase Threshold    : 7.500e-01
Trust Radius Decrease Threshold    : 2.500e-01
------------------------------------------------------------ 

   Iteration     Total nfev        Cost      Cost reduction    Step norm     Optimality   
       0              1          9.239e+01                                    4.931e+03   
       1              4          9.118e+01      1.206e+00      1.775e-03      4.539e+04   
       2              5          8.912e+01      2.060e+00      1.667e-03      4.421e+04   
       3              6          8.775e+01      1.374e+00      2.556e-03      1.761e+04   
       4              7          8.662e+01      1.126e+00      4.077e-03      2.624e+04   
       5              9          8.655e+01      7.552e-02      2.566e-03      1.190e+04   
       6             30          8.655e+01      0.000e+00      0.000e+00      1.190e+04   
Warning: A bad approximation caused failure to predict improvement.
         Current function value: 8.655e+01
         Total delta_x: 8.912e-03
         Iterations: 6
         Function evaluations: 30
         Jacobian evaluations: 6
Timer: Solution time = 2.96 min
Timer: Avg time per step = 25.4 sec
==============================================================================================================
                                                                 Start  -->   End
Total (sum of squares):                                      9.239e+01  -->   8.655e+01, 
Maximum absolute QS two-term hat objective value:            3.621e-01  -->   3.362e-01 (Unknown)
Minimum absolute QS two-term hat objective value:            3.427e-05  -->   2.098e-05 (Unknown)
Average absolute QS two-term hat objective value:            7.553e-02  -->   6.755e-02 (Unknown)
Aspect ratio:                                                9.494e+00  -->   1.011e+01 (dimensionless)
Generic objective value:                                     1.425e+00  -->   1.526e+00 (T)
Maximum absolute Force error:                                4.552e+01  -->   5.598e+01 (N)
Minimum absolute Force error:                                6.722e-05  -->   4.464e-07 (N)
Average absolute Force error:                                4.219e-01  -->   4.670e-01 (N)
Maximum absolute Force error:                                7.061e-04  -->   8.684e-04 (normalized)
Minimum absolute Force error:                                1.043e-09  -->   6.924e-12 (normalized)
Average absolute Force error:                                6.543e-06  -->   7.244e-06 (normalized)
Cross-section R error:                                       5.659e-20  -->   0.000e+00 (m)
Cross-section Z error:                                       5.526e-20  -->   0.000e+00 (m)
Fixed pressure profile error:                                0.000e+00  -->   0.000e+00 (Pa)
Fixed current profile error:                                 0.000e+00  -->   0.000e+00 (A)
Fixed Psi error:                                             0.000e+00  -->   0.000e+00 (Wb)
==============================================================================================================


===== optimizing section modes max(l,|m|) <= 4 =====

Building objective: QS two-term hat
Building objective: aspect ratio
Precomputing transforms
Timer: Precomputing transforms = 60.3 ms
Building objective: Generic
Timer: Objective build = 202 ms
Building objective: force
Precomputing transforms
Timer: Precomputing transforms = 85.3 ms
Timer: Objective build = 99.1 ms
Timer: Objective build = 967 us
Timer: Eq Update LinearConstraintProjection build = 109 ms
Timer: Proximal projection build = 3.85 sec
Building objective: fixed cross-section R
Building objective: fixed cross-section Z
Building objective: fixed pressure
Building objective: fixed current
Building objective: fixed Psi
Timer: Objective build = 329 ms
Timer: LinearConstraintProjection build = 1.39 sec
Number of parameters: 15
Number of objectives: 1877
Timer: Initializing the optimization = 6.01 sec

Starting optimization
Using method: proximal-lsq-exact
Solver options:
------------------------------------------------------------
Maximum Function Evaluations       : 251
Maximum Allowed Total Δx Norm      : inf
Scaled Termination                 : True
Trust Region Method                : qr
Initial Trust Radius               : 4.713e-02
Maximum Trust Radius               : inf
Minimum Trust Radius               : 2.220e-16
Trust Radius Increase Ratio        : 2.000e+00
Trust Radius Decrease Ratio        : 2.500e-01
Trust Radius Increase Threshold    : 7.500e-01
Trust Radius Decrease Threshold    : 2.500e-01
------------------------------------------------------------ 

   Iteration     Total nfev        Cost      Cost reduction    Step norm     Optimality   
       0              1          8.662e+01                                    9.850e+03   
       1             26          8.662e+01      0.000e+00      0.000e+00      9.850e+03   
Warning: A bad approximation caused failure to predict improvement.
         Current function value: 8.662e+01
         Total delta_x: 0.000e+00
         Iterations: 1
         Function evaluations: 26
         Jacobian evaluations: 1
Timer: Solution time = 2.42 min
Timer: Avg time per step = 1.21 min
==============================================================================================================
                                                                 Start  -->   End
Total (sum of squares):                                      8.662e+01  -->   8.662e+01, 
Maximum absolute QS two-term hat objective value:            3.362e-01  -->   3.362e-01 (Unknown)
Minimum absolute QS two-term hat objective value:            6.178e-05  -->   6.178e-05 (Unknown)
Average absolute QS two-term hat objective value:            6.760e-02  -->   6.760e-02 (Unknown)
Aspect ratio:                                                1.011e+01  -->   1.011e+01 (dimensionless)
Generic objective value:                                     1.526e+00  -->   1.526e+00 (T)
Maximum absolute Force error:                                5.598e+01  -->   5.598e+01 (N)
Minimum absolute Force error:                                4.464e-07  -->   3.640e-05 (N)
Average absolute Force error:                                4.670e-01  -->   4.671e-01 (N)
Maximum absolute Force error:                                7.574e-04  -->   7.574e-04 (normalized)
Minimum absolute Force error:                                6.039e-12  -->   4.924e-10 (normalized)
Average absolute Force error:                                6.318e-06  -->   6.320e-06 (normalized)
Cross-section R error:                                       1.084e-19  -->   0.000e+00 (m)
Cross-section Z error:                                       1.213e-22  -->   0.000e+00 (m)
Fixed pressure profile error:                                0.000e+00  -->   0.000e+00 (Pa)
Fixed current profile error:                                 0.000e+00  -->   0.000e+00 (A)
Fixed Psi error:                                             0.000e+00  -->   0.000e+00 (Wb)
==============================================================================================================


===== optimizing section modes max(l,|m|) <= 5 =====

Building objective: QS two-term hat
Building objective: aspect ratio
Precomputing transforms
Timer: Precomputing transforms = 39.8 ms
Building objective: Generic
Timer: Objective build = 170 ms
Building objective: force
Precomputing transforms
Timer: Precomputing transforms = 83.6 ms
Timer: Objective build = 97.0 ms
Timer: Objective build = 1.14 ms
Timer: Eq Update LinearConstraintProjection build = 112 ms
Timer: Proximal projection build = 3.75 sec
Building objective: fixed cross-section R
Building objective: fixed cross-section Z
Building objective: fixed pressure
Building objective: fixed current
Building objective: fixed Psi
Timer: Objective build = 455 ms
Timer: LinearConstraintProjection build = 1.50 sec
Number of parameters: 21
Number of objectives: 1877
Timer: Initializing the optimization = 6.16 sec

Starting optimization
Using method: proximal-lsq-exact
Solver options:
------------------------------------------------------------
Maximum Function Evaluations       : 251
Maximum Allowed Total Δx Norm      : inf
Scaled Termination                 : True
Trust Region Method                : qr
Initial Trust Radius               : 5.539e-02
Maximum Trust Radius               : inf
Minimum Trust Radius               : 2.220e-16
Trust Radius Increase Ratio        : 2.000e+00
Trust Radius Decrease Ratio        : 2.500e-01
Trust Radius Increase Threshold    : 7.500e-01
Trust Radius Decrease Threshold    : 2.500e-01
------------------------------------------------------------ 

   Iteration     Total nfev        Cost      Cost reduction    Step norm     Optimality   
       0              1          8.670e+01                                    7.777e+03   
       1              4          8.333e+01      3.371e+00      3.666e-03      4.773e+04   
       2              5          7.851e+01      4.817e+00      3.776e-03      5.244e+04   
       3              6          7.326e+01      5.250e+00      3.840e-03      5.865e+04   
       4              7          6.411e+01      9.156e+00      8.231e-03      3.515e+04   
       5              9          6.185e+01      2.257e+00      4.420e-03      7.269e+04   
       6             10          6.110e+01      7.493e-01      5.025e-03      3.004e+04   
       7             11          6.073e+01      3.747e-01      1.128e-03      1.033e+04   
       8             12          6.047e+01      2.533e-01      2.376e-04      4.203e+03   
       9             13          6.032e+01      1.540e-01      2.288e-04      3.146e+03   
      10             14          6.005e+01      2.645e-01      2.178e-04      3.595e+03   
      11             15          5.984e+01      2.121e-01      2.068e-04      3.672e+03   
      12             16          5.962e+01      2.191e-01      1.930e-04      4.912e+03   
      13             17          5.939e+01      2.316e-01      1.783e-04      6.672e+03   
      14             18          5.915e+01      2.368e-01      1.634e-04      9.475e+03   
      15             38          5.915e+01      0.000e+00      0.000e+00      9.475e+03   
Warning: A bad approximation caused failure to predict improvement.
         Current function value: 5.915e+01
         Total delta_x: 3.086e-02
         Iterations: 15
         Function evaluations: 38
         Jacobian evaluations: 15
Timer: Solution time = 6.35 min
Timer: Avg time per step = 23.8 sec
==============================================================================================================
                                                                 Start  -->   End
Total (sum of squares):                                      8.670e+01  -->   5.915e+01, 
Maximum absolute QS two-term hat objective value:            3.362e-01  -->   2.570e-01 (Unknown)
Minimum absolute QS two-term hat objective value:            1.358e-05  -->   4.559e-05 (Unknown)
Average absolute QS two-term hat objective value:            6.765e-02  -->   5.663e-02 (Unknown)
Aspect ratio:                                                1.011e+01  -->   9.838e+00 (dimensionless)
Generic objective value:                                     1.525e+00  -->   1.514e+00 (T)
Maximum absolute Force error:                                5.598e+01  -->   4.832e+01 (N)
Minimum absolute Force error:                                3.640e-05  -->   2.480e-04 (N)
Average absolute Force error:                                4.671e-01  -->   5.090e-01 (N)
Maximum absolute Force error:                                7.574e-04  -->   6.538e-04 (normalized)
Minimum absolute Force error:                                4.924e-10  -->   3.356e-09 (normalized)
Average absolute Force error:                                6.320e-06  -->   6.886e-06 (normalized)
Cross-section R error:                                       4.815e-21  -->   0.000e+00 (m)
Cross-section Z error:                                       2.794e-20  -->   0.000e+00 (m)
Fixed pressure profile error:                                0.000e+00  -->   0.000e+00 (Pa)
Fixed current profile error:                                 0.000e+00  -->   0.000e+00 (A)
Fixed Psi error:                                             0.000e+00  -->   0.000e+00 (Wb)
==============================================================================================================


===== optimizing section modes max(l,|m|) <= 6 =====

Building objective: QS two-term hat
Building objective: aspect ratio
Precomputing transforms
Timer: Precomputing transforms = 52.2 ms
Building objective: Generic
Timer: Objective build = 199 ms
Building objective: force
Precomputing transforms
Timer: Precomputing transforms = 85.2 ms
Timer: Objective build = 99.0 ms
Timer: Objective build = 970 us
Timer: Eq Update LinearConstraintProjection build = 112 ms
Timer: Proximal projection build = 3.91 sec
Building objective: fixed cross-section R
Building objective: fixed cross-section Z
Building objective: fixed pressure
Building objective: fixed current
Building objective: fixed Psi
Timer: Objective build = 369 ms
Timer: LinearConstraintProjection build = 1.49 sec
Number of parameters: 28
Number of objectives: 1877
Timer: Initializing the optimization = 6.27 sec

Starting optimization
Using method: proximal-lsq-exact
Solver options:
------------------------------------------------------------
Maximum Function Evaluations       : 251
Maximum Allowed Total Δx Norm      : inf
Scaled Termination                 : True
Trust Region Method                : qr
Initial Trust Radius               : 5.789e-02
Maximum Trust Radius               : inf
Minimum Trust Radius               : 2.220e-16
Trust Radius Increase Ratio        : 2.000e+00
Trust Radius Decrease Ratio        : 2.500e-01
Trust Radius Increase Threshold    : 7.500e-01
Trust Radius Decrease Threshold    : 2.500e-01
------------------------------------------------------------ 

   Iteration     Total nfev        Cost      Cost reduction    Step norm     Optimality   
       0              1          5.929e+01                                    8.720e+03   
       1              4          5.410e+01      5.187e+00      3.729e-03      6.067e+04   
       2              5          3.822e+01      1.588e+01      4.196e-03      2.889e+04   
       3              7          3.601e+01      2.208e+00      2.334e-03      7.641e+03   
       4              8          3.388e+01      2.133e+00      5.040e-03      4.051e+04   
       5              9          3.174e+01      2.141e+00      5.035e-03      3.804e+04   
       6             10          2.941e+01      2.333e+00      5.420e-03      2.739e+04   
       7             12          2.842e+01      9.864e-01      2.699e-03      1.999e+04   
       8             13          2.761e+01      8.081e-01      2.604e-03      1.854e+04   
       9             14          2.693e+01      6.823e-01      2.520e-03      1.627e+04   
      10             15          2.638e+01      5.545e-01      2.466e-03      1.705e+04   
      11             16          2.590e+01      4.733e-01      2.452e-03      1.832e+04   
      12             17          2.548e+01      4.228e-01      2.476e-03      1.936e+04   
      13             18          2.512e+01      3.625e-01      2.537e-03      2.062e+04   
      14             19          2.480e+01      3.146e-01      2.616e-03      2.198e+04   
      15             20          2.453e+01      2.713e-01      2.688e-03      2.357e+04   
      16             21          2.429e+01      2.379e-01      2.738e-03      2.546e+04   
      17             22          2.407e+01      2.224e-01      2.770e-03      2.751e+04   
      18             23          2.383e+01      2.413e-01      2.811e-03      2.910e+04   
      19             24          2.352e+01      3.087e-01      2.906e-03      2.931e+04   
      20             25          2.310e+01      4.250e-01      3.071e-03      2.675e+04   
      21             26          2.262e+01      4.776e-01      3.260e-03      2.660e+04   
      22             27          2.210e+01      5.208e-01      3.281e-03      2.519e+04   
      23             28          2.150e+01      5.962e-01      3.210e-03      2.092e+04   
      24             29          2.062e+01      8.850e-01      6.132e-03      3.662e+04   
      25             31          2.041e+01      2.063e-01      2.563e-03      3.758e+04   
      26             33          1.999e+01      4.200e-01      6.183e-04      1.071e+04   
      27             34          1.983e+01      1.581e-01      1.179e-03      1.246e+04   
      28             36          1.976e+01      7.590e-02      5.706e-04      7.840e+03   
      29             37          1.969e+01      6.506e-02      5.635e-04      6.613e+03   
      30             38          1.963e+01      5.832e-02      5.476e-04      5.851e+03   
      31             39          1.958e+01      5.399e-02      5.337e-04      5.621e+03   
      32             40          1.953e+01      5.261e-02      5.221e-04      5.144e+03   
      33             41          1.947e+01      5.092e-02      5.112e-04      4.698e+03   
      34             42          1.943e+01      4.968e-02      5.019e-04      4.288e+03   
      35             43          1.938e+01      4.889e-02      4.947e-04      3.906e+03   
      36             44          1.933e+01      4.852e-02      4.897e-04      3.554e+03   
      37             45          1.928e+01      4.852e-02      4.871e-04      3.235e+03   
      38             46          1.923e+01      4.888e-02      4.869e-04      2.953e+03   
      39             47          1.918e+01      4.963e-02      4.889e-04      2.678e+03   
      40             48          1.913e+01      5.043e-02      4.931e-04      2.482e+03   
      41             49          1.908e+01      5.153e-02      4.991e-04      2.321e+03   
      42             50          1.903e+01      5.277e-02      5.066e-04      2.205e+03   
      43             51          1.892e+01      1.039e-01      1.042e-03      5.153e+03   
      44             52          1.874e+01      1.843e-01      2.190e-03      9.926e+03   
      45             53          1.847e+01      2.700e-01      2.278e-03      9.042e+03   
      46             54          1.834e+01      1.307e-01      4.253e-03      1.489e+04   
      47             55          1.790e+01      4.405e-01      3.568e-03      2.062e+04   
      48             56          1.763e+01      2.634e-01      2.673e-03      3.933e+03   
      49             57          1.739e+01      2.464e-01      1.663e-03      1.576e+04   
      50             58          1.706e+01      3.313e-01      3.420e-03      1.951e+04   
Warning: Maximum number of iterations has been exceeded.
         Current function value: 1.706e+01
         Total delta_x: 1.099e-01
         Iterations: 50
         Function evaluations: 58
         Jacobian evaluations: 51
Timer: Solution time = 8.93 min
Timer: Avg time per step = 10.5 sec
==============================================================================================================
                                                                 Start  -->   End
Total (sum of squares):                                      5.929e+01  -->   1.706e+01, 
Maximum absolute QS two-term hat objective value:            2.572e-01  -->   1.739e-01 (Unknown)
Minimum absolute QS two-term hat objective value:            9.981e-05  -->   5.079e-05 (Unknown)
Average absolute QS two-term hat objective value:            5.670e-02  -->   3.149e-02 (Unknown)
Aspect ratio:                                                9.838e+00  -->   8.685e+00 (dimensionless)
Generic objective value:                                     1.514e+00  -->   1.353e+00 (T)
Maximum absolute Force error:                                4.832e+01  -->   3.999e+01 (N)
Minimum absolute Force error:                                2.480e-04  -->   1.148e-05 (N)
Average absolute Force error:                                5.090e-01  -->   5.589e-01 (N)
Maximum absolute Force error:                                5.640e-04  -->   4.667e-04 (normalized)
Minimum absolute Force error:                                2.895e-09  -->   1.340e-10 (normalized)
Average absolute Force error:                                5.940e-06  -->   6.522e-06 (normalized)
Cross-section R error:                                       8.354e-21  -->   9.584e-21 (m)
Cross-section Z error:                                       9.624e-21  -->   6.830e-21 (m)
Fixed pressure profile error:                                0.000e+00  -->   0.000e+00 (Pa)
Fixed current profile error:                                 0.000e+00  -->   0.000e+00 (A)
Fixed Psi error:                                             0.000e+00  -->   0.000e+00 (Wb)
==============================================================================================================


===== optimizing section modes max(l,|m|) <= 7 =====

Building objective: QS two-term hat
Building objective: aspect ratio
Precomputing transforms
Timer: Precomputing transforms = 49.6 ms
Building objective: Generic
Timer: Objective build = 192 ms
Building objective: force
Precomputing transforms
Timer: Precomputing transforms = 90.6 ms
Timer: Objective build = 104 ms
Timer: Objective build = 1.16 ms
Timer: Eq Update LinearConstraintProjection build = 82.0 ms
Timer: Proximal projection build = 3.66 sec
Building objective: fixed cross-section R
Building objective: fixed cross-section Z
Building objective: fixed pressure
Building objective: fixed current
Building objective: fixed Psi
Timer: Objective build = 474 ms
Timer: LinearConstraintProjection build = 1.49 sec
Number of parameters: 36
Number of objectives: 1877
Timer: Initializing the optimization = 6.09 sec

Starting optimization
Using method: proximal-lsq-exact
Solver options:
------------------------------------------------------------
Maximum Function Evaluations       : 251
Maximum Allowed Total Δx Norm      : inf
Scaled Termination                 : True
Trust Region Method                : qr
Initial Trust Radius               : 5.761e-02
Maximum Trust Radius               : inf
Minimum Trust Radius               : 2.220e-16
Trust Radius Increase Ratio        : 2.000e+00
Trust Radius Decrease Ratio        : 2.500e-01
Trust Radius Increase Threshold    : 7.500e-01
Trust Radius Decrease Threshold    : 2.500e-01
------------------------------------------------------------ 

   Iteration     Total nfev        Cost      Cost reduction    Step norm     Optimality   
       0              1          1.705e+01                                    1.926e+04   
       1              4          1.661e+01      4.447e-01      3.032e-03      8.235e+03   
       2              5          1.597e+01      6.379e-01      3.212e-03      2.447e+03   
       3              6          1.593e+01      3.786e-02      6.422e-03      2.349e+04   
       4              7          1.520e+01      7.327e-01      2.190e-03      7.241e+03   
       5              9          1.488e+01      3.210e-01      3.464e-04      3.906e+03   
       6             10          1.477e+01      1.101e-01      9.250e-04      9.596e+03   
       7             11          1.464e+01      1.262e-01      1.006e-03      4.620e+03   
       8             12          1.451e+01      1.320e-01      1.855e-03      1.049e+04   
       9             35          1.451e+01      0.000e+00      0.000e+00      1.049e+04   
Warning: A bad approximation caused failure to predict improvement.
         Current function value: 1.451e+01
         Total delta_x: 1.891e-02
         Iterations: 9
         Function evaluations: 35
         Jacobian evaluations: 9
Timer: Solution time = 7.01 min
Timer: Avg time per step = 42.0 sec
==============================================================================================================
                                                                 Start  -->   End
Total (sum of squares):                                      1.705e+01  -->   1.451e+01, 
Maximum absolute QS two-term hat objective value:            1.738e-01  -->   1.632e-01 (Unknown)
Minimum absolute QS two-term hat objective value:            1.517e-05  -->   1.214e-05 (Unknown)
Average absolute QS two-term hat objective value:            3.149e-02  -->   3.040e-02 (Unknown)
Aspect ratio:                                                8.685e+00  -->   8.391e+00 (dimensionless)
Generic objective value:                                     1.353e+00  -->   1.319e+00 (T)
Maximum absolute Force error:                                3.999e+01  -->   3.903e+01 (N)
Minimum absolute Force error:                                1.148e-05  -->   8.049e-05 (N)
Average absolute Force error:                                5.589e-01  -->   5.628e-01 (N)
Maximum absolute Force error:                                3.570e-04  -->   3.484e-04 (normalized)
Minimum absolute Force error:                                1.025e-10  -->   7.185e-10 (normalized)
Average absolute Force error:                                4.989e-06  -->   5.024e-06 (normalized)
Cross-section R error:                                       3.309e-24  -->   3.309e-24 (m)
Cross-section Z error:                                       8.487e-22  -->   8.487e-22 (m)
Fixed pressure profile error:                                0.000e+00  -->   0.000e+00 (Pa)
Fixed current profile error:                                 0.000e+00  -->   0.000e+00 (A)
Fixed Psi error:                                             0.000e+00  -->   0.000e+00 (Wb)
==============================================================================================================


===== optimizing section modes max(l,|m|) <= 8 =====

Building objective: QS two-term hat
Building objective: aspect ratio
Precomputing transforms
Timer: Precomputing transforms = 45.1 ms
Building objective: Generic
Timer: Objective build = 184 ms
Building objective: force
Precomputing transforms
Timer: Precomputing transforms = 84.5 ms
Timer: Objective build = 97.3 ms
Timer: Objective build = 1.07 ms
Timer: Eq Update LinearConstraintProjection build = 128 ms
Timer: Proximal projection build = 14.4 sec
Building objective: fixed cross-section R
Building objective: fixed cross-section Z
Building objective: fixed pressure
Building objective: fixed current
Building objective: fixed Psi
Timer: Objective build = 523 ms
Timer: LinearConstraintProjection build = 2.25 sec
Number of parameters: 45
Number of objectives: 1877
Timer: Initializing the optimization = 17.6 sec

Starting optimization
Using method: proximal-lsq-exact
Solver options:
------------------------------------------------------------
Maximum Function Evaluations       : 251
Maximum Allowed Total Δx Norm      : inf
Scaled Termination                 : True
Trust Region Method                : qr
Initial Trust Radius               : 6.692e-02
Maximum Trust Radius               : inf
Minimum Trust Radius               : 2.220e-16
Trust Radius Increase Ratio        : 2.000e+00
Trust Radius Decrease Ratio        : 2.500e-01
Trust Radius Increase Threshold    : 7.500e-01
Trust Radius Decrease Threshold    : 2.500e-01
------------------------------------------------------------ 

   Iteration     Total nfev        Cost      Cost reduction    Step norm     Optimality   
       0              1          1.614e+01                                    5.809e+04   
       1              4          1.425e+01      1.893e+00      4.269e-03      3.465e+04   
       2              6          1.378e+01      4.678e-01      2.710e-03      2.095e+04   
       3              7          1.352e+01      2.548e-01      2.803e-03      1.595e+04   
       4              8          1.337e+01      1.508e-01      2.892e-03      1.771e+04   
       5             10          1.316e+01      2.171e-01      8.762e-04      6.384e+03   
       6             11          1.305e+01      1.065e-01      1.595e-03      7.519e+03   
       7             12          1.292e+01      1.290e-01      1.544e-03      7.134e+03   
       8             13          1.280e+01      1.187e-01      1.506e-03      6.777e+03   
       9             14          1.268e+01      1.251e-01      1.475e-03      6.519e+03   
      10             15          1.255e+01      1.254e-01      1.439e-03      6.331e+03   
      11             16          1.242e+01      1.305e-01      1.402e-03      6.096e+03   
      12             17          1.229e+01      1.348e-01      1.361e-03      5.811e+03   
      13             18          1.217e+01      1.121e-01      1.318e-03      4.495e+03   
      14             19          1.206e+01      1.156e-01      1.322e-03      5.088e+03   
      15             20          1.193e+01      1.294e-01      1.315e-03      5.302e+03   
      16             21          1.179e+01      1.362e-01      1.303e-03      5.272e+03   
      17             22          1.165e+01      1.449e-01      1.292e-03      5.161e+03   
      18             23          1.150e+01      1.516e-01      1.287e-03      5.132e+03   
      19             24          1.134e+01      1.561e-01      1.289e-03      5.043e+03   
      20             25          1.118e+01      1.599e-01      1.314e-03      5.319e+03   
      21             26          1.101e+01      1.727e-01      1.341e-03      5.241e+03   
      22             27          1.083e+01      1.756e-01      1.365e-03      5.072e+03   
      23             28          1.066e+01      1.723e-01      1.382e-03      4.972e+03   
      24             29          1.047e+01      1.919e-01      1.389e-03      4.896e+03   
      25             30          1.036e+01      1.024e-01      2.562e-03      1.258e+04   
      26             31          1.020e+01      1.673e-01      7.219e-04      3.174e+03   
      27             32          1.010e+01      9.271e-02      7.160e-04      2.833e+03   
      28             33          9.982e+00      1.224e-01      1.389e-03      7.565e+03   
      29             34          9.818e+00      1.642e-01      1.348e-03      6.661e+03   
      30             35          9.676e+00      1.418e-01      1.315e-03      6.571e+03   
      31             36          9.530e+00      1.458e-01      1.288e-03      5.823e+03   
      32             37          9.389e+00      1.417e-01      1.264e-03      5.288e+03   
      33             38          9.271e+00      1.178e-01      1.245e-03      4.651e+03   
      34             39          9.153e+00      1.177e-01      1.262e-03      3.986e+03   
      35             40          9.037e+00      1.165e-01      1.271e-03      4.439e+03   
      36             41          8.912e+00      1.247e-01      1.270e-03      4.700e+03   
      37             42          8.782e+00      1.305e-01      1.261e-03      5.165e+03   
      38             43          8.644e+00      1.375e-01      1.249e-03      5.687e+03   
      39             44          8.501e+00      1.435e-01      1.236e-03      6.244e+03   
      40             45          8.352e+00      1.481e-01      1.224e-03      6.749e+03   
      41             46          8.202e+00      1.505e-01      1.215e-03      7.127e+03   
      42             47          8.052e+00      1.503e-01      1.212e-03      7.316e+03   
      43             48          7.905e+00      1.465e-01      1.212e-03      7.418e+03   
      44             49          7.762e+00      1.429e-01      1.218e-03      7.196e+03   
      45             50          7.626e+00      1.360e-01      1.225e-03      6.892e+03   
      46             51          7.498e+00      1.287e-01      1.231e-03      6.529e+03   
      47             52          7.377e+00      1.207e-01      1.235e-03      6.221e+03   
      48             53          7.264e+00      1.127e-01      1.235e-03      6.031e+03   
      49             54          7.159e+00      1.052e-01      1.230e-03      6.001e+03   
      50             55          7.044e+00      1.147e-01      1.217e-03      5.928e+03   
Warning: Maximum number of iterations has been exceeded.
         Current function value: 7.044e+00
         Total delta_x: 7.238e-02
         Iterations: 50
         Function evaluations: 55
         Jacobian evaluations: 51
Timer: Solution time = 6.92 min
Timer: Avg time per step = 8.14 sec
==============================================================================================================
                                                                 Start  -->   End
Total (sum of squares):                                      1.614e+01  -->   7.044e+00, 
Maximum absolute QS two-term hat objective value:            1.846e-01  -->   1.494e-01 (Unknown)
Minimum absolute QS two-term hat objective value:            8.796e-05  -->   2.144e-05 (Unknown)
Average absolute QS two-term hat objective value:            3.181e-02  -->   2.085e-02 (Unknown)
Aspect ratio:                                                8.376e+00  -->   8.162e+00 (dimensionless)
Generic objective value:                                     1.316e+00  -->   1.496e+00 (T)
Maximum absolute Force error:                                3.903e+01  -->   3.915e+01 (N)
Minimum absolute Force error:                                8.049e-05  -->   5.335e-05 (N)
Average absolute Force error:                                5.628e-01  -->   5.728e-01 (N)
Maximum absolute Force error:                                3.449e-04  -->   3.460e-04 (normalized)
Minimum absolute Force error:                                7.112e-10  -->   4.714e-10 (normalized)
Average absolute Force error:                                4.973e-06  -->   5.061e-06 (normalized)
Cross-section R error:                                       2.199e-22  -->   3.041e-22 (m)
Cross-section Z error:                                       6.780e-21  -->   1.235e-21 (m)
Fixed pressure profile error:                                0.000e+00  -->   0.000e+00 (Pa)
Fixed current profile error:                                 0.000e+00  -->   0.000e+00 (A)
Fixed Psi error:                                             0.000e+00  -->   0.000e+00 (Wb)
==============================================================================================================


===== optimizing section modes max(l,|m|) <= 9 =====

Building objective: QS two-term hat
Building objective: aspect ratio
Precomputing transforms
Timer: Precomputing transforms = 45.0 ms
Building objective: Generic
Timer: Objective build = 180 ms
Building objective: force
Precomputing transforms
Timer: Precomputing transforms = 99.4 ms
Timer: Objective build = 113 ms
Timer: Objective build = 1.03 ms
Timer: Eq Update LinearConstraintProjection build = 78.0 ms
Timer: Proximal projection build = 3.69 sec
Building objective: fixed cross-section R
Building objective: fixed cross-section Z
Building objective: fixed pressure
Building objective: fixed current
Building objective: fixed Psi
Timer: Objective build = 521 ms
Timer: LinearConstraintProjection build = 1.58 sec
Number of parameters: 55
Number of objectives: 1877
Timer: Initializing the optimization = 6.30 sec

Starting optimization
Using method: proximal-lsq-exact
Solver options:
------------------------------------------------------------
Maximum Function Evaluations       : 251
Maximum Allowed Total Δx Norm      : inf
Scaled Termination                 : True
Trust Region Method                : qr
Initial Trust Radius               : 9.135e-02
Maximum Trust Radius               : inf
Minimum Trust Radius               : 2.220e-16
Trust Radius Increase Ratio        : 2.000e+00
Trust Radius Decrease Ratio        : 2.500e-01
Trust Radius Increase Threshold    : 7.500e-01
Trust Radius Decrease Threshold    : 2.500e-01
------------------------------------------------------------ 

   Iteration     Total nfev        Cost      Cost reduction    Step norm     Optimality   
       0              1          7.053e+00                                    6.031e+03   
       1              5          6.955e+00      9.760e-02      1.449e-03      1.064e+04   
       2              6          6.790e+00      1.647e-01      1.345e-03      7.518e+03   
       3              7          6.662e+00      1.279e-01      1.211e-03      7.231e+03   
       4              8          6.536e+00      1.262e-01      1.044e-03      6.570e+03   
       5              9          6.414e+00      1.223e-01      8.400e-04      5.794e+03   
       6             10          6.293e+00      1.210e-01      6.128e-04      4.777e+03   
       7             11          6.175e+00      1.180e-01      3.872e-04      3.783e+03   
       8             12          6.058e+00      1.165e-01      2.197e-04      2.836e+03   
       9             14          5.993e+00      6.521e-02      1.097e-04      1.239e+03   
      10             15          5.870e+00      1.232e-01      3.043e-04      1.835e+03   
      11             16          5.860e+00      1.008e-02      8.750e-04      5.653e+03   
      12             17          5.634e+00      2.257e-01      3.687e-04      1.541e+03   
      13             18          5.477e+00      1.576e-01      8.923e-04      1.446e+03   
      14             20          5.407e+00      6.944e-02      4.933e-04      6.307e+02   
      15             21          5.274e+00      1.333e-01      9.614e-04      5.376e+02   
      16             23          5.202e+00      7.198e-02      5.129e-04      8.171e+02   
      17             24          5.076e+00      1.255e-01      9.536e-04      9.512e+02   
      18             26          5.004e+00      7.246e-02      5.052e-04      4.198e+02   
      19             27          4.886e+00      1.182e-01      9.207e-04      1.639e+03   
      20             29          4.815e+00      7.114e-02      4.876e-04      2.850e+02   
      21             30          4.704e+00      1.107e-01      8.738e-04      2.003e+03   
      22             32          4.635e+00      6.910e-02      4.630e-04      2.803e+02   
      23             33          4.532e+00      1.033e-01      8.155e-04      1.992e+03   
      24             35          4.465e+00      6.673e-02      4.326e-04      3.877e+02   
      25             36          4.368e+00      9.684e-02      7.485e-04      1.603e+03   
      26             38          4.304e+00      6.406e-02      3.974e-04      3.287e+02   
      27             39          4.212e+00      9.181e-02      6.763e-04      1.212e+03   
      28             41          4.151e+00      6.101e-02      3.593e-04      3.467e+02   
      29             42          4.063e+00      8.811e-02      6.029e-04      9.964e+02   
      30             44          4.005e+00      5.764e-02      3.198e-04      3.842e+02   
      31             45          3.920e+00      8.536e-02      5.316e-04      1.430e+03   
      32             47          3.866e+00      5.419e-02      2.805e-04      5.019e+02   
      33             48          3.783e+00      8.320e-02      4.648e-04      1.980e+03   
      34             50          3.732e+00      5.095e-02      2.425e-04      6.412e+02   
      35             51          3.650e+00      8.141e-02      4.042e-04      2.318e+03   
      36             52          3.505e+00      1.452e-01      6.862e-04      5.197e+03   
      37             53          3.241e+00      2.638e-01      1.153e-03      7.436e+03   
      38             56          3.113e+00      1.283e-01      9.307e-05      2.159e+03   
      39             57          3.033e+00      8.033e-02      2.002e-04      1.030e+03   
      40             59          2.991e+00      4.159e-02      8.857e-05      3.423e+02   
      41             60          2.916e+00      7.505e-02      2.009e-04      8.730e+02   
      42             62          2.875e+00      4.126e-02      8.759e-05      2.700e+02   
      43             63          2.801e+00      7.348e-02      2.101e-04      1.069e+03   
      44             64          2.689e+00      1.125e-01      5.236e-04      4.656e+03   
      45             66          2.570e+00      1.186e-01      2.462e-04      2.397e+03   
      46             67          2.487e+00      8.360e-02      8.116e-04      6.685e+03   
      47             68          2.334e+00      1.530e-01      1.151e-03      8.792e+03   
      48             70          2.223e+00      1.106e-01      7.154e-04      2.270e+03   
      49             71          2.179e+00      4.370e-02      1.724e-03      1.125e+04   
      50             72          2.043e+00      1.366e-01      2.239e-03      1.015e+04   
Warning: Maximum number of iterations has been exceeded.
         Current function value: 2.043e+00
         Total delta_x: 1.864e-02
         Iterations: 50
         Function evaluations: 72
         Jacobian evaluations: 51
Timer: Solution time = 11.3 min
Timer: Avg time per step = 13.2 sec
==============================================================================================================
                                                                 Start  -->   End
Total (sum of squares):                                      7.053e+00  -->   2.043e+00, 
Maximum absolute QS two-term hat objective value:            1.493e-01  -->   6.704e-02 (Unknown)
Minimum absolute QS two-term hat objective value:            1.055e-06  -->   2.776e-06 (Unknown)
Average absolute QS two-term hat objective value:            2.086e-02  -->   1.166e-02 (Unknown)
Aspect ratio:                                                8.162e+00  -->   8.040e+00 (dimensionless)
Generic objective value:                                     1.496e+00  -->   1.389e+00 (T)
Maximum absolute Force error:                                3.915e+01  -->   3.332e+01 (N)
Minimum absolute Force error:                                5.335e-05  -->   2.558e-04 (N)
Average absolute Force error:                                5.728e-01  -->   5.744e-01 (N)
Maximum absolute Force error:                                3.505e-04  -->   2.983e-04 (normalized)
Minimum absolute Force error:                                4.775e-10  -->   2.290e-09 (normalized)
Average absolute Force error:                                5.127e-06  -->   5.142e-06 (normalized)
Cross-section R error:                                       0.000e+00  -->   0.000e+00 (m)
Cross-section Z error:                                       0.000e+00  -->   0.000e+00 (m)
Fixed pressure profile error:                                0.000e+00  -->   0.000e+00 (Pa)
Fixed current profile error:                                 0.000e+00  -->   0.000e+00 (A)
Fixed Psi error:                                             0.000e+00  -->   0.000e+00 (Wb)
==============================================================================================================


===== optimizing section modes max(l,|m|) <= 10 =====

Building objective: QS two-term hat
Building objective: aspect ratio
Precomputing transforms
Timer: Precomputing transforms = 43.2 ms
Building objective: Generic
Timer: Objective build = 185 ms
Building objective: force
Precomputing transforms
Timer: Precomputing transforms = 93.8 ms
Timer: Objective build = 105 ms
Timer: Objective build = 1.03 ms
Timer: Eq Update LinearConstraintProjection build = 94.6 ms
Timer: Proximal projection build = 3.65 sec
Building objective: fixed cross-section R
Building objective: fixed cross-section Z
Building objective: fixed pressure
Building objective: fixed current
Building objective: fixed Psi
Timer: Objective build = 518 ms
Timer: LinearConstraintProjection build = 1.56 sec
Number of parameters: 66
Number of objectives: 1877
Timer: Initializing the optimization = 6.23 sec

Starting optimization
Using method: proximal-lsq-exact
Solver options:
------------------------------------------------------------
Maximum Function Evaluations       : 251
Maximum Allowed Total Δx Norm      : inf
Scaled Termination                 : True
Trust Region Method                : qr
Initial Trust Radius               : 9.685e-02
Maximum Trust Radius               : inf
Minimum Trust Radius               : 2.220e-16
Trust Radius Increase Ratio        : 2.000e+00
Trust Radius Decrease Ratio        : 2.500e-01
Trust Radius Increase Threshold    : 7.500e-01
Trust Radius Decrease Threshold    : 2.500e-01
------------------------------------------------------------ 

   Iteration     Total nfev        Cost      Cost reduction    Step norm     Optimality   
       0              1          2.051e+00                                    1.028e+04   
       1              5          1.914e+00      1.368e-01      1.212e-03      2.583e+03   
       2              7          1.887e+00      2.738e-02      6.280e-04      2.069e+03   
       3              8          1.859e+00      2.793e-02      1.286e-03      5.200e+03   
       4              9          1.807e+00      5.174e-02      1.335e-03      4.547e+03   
       5             10          1.769e+00      3.738e-02      1.315e-03      4.932e+03   
       6             11          1.730e+00      3.985e-02      1.290e-03      4.649e+03   
       7             12          1.693e+00      3.644e-02      1.211e-03      4.420e+03   
       8             13          1.658e+00      3.531e-02      1.098e-03      4.036e+03   
       9             14          1.624e+00      3.344e-02      9.527e-04      3.622e+03   
      10             15          1.593e+00      3.170e-02      7.912e-04      3.192e+03   
      11             16          1.563e+00      2.982e-02      6.276e-04      2.793e+03   
      12             17          1.535e+00      2.801e-02      4.763e-04      2.447e+03   
      13             18          1.509e+00      2.632e-02      3.472e-04      2.162e+03   
      14             19          1.484e+00      2.480e-02      2.474e-04      1.937e+03   
      15             20          1.460e+00      2.343e-02      1.875e-04      1.763e+03   
      16             21          1.438e+00      2.214e-02      1.819e-04      1.631e+03   
      17             22          1.417e+00      2.086e-02      2.247e-04      1.530e+03   
      18             23          1.398e+00      1.950e-02      2.936e-04      1.450e+03   
      19             24          1.380e+00      1.800e-02      3.754e-04      1.384e+03   
      20             26          1.363e+00      1.694e-02      1.700e-04      1.051e+03   
      21             27          1.357e+00      6.073e-03      2.511e-04      9.814e+02   
      22             28          1.349e+00      7.558e-03      2.650e-04      1.391e+03   
      23             29          1.340e+00      9.065e-03      2.918e-04      1.295e+03   
      24             30          1.332e+00      7.888e-03      3.146e-04      1.374e+03   
      25             31          1.324e+00      7.907e-03      3.383e-04      1.404e+03   
      26             32          1.317e+00      7.622e-03      3.615e-04      1.446e+03   
      27             33          1.309e+00      7.502e-03      3.842e-04      1.482e+03   
      28             34          1.302e+00      7.380e-03      4.064e-04      1.515e+03   
      29             35          1.295e+00      7.320e-03      4.278e-04      1.544e+03   
      30             36          1.287e+00      7.299e-03      4.484e-04      1.569e+03   
      31             37          1.280e+00      7.325e-03      4.680e-04      1.587e+03   
      32             38          1.273e+00      7.395e-03      4.865e-04      1.600e+03   
      33             39          1.265e+00      7.505e-03      5.038e-04      1.606e+03   
      34             40          1.257e+00      7.651e-03      5.197e-04      1.606e+03   
      35             41          1.250e+00      7.825e-03      5.343e-04      1.600e+03   
      36             42          1.242e+00      8.018e-03      5.475e-04      1.588e+03   
      37             43          1.233e+00      8.221e-03      5.594e-04      1.570e+03   
      38             44          1.225e+00      8.422e-03      5.700e-04      1.548e+03   
      39             45          1.216e+00      8.609e-03      5.794e-04      1.521e+03   
      40             46          1.208e+00      8.771e-03      5.878e-04      1.491e+03   
      41             47          1.199e+00      8.899e-03      5.952e-04      1.459e+03   
      42             48          1.190e+00      8.983e-03      6.017e-04      1.423e+03   
      43             49          1.181e+00      8.802e-03      6.069e-04      1.398e+03   
      44             50          1.172e+00      8.936e-03      6.123e-04      1.365e+03   
      45             51          1.163e+00      8.912e-03      6.168e-04      1.328e+03   
      46             52          1.154e+00      8.784e-03      6.202e-04      1.289e+03   
      47             53          1.146e+00      8.632e-03      6.225e-04      1.249e+03   
      48             54          1.137e+00      8.434e-03      6.235e-04      1.208e+03   
      49             55          1.129e+00      8.209e-03      6.230e-04      1.164e+03   
      50             56          1.121e+00      7.961e-03      6.204e-04      1.118e+03   
Warning: Maximum number of iterations has been exceeded.
         Current function value: 1.121e+00
         Total delta_x: 6.848e-03
         Iterations: 50
         Function evaluations: 56
         Jacobian evaluations: 51
Timer: Solution time = 5.92 min
Timer: Avg time per step = 6.97 sec
==============================================================================================================
                                                                 Start  -->   End
Total (sum of squares):                                      2.051e+00  -->   1.121e+00, 
Maximum absolute QS two-term hat objective value:            6.742e-02  -->   5.723e-02 (Unknown)
Minimum absolute QS two-term hat objective value:            6.331e-06  -->   7.016e-07 (Unknown)
Average absolute QS two-term hat objective value:            1.168e-02  -->   8.409e-03 (Unknown)
Aspect ratio:                                                8.039e+00  -->   8.044e+00 (dimensionless)
Generic objective value:                                     1.389e+00  -->   1.369e+00 (T)
Maximum absolute Force error:                                3.332e+01  -->   3.880e+01 (N)
Minimum absolute Force error:                                2.558e-04  -->   2.741e-06 (N)
Average absolute Force error:                                5.744e-01  -->   5.685e-01 (N)
Maximum absolute Force error:                                2.894e-04  -->   3.369e-04 (normalized)
Minimum absolute Force error:                                2.222e-09  -->   2.381e-11 (normalized)
Average absolute Force error:                                4.989e-06  -->   4.937e-06 (normalized)
Cross-section R error:                                       0.000e+00  -->   0.000e+00 (m)
Cross-section Z error:                                       7.494e-23  -->   5.726e-22 (m)
Fixed pressure profile error:                                0.000e+00  -->   0.000e+00 (Pa)
Fixed current profile error:                                 0.000e+00  -->   0.000e+00 (A)
Fixed Psi error:                                             0.000e+00  -->   0.000e+00 (Wb)
==============================================================================================================


===== optimizing section modes max(l,|m|) <= 11 =====

Building objective: QS two-term hat
Building objective: aspect ratio
Precomputing transforms
Timer: Precomputing transforms = 46.1 ms
Building objective: Generic
Timer: Objective build = 193 ms
Building objective: force
Precomputing transforms
Timer: Precomputing transforms = 90.5 ms
Timer: Objective build = 104 ms
Timer: Objective build = 1.15 ms
Timer: Eq Update LinearConstraintProjection build = 116 ms
Timer: Proximal projection build = 4.03 sec
Building objective: fixed cross-section R
Building objective: fixed cross-section Z
Building objective: fixed pressure
Building objective: fixed current
Building objective: fixed Psi
Timer: Objective build = 410 ms
Timer: LinearConstraintProjection build = 1.11 sec
Number of parameters: 78
Number of objectives: 1877
Timer: Initializing the optimization = 6.10 sec

Starting optimization
Using method: proximal-lsq-exact
Solver options:
------------------------------------------------------------
Maximum Function Evaluations       : 251
Maximum Allowed Total Δx Norm      : inf
Scaled Termination                 : True
Trust Region Method                : qr
Initial Trust Radius               : 1.034e-01
Maximum Trust Radius               : inf
Minimum Trust Radius               : 2.220e-16
Trust Radius Increase Ratio        : 2.000e+00
Trust Radius Decrease Ratio        : 2.500e-01
Trust Radius Increase Threshold    : 7.500e-01
Trust Radius Decrease Threshold    : 2.500e-01
------------------------------------------------------------ 

   Iteration     Total nfev        Cost      Cost reduction    Step norm     Optimality   
       0              1          1.117e+00                                    6.467e+02   
       1              5          1.111e+00      5.673e-03      1.169e-03      1.268e+03   
       2              6          1.094e+00      1.660e-02      3.401e-04      6.164e+02   
       3              7          1.089e+00      5.285e-03      5.535e-04      6.538e+02   
       4              8          1.084e+00      5.445e-03      5.234e-04      8.452e+02   
       5              9          1.076e+00      7.956e-03      5.194e-04      7.126e+02   
       6             10          1.069e+00      6.489e-03      5.001e-04      7.128e+02   
       7             11          1.063e+00      6.636e-03      4.771e-04      6.596e+02   
       8             12          1.056e+00      6.266e-03      4.478e-04      6.211e+02   
       9             13          1.050e+00      6.099e-03      4.144e-04      5.731e+02   
      10             14          1.044e+00      5.889e-03      3.773e-04      5.243e+02   
      11             15          1.039e+00      5.711e-03      3.375e-04      5.401e+02   
      12             16          1.033e+00      5.542e-03      2.957e-04      5.773e+02   
      13             17          1.028e+00      5.391e-03      2.527e-04      6.164e+02   
      14             18          1.022e+00      5.257e-03      2.096e-04      6.573e+02   
      15             19          1.017e+00      5.141e-03      1.674e-04      6.992e+02   
      16             20          1.012e+00      5.044e-03      1.284e-04      7.417e+02   
      17             21          1.007e+00      4.966e-03      9.720e-05      7.845e+02   
      18             22          1.002e+00      4.907e-03      8.315e-05      8.270e+02   
      19             23          9.975e-01      4.866e-03      9.386e-05      8.691e+02   
      20             24          9.926e-01      4.842e-03      1.224e-04      9.106e+02   
      21             25          9.878e-01      4.833e-03      1.587e-04      9.514e+02   
      22             26          9.829e-01      4.837e-03      1.977e-04      9.915e+02   
      23             27          9.781e-01      4.853e-03      2.375e-04      1.031e+03   
      24             28          9.732e-01      4.879e-03      2.769e-04      1.070e+03   
      25             29          9.683e-01      4.915e-03      3.154e-04      1.108e+03   
      26             30          9.633e-01      4.960e-03      3.525e-04      1.146e+03   
      27             31          9.583e-01      5.012e-03      3.880e-04      1.183e+03   
      28             32          9.533e-01      5.071e-03      4.217e-04      1.220e+03   
      29             33          9.481e-01      5.137e-03      4.534e-04      1.279e+03   
      30             34          9.429e-01      5.208e-03      4.830e-04      1.360e+03   
      31             35          9.376e-01      5.285e-03      5.104e-04      1.439e+03   
      32             36          9.323e-01      5.366e-03      5.356e-04      1.516e+03   
      33             37          9.268e-01      5.451e-03      5.585e-04      1.590e+03   
      34             38          9.213e-01      5.539e-03      5.792e-04      1.662e+03   
      35             39          9.156e-01      5.627e-03      5.977e-04      1.732e+03   
      36             40          9.099e-01      5.716e-03      6.140e-04      1.799e+03   
      37             41          9.041e-01      5.802e-03      6.283e-04      1.864e+03   
      38             42          8.982e-01      5.885e-03      6.407e-04      1.926e+03   
      39             43          8.923e-01      5.963e-03      6.513e-04      1.987e+03   
      40             44          8.862e-01      6.033e-03      6.604e-04      2.046e+03   
      41             45          8.801e-01      6.094e-03      6.682e-04      2.104e+03   
      42             46          8.740e-01      6.145e-03      6.749e-04      2.161e+03   
      43             47          8.678e-01      6.183e-03      6.806e-04      2.217e+03   
      44             48          8.616e-01      6.209e-03      6.857e-04      2.273e+03   
      45             49          8.554e-01      6.222e-03      6.902e-04      2.328e+03   
      46             50          8.492e-01      6.222e-03      6.944e-04      2.383e+03   
      47             51          8.430e-01      6.209e-03      6.983e-04      2.438e+03   
      48             52          8.368e-01      6.186e-03      7.021e-04      2.492e+03   
      49             53          8.306e-01      6.153e-03      7.058e-04      2.545e+03   
      50             54          8.245e-01      6.114e-03      7.093e-04      2.597e+03   
Warning: Maximum number of iterations has been exceeded.
         Current function value: 8.245e-01
         Total delta_x: 1.010e-02
         Iterations: 50
         Function evaluations: 54
         Jacobian evaluations: 51
Timer: Solution time = 5.72 min
Timer: Avg time per step = 6.73 sec
==============================================================================================================
                                                                 Start  -->   End
Total (sum of squares):                                      1.117e+00  -->   8.245e-01, 
Maximum absolute QS two-term hat objective value:            5.788e-02  -->   5.429e-02 (Unknown)
Minimum absolute QS two-term hat objective value:            6.967e-06  -->   9.865e-07 (Unknown)
Average absolute QS two-term hat objective value:            8.380e-03  -->   7.202e-03 (Unknown)
Aspect ratio:                                                8.043e+00  -->   8.032e+00 (dimensionless)
Generic objective value:                                     1.369e+00  -->   1.324e+00 (T)
Maximum absolute Force error:                                3.880e+01  -->   4.255e+01 (N)
Minimum absolute Force error:                                2.741e-06  -->   3.023e-05 (N)
Average absolute Force error:                                5.685e-01  -->   5.582e-01 (N)
Maximum absolute Force error:                                3.248e-04  -->   3.563e-04 (normalized)
Minimum absolute Force error:                                2.295e-11  -->   2.531e-10 (normalized)
Average absolute Force error:                                4.760e-06  -->   4.674e-06 (normalized)
Cross-section R error:                                       7.523e-37  -->   3.009e-36 (m)
Cross-section Z error:                                       5.919e-23  -->   1.551e-21 (m)
Fixed pressure profile error:                                0.000e+00  -->   0.000e+00 (Pa)
Fixed current profile error:                                 0.000e+00  -->   0.000e+00 (A)
Fixed Psi error:                                             0.000e+00  -->   0.000e+00 (Wb)
==============================================================================================================


===== optimizing section modes max(l,|m|) <= 12 =====

Building objective: QS two-term hat
Building objective: aspect ratio
Precomputing transforms
Timer: Precomputing transforms = 43.2 ms
Building objective: Generic
Timer: Objective build = 183 ms
Building objective: force
Precomputing transforms
Timer: Precomputing transforms = 90.6 ms
Timer: Objective build = 104 ms
Timer: Objective build = 1.46 ms
Timer: Eq Update LinearConstraintProjection build = 86.2 ms
Timer: Proximal projection build = 3.54 sec
Building objective: fixed cross-section R
Building objective: fixed cross-section Z
Building objective: fixed pressure
Building objective: fixed current
Building objective: fixed Psi
Timer: Objective build = 146 ms
Timer: LinearConstraintProjection build = 939 ms
Number of parameters: 91
Number of objectives: 1877
Timer: Initializing the optimization = 5.13 sec

Starting optimization
Using method: proximal-lsq-exact
Solver options:
------------------------------------------------------------
Maximum Function Evaluations       : 251
Maximum Allowed Total Δx Norm      : inf
Scaled Termination                 : True
Trust Region Method                : qr
Initial Trust Radius               : 1.103e-01
Maximum Trust Radius               : inf
Minimum Trust Radius               : 2.220e-16
Trust Radius Increase Ratio        : 2.000e+00
Trust Radius Decrease Ratio        : 2.500e-01
Trust Radius Increase Threshold    : 7.500e-01
Trust Radius Decrease Threshold    : 2.500e-01
------------------------------------------------------------ 

   Iteration     Total nfev        Cost      Cost reduction    Step norm     Optimality   
       0              1          8.297e-01                                    3.023e+03   
       1              6          8.180e-01      1.163e-02      4.526e-04      2.272e+03   
       2              7          8.116e-01      6.452e-03      4.375e-04      2.013e+03   
       3              8          8.076e-01      4.000e-03      4.172e-04      2.036e+03   
       4              9          8.032e-01      4.350e-03      4.064e-04      1.993e+03   
       5             10          7.992e-01      4.024e-03      3.972e-04      1.995e+03   
       6             11          7.952e-01      4.029e-03      3.895e-04      1.990e+03   
       7             12          7.912e-01      3.963e-03      3.821e-04      1.989e+03   
       8             13          7.873e-01      3.936e-03      3.747e-04      1.986e+03   
       9             14          7.834e-01      3.905e-03      3.671e-04      1.982e+03   
      10             15          7.795e-01      3.878e-03      3.593e-04      1.974e+03   
      11             16          7.756e-01      3.851e-03      3.512e-04      1.964e+03   
      12             17          7.718e-01      3.825e-03      3.428e-04      1.951e+03   
      13             18          7.680e-01      3.799e-03      3.342e-04      1.934e+03   
      14             19          7.642e-01      3.773e-03      3.252e-04      1.915e+03   
      15             20          7.604e-01      3.822e-03      3.168e-04      1.881e+03   
      16             21          7.567e-01      3.731e-03      3.069e-04      1.853e+03   
      17             22          7.530e-01      3.688e-03      2.972e-04      1.826e+03   
      18             23          7.493e-01      3.660e-03      2.875e-04      1.798e+03   
      19             24          7.457e-01      3.630e-03      2.779e-04      1.768e+03   
      20             25          7.421e-01      3.601e-03      2.683e-04      1.736e+03   
      21             26          7.385e-01      3.572e-03      2.589e-04      1.704e+03   
      22             27          7.350e-01      3.542e-03      2.496e-04      1.670e+03   
      23             28          7.315e-01      3.512e-03      2.406e-04      1.636e+03   
      24             29          7.280e-01      3.482e-03      2.319e-04      1.602e+03   
      25             30          7.245e-01      3.451e-03      2.235e-04      1.568e+03   
      26             31          7.211e-01      3.420e-03      2.155e-04      1.534e+03   
      27             32          7.177e-01      3.389e-03      2.079e-04      1.501e+03   
      28             33          7.144e-01      3.359e-03      2.006e-04      1.469e+03   
      29             34          7.110e-01      3.328e-03      1.938e-04      1.438e+03   
      30             35          7.077e-01      3.297e-03      1.873e-04      1.408e+03   
      31             36          7.045e-01      3.267e-03      1.812e-04      1.379e+03   
      32             37          7.012e-01      3.237e-03      1.754e-04      1.352e+03   
      33             38          6.980e-01      3.207e-03      1.699e-04      1.326e+03   
      34             39          6.949e-01      3.178e-03      1.646e-04      1.302e+03   
      35             40          6.908e-01      4.077e-03      2.795e-04      1.607e+03   
      36             41          6.853e-01      5.521e-03      2.905e-04      1.632e+03   
      37             42          6.783e-01      7.008e-03      5.359e-04      2.059e+03   
      38             43          6.695e-01      8.778e-03      6.106e-04      2.435e+03   
      39             44          6.618e-01      7.704e-03      6.457e-04      2.801e+03   
      40             45          6.541e-01      7.691e-03      6.782e-04      3.133e+03   
      41             46          6.468e-01      7.254e-03      6.941e-04      3.470e+03   
      42             47          6.399e-01      6.958e-03      7.017e-04      3.799e+03   
      43             48          6.333e-01      6.619e-03      7.062e-04      4.119e+03   
      44             49          6.270e-01      6.283e-03      7.157e-04      4.433e+03   
      45             50          6.210e-01      5.952e-03      7.374e-04      4.744e+03   
      46             51          6.154e-01      5.640e-03      7.767e-04      5.054e+03   
      47             52          5.962e-01      1.919e-02      2.744e-04      2.539e+03   
      48             53          5.954e-01      8.068e-04      4.492e-04      3.110e+03   
      49             54          5.886e-01      6.817e-03      1.482e-04      1.873e+03   
      50             55          5.867e-01      1.871e-03      1.356e-04      1.503e+03   
Warning: Maximum number of iterations has been exceeded.
         Current function value: 5.867e-01
         Total delta_x: 1.831e-02
         Iterations: 50
         Function evaluations: 55
         Jacobian evaluations: 51
Timer: Solution time = 5.58 min
Timer: Avg time per step = 6.56 sec
==============================================================================================================
                                                                 Start  -->   End
Total (sum of squares):                                      8.297e-01  -->   5.867e-01, 
Maximum absolute QS two-term hat objective value:            5.499e-02  -->   4.245e-02 (Unknown)
Minimum absolute QS two-term hat objective value:            1.592e-06  -->   3.441e-06 (Unknown)
Average absolute QS two-term hat objective value:            7.226e-03  -->   6.143e-03 (Unknown)
Aspect ratio:                                                8.032e+00  -->   8.017e+00 (dimensionless)
Generic objective value:                                     1.324e+00  -->   1.303e+00 (T)
Maximum absolute Force error:                                4.255e+01  -->   3.944e+01 (N)
Minimum absolute Force error:                                3.023e-05  -->   2.832e-04 (N)
Average absolute Force error:                                5.582e-01  -->   5.500e-01 (N)
Maximum absolute Force error:                                3.544e-04  -->   3.285e-04 (normalized)
Minimum absolute Force error:                                2.518e-10  -->   2.359e-09 (normalized)
Average absolute Force error:                                4.649e-06  -->   4.581e-06 (normalized)
Cross-section R error:                                       0.000e+00  -->   0.000e+00 (m)
Cross-section Z error:                                       0.000e+00  -->   0.000e+00 (m)
Fixed pressure profile error:                                0.000e+00  -->   0.000e+00 (Pa)
Fixed current profile error:                                 0.000e+00  -->   0.000e+00 (A)
Fixed Psi error:                                             0.000e+00  -->   0.000e+00 (Wb)
==============================================================================================================

step 0    V =    0.307  R0/a =  7.995  <|B|> =  1.2599  f_B = [0.1718 0.1764 0.1833]  f_C = [0.5259 0.5153 0.4994]
step 1    V =    0.304  R0/a =  9.494  <|B|> =  1.4247  f_B = [0.0212 0.0256 0.0286]  f_C = [0.06   0.0723 0.0827]
step 2    V =    0.279  R0/a = 10.108  <|B|> =  1.5259  f_B = [0.0194 0.023  0.0246]  f_C = [0.0548 0.0661 0.0727]
step 3    V =    0.279  R0/a = 10.107  <|B|> =  1.5257  f_B = [0.0194 0.023  0.0246]  f_C = [0.0548 0.0661 0.0726]
step 4    V =    0.270  R0/a =  9.838  <|B|> =  1.5143  f_B = [0.0153 0.0169 0.0164]  f_C = [0.0472 0.0569 0.0669]
step 5    V =    0.275  R0/a =  8.685  <|B|> =  1.3528  f_B = [0.0082 0.0084 0.0127]  f_C = [0.0225 0.0251 0.0425]
step 6    V =    0.278  R0/a =  8.391  <|B|> =  1.3190  f_B = [0.0077 0.0081 0.0121]  f_C = [0.022  0.0247 0.0399]
step 7    V =    0.236  R0/a =  8.162  <|B|> =  1.4959  f_B = [0.0052 0.0056 0.0086]  f_C = [0.0153 0.0168 0.0271]
step 8    V =    0.255  R0/a =  8.040  <|B|> =  1.3892  f_B = [0.0026 0.003  0.0047]  f_C = [0.0077 0.0095 0.017 ]
step 9    V =    0.257  R0/a =  8.044  <|B|> =  1.3689  f_B = [0.0015 0.0017 0.003 ]  f_C = [0.0053 0.0066 0.0121]
step 10   V =    0.267  R0/a =  8.032  <|B|> =  1.3243  f_B = [0.0013 0.0014 0.0028]  f_C = [0.0047 0.0056 0.0102]
step 11   V =    0.276  R0/a =  8.017  <|B|> =  1.3033  f_B = [0.0012 0.0012 0.0024]  f_C = [0.0041 0.0048 0.0088]
